hello 
hello 
hello 
hello 
hello 
hello 
hello 
hello 
hello 
hello 
hello 
hello 
hello 
hello 
hello 
hello 
hello 
hello 
hello 
hello 
hello 
hello 
hello 
hello 
hello 
hello 
hello 
hello 
hello 
hello 
hello 
hello 
hello 
hello 
hello 
hello 
hello 
hello 
hello 
hello 
hello 
hello 
hello 
hello 
hello 
hello 
hello 
hello 
hello 
hello 
hello 
hello 
hello 
hello 
hello 
hello 
hello 
hello 
hello 
hello 
hello 
hello 
hello 
hello 
hello 
hello 
hello 
hello 
hello 
hello 
hello 
hello 
hello 
hello 
hello 
hello 
hello 
hello 
hello 
hello 
hello 
hello 
hello 
hello 
hello 
hello 
hello 
hello 
hello 
hello 
hello 
hello 
hello 
hello 
hello 
hello 
hello 
hello 
hello 
hello 
hello 
hello 
hello 
hello 
hello 
hello 
hello 
hello 
hello 
hello 
hello 
hello 
hello 
hello 
hello 
hello 
hello 
hello 
hello 
hello 
hello 
hello 
hello 
hello 
hello 
hello 
hello 
hello 
hello 
hello 
hello 
hello 
hello 
hello 
hello 
hello 
hello 
hello 
hello 
hello 
hello 
hello 
hello 
hello 
hello 
hello 
hello 
hello 
hello 
hello 
hello 
hello 
hello 
hello 
hello 
hello 
hello 
hello 
hello 
hello 
hello 
hello 
hello 
hello 
hello 
hello 
hello 
hello 
hello 
hello 
hello 
hello 
hello 
hello 
hello 
hello 
hello 
hello 
hello 
hello 
hello 
hello 
hello 
hello 
hello 
hello 
hello 
hello 
hello 
hello 
hello 
hello 
hello 
hello 
hello 
hello 
hello 
hello 
hello 
hello 
hello 
hello 
hello 
hello 
hello 
hello 
hello 
hello 
hello 
hello 
hello 
hello 
hello 
hello 
hello 
hello 
hello 
hello 
hello 
hello 
hello 
hello 
hello 
hello 
hello 
hello 
hello 
hello 
hello 
hello 
hello 
hello 
hello 
hello 
hello 
hello 
hello 
hello 
hello 
hello 
hello 
hello 
hello 
hello 
hello 
hello 
hello 
hello 
hello 
hello 
hello 
hello 
hello 
hello 
hello 
hello 
hello 
hello 
hello 
hello 
hello 
hello 
hello 
hello 
hello 
hello 
hello 
hello 
hello 
hello 
hello 
hello 
hello 
hello 
hello 
hello 
hello 
hello 
hello 
hello 
hello 
hello 
hello 
hello 
hello 
hello 
hello 
hello 
hello 
hello 
hello 
hello 
hello 
hello 
hello 
hello 
hello 
hello 
hello 
hello 
hello 
hello 
hello 
hello 
hello 
hello 
hello 
hello 
hello 
hello 
hello 
hello 
hello 
hello 
hello 
hello 
hello 
hello 
hello 
hello 
hello 
hello 
hello 
hello 
hello 
hello 
hello 
hello 
hello 
hello 
hello 
hello 
hello 
hello 
hello 
hello 
hello 
hello 
hello 
hello 
hello 
hello 
hello 
hello 
hello 
hello 
hello 
hello 
hello 
hello 
hello 
hello 
hello 
hello 
hello 
hello 
hello 
hello 
hello 
hello 
hello 
hello 
hello 
hello 
hello 
hello 
hello 
hello 
hello 
hello 
hello 
hello 
hello 
hello 
hello 
hello 
hello 
hello 
hello 
hello 
hello 
hello 
hello 
hello 
hello 
hello 
hello 
hello 
hello 
hello 
hello 
hello 
hello 
hello 
hello 
hello 
hello 
hello 
hello 
hello 
hello 
hello 
hello 
hello 
hello 
hello 
hello 
hello 
hello 
hello 
hello 
hello 
hello 
hello 
hello 
hello 
hello 
hello 
hello 
hello 
hello 
hello 
hello 
hello 
hello 
hello 
hello 
hello 
hello 
hello 
hello 
hello 
hello 
hello 
hello 
hello 
hello 
hello 
hello 
hello 
hello 
hello 
hello 
hello 
hello 
hello 
hello 
hello 
hello 
hello 
hello 
hello 
hello 
hello 
hello 
hello 
hello 
hello 
hello 
hello 
hello 
hello 
hello 
hello 
hello 
hello 
hello 
hello 
hello 
hello 
hello 
hello 
hello 
hello 
hello 
hello 
hello 
hello 
hello 
hello 
hello 
hello 
hello 
hello 
hello 
hello 
hello 
hello 
hello 
hello 
hello 
hello 
hello 
hello 
hello 
hello 
hello 
hello 
hello 
hello 
hello 
hello 
hello 
hello 
hello 
hello 
hello 
hello 
hello 
hello 
hello 
hello 
hello 
hello 
hello 
hello 
hello 
hello 
hello 
hello 
hello 
hello 
hello 
hello 
hello 
hello 
hello 
hello 
hello 
hello 
hello 
hello 
hello 
hello 
hello 
hello 
hello 
hello 
hello 
hello 
hello 
hello 
hello 
hello 
hello 
hello 
hello 
hello 
hello 
hello 
hello 
hello 
hello 
hello 
hello 
hello 
hello 
hello 
hello 
hello 
hello 
hello 
hello 
hello 
hello 
hello 
hello 
hello 
hello 
hello 
hello 
hello 
hello 
hello 
hello 
hello 
hello 
hello 
hello 
hello 
hello 
hello 
hello 
hello 
hello 
hello 
hello 
hello 
hello 
hello 
hello 
hello 
hello 
hello 
hello 
hello 
hello 
hello 
hello 
hello 
hello 
hello 
hello 
hello 
hello 
hello 
hello 
hello 
hello 
hello 
hello 
hello 
hello 
hello 
hello 
hello 
hello 
hello 
hello 
hello 
hello 
hello 
hello 
hello 
hello 
hello 
hello 
hello 
hello 
hello 
hello 
hello 
hello 
hello 
hello 
hello 
hello 
hello 
hello 
hello 
hello 
hello 
hello 
hello 
hello 
hello 
hello 
hello 
hello 
hello 
hello 
hello 
hello 
hello 
hello 
hello 
hello 
hello 
hello 
hello 
hello 
hello 
hello 
hello 
hello 
hello 
hello 
hello 
hello 
hello 
hello 
hello 
hello 
hello 
hello 
hello 
hello 
hello 
hello 
hello 
hello 
hello 
hello 
hello 
hello 
hello 
hello 
hello 
hello 
hello 
hello 
hello 
hello 
hello 
hello 
hello 
hello 
hello 
hello 
hello 
hello 
hello 
hello 
hello 
hello 
hello 
hello 
hello 
hello 
hello 
hello 
hello 
hello 
hello 
hello 
hello 
hello 
hello 
hello 
hello 
hello 
hello 
hello 
hello 
hello 
hello 
hello 
hello 
hello 
hello 
hello 
hello 
hello 
hello 
hello 
hello 
hello 
hello 
hello 
hello 
hello 
hello 
hello 
hello 
hello 
hello 
hello 
hello 
hello 
hello 
hello 
hello 
hello 
hello 
hello 
hello 
hello 
hello 
hello 
hello 
hello 
hello 
hello 
hello 
hello 
hello 
hello 
hello 
hello 
hello 
hello 
hello 
hello 
hello 
hello 
hello 
hello 
hello 
hello 
hello 
hello 
hello 
hello 
hello 
hello 
hello 
hello 
hello 
hello 
hello 
hello 
hello 
hello 
hello 
hello 
hello 
hello 
hello 
hello 
hello 
hello 
hello 
hello 
hello 
hello 
hello 
hello 
hello 
hello 
hello 
hello 
hello 
hello 
hello 
hello 
hello 
hello 
hello 
hello 
hello 
hello 
hello 
hello 
hello 
hello 
hello 
hello 
hello 
hello 
hello 
hello 
hello 
hello 
hello 
hello 
hello 
hello 
hello 
hello 
hello 
hello 
hello 
hello 
hello 
hello 
hello 
hello 
hello 
hello 
hello 
hello 
hello 
hello 
hello 
hello 
hello 
hello 
hello 
hello 
hello 
hello 
hello 
hello 
hello 
hello 
hello 
hello 
hello 
hello 
hello 
hello 
hello 
hello 
hello 
hello 
hello 
hello 
hello 
hello 
hello 
hello 
hello 
hello 
hello 
hello 
hello 
hello 
hello 
hello 
hello 
hello 
hello 
hello 
hello 
hello 
hello 
hello 
hello 
hello 
hello 
hello 
hello 
hello 
hello 
hello 
hello 
hello 
hello 
hello 
hello 
hello 
hello 
hello 
hello 
hello 
hello 
hello 
hello 
hello 
hello 
hello 
hello 
hello 
hello 
hello 
hello 
hello 
hello 
hello 
hello 
hello 
hello 
hello 
hello 
hello 
hello 
hello 
hello 
hello 
hello 
hello 
hello 
hello 
hello 
hello 
hello 
hello 
hello 
hello 
hello 
hello 
hello 
hello 
hello 
hello 
hello 
hello 
hello 
hello 
hello 
hello 
hello 
hello 
hello 
hello 
hello 
hello 
hello 
hello 
hello 
hello 
hello 
hello 
hello 
hello 
hello 
hello 
hello 
hello 
hello 
hello 
hello 
hello 
hello 
hello 
hello 
hello 
hello 
hello 
hello 
hello 
hello 
hello 
hello 
hello 
hello 
hello 
hello 
hello 
hello 
hello 
hello 
hello 
hello 
hello 
hello 
hello 
hello 
hello 
hello 
hello 
hello 
hello 
hello 
hello 
hello 
hello 
hello 
hello 
hello 
hello 
hello 
hello 
hello 
hello 
hello 
hello 
hello 
hello 
hello 
hello 
hello 
hello 
hello 
hello 
hello 
hello 
hello 
hello 
hello 
hello 
hello 
hello 
hello 
hello 
hello 
hello 
hello 
hello 
hello 
hello 
hello 
hello 
hello 
hello 
hello 
hello 
hello 
hello 
hello 
hello 
hello 
hello 
hello 
hello 
hello 
hello 
hello 
hello 
hello 
hello 
hello 
hello 
hello 
hello 
hello 
hello 
hello 
hello 
hello 
hello 
hello 
hello 
hello 
hello 
hello 
hello 
hello 
hello 
hello 
hello 
hello 
hello 
hello 
hello 
hello 
hello 
hello 
hello 
hello 
hello 
hello 
hello 
hello 
hello 
hello 
hello 
hello 
hello 
hello 
hello 
hello 
hello 
hello 
hello 
hello 
hello 
hello 
hello 
hello 
hello 
hello 
hello 
hello 
hello 
hello 
hello 
hello 
hello 
hello 
hello 
hello 
hello 
hello 
hello 
hello 
hello 
hello 
hello 
hello 
hello 
hello 
hello 
hello 
hello 
hello 
hello 
hello 
hello 
hello 
hello 
hello 
hello 
hello 
hello 
hello 
hello 
hello 
hello 
hello 
hello 
hello 
hello 
hello 
hello 
hello 
hello 
hello 
hello 
hello 
hello 
hello 
hello 
hello 
hello 
hello 
hello 
hello 
hello 
hello 
hello 
hello 
hello 
hello 
hello 
hello 
hello 
hello 
hello 
hello 
hello 
hello 
hello 
hello 
hello 
hello 
hello 
hello 
hello 
hello 
hello 
hello 
hello 
hello 
hello 
hello 
hello 
hello 
hello 
hello 
hello 
hello 
hello 
hello 
hello 
hello 
hello 
hello 
hello 
hello 
hello 
hello 
hello 
hello 
hello 
hello 
hello 
hello 
hello 
hello 
hello 
hello 
hello 
hello 
hello 
hello 
hello 
hello 
hello 
hello 
hello 
hello 
hello 
hello 
hello 
hello 
hello 
hello 
hello 
hello 
hello 
hello 
hello 
hello 
hello 
hello 
hello 
hello 
hello 
hello 
hello 
hello 
hello 
hello 
hello 
hello 
hello 
hello 
hello 
hello 
hello 
hello 
hello 
hello 
hello 
hello 
hello 
hello 
hello 
hello 
hello 
hello 
hello 
hello 
hello 
hello 
hello 
hello 
hello 
hello 
hello 
hello 
hello 
hello 
hello 
hello 
hello 
hello 
hello 
hello 
hello 
hello 
hello 
hello 
hello 
hello 
hello 
hello 
hello 
hello 
hello 
hello 
hello 
hello 
hello 
hello 
hello 
hello 
hello 
hello 
hello 
hello 
hello 
hello 
hello 
hello 
hello 
hello 
hello 
hello 
hello 
hello 
hello 
hello 
hello 
hello 
hello 
hello 
hello 
hello 
hello 
hello 
hello 
hello 
hello 
hello 
hello 
hello 
hello 
hello 
hello 
hello 
hello 
hello 
hello 
hello 
hello 
hello 
hello 
hello 
hello 
hello 
hello 
hello 
hello 
hello 
hello 
hello 
hello 
hello 
hello 
hello 
hello 
hello 
hello 
hello 
hello 
hello 
hello 
hello 
hello 
hello 
hello 
hello 
hello 
hello 
hello 
hello 
hello 
hello 
hello 
hello 
hello 
hello 
hello 
hello 
hello 
hello 
hello 
hello 
hello 
hello 
hello 
hello 
hello 
hello 
hello 
hello 
hello 
hello 
hello 
hello 
hello 
hello 
hello 
hello 
hello 
hello 
hello 
hello 
hello 
hello 
hello 
hello 
hello 
hello 
hello 
hello 
hello 
hello 
hello 
hello 
hello 
hello 
hello 
hello 
hello 
hello 
hello 
hello 
hello 
hello 
hello 
hello 
hello 
hello 
hello 
hello 
hello 
hello 
hello 
hello 
hello 
hello 
hello 
hello 
hello 
hello 
hello 
hello 
hello 
hello 
hello 
hello 
hello 
hello 
hello 
hello 
hello 
hello 
hello 
hello 
hello 
hello 
hello 
hello 
hello 
hello 
hello 
hello 
hello 
hello 
hello 
hello 
hello 
hello 
hello 
hello 
hello 
hello 
hello 
hello 
hello 
hello 
hello 
hello 
hello 
hello 
hello 
hello 
hello 
hello 
hello 
hello 
hello 
hello 
hello 
hello 
hello 
hello 
hello 
hello 
hello 
hello 
hello 
hello 
hello 
hello 
hello 
hello 
hello 
hello 
hello 
hello 
hello 
hello 
hello 
hello 
hello 
hello 
hello 
hello 
hello 
hello 
hello 
hello 
hello 
hello 
hello 
hello 
hello 
hello 
hello 
hello 
hello 
hello 
hello 
hello 
hello 
hello 
hello 
hello 
hello 
hello 
hello 
hello 
hello 
hello 
hello 
hello 
hello 
hello 
hello 
hello 
hello 
hello 
hello 
hello 
hello 
hello 
hello 
hello 
hello 
hello 
hello 
hello 
hello 
hello 
hello 
hello 
hello 
hello 
hello 
hello 
hello 
hello 
hello 
hello 
hello 
hello 
hello 
hello 
hello 
hello 
hello 
hello 
hello 
hello 
hello 
hello 
hello 
hello 
hello 
hello 
hello 
hello 
hello 
hello 
hello 
hello 
hello 
hello 
hello 
hello 
hello 
hello 
hello 
hello 
hello 
hello 
hello 
hello 
hello 
hello 
hello 
hello 
hello 
hello 
hello 
hello 
hello 
hello 
hello 
hello 
hello 
hello 
hello 
hello 
hello 
hello 
hello 
hello 
hello 
hello 
hello 
hello 
hello 
hello 
hello 
hello 
hello 
hello 
hello 
hello 
hello 
hello 
hello 
hello 
hello 
hello 
hello 
hello 
hello 
hello 
hello 
hello 
hello 
hello 
hello 
hello 
hello 
hello 
hello 
hello 
hello 
hello 
hello 
hello 
hello 
hello 
hello 
hello 
hello 
hello 
hello 
hello 
hello 
hello 
hello 
hello 
hello 
hello 
hello 
hello 
hello 
hello 
hello 
hello 
hello 
hello 
hello 
hello 
hello 
hello 
hello 
hello 
hello 
hello 
hello 
hello 
hello 
hello 
hello 
hello 
hello 
hello 
hello 
hello 
hello 
hello 
hello 
hello 
hello 
hello 
hello 
hello 
hello 
hello 
hello 
hello 
hello 
hello 
hello 
hello 
hello 
hello 
hello 
hello 
hello 
hello 
hello 
hello 
hello 
hello 
hello 
hello 
hello 
hello 
hello 
hello 
hello 
hello 
hello 
hello 
hello 
hello 
hello 
hello 
hello 
hello 
hello 
hello 
hello 
hello 
hello 
hello 
hello 
hello 
hello 
hello 
hello 
hello 
hello 
hello 
hello 
hello 
hello 
hello 
hello 
hello 
hello 
hello 
hello 
hello 
hello 
hello 
hello 
hello 
hello 
hello 
hello 
hello 
hello 
hello 
hello 
hello 
hello 
hello 
hello 
hello 
hello 
hello 
hello 
hello 
hello 
hello 
hello 
hello 
hello 
hello 
hello 
hello 
hello 
hello 
hello 
hello 
hello 
hello 
hello 
hello 
hello 
hello 
hello 
hello 
hello 
hello 
hello 
hello 
hello 
hello 
hello 
hello 
hello 
hello 
hello 
hello 
hello 
hello 
hello 
hello 
hello 
hello 
hello 
hello 
hello 
hello 
hello 
hello 
hello 
hello 
hello 
hello 
hello 
hello 
hello 
hello 
hello 
hello 
hello 
hello 
hello 
hello 
hello 
hello 
hello 
hello 
hello 
hello 
hello 
hello 
hello 
hello 
hello 
hello 
hello 
hello 
hello 
hello 
hello 
hello 
hello 
hello 
hello 
hello 
hello 
hello 
hello 
hello 
hello 
hello 
hello 
hello 
hello 
hello 
hello 
hello 
hello 
hello 
hello 
hello 
hello 
hello 
hello 
hello 
hello 
hello 
hello 
hello 
hello 
hello 
hello 
hello 
hello 
hello 
hello 
hello 
hello 
hello 
hello 
hello 
hello 
hello 
hello 
hello 
hello 
hello 
hello 
hello 
hello 
hello 
hello 
hello 
hello 
hello 
hello 
hello 
hello 
hello 
hello 
hello 
hello 
hello 
hello 
hello 
hello 
hello 
hello 
hello 
hello 
hello 
hello 
hello 
hello 
hello 
hello 
hello 
hello 
hello 
hello 
hello 
hello 
hello 
hello 
hello 
hello 
hello 
hello 
hello 
hello 
hello 
hello 
hello 
hello 
hello 
hello 
hello 
hello 
hello 
hello 
hello 
hello 
hello 
hello 
hello 
hello 
hello 
hello 
hello 
hello 
hello 
hello 
hello 
hello 
hello 
hello 
hello 
hello 
hello 
hello 
hello 
hello 
hello 
hello 
hello 
hello 
hello 
hello 
hello 
hello 
hello 
hello 
hello 
hello 
hello 
hello 
hello 
hello 
hello 
hello 
hello 
hello 
hello 
hello 
hello 
hello 
hello 
hello 
hello 
hello 
hello 
hello 
hello 
hello 
hello 
hello 
hello 
hello 
hello 
hello 
hello 
hello 
hello 
hello 
hello 
hello 
hello 
hello 
hello 
hello 
hello 
hello 
hello 
hello 
hello 
hello 
hello 
hello 
hello 
hello 
hello 
hello 
hello 
hello 
hello 
hello 
hello 
hello 
hello 
hello 
hello 
hello 
hello 
hello 
hello 
hello 
hello 
hello 
hello 
hello 
hello 
hello 
hello 
hello 
hello 
hello 
hello 
hello 
hello 
hello 
hello 
hello 
hello 
hello 
hello 
hello 
hello 
hello 
hello 
hello 
hello 
hello 
hello 
hello 
hello 
hello 
hello 
hello 
hello 
hello 
hello 
hello 
hello 
hello 
hello 
hello 
hello 
hello 
hello 
hello 
hello 
hello 
hello 
hello 
hello 
hello 
hello 
hello 
hello 
hello 
hello 
hello 
hello 
hello 
hello 
hello 
hello 
hello 
hello 
hello 
hello 
hello 
hello 
hello 
hello 
hello 
hello 
hello 
hello 
hello 
hello 
hello 
hello 
hello 
hello 
hello 
hello 
hello 
hello 
hello 
hello 
hello 
hello 
hello 
hello 
hello 
hello 
hello 
hello 
hello 
hello 
hello 
hello 
hello 
hello 
hello 
hello 
hello 
hello 
hello 
hello 
hello 
hello 
hello 
hello 
hello 
hello 
hello 
hello 
hello 
hello 
hello 
hello 
hello 
hello 
hello 
hello 
hello 
hello 
hello 
hello 
hello 
hello 
hello 
hello 
hello 
hello 
hello 
hello 
hello 
hello 
hello 
hello 
hello 
hello 
hello 
hello 
hello 
hello 
hello 
hello 
hello 
hello 
hello 
hello 
hello 
hello 
hello 
hello 
hello 
hello 
hello 
hello 
hello 
hello 
hello 
hello 
hello 
hello 
hello 
hello 
hello 
hello 
hello 
hello 
hello 
hello 
hello 
hello 
hello 
hello 
hello 
hello 
hello 
hello 
hello 
hello 
hello 
hello 
hello 
hello 
hello 
hello 
hello 
hello 
hello 
hello 
hello 
hello 
hello 
hello 
hello 
hello 
hello 
hello 
hello 
hello 
hello 
hello 
hello 
hello 
hello 
hello 
hello 
hello 
hello 
hello 
hello 
hello 
hello 
hello 
hello 
hello 
hello 
hello 
hello 
hello 
hello 
hello 
hello 
hello 
hello 
hello 
hello 
hello 
hello 
hello 
hello 
hello 
hello 
hello 
hello 
hello 
hello 
hello 
hello 
hello 
hello 
hello 
hello 
hello 
hello 
hello 
hello 
hello 
hello 
hello 
hello 
hello 
hello 
hello 
hello 
hello 
hello 
hello 
hello 
hello 
hello 
hello 
hello 
hello 
hello 
hello 
hello 
hello 
hello 
hello 
hello 
hello 
hello 
hello 
hello 
hello 
hello 
hello 
hello 
hello 
hello 
hello 
hello 
hello 
hello 
hello 
hello 
hello 
hello 
hello 
hello 
hello 
hello 
hello 
hello 
hello 
hello 
hello 
hello 
hello 
hello 
hello 
hello 
hello 
hello 
hello 
hello 
hello 
hello 
hello 
hello 
hello 
hello 
hello 
hello 
hello 
hello 
hello 
hello 
hello 
hello 
hello 
hello 
hello 
hello 
hello 
hello 
hello 
hello 
hello 
hello 
hello 
hello 
hello 
hello 
hello 
hello 
hello 
hello 
hello 
hello 
hello 
hello 
hello 
hello 
hello 
hello 
hello 
hello 
hello 
hello 
hello 
hello 
hello 
hello 
hello 
hello 
hello 
hello 
hello 
hello 
hello 
hello 
hello 
hello 
hello 
hello 
hello 
hello 
hello 
hello 
hello 
hello 
hello 
hello 
hello 
hello 
hello 
hello 
hello 
hello 
hello 
hello 
hello 
hello 
hello 
hello 
hello 
hello 
hello 
hello 
hello 
hello 
hello 
hello 
hello 
hello 
hello 
hello 
hello 
hello 
hello 
hello 
hello 
hello 
hello 
hello 
hello 
hello 
hello 
hello 
hello 
hello 
hello 
hello 
hello 
hello 
hello 
hello 
hello 
hello 
hello 
hello 
hello 
hello 
hello 
hello 
hello 
hello 
hello 
hello 
hello 
hello 
hello 
hello 
hello 
hello 
hello 
hello 
hello 
hello 
hello 
hello 
hello 
hello 
hello 
hello 
hello 
hello 
hello 
hello 
hello 
hello 
hello 
hello 
hello 
hello 
hello 
hello 
hello 
hello 
hello 
hello 
hello 
hello 
hello 
hello 
hello 
hello 
hello 
hello 
hello 
hello 
hello 
hello 
hello 
hello 
hello 
hello 
hello 
hello 
hello 
hello 
hello 
hello 
hello 
hello 
hello 
hello 
hello 
hello 
hello 
hello 
hello 
hello 
hello 
hello 
hello 
hello 
hello 
hello 
hello 
hello 
hello 
hello 
hello 
hello 
hello 
hello 
hello 
hello 
hello 
hello 
hello 
hello 
hello 
hello 
hello 
hello 
hello 
hello 
hello 
hello 
hello 
hello 
hello 
hello 
hello 
hello 
hello 
hello 
hello 
hello 
hello 
hello 
hello 
hello 
hello 
hello 
hello 
hello 
hello 
hello 
hello 
hello 
hello 
hello 
hello 
hello 
hello 
hello 
hello 
hello 
hello 
hello 
hello 
hello 
hello 
hello 
hello 
hello 
hello 
hello 
hello 
hello 
hello 
hello 
hello 
hello 
hello 
hello 
hello 
hello 
hello 
hello 
hello 
hello 
hello 
hello 
hello 
hello 
hello 
hello 
hello 
hello 
hello 
hello 
hello 
hello 
hello 
hello 
hello 
hello 
hello 
hello 
hello 
hello 
hello 
hello 
hello 
hello 
hello 
hello 
hello 
hello 
hello 
hello 
hello 
hello 
hello 
hello 
hello 
hello 
hello 
hello 
hello 
hello 
hello 
hello 
hello 
hello 
hello 
hello 
hello 
hello 
hello 
hello 
hello 
hello 
hello 
hello 
hello 
hello 
hello 
hello 
hello 
hello 
hello 
hello 
hello 
hello 
hello 
hello 
hello 
hello 
hello 
hello 
hello 
hello 
hello 
hello 
hello 
hello 
hello 
hello 
hello 
hello 
hello 
hello 
hello 
hello 
hello 
hello 
hello 
hello 
hello 
hello 
hello 
hello 
hello 
hello 
hello 
hello 
hello 
hello 
hello 
hello 
hello 
hello 
hello 
hello 
hello 
hello 
hello 
hello 
hello 
hello 
hello 
hello 
hello 
hello 
hello 
hello 
hello 
hello 
hello 
hello 
hello 
hello 
hello 
hello 
hello 
hello 
hello 
hello 
hello 
hello 
hello 
hello 
hello 
hello 
hello 
hello 
hello 
hello 
hello 
hello 
hello 
hello 
hello 
hello 
hello 
hello 
hello 
hello 
hello 
hello 
hello 
hello 
hello 
hello 
hello 
hello 
hello 
hello 
hello 
hello 
hello 
hello 
hello 
hello 
hello 
hello 
hello 
hello 
hello 
hello 
hello 
hello 
hello 
hello 
hello 
hello 
hello 
hello 
hello 
hello 
hello 
hello 
hello 
hello 
hello 
hello 
hello 
hello 
hello 
hello 
hello 
hello 
hello 
hello 
hello 
hello 
hello 
hello 
hello 
hello 
hello 
hello 
hello 
hello 
hello 
hello 
hello 
hello 
hello 
hello 
hello 
hello 
hello 
hello 
hello 
hello 
hello 
hello 
hello 
hello 
hello 
hello 
hello 
hello 
hello 
hello 
hello 
hello 
hello 
hello 
hello 
hello 
hello 
hello 
hello 
hello 
hello 
hello 
hello 
hello 
hello 
hello 
hello 
hello 
hello 
hello 
hello 
hello 
hello 
hello 
hello 
hello 
hello 
hello 
hello 
hello 
hello 
hello 
hello 
hello 
hello 
hello 
hello 
hello 
hello 
hello 
hello 
hello 
hello 
hello 
hello 
hello 
hello 
hello 
hello 
hello 
hello 
hello 
hello 
hello 
hello 
hello 
hello 
hello 
hello 
hello 
hello 
hello 
hello 
hello 
hello 
hello 
hello 
hello 
hello 
hello 
hello 
hello 
hello 
hello 
hello 
hello 
hello 
hello 
hello 
hello 
hello 
hello 
hello 
hello 
hello 
hello 
hello 
hello 
hello 
hello 
hello 
hello 
hello 
hello 
hello 
hello 
hello 
hello 
hello 
hello 
hello 
hello 
hello 
hello 
hello 
hello 
hello 
hello 
hello 
hello 
hello 
hello 
hello 
hello 
hello 
hello 
hello 
hello 
hello 
hello 
hello 
hello 
hello 
hello 
hello 
hello 
hello 
hello 
hello 
hello 
hello 
hello 
hello 
hello 
hello 
hello 
hello 
hello 
hello 
hello 
hello 
hello 
hello 
hello 
hello 
hello 
hello 
hello 
hello 
hello 
hello 
hello 
hello 
hello 
hello 
hello 
hello 
hello 
hello 
hello 
hello 
hello 
hello 
hello 
hello 
hello 
hello 
hello 
hello 
hello 
hello 
hello 
hello 
hello 
hello 
hello 
hello 
hello 
hello 
hello 
hello 
hello 
hello 
hello 
hello 
hello 
hello 
hello 
hello 
hello 
hello 
hello 
hello 
hello 
hello 
hello 
hello 
hello 
hello 
hello 
hello 
hello 
hello 
hello 
hello 
hello 
hello 
hello 
hello 
hello 
hello 
hello 
hello 
hello 
hello 
hello 
hello 
hello 
hello 
hello 
hello 
hello 
hello 
hello 
hello 
hello 
hello 
hello 
hello 
hello 
hello 
hello 
hello 
hello 
hello 
hello 
hello 
hello 
hello 
hello 
hello 
hello 
hello 
hello 
hello 
hello 
hello 
hello 
hello 
hello 
hello 
hello 
hello 
hello 
hello 
hello 
hello 
hello 
hello 
hello 
hello 
hello 
hello 
hello 
hello 
hello 
hello 
hello 
hello 
hello 
hello 
hello 
hello 
hello 
hello 
hello 
hello 
hello 
hello 
hello 
hello 
hello 
hello 
hello 
hello 
hello 
hello 
hello 
hello 
hello 
hello 
hello 
hello 
hello 
hello 
hello 
hello 
hello 
hello 
hello 
hello 
hello 
hello 
hello 
hello 
hello 
hello 
hello 
hello 
hello 
hello 
hello 
hello 
hello 
hello 
hello 
hello 
hello 
hello 
hello 
hello 
hello 
hello 
hello 
hello 
hello 
hello 
hello 
hello 
hello 
hello 
hello 
hello 
hello 
hello 
hello 
hello 
hello 
hello 
hello 
hello 
hello 
hello 
hello 
hello 
hello 
hello 
hello 
hello 
hello 
hello 
hello 
hello 
hello 
hello 
hello 
hello 
hello 
hello 
hello 
hello 
hello 
hello 
hello 
hello 
hello 
hello 
hello 
hello 
hello 
hello 
hello 
hello 
hello 
hello 
hello 
hello 
hello 
hello 
hello 
hello 
hello 
hello 
hello 
hello 
hello 
hello 
hello 
hello 
hello 
hello 
hello 
hello 
hello 
hello 
hello 
hello 
hello 
hello 
hello 
hello 
hello 
hello 
hello 
hello 
hello 
hello 
hello 
hello 
hello 
hello 
hello 
hello 
hello 
hello 
hello 
hello 
hello 
hello 
hello 
hello 
hello 
hello 
hello 
hello 
hello 
hello 
hello 
hello 
hello 
hello 
hello 
hello 
hello 
hello 
hello 
hello 
hello 
hello 
hello 
hello 
hello 
hello 
hello 
hello 
hello 
hello 
hello 
hello 
hello 
hello 
hello 
hello 
hello 
hello 
hello 
hello 
hello 
hello 
hello 
hello 
hello 
hello 
hello 
hello 
hello 
hello 
hello 
hello 
hello 
hello 
hello 
hello 
hello 
hello 
hello 
hello 
hello 
hello 
hello 
hello 
hello 
hello 
hello 
hello 
hello 
hello 
hello 
hello 
hello 
hello 
hello 
hello 
hello 
hello 
hello 
hello 
hello 
hello 
hello 
hello 
hello 
hello 
hello 
hello 
hello 
hello 
hello 
hello 
hello 
hello 
hello 
hello 
hello 
hello 
hello 
hello 
hello 
hello 
hello 
hello 
hello 
hello 
hello 
hello 
hello 
hello 
hello 
hello 
hello 
hello 
hello 
hello 
hello 
hello 
hello 
hello 
hello 
hello 
hello 
hello 
hello 
hello 
hello 
hello 
hello 
hello 
hello 
hello 
hello 
hello 
hello 
hello 
hello 
hello 
hello 
hello 
hello 
hello 
hello 
hello 
hello 
hello 
hello 
hello 
hello 
hello 
hello 
hello 
hello 
hello 
hello 
hello 
hello 
hello 
hello 
hello 
hello 
hello 
hello 
hello 
hello 
hello 
hello 
hello 
hello 
hello 
hello 
hello 
hello 
hello 
hello 
hello 
hello 
hello 
hello 
hello 
hello 
hello 
hello 
hello 
hello 
hello 
hello 
hello 
hello 
hello 
hello 
hello 
hello 
hello 
hello 
hello 
hello 
hello 
hello 
hello 
hello 
hello 
hello 
hello 
hello 
hello 
hello 
hello 
hello 
hello 
hello 
hello 
hello 
hello 
hello 
hello 
hello 
hello 
hello 
hello 
hello 
hello 
hello 
hello 
hello 
hello 
hello 
hello 
hello 
hello 
hello 
hello 
hello 
hello 
hello 
hello 
hello 
hello 
hello 
hello 
hello 
hello 
hello 
hello 
hello 
hello 
hello 
hello 
hello 
hello 
hello 
hello 
hello 
hello 
hello 
hello 
hello 
hello 
hello 
hello 
hello 
hello 
hello 
hello 
hello 
hello 
hello 
hello 
hello 
hello 
hello 
hello 
hello 
hello 
hello 
hello 
hello 
hello 
hello 
hello 
hello 
hello 
hello 
hello 
hello 
hello 
hello 
hello 
hello 
hello 
hello 
hello 
hello 
hello 
hello 
hello 
hello 
hello 
hello 
hello 
hello 
hello 
hello 
hello 
hello 
hello 
hello 
hello 
hello 
hello 
hello 
hello 
hello 
hello 
hello 
hello 
hello 
hello 
hello 
hello 
hello 
hello 
hello 
hello 
hello 
hello 
hello 
hello 
hello 
hello 
hello 
hello 
hello 
hello 
hello 
hello 
hello 
hello 
hello 
hello 
hello 
hello 
hello 
hello 
hello 
hello 
hello 
hello 
hello 
hello 
hello 
hello 
hello 
hello 
hello 
hello 
hello 
hello 
hello 
hello 
hello 
hello 
hello 
hello 
hello 
hello 
hello 
hello 
hello 
hello 
hello 
hello 
hello 
hello 
hello 
hello 
hello 
hello 
hello 
hello 
hello 
hello 
hello 
hello 
hello 
hello 
hello 
hello 
hello 
hello 
hello 
hello 
hello 
hello 
hello 
hello 
hello 
hello 
hello 
hello 
hello 
hello 
hello 
hello 
hello 
hello 
hello 
hello 
hello 
hello 
hello 
hello 
hello 
hello 
hello 
hello 
hello 
hello 
hello 
hello 
hello 
hello 
hello 
hello 
hello 
hello 
hello 
hello 
hello 
hello 
hello 
hello 
hello 
hello 
hello 
hello 
hello 
hello 
hello 
hello 
hello 
hello 
hello 
hello 
hello 
hello 
hello 
hello 
hello 
hello 
hello 
hello 
hello 
hello 
hello 
hello 
hello 
hello 
hello 
hello 
hello 
hello 
hello 
hello 
hello 
hello 
hello 
hello 
hello 
hello 
hello 
hello 
hello 
hello 
hello 
hello 
hello 
hello 
hello 
hello 
hello 
hello 
hello 
hello 
hello 
hello 
hello 
hello 
hello 
hello 
hello 
hello 
hello 
hello 
hello 
hello 
hello 
hello 
hello 
hello 
hello 
hello 
hello 
hello 
hello 
hello 
hello 
hello 
hello 
hello 
hello 
hello 
hello 
hello 
hello 
hello 
hello 
hello 
hello 
hello 
hello 
hello 
hello 
hello 
hello 
hello 
hello 
hello 
hello 
hello 
hello 
hello 
hello 
hello 
hello 
hello 
hello 
hello 
hello 
hello 
hello 
hello 
hello 
hello 
hello 
hello 
hello 
hello 
hello 
hello 
hello 
hello 
hello 
hello 
hello 
hello 
hello 
hello 
hello 
hello 
hello 
hello 
hello 
hello 
hello 
hello 
hello 
hello 
hello 
hello 
hello 
hello 
hello 
hello 
hello 
hello 
hello 
hello 
hello 
hello 
hello 
hello 
hello 
hello 
hello 
hello 
hello 
hello 
hello 
hello 
hello 
hello 
hello 
hello 
hello 
hello 
hello 
hello 
hello 
hello 
hello 
hello 
hello 
hello 
hello 
hello 
hello 
hello 
hello 
hello 
hello 
hello 
hello 
hello 
hello 
hello 
hello 
hello 
hello 
hello 
hello 
hello 
hello 
hello 
hello 
hello 
hello 
hello 
hello 
hello 
hello 
hello 
hello 
hello 
hello 
hello 
hello 
hello 
hello 
hello 
hello 
hello 
hello 
hello 
hello 
hello 
hello 
hello 
hello 
hello 
hello 
hello 
hello 
hello 
hello 
hello 
hello 
hello 
hello 
hello 
hello 
hello 
hello 
hello 
hello 
hello 
hello 
hello 
hello 
hello 
hello 
hello 
hello 
hello 
hello 
hello 
hello 
hello 
hello 
hello 
hello 
hello 
hello 
hello 
hello 
hello 
hello 
hello 
hello 
hello 
hello 
hello 
hello 
hello 
hello 
hello 
hello 
hello 
hello 
hello 
hello 
hello 
hello 
hello 
hello 
hello 
hello 
hello 
hello 
hello 
hello 
hello 
hello 
hello 
hello 
hello 
hello 
hello 
hello 
hello 
hello 
hello 
hello 
hello 
hello 
hello 
hello 
hello 
hello 
hello 
hello 
hello 
hello 
hello 
hello 
hello 
hello 
hello 
hello 
hello 
hello 
hello 
hello 
hello 
hello 
hello 
hello 
hello 
hello 
hello 
hello 
hello 
hello 
hello 
hello 
hello 
hello 
hello 
hello 
hello 
hello 
hello 
hello 
hello 
hello 
hello 
hello 
hello 
hello 
hello 
hello 
hello 
hello 
hello 
hello 
hello 
hello 
hello 
hello 
hello 
hello 
hello 
hello 
hello 
hello 
hello 
hello 
hello 
hello 
hello 
hello 
hello 
hello 
hello 
hello 
hello 
hello 
hello 
hello 
hello 
hello 
hello 
hello 
hello 
hello 
hello 
hello 
hello 
hello 
hello 
hello 
hello 
hello 
hello 
hello 
hello 
hello 
hello 
hello 
hello 
hello 
hello 
hello 
hello 
hello 
hello 
hello 
hello 
hello 
hello 
hello 
hello 
hello 
hello 
hello 
hello 
hello 
hello 
hello 
hello 
hello 
hello 
hello 
hello 
hello 
hello 
hello 
hello 
hello 
hello 
hello 
hello 
hello 
hello 
hello 
hello 
hello 
hello 
hello 
hello 
hello 
hello 
hello 
hello 
hello 
hello 
hello 
hello 
hello 
hello 
hello 
hello 
hello 
hello 
hello 
hello 
hello 
hello 
hello 
hello 
hello 
hello 
hello 
hello 
hello 
hello 
hello 
hello 
hello 
hello 
hello 
hello 
hello 
hello 
hello 
hello 
hello 
hello 
hello 
hello 
hello 
hello 
hello 
hello 
hello 
hello 
hello 
hello 
hello 
hello 
hello 
hello 
hello 
hello 
hello 
hello 
hello 
hello 
hello 
hello 
hello 
hello 
hello 
hello 
hello 
hello 
hello 
hello 
hello 
hello 
hello 
hello 
hello 
hello 
hello 
hello 
hello 
hello 
hello 
hello 
hello 
hello 
hello 
hello 
hello 
hello 
hello 
hello 
hello 
hello 
hello 
hello 
hello 
hello 
hello 
hello 
hello 
hello 
hello 
hello 
hello 
hello 
hello 
hello 
hello 
hello 
hello 
hello 
hello 
hello 
hello 
hello 
hello 
hello 
hello 
hello 
hello 
hello 
hello 
hello 
hello 
hello 
hello 
hello 
hello 
hello 
hello 
hello 
hello 
hello 
hello 
hello 
hello 
hello 
hello 
hello 
hello 
hello 
hello 
hello 
hello 
hello 
hello 
hello 
hello 
hello 
hello 
hello 
hello 
hello 
hello 
hello 
hello 
hello 
hello 
hello 
hello 
hello 
hello 
hello 
hello 
hello 
hello 
hello 
hello 
hello 
hello 
hello 
hello 
hello 
hello 
hello 
hello 
hello 
hello 
hello 
hello 
hello 
hello 
hello 
hello 
hello 
hello 
hello 
hello 
hello 
hello 
hello 
hello 
hello 
hello 
hello 
hello 
hello 
hello 
hello 
hello 
hello 
hello 
hello 
hello 
hello 
hello 
hello 
hello 
hello 
hello 
hello 
hello 
hello 
hello 
hello 
hello 
hello 
hello 
hello 
hello 
hello 
hello 
hello 
hello 
hello 
hello 
hello 
hello 
hello 
hello 
hello 
hello 
hello 
hello 
hello 
hello 
hello 
hello 
hello 
hello 
hello 
hello 
hello 
hello 
hello 
hello 
hello 
hello 
hello 
hello 
hello 
hello 
hello 
hello 
hello 
hello 
hello 
hello 
hello 
hello 
hello 
hello 
hello 
hello 
hello 
hello 
hello 
hello 
hello 
hello 
hello 
hello 
hello 
hello 
hello 
hello 
hello 
hello 
hello 
hello 
hello 
hello 
hello 
hello 
hello 
hello 
hello 
hello 
hello 
hello 
hello 
hello 
hello 
hello 
hello 
hello 
hello 
hello 
hello 
hello 
hello 
hello 
hello 
hello 
hello 
hello 
hello 
hello 
hello 
hello 
hello 
hello 
hello 
hello 
hello 
hello 
hello 
hello 
hello 
hello 
hello 
hello 
hello 
hello 
hello 
hello 
hello 
hello 
hello 
hello 
hello 
hello 
hello 
hello 
hello 
hello 
hello 
hello 
hello 
hello 
hello 
hello 
hello 
hello 
hello 
hello 
hello 
hello 
hello 
hello 
hello 
hello 
hello 
hello 
hello 
hello 
hello 
hello 
hello 
hello 
hello 
hello 
hello 
hello 
hello 
hello 
hello 
hello 
hello 
hello 
hello 
hello 
hello 
hello 
hello 
hello 
hello 
hello 
hello 
hello 
hello 
hello 
hello 
hello 
hello 
hello 
hello 
hello 
hello 
hello 
hello 
hello 
hello 
hello 
hello 
hello 
hello 
hello 
hello 
hello 
hello 
hello 
hello 
hello 
hello 
hello 
hello 
hello 
hello 
hello 
hello 
hello 
hello 
hello 
hello 
hello 
hello 
hello 
hello 
hello 
hello 
hello 
hello 
hello 
hello 
hello 
hello 
hello 
hello 
hello 
hello 
hello 
hello 
hello 
hello 
hello 
hello 
hello 
hello 
hello 
hello 
hello 
hello 
hello 
hello 
hello 
hello 
hello 
hello 
hello 
hello 
hello 
hello 
hello 
hello 
hello 
hello 
hello 
hello 
hello 
hello 
hello 
hello 
hello 
hello 
hello 
hello 
hello 
hello 
hello 
hello 
hello 
hello 
hello 
hello 
hello 
hello 
hello 
hello 
hello 
hello 
hello 
hello 
hello 
hello 
hello 
hello 
hello 
hello 
hello 
hello 
hello 
hello 
hello 
hello 
hello 
hello 
hello 
hello 
hello 
hello 
hello 
hello 
hello 
hello 
hello 
hello 
hello 
hello 
hello 
hello 
hello 
hello 
hello 
hello 
hello 
hello 
hello 
hello 
hello 
hello 
hello 
hello 
hello 
hello 
hello 
hello 
hello 
hello 
hello 
hello 
hello 
hello 
hello 
hello 
hello 
hello 
hello 
hello 
hello 
hello 
hello 
hello 
hello 
hello 
hello 
hello 
hello 
hello 
hello 
hello 
hello 
hello 
hello 
hello 
hello 
hello 
hello 
hello 
hello 
hello 
hello 
hello 
hello 
hello 
hello 
hello 
hello 
hello 
hello 
hello 
hello 
hello 
hello 
hello 
hello 
hello 
hello 
hello 
hello 
hello 
hello 
hello 
hello 
hello 
hello 
hello 
hello 
hello 
hello 
hello 
hello 
hello 
hello 
hello 
hello 
hello 
hello 
hello 
hello 
hello 
hello 
hello 
hello 
hello 
hello 
hello 
hello 
hello 
hello 
hello 
hello 
hello 
hello 
hello 
hello 
hello 
hello 
hello 
hello 
hello 
hello 
hello 
hello 
hello 
hello 
hello 
hello 
hello 
hello 
hello 
hello 
hello 
hello 
hello 
hello 
hello 
hello 
hello 
hello 
hello 
hello 
hello 
hello 
hello 
hello 
hello 
hello 
hello 
hello 
hello 
hello 
hello 
hello 
hello 
hello 
hello 
hello 
hello 
hello 
hello 
hello 
hello 
hello 
hello 
hello 
hello 
hello 
hello 
hello 
hello 
hello 
hello 
hello 
hello 
hello 
hello 
hello 
hello 
hello 
hello 
hello 
hello 
hello 
hello 
hello 
hello 
hello 
hello 
hello 
hello 
hello 
hello 
hello 
hello 
hello 
hello 
hello 
hello 
hello 
hello 
hello 
hello 
hello 
hello 
hello 
hello 
hello 
hello 
hello 
hello 
hello 
hello 
hello 
hello 
hello 
hello 
hello 
hello 
hello 
hello 
hello 
hello 
hello 
hello 
hello 
hello 
hello 
hello 
hello 
hello 
hello 
hello 
hello 
hello 
hello 
hello 
hello 
hello 
hello 
hello 
hello 
hello 
hello 
hello 
hello 
hello 
hello 
hello 
hello 
hello 
hello 
hello 
hello 
hello 
hello 
hello 
hello 
hello 
hello 
hello 
hello 
hello 
hello 
hello 
hello 
hello 
hello 
hello 
hello 
hello 
hello 
hello 
hello 
hello 
hello 
hello 
hello 
hello 
hello 
hello 
hello 
hello 
hello 
hello 
hello 
hello 
hello 
hello 
hello 
hello 
hello 
hello 
hello 
hello 
hello 
hello 
hello 
hello 
hello 
hello 
hello 
hello 
hello 
hello 
hello 
hello 
hello 
hello 
hello 
hello 
hello 
hello 
hello 
hello 
hello 
hello 
hello 
hello 
hello 
hello 
hello 
hello 
hello 
hello 
hello 
hello 
hello 
hello 
hello 
hello 
hello 
hello 
hello 
hello 
hello 
hello 
hello 
hello 
hello 
hello 
hello 
hello 
hello 
hello 
hello 
hello 
hello 
hello 
hello 
hello 
hello 
hello 
hello 
hello 
hello 
hello 
hello 
hello 
hello 
hello 
hello 
hello 
hello 
hello 
hello 
hello 
hello 
hello 
hello 
hello 
hello 
hello 
hello 
hello 
hello 
hello 
hello 
hello 
hello 
hello 
hello 
hello 
hello 
hello 
hello 
hello 
hello 
hello 
hello 
hello 
hello 
hello 
hello 
hello 
hello 
hello 
hello 
hello 
hello 
hello 
hello 
hello 
hello 
hello 
hello 
hello 
hello 
hello 
hello 
hello 
hello 
hello 
hello 
hello 
hello 
hello 
hello 
hello 
hello 
hello 
hello 
hello 
hello 
hello 
hello 
hello 
hello 
hello 
hello 
hello 
hello 
hello 
hello 
hello 
hello 
hello 
hello 
hello 
hello 
hello 
hello 
hello 
hello 
hello 
hello 
hello 
hello 
hello 
hello 
hello 
hello 
hello 
hello 
hello 
hello 
hello 
hello 
hello 
hello 
hello 
hello 
hello 
hello 
hello 
hello 
hello 
hello 
hello 
hello 
hello 
hello 
hello 
hello 
hello 
hello 
hello 
hello 
hello 
hello 
hello 
hello 
hello 
hello 
hello 
hello 
hello 
hello 
hello 
hello 
hello 
hello 
hello 
hello 
hello 
hello 
hello 
hello 
hello 
hello 
hello 
hello 
hello 
hello 
hello 
hello 
hello 
hello 
hello 
hello 
hello 
hello 
hello 
hello 
hello 
hello 
hello 
hello 
hello 
hello 
hello 
hello 
hello 
hello 
hello 
hello 
hello 
hello 
hello 
hello 
hello 
hello 
hello 
hello 
hello 
hello 
hello 
hello 
hello 
hello 
hello 
hello 
hello 
hello 
hello 
hello 
hello 
hello 
hello 
hello 
hello 
hello 
hello 
hello 
hello 
hello 
hello 
hello 
hello 
hello 
hello 
hello 
hello 
hello 
hello 
hello 
hello 
hello 
hello 
hello 
hello 
hello 
hello 
hello 
hello 
hello 
hello 
hello 
hello 
hello 
hello 
hello 
hello 
hello 
hello 
hello 
hello 
hello 
hello 
hello 
hello 
hello 
hello 
hello 
hello 
hello 
hello 
hello 
hello 
hello 
hello 
hello 
hello 
hello 
hello 
hello 
hello 
hello 
hello 
hello 
hello 
hello 
hello 
hello 
hello 
hello 
hello 
hello 
hello 
hello 
hello 
hello 
hello 
hello 
hello 
hello 
hello 
hello 
hello 
hello 
hello 
hello 
hello 
hello 
hello 
hello 
hello 
hello 
hello 
hello 
hello 
hello 
hello 
hello 
hello 
hello 
hello 
hello 
hello 
hello 
hello 
hello 
hello 
hello 
hello 
hello 
hello 
hello 
hello 
hello 
hello 
hello 
hello 
hello 
hello 
hello 
hello 
hello 
hello 
hello 
hello 
hello 
hello 
hello 
hello 
hello 
hello 
hello 
hello 
hello 
hello 
hello 
hello 
hello 
hello 
hello 
hello 
hello 
hello 
hello 
hello 
hello 
hello 
hello 
hello 
hello 
hello 
hello 
hello 
hello 
hello 
hello 
hello 
hello 
hello 
hello 
hello 
hello 
hello 
hello 
hello 
hello 
hello 
hello 
hello 
hello 
hello 
hello 
hello 
hello 
hello 
hello 
hello 
hello 
hello 
hello 
hello 
hello 
hello 
hello 
hello 
hello 
hello 
hello 
hello 
hello 
hello 
hello 
hello 
hello 
hello 
hello 
hello 
hello 
hello 
hello 
hello 
hello 
hello 
hello 
hello 
hello 
hello 
hello 
hello 
hello 
hello 
hello 
hello 
hello 
hello 
hello 
hello 
hello 
hello 
hello 
hello 
hello 
hello 
hello 
hello 
hello 
hello 
hello 
hello 
hello 
hello 
hello 
hello 
hello 
hello 
hello 
hello 
hello 
hello 
hello 
hello 
hello 
hello 
hello 
hello 
hello 
hello 
hello 
hello 
hello 
hello 
hello 
hello 
hello 
hello 
hello 
hello 
hello 
hello 
hello 
hello 
hello 
hello 
hello 
hello 
hello 
hello 
hello 
hello 
hello 
hello 
hello 
hello 
hello 
hello 
hello 
hello 
hello 
hello 
hello 
hello 
hello 
hello 
hello 
hello 
hello 
hello 
hello 
hello 
hello 
hello 
hello 
hello 
hello 
hello 
hello 
hello 
hello 
hello 
hello 
hello 
hello 
hello 
hello 
hello 
hello 
hello 
hello 
hello 
hello 
hello 
hello 
hello 
hello 
hello 
hello 
hello 
hello 
hello 
hello 
hello 
hello 
hello 
hello 
hello 
hello 
hello 
hello 
hello 
hello 
hello 
hello 
hello 
hello 
hello 
hello 
hello 
hello 
hello 
hello 
hello 
hello 
hello 
hello 
hello 
hello 
hello 
hello 
hello 
hello 
hello 
hello 
hello 
hello 
hello 
hello 
hello 
hello 
hello 
hello 
hello 
hello 
hello 
hello 
hello 
hello 
hello 
hello 
hello 
hello 
hello 
hello 
hello 
hello 
hello 
hello 
hello 
hello 
hello 
hello 
hello 
hello 
hello 
hello 
hello 
hello 
hello 
hello 
hello 
hello 
hello 
hello 
hello 
hello 
hello 
hello 
hello 
hello 
hello 
hello 
hello 
hello 
hello 
hello 
hello 
hello 
hello 
hello 
hello 
hello 
hello 
hello 
hello 
hello 
hello 
hello 
hello 
hello 
hello 
hello 
hello 
hello 
hello 
hello 
hello 
hello 
hello 
hello 
hello 
hello 
hello 
hello 
hello 
hello 
hello 
hello 
hello 
hello 
hello 
hello 
hello 
hello 
hello 
hello 
hello 
hello 
hello 
hello 
hello 
hello 
hello 
hello 
hello 
hello 
hello 
hello 
hello 
hello 
hello 
hello 
hello 
hello 
hello 
hello 
hello 
hello 
hello 
hello 
hello 
hello 
hello 
hello 
hello 
hello 
hello 
hello 
hello 
hello 
hello 
hello 
hello 
hello 
hello 
hello 
hello 
hello 
hello 
hello 
hello 
hello 
hello 
hello 
hello 
hello 
hello 
hello 
hello 
hello 
hello 
hello 
hello 
hello 
hello 
hello 
hello 
hello 
hello 
hello 
hello 
hello 
hello 
hello 
hello 
hello 
hello 
hello 
hello 
hello 
hello 
hello 
hello 
hello 
hello 
hello 
hello 
hello 
hello 
hello 
hello 
hello 
hello 
hello 
hello 
hello 
hello 
hello 
hello 
hello 
hello 
hello 
hello 
hello 
hello 
hello 
hello 
hello 
hello 
hello 
hello 
hello 
hello 
hello 
hello 
hello 
hello 
hello 
hello 
hello 
hello 
hello 
hello 
hello 
hello 
hello 
hello 
hello 
hello 
hello 
hello 
hello 
hello 
hello 
hello 
hello 
hello 
hello 
hello 
hello 
hello 
hello 
hello 
hello 
hello 
hello 
hello 
hello 
hello 
hello 
hello 
hello 
hello 
hello 
hello 
hello 
hello 
hello 
hello 
hello 
hello 
hello 
hello 
hello 
hello 
hello 
hello 
hello 
hello 
hello 
hello 
hello 
hello 
hello 
hello 
hello 
hello 
hello 
hello 
hello 
hello 
hello 
hello 
hello 
hello 
hello 
hello 
hello 
hello 
hello 
hello 
hello 
hello 
hello 
hello 
hello 
hello 
hello 
hello 
hello 
hello 
hello 
hello 
hello 
hello 
hello 
hello 
hello 
hello 
hello 
hello 
hello 
hello 
hello 
hello 
hello 
hello 
hello 
hello 
hello 
hello 
hello 
hello 
hello 
hello 
hello 
hello 
hello 
hello 
hello 
hello 
hello 
hello 
hello 
hello 
hello 
hello 
hello 
hello 
hello 
hello 
hello 
hello 
hello 
hello 
hello 
hello 
hello 
hello 
hello 
hello 
hello 
hello 
hello 
hello 
hello 
hello 
hello 
hello 
hello 
hello 
hello 
hello 
hello 
hello 
hello 
hello 
hello 
hello 
hello 
hello 
hello 
hello 
hello 
hello 
hello 
hello 
hello 
hello 
hello 
hello 
hello 
hello 
hello 
hello 
hello 
hello 
hello 
hello 
hello 
hello 
hello 
hello 
hello 
hello 
hello 
hello 
hello 
hello 
hello 
hello 
hello 
hello 
hello 
hello 
hello 
hello 
hello 
hello 
hello 
hello 
hello 
hello 
hello 
hello 
hello 
hello 
hello 
hello 
hello 
hello 
hello 
hello 
hello 
hello 
hello 
hello 
hello 
hello 
hello 
hello 
hello 
hello 
hello 
hello 
hello 
hello 
hello 
hello 
hello 
hello 
hello 
hello 
hello 
hello 
hello 
hello 
hello 
hello 
hello 
hello 
hello 
hello 
hello 
hello 
hello 
hello 
hello 
hello 
hello 
hello 
hello 
hello 
hello 
hello 
hello 
hello 
hello 
hello 
hello 
hello 
hello 
hello 
hello 
hello 
hello 
hello 
hello 
hello 
hello 
hello 
hello 
hello 
hello 
hello 
hello 
hello 
hello 
hello 
hello 
hello 
hello 
hello 
hello 
hello 
hello 
hello 
hello 
hello 
hello 
hello 
hello 
hello 
hello 
hello 
hello 
hello 
hello 
hello 
hello 
hello 
hello 
hello 
hello 
hello 
hello 
hello 
hello 
hello 
hello 
hello 
hello 
hello 
hello 
hello 
hello 
hello 
hello 
hello 
hello 
hello 
hello 
hello 
hello 
hello 
hello 
hello 
hello 
hello 
hello 
hello 
hello 
hello 
hello 
hello 
hello 
hello 
hello 
hello 
hello 
hello 
hello 
hello 
hello 
hello 
hello 
hello 
hello 
hello 
hello 
hello 
hello 
hello 
hello 
hello 
hello 
hello 
hello 
hello 
hello 
hello 
hello 
hello 
hello 
hello 
hello 
hello 
hello 
hello 
hello 
hello 
hello 
hello 
hello 
hello 
hello 
hello 
hello 
hello 
hello 
hello 
hello 
hello 
hello 
hello 
hello 
hello 
hello 
hello 
hello 
hello 
hello 
hello 
hello 
hello 
hello 
hello 
hello 
hello 
hello 
hello 
hello 
hello 
hello 
hello 
hello 
hello 
hello 
hello 
hello 
hello 
hello 
hello 
hello 
hello 
hello 
hello 
hello 
hello 
hello 
hello 
hello 
hello 
hello 
hello 
hello 
hello 
hello 
hello 
hello 
hello 
hello 
hello 
hello 
hello 
hello 
hello 
hello 
hello 
hello 
hello 
hello 
hello 
hello 
hello 
hello 
hello 
hello 
hello 
hello 
hello 
hello 
hello 
hello 
hello 
hello 
hello 
hello 
hello 
hello 
hello 
hello 
hello 
hello 
hello 
hello 
hello 
hello 
hello 
hello 
hello 
hello 
hello 
hello 
hello 
hello 
hello 
hello 
hello 
hello 
hello 
hello 
hello 
hello 
hello 
hello 
hello 
hello 
hello 
hello 
hello 
hello 
hello 
hello 
hello 
hello 
hello 
hello 
hello 
hello 
hello 
hello 
hello 
hello 
hello 
hello 
hello 
hello 
hello 
hello 
hello 
hello 
hello 
hello 
hello 
hello 
hello 
hello 
hello 
hello 
hello 
hello 
hello 
hello 
hello 
hello 
hello 
hello 
hello 
hello 
hello 
hello 
hello 
hello 
hello 
hello 
hello 
hello 
hello 
hello 
hello 
hello 
hello 
hello 
hello 
hello 
hello 
hello 
hello 
hello 
hello 
hello 
hello 
hello 
hello 
hello 
hello 
hello 
hello 
hello 
hello 
hello 
hello 
hello 
hello 
hello 
hello 
hello 
hello 
hello 
hello 
hello 
hello 
hello 
hello 
hello 
hello 
hello 
hello 
hello 
hello 
hello 
hello 
hello 
hello 
hello 
hello 
hello 
hello 
hello 
hello 
hello 
hello 
hello 
hello 
hello 
hello 
hello 
hello 
hello 
hello 
hello 
hello 
hello 
hello 
hello 
hello 
hello 
hello 
hello 
hello 
hello 
hello 
hello 
hello 
hello 
hello 
hello 
hello 
hello 
hello 
hello 
hello 
hello 
hello 
hello 
hello 
hello 
hello 
hello 
hello 
hello 
hello 
hello 
hello 
hello 
hello 
hello 
hello 
hello 
hello 
hello 
hello 
hello 
hello 
hello 
hello 
hello 
hello 
hello 
hello 
hello 
hello 
hello 
hello 
hello 
hello 
hello 
hello 
hello 
hello 
hello 
hello 
hello 
hello 
hello 
hello 
hello 
hello 
hello 
hello 
hello 
hello 
hello 
hello 
hello 
hello 
hello 
hello 
hello 
hello 
hello 
hello 
hello 
hello 
hello 
hello 
hello 
hello 
hello 
hello 
hello 
hello 
hello 
hello 
hello 
hello 
hello 
hello 
hello 
hello 
hello 
hello 
hello 
hello 
hello 
hello 
hello 
hello 
hello 
hello 
hello 
hello 
hello 
hello 
hello 
hello 
hello 
hello 
hello 
hello 
hello 
hello 
hello 
hello 
hello 
hello 
hello 
hello 
hello 
hello 
hello 
hello 
hello 
hello 
hello 
hello 
hello 
hello 
hello 
hello 
hello 
hello 
hello 
hello 
hello 
hello 
hello 
hello 
hello 
hello 
hello 
hello 
hello 
hello 
hello 
hello 
hello 
hello 
hello 
hello 
hello 
hello 
hello 
hello 
hello 
hello 
hello 
hello 
hello 
hello 
hello 
hello 
hello 
hello 
hello 
hello 
hello 
hello 
hello 
hello 
hello 
hello 
hello 
hello 
hello 
hello 
hello 
hello 
hello 
hello 
hello 
hello 
hello 
hello 
hello 
hello 
hello 
hello 
hello 
hello 
hello 
hello 
hello 
hello 
hello 
hello 
hello 
hello 
hello 
hello 
hello 
hello 
hello 
hello 
hello 
hello 
hello 
hello 
hello 
hello 
hello 
hello 
hello 
hello 
hello 
hello 
hello 
hello 
hello 
hello 
hello 
hello 
hello 
hello 
hello 
hello 
hello 
hello 
hello 
hello 
hello 
hello 
hello 
hello 
hello 
hello 
hello 
hello 
hello 
hello 
hello 
hello 
hello 
hello 
hello 
hello 
hello 
hello 
hello 
hello 
hello 
hello 
hello 
hello 
hello 
hello 
hello 
hello 
hello 
hello 
hello 
hello 
hello 
hello 
hello 
hello 
hello 
hello 
hello 
hello 
hello 
hello 
hello 
hello 
hello 
hello 
hello 
hello 
hello 
hello 
hello 
hello 
hello 
hello 
hello 
hello 
hello 
hello 
hello 
hello 
hello 
hello 
hello 
hello 
hello 
hello 
hello 
hello 
hello 
hello 
hello 
hello 
hello 
hello 
hello 
hello 
hello 
hello 
hello 
hello 
hello 
hello 
hello 
hello 
hello 
hello 
hello 
hello 
hello 
hello 
hello 
hello 
hello 
hello 
hello 
hello 
hello 
hello 
hello 
hello 
hello 
hello 
hello 
hello 
hello 
hello 
hello 
hello 
hello 
hello 
hello 
hello 
hello 
hello 
hello 
hello 
hello 
hello 
hello 
hello 
hello 
hello 
hello 
hello 
hello 
hello 
hello 
hello 
hello 
hello 
hello 
hello 
hello 
hello 
hello 
hello 
hello 
hello 
hello 
hello 
hello 
hello 
hello 
hello 
hello 
hello 
hello 
hello 
hello 
hello 
hello 
hello 
hello 
hello 
hello 
hello 
hello 
hello 
hello 
hello 
hello 
hello 
hello 
hello 
hello 
hello 
hello 
hello 
hello 
hello 
hello 
hello 
hello 
hello 
hello 
hello 
hello 
hello 
hello 
hello 
hello 
hello 
hello 
hello 
hello 
hello 
hello 
hello 
hello 
hello 
hello 
hello 
hello 
hello 
hello 
hello 
hello 
hello 
hello 
hello 
hello 
hello 
hello 
hello 
hello 
hello 
hello 
hello 
hello 
hello 
hello 
hello 
hello 
hello 
hello 
hello 
hello 
hello 
hello 
hello 
hello 
hello 
hello 
hello 
hello 
hello 
hello 
hello 
hello 
hello 
hello 
hello 
hello 
hello 
hello 
hello 
hello 
hello 
hello 
hello 
hello 
hello 
hello 
hello 
hello 
hello 
hello 
hello 
hello 
hello 
hello 
hello 
hello 
hello 
hello 
hello 
hello 
hello 
hello 
hello 
hello 
hello 
hello 
hello 
hello 
hello 
hello 
hello 
hello 
hello 
hello 
hello 
hello 
hello 
hello 
hello 
hello 
hello 
hello 
hello 
hello 
hello 
hello 
hello 
hello 
hello 
hello 
hello 
hello 
hello 
hello 
hello 
hello 
hello 
hello 
hello 
hello 
hello 
hello 
hello 
hello 
hello 
hello 
hello 
hello 
hello 
hello 
hello 
hello 
hello 
hello 
hello 
hello 
hello 
hello 
hello 
hello 
hello 
hello 
hello 
hello 
hello 
hello 
hello 
hello 
hello 
hello 
hello 
hello 
hello 
hello 
hello 
hello 
hello 
hello 
hello 
hello 
hello 
hello 
hello 
hello 
hello 
hello 
hello 
hello 
hello 
hello 
hello 
hello 
hello 
hello 
hello 
hello 
hello 
hello 
hello 
hello 
hello 
hello 
hello 
hello 
hello 
hello 
hello 
hello 
hello 
hello 
hello 
hello 
hello 
hello 
hello 
hello 
hello 
hello 
hello 
hello 
hello 
hello 
hello 
hello 
hello 
hello 
hello 
hello 
hello 
hello 
hello 
hello 
hello 
hello 
hello 
hello 
hello 
hello 
hello 
hello 
hello 
hello 
hello 
hello 
hello 
hello 
hello 
hello 
hello 
hello 
hello 
hello 
hello 
hello 
hello 
hello 
hello 
hello 
hello 
hello 
hello 
hello 
hello 
hello 
hello 
hello 
hello 
hello 
hello 
hello 
hello 
hello 
hello 
hello 
hello 
hello 
hello 
hello 
hello 
hello 
hello 
hello 
hello 
hello 
hello 
hello 
hello 
hello 
hello 
hello 
hello 
hello 
hello 
hello 
hello 
hello 
hello 
hello 
hello 
hello 
hello 
hello 
hello 
hello 
hello 
hello 
hello 
hello 
hello 
hello 
hello 
hello 
hello 
hello 
hello 
hello 
hello 
hello 
hello 
hello 
hello 
hello 
hello 
hello 
hello 
hello 
hello 
hello 
hello 
hello 
hello 
hello 
hello 
hello 
hello 
hello 
hello 
hello 
hello 
hello 
hello 
hello 
hello 
hello 
hello 
hello 
hello 
hello 
hello 
hello 
hello 
hello 
hello 
hello 
hello 
hello 
hello 
hello 
hello 
hello 
hello 
hello 
hello 
hello 
hello 
hello 
hello 
hello 
hello 
hello 
hello 
hello 
hello 
hello 
hello 
hello 
hello 
hello 
hello 
hello 
hello 
hello 
hello 
hello 
hello 
hello 
hello 
hello 
hello 
hello 
hello 
hello 
hello 
hello 
hello 
hello 
hello 
hello 
hello 
hello 
hello 
hello 
hello 
hello 
hello 
hello 
hello 
hello 
hello 
hello 
hello 
hello 
hello 
hello 
hello 
hello 
hello 
hello 
hello 
hello 
hello 
hello 
hello 
hello 
hello 
hello 
hello 
hello 
hello 
hello 
hello 
hello 
hello 
hello 
hello 
hello 
hello 
hello 
hello 
hello 
hello 
hello 
hello 
hello 
hello 
hello 
hello 
hello 
hello 
hello 
hello 
hello 
hello 
hello 
hello 
hello 
hello 
hello 
hello 
hello 
hello 
hello 
hello 
hello 
hello 
hello 
hello 
hello 
hello 
hello 
hello 
hello 
hello 
hello 
hello 
hello 
hello 
hello 
hello 
hello 
hello 
hello 
hello 
hello 
hello 
hello 
hello 
hello 
hello 
hello 
hello 
hello 
hello 
hello 
hello 
hello 
hello 
hello 
hello 
hello 
hello 
hello 
hello 
hello 
hello 
hello 
hello 
hello 
hello 
hello 
hello 
hello 
hello 
hello 
hello 
hello 
hello 
hello 
hello 
hello 
hello 
hello 
hello 
hello 
hello 
hello 
hello 
hello 
hello 
hello 
hello 
hello 
hello 
hello 
hello 
hello 
hello 
hello 
hello 
hello 
hello 
hello 
hello 
hello 
hello 
hello 
hello 
hello 
hello 
hello 
hello 
hello 
hello 
hello 
hello 
hello 
hello 
hello 
hello 
hello 
hello 
hello 
hello 
hello 
hello 
hello 
hello 
hello 
hello 
hello 
hello 
hello 
hello 
hello 
hello 
hello 
hello 
hello 
hello 
hello 
hello 
hello 
hello 
hello 
hello 
hello 
hello 
hello 
hello 
hello 
hello 
hello 
hello 
hello 
hello 
hello 
hello 
hello 
hello 
hello 
hello 
hello 
hello 
hello 
hello 
hello 
hello 
hello 
hello 
hello 
hello 
hello 
hello 
hello 
hello 
hello 
hello 
hello 
hello 
hello 
hello 
hello 
hello 
hello 
hello 
hello 
hello 
hello 
hello 
hello 
hello 
hello 
hello 
hello 
hello 
hello 
hello 
hello 
hello 
hello 
hello 
hello 
hello 
hello 
hello 
hello 
hello 
hello 
hello 
hello 
hello 
hello 
hello 
hello 
hello 
hello 
hello 
hello 
hello 
hello 
hello 
hello 
hello 
hello 
hello 
hello 
hello 
hello 
hello 
hello 
hello 
hello 
hello 
hello 
hello 
hello 
hello 
hello 
hello 
hello 
hello 
hello 
hello 
hello 
hello 
hello 
hello 
hello 
hello 
hello 
hello 
hello 
hello 
hello 
hello 
hello 
hello 
hello 
hello 
hello 
hello 
hello 
hello 
hello 
hello 
hello 
hello 
hello 
hello 
hello 
hello 
hello 
hello 
hello 
hello 
hello 
hello 
hello 
hello 
hello 
hello 
hello 
hello 
hello 
hello 
hello 
hello 
hello 
hello 
hello 
hello 
hello 
hello 
hello 
hello 
hello 
hello 
hello 
hello 
hello 
hello 
hello 
hello 
hello 
hello 
hello 
hello 
hello 
hello 
hello 
hello 
hello 
hello 
hello 
hello 
hello 
hello 
hello 
hello 
hello 
hello 
hello 
hello 
hello 
hello 
hello 
hello 
hello 
hello 
hello 
hello 
hello 
hello 
hello 
hello 
hello 
hello 
hello 
hello 
hello 
hello 
hello 
hello 
hello 
hello 
hello 
hello 
hello 
hello 
hello 
hello 
hello 
hello 
hello 
hello 
hello 
hello 
hello 
hello 
hello 
hello 
hello 
hello 
hello 
hello 
hello 
hello 
hello 
hello 
hello 
hello 
hello 
hello 
hello 
hello 
hello 
hello 
hello 
hello 
hello 
hello 
hello 
hello 
hello 
hello 
hello 
hello 
hello 
hello 
hello 
hello 
hello 
hello 
hello 
hello 
hello 
hello 
hello 
hello 
hello 
hello 
hello 
hello 
hello 
hello 
hello 
hello 
hello 
hello 
hello 
hello 
hello 
hello 
hello 
hello 
hello 
hello 
hello 
hello 
hello 
hello 
hello 
hello 
hello 
hello 
hello 
hello 
hello 
hello 
hello 
hello 
hello 
hello 
hello 
hello 
hello 
hello 
hello 
hello 
hello 
hello 
hello 
hello 
hello 
hello 
hello 
hello 
hello 
hello 
hello 
hello 
hello 
hello 
hello 
hello 
hello 
hello 
hello 
hello 
hello 
hello 
hello 
hello 
hello 
hello 
hello 
hello 
hello 
hello 
hello 
hello 
hello 
hello 
hello 
hello 
hello 
hello 
hello 
hello 
hello 
hello 
hello 
hello 
hello 
hello 
hello 
hello 
hello 
hello 
hello 
hello 
hello 
hello 
hello 
hello 
hello 
hello 
hello 
hello 
hello 
hello 
hello 
hello 
hello 
hello 
hello 
hello 
hello 
hello 
hello 
hello 
hello 
hello 
hello 
hello 
hello 
hello 
hello 
hello 
hello 
hello 
hello 
hello 
hello 
hello 
hello 
hello 
hello 
hello 
hello 
hello 
hello 
hello 
hello 
hello 
hello 
hello 
hello 
hello 
hello 
hello 
hello 
hello 
hello 
hello 
hello 
hello 
hello 
hello 
hello 
hello 
hello 
hello 
hello 
hello 
hello 
hello 
hello 
hello 
hello 
hello 
hello 
hello 
hello 
hello 
hello 
hello 
hello 
hello 
hello 
hello 
hello 
hello 
hello 
hello 
hello 
hello 
hello 
hello 
hello 
hello 
hello 
hello 
hello 
hello 
hello 
hello 
hello 
hello 
hello 
hello 
hello 
hello 
hello 
hello 
hello 
hello 
hello 
hello 
hello 
hello 
hello 
hello 
hello 
hello 
hello 
hello 
hello 
hello 
hello 
hello 
hello 
hello 
hello 
hello 
hello 
hello 
hello 
hello 
hello 
hello 
hello 
hello 
hello 
hello 
hello 
hello 
hello 
hello 
hello 
hello 
hello 
hello 
hello 
hello 
hello 
hello 
hello 
hello 
hello 
hello 
hello 
hello 
hello 
hello 
hello 
hello 
hello 
hello 
hello 
hello 
hello 
hello 
hello 
hello 
hello 
hello 
hello 
hello 
hello 
hello 
hello 
hello 
hello 
hello 
hello 
hello 
hello 
hello 
hello 
hello 
hello 
hello 
hello 
hello 
hello 
hello 
hello 
hello 
hello 
hello 
hello 
hello 
hello 
hello 
hello 
hello 
hello 
hello 
hello 
hello 
hello 
hello 
hello 
hello 
hello 
hello 
hello 
hello 
hello 
hello 
hello 
hello 
hello 
hello 
hello 
hello 
hello 
hello 
hello 
hello 
hello 
hello 
hello 
hello 
hello 
hello 
hello 
hello 
hello 
hello 
hello 
hello 
hello 
hello 
hello 
hello 
hello 
hello 
hello 
hello 
hello 
hello 
hello 
hello 
hello 
hello 
hello 
hello 
hello 
hello 
hello 
hello 
hello 
hello 
hello 
hello 
hello 
hello 
hello 
hello 
hello 
hello 
hello 
hello 
hello 
hello 
hello 
hello 
hello 
hello 
hello 
hello 
hello 
hello 
hello 
hello 
hello 
hello 
hello 
hello 
hello 
hello 
hello 
hello 
hello 
hello 
hello 
hello 
hello 
hello 
hello 
hello 
hello 
hello 
hello 
hello 
hello 
hello 
hello 
hello 
hello 
hello 
hello 
hello 
hello 
hello 
hello 
hello 
hello 
hello 
hello 
hello 
hello 
hello 
hello 
hello 
hello 
hello 
hello 
hello 
hello 
hello 
hello 
hello 
hello 
hello 
hello 
hello 
hello 
hello 
hello 
hello 
hello 
hello 
hello 
hello 
hello 
hello 
hello 
hello 
hello 
hello 
hello 
hello 
hello 
hello 
hello 
hello 
hello 
hello 
hello 
hello 
hello 
hello 
hello 
hello 
hello 
hello 
hello 
hello 
hello 
hello 
hello 
hello 
hello 
hello 
hello 
hello 
hello 
hello 
hello 
hello 
hello 
hello 
hello 
hello 
hello 
hello 
hello 
hello 
hello 
hello 
hello 
hello 
hello 
hello 
hello 
hello 
hello 
hello 
hello 
hello 
hello 
hello 
hello 
hello 
hello 
hello 
hello 
hello 
hello 
hello 
hello 
hello 
hello 
hello 
hello 
hello 
hello 
hello 
hello 
hello 
hello 
hello 
hello 
hello 
hello 
hello 
hello 
hello 
hello 
hello 
hello 
hello 
hello 
hello 
hello 
hello 
hello 
hello 
hello 
hello 
hello 
hello 
hello 
hello 
hello 
hello 
hello 
hello 
hello 
hello 
hello 
hello 
hello 
hello 
hello 
hello 
hello 
hello 
hello 
hello 
hello 
hello 
hello 
hello 
hello 
hello 
hello 
hello 
hello 
hello 
hello 
hello 
hello 
hello 
hello 
hello 
hello 
hello 
hello 
hello 
hello 
hello 
hello 
hello 
hello 
hello 
hello 
hello 
hello 
hello 
hello 
hello 
hello 
hello 
hello 
hello 
hello 
hello 
hello 
hello 
hello 
hello 
hello 
hello 
hello 
hello 
hello 
hello 
hello 
hello 
hello 
hello 
hello 
hello 
hello 
hello 
hello 
hello 
hello 
hello 
hello 
hello 
hello 
hello 
hello 
hello 
hello 
hello 
hello 
hello 
hello 
hello 
hello 
hello 
hello 
hello 
hello 
hello 
hello 
hello 
hello 
hello 
hello 
hello 
hello 
hello 
hello 
hello 
hello 
hello 
hello 
hello 
hello 
hello 
hello 
hello 
hello 
hello 
hello 
hello 
hello 
hello 
hello 
hello 
hello 
hello 
hello 
hello 
hello 
hello 
hello 
hello 
hello 
hello 
hello 
hello 
hello 
hello 
hello 
hello 
hello 
hello 
hello 
hello 
hello 
hello 
hello 
hello 
hello 
hello 
hello 
hello 
hello 
hello 
hello 
hello 
hello 
hello 
hello 
hello 
hello 
hello 
hello 
hello 
hello 
hello 
hello 
hello 
hello 
hello 
hello 
hello 
hello 
hello 
hello 
hello 
hello 
hello 
hello 
hello 
hello 
hello 
hello 
hello 
hello 
hello 
hello 
hello 
hello 
hello 
hello 
hello 
hello 
hello 
hello 
hello 
hello 
hello 
hello 
hello 
hello 
hello 
hello 
hello 
hello 
hello 
hello 
hello 
hello 
hello 
hello 
hello 
hello 
hello 
hello 
hello 
hello 
hello 
hello 
hello 
hello 
hello 
hello 
hello 
hello 
hello 
hello 
hello 
hello 
hello 
hello 
hello 
hello 
hello 
hello 
hello 
hello 
hello 
hello 
hello 
hello 
hello 
hello 
hello 
hello 
hello 
hello 
hello 
hello 
hello 
hello 
hello 
hello 
hello 
hello 
hello 
hello 
hello 
hello 
hello 
hello 
hello 
hello 
hello 
hello 
hello 
hello 
hello 
hello 
hello 
hello 
hello 
hello 
hello 
hello 
hello 
hello 
hello 
hello 
hello 
hello 
hello 
hello 
hello 
hello 
hello 
hello 
hello 
hello 
hello 
hello 
hello 
hello 
hello 
hello 
hello 
hello 
hello 
hello 
hello 
hello 
hello 
hello 
hello 
hello 
hello 
hello 
hello 
hello 
hello 
hello 
hello 
hello 
hello 
hello 
hello 
hello 
hello 
hello 
hello 
hello 
hello 
hello 
hello 
hello 
hello 
hello 
hello 
hello 
hello 
hello 
hello 
hello 
hello 
hello 
hello 
hello 
hello 
hello 
hello 
hello 
hello 
hello 
hello 
hello 
hello 
hello 
hello 
hello 
hello 
hello 
hello 
hello 
hello 
hello 
hello 
hello 
hello 
hello 
hello 
hello 
hello 
hello 
hello 
hello 
hello 
hello 
hello 
hello 
hello 
hello 
hello 
hello 
hello 
hello 
hello 
hello 
hello 
hello 
hello 
hello 
hello 
hello 
hello 
hello 
hello 
hello 
hello 
hello 
hello 
hello 
hello 
hello 
hello 
hello 
hello 
hello 
hello 
hello 
hello 
hello 
hello 
hello 
hello 
hello 
hello 
hello 
hello 
hello 
hello 
hello 
hello 
hello 
hello 
hello 
hello 
hello 
hello 
hello 
hello 
hello 
hello 
hello 
hello 
hello 
hello 
hello 
hello 
hello 
hello 
hello 
hello 
hello 
hello 
hello 
hello 
hello 
hello 
hello 
hello 
hello 
hello 
hello 
hello 
hello 
hello 
hello 
hello 
hello 
hello 
hello 
hello 
hello 
hello 
hello 
hello 
hello 
hello 
hello 
hello 
hello 
hello 
hello 
hello 
hello 
hello 
hello 
hello 
hello 
hello 
hello 
hello 
hello 
hello 
hello 
hello 
hello 
hello 
hello 
hello 
hello 
hello 
hello 
hello 
hello 
hello 
hello 
hello 
hello 
hello 
hello 
hello 
hello 
hello 
hello 
hello 
hello 
hello 
hello 
hello 
hello 
hello 
hello 
hello 
hello 
hello 
hello 
hello 
hello 
hello 
hello 
hello 
hello 
hello 
hello 
hello 
hello 
hello 
hello 
hello 
hello 
hello 
hello 
hello 
hello 
hello 
hello 
hello 
hello 
hello 
hello 
hello 
hello 
hello 
hello 
hello 
hello 
hello 
hello 
hello 
hello 
hello 
hello 
hello 
hello 
hello 
hello 
hello 
hello 
hello 
hello 
hello 
hello 
hello 
hello 
hello 
hello 
hello 
hello 
hello 
hello 
hello 
hello 
hello 
hello 
hello 
hello 
hello 
hello 
hello 
hello 
hello 
hello 
hello 
hello 
hello 
hello 
hello 
hello 
hello 
hello 
hello 
hello 
hello 
hello 
hello 
hello 
hello 
hello 
hello 
hello 
hello 
hello 
hello 
hello 
hello 
hello 
hello 
hello 
hello 
hello 
hello 
hello 
hello 
hello 
hello 
hello 
hello 
hello 
hello 
hello 
hello 
hello 
hello 
hello 
hello 
hello 
hello 
hello 
hello 
hello 
hello 
hello 
hello 
hello 
hello 
hello 
hello 
hello 
hello 
hello 
hello 
hello 
hello 
hello 
hello 
hello 
hello 
hello 
hello 
hello 
hello 
hello 
hello 
hello 
hello 
hello 
hello 
hello 
hello 
hello 
hello 
hello 
hello 
hello 
hello 
hello 
hello 
hello 
hello 
hello 
hello 
hello 
hello 
hello 
hello 
hello 
hello 
hello 
hello 
hello 
hello 
hello 
hello 
hello 
hello 
hello 
hello 
hello 
hello 
hello 
hello 
hello 
hello 
hello 
hello 
hello 
hello 
hello 
hello 
hello 
hello 
hello 
hello 
hello 
hello 
hello 
hello 
hello 
hello 
hello 
hello 
hello 
hello 
hello 
hello 
hello 
hello 
hello 
hello 
hello 
hello 
hello 
hello 
hello 
hello 
hello 
hello 
hello 
hello 
hello 
hello 
hello 
hello 
hello 
hello 
hello 
hello 
hello 
hello 
hello 
hello 
hello 
hello 
hello 
hello 
hello 
hello 
hello 
hello 
hello 
hello 
hello 
hello 
hello 
hello 
hello 
hello 
hello 
hello 
hello 
hello 
hello 
hello 
hello 
hello 
hello 
hello 
hello 
hello 
hello 
hello 
hello 
hello 
hello 
hello 
hello 
hello 
hello 
hello 
hello 
hello 
hello 
hello 
hello 
hello 
hello 
hello 
hello 
hello 
hello 
hello 
hello 
hello 
hello 
hello 
hello 
hello 
hello 
hello 
hello 
hello 
hello 
hello 
hello 
hello 
hello 
hello 
hello 
hello 
hello 
hello 
hello 
hello 
hello 
hello 
hello 
hello 
hello 
hello 
hello 
hello 
hello 
hello 
hello 
hello 
hello 
hello 
hello 
hello 
hello 
hello 
hello 
hello 
hello 
hello 
hello 
hello 
hello 
hello 
hello 
hello 
hello 
hello 
hello 
hello 
hello 
hello 
hello 
hello 
hello 
hello 
hello 
hello 
hello 
hello 
hello 
hello 
hello 
hello 
hello 
hello 
hello 
hello 
hello 
hello 
hello 
hello 
hello 
hello 
hello 
hello 
hello 
hello 
hello 
hello 
hello 
hello 
hello 
hello 
hello 
hello 
hello 
hello 
hello 
hello 
hello 
hello 
hello 
hello 
hello 
hello 
hello 
hello 
hello 
hello 
hello 
hello 
hello 
hello 
hello 
hello 
hello 
hello 
hello 
hello 
hello 
hello 
hello 
hello 
hello 
hello 
hello 
hello 
hello 
hello 
hello 
hello 
hello 
hello 
hello 
hello 
hello 
hello 
hello 
hello 
hello 
hello 
hello 
hello 
hello 
hello 
hello 
hello 
hello 
hello 
hello 
hello 
hello 
hello 
hello 
hello 
hello 
hello 
hello 
hello 
hello 
hello 
hello 
hello 
hello 
hello 
hello 
hello 
hello 
hello 
hello 
hello 
hello 
hello 
hello 
hello 
hello 
hello 
hello 
hello 
hello 
hello 
hello 
hello 
hello 
hello 
hello 
hello 
hello 
hello 
hello 
hello 
hello 
hello 
hello 
hello 
hello 
hello 
hello 
hello 
hello 
hello 
hello 
hello 
hello 
hello 
hello 
hello 
hello 
hello 
hello 
hello 
hello 
hello 
hello 
hello 
hello 
hello 
hello 
hello 
hello 
hello 
hello 
hello 
hello 
hello 
hello 
hello 
hello 
hello 
hello 
hello 
hello 
hello 
hello 
hello 
hello 
hello 
hello 
hello 
hello 
hello 
hello 
hello 
hello 
hello 
hello 
hello 
hello 
hello 
hello 
hello 
hello 
hello 
hello 
hello 
hello 
hello 
hello 
hello 
hello 
hello 
hello 
hello 
hello 
hello 
hello 
hello 
hello 
hello 
hello 
hello 
hello 
hello 
hello 
hello 
hello 
hello 
hello 
hello 
hello 
hello 
hello 
hello 
hello 
hello 
hello 
hello 
hello 
hello 
hello 
hello 
hello 
hello 
hello 
hello 
hello 
hello 
hello 
hello 
hello 
hello 
hello 
hello 
hello 
hello 
hello 
hello 
hello 
hello 
hello 
hello 
hello 
hello 
hello 
hello 
hello 
hello 
hello 
hello 
hello 
hello 
hello 
hello 
hello 
hello 
hello 
hello 
hello 
hello 
hello 
hello 
hello 
hello 
hello 
hello 
hello 
hello 
hello 
hello 
hello 
hello 
hello 
hello 
hello 
hello 
hello 
hello 
hello 
hello 
hello 
hello 
hello 
hello 
hello 
hello 
hello 
hello 
hello 
hello 
hello 
hello 
hello 
hello 
hello 
hello 
hello 
hello 
hello 
hello 
hello 
hello 
hello 
hello 
hello 
hello 
hello 
hello 
hello 
hello 
hello 
hello 
hello 
hello 
hello 
hello 
hello 
hello 
hello 
hello 
hello 
hello 
hello 
hello 
hello 
hello 
hello 
hello 
hello 
hello 
hello 
hello 
hello 
hello 
hello 
hello 
hello 
hello 
hello 
hello 
hello 
hello 
hello 
hello 
hello 
hello 
hello 
hello 
hello 
hello 
hello 
hello 
hello 
hello 
hello 
hello 
hello 
hello 
hello 
hello 
hello 
hello 
hello 
hello 
hello 
hello 
hello 
hello 
hello 
hello 
hello 
hello 
hello 
hello 
hello 
hello 
hello 
hello 
hello 
hello 
hello 
hello 
hello 
hello 
hello 
hello 
hello 
hello 
hello 
hello 
hello 
hello 
hello 
hello 
hello 
hello 
hello 
hello 
hello 
hello 
hello 
hello 
hello 
hello 
hello 
hello 
hello 
hello 
hello 
hello 
hello 
hello 
hello 
hello 
hello 
hello 
hello 
hello 
hello 
hello 
hello 
hello 
hello 
hello 
hello 
hello 
hello 
hello 
hello 
hello 
hello 
hello 
hello 
hello 
hello 
hello 
hello 
hello 
hello 
hello 
hello 
hello 
hello 
hello 
hello 
hello 
hello 
hello 
hello 
hello 
hello 
hello 
hello 
hello 
hello 
hello 
hello 
hello 
hello 
hello 
hello 
hello 
hello 
hello 
hello 
hello 
hello 
hello 
hello 
hello 
hello 
hello 
hello 
hello 
hello 
hello 
hello 
hello 
hello 
hello 
hello 
hello 
hello 
hello 
hello 
hello 
hello 
hello 
hello 
hello 
hello 
hello 
hello 
hello 
hello 
hello 
hello 
hello 
hello 
hello 
hello 
hello 
hello 
hello 
hello 
hello 
hello 
hello 
hello 
hello 
hello 
hello 
hello 
hello 
hello 
hello 
hello 
hello 
hello 
hello 
hello 
hello 
hello 
hello 
hello 
hello 
hello 
hello 
hello 
hello 
hello 
hello 
hello 
hello 
hello 
hello 
hello 
hello 
hello 
hello 
hello 
hello 
hello 
hello 
hello 
hello 
hello 
hello 
hello 
hello 
hello 
hello 
hello 
hello 
hello 
hello 
hello 
hello 
hello 
hello 
hello 
hello 
hello 
hello 
hello 
hello 
hello 
hello 
hello 
hello 
hello 
hello 
hello 
hello 
hello 
hello 
hello 
hello 
hello 
hello 
hello 
hello 
hello 
hello 
hello 
hello 
hello 
hello 
hello 
hello 
hello 
hello 
hello 
hello 
hello 
hello 
hello 
hello 
hello 
hello 
hello 
hello 
hello 
hello 
hello 
hello 
hello 
hello 
hello 
hello 
hello 
hello 
hello 
hello 
hello 
hello 
hello 
hello 
hello 
hello 
hello 
hello 
hello 
hello 
hello 
hello 
hello 
hello 
hello 
hello 
hello 
hello 
hello 
hello 
hello 
hello 
hello 
hello 
hello 
hello 
hello 
hello 
hello 
hello 
hello 
hello 
hello 
hello 
hello 
hello 
hello 
hello 
hello 
hello 
hello 
hello 
hello 
hello 
hello 
hello 
hello 
hello 
hello 
hello 
hello 
hello 
hello 
hello 
hello 
hello 
hello 
hello 
hello 
hello 
hello 
hello 
hello 
hello 
hello 
hello 
hello 
hello 
hello 
hello 
hello 
hello 
hello 
hello 
hello 
hello 
hello 
hello 
hello 
hello 
hello 
hello 
hello 
hello 
hello 
hello 
hello 
hello 
hello 
hello 
hello 
hello 
hello 
hello 
hello 
hello 
hello 
hello 
hello 
hello 
hello 
hello 
hello 
hello 
hello 
hello 
hello 
hello 
hello 
hello 
hello 
hello 
hello 
hello 
hello 
hello 
hello 
hello 
hello 
hello 
hello 
hello 
hello 
hello 
hello 
hello 
hello 
hello 
hello 
hello 
hello 
hello 
hello 
hello 
hello 
hello 
hello 
hello 
hello 
hello 
hello 
hello 
hello 
hello 
hello 
hello 
hello 
hello 
hello 
hello 
hello 
hello 
hello 
hello 
hello 
hello 
hello 
hello 
hello 
hello 
hello 
hello 
hello 
hello 
hello 
hello 
hello 
hello 
hello 
hello 
hello 
hello 
hello 
hello 
hello 
hello 
hello 
hello 
hello 
hello 
hello 
hello 
hello 
hello 
hello 
hello 
hello 
hello 
hello 
hello 
hello 
hello 
hello 
hello 
hello 
hello 
hello 
hello 
hello 
hello 
hello 
hello 
hello 
hello 
hello 
hello 
hello 
hello 
hello 
hello 
hello 
hello 
hello 
hello 
hello 
hello 
hello 
hello 
hello 
hello 
hello 
hello 
hello 
hello 
hello 
hello 
hello 
hello 
hello 
hello 
hello 
hello 
hello 
hello 
hello 
hello 
hello 
hello 
hello 
hello 
hello 
hello 
hello 
hello 
hello 
hello 
hello 
hello 
hello 
hello 
hello 
hello 
hello 
hello 
hello 
hello 
hello 
hello 
hello 
hello 
hello 
hello 
hello 
hello 
hello 
hello 
hello 
hello 
hello 
hello 
hello 
hello 
hello 
hello 
hello 
hello 
hello 
hello 
hello 
hello 
hello 
hello 
hello 
hello 
hello 
hello 
hello 
hello 
hello 
hello 
hello 
hello 
hello 
hello 
hello 
hello 
hello 
hello 
hello 
hello 
hello 
hello 
hello 
hello 
hello 
hello 
hello 
hello 
hello 
hello 
hello 
hello 
hello 
hello 
hello 
hello 
hello 
hello 
hello 
hello 
hello 
hello 
hello 
hello 
hello 
hello 
hello 
hello 
hello 
hello 
hello 
hello 
hello 
hello 
hello 
hello 
hello 
hello 
hello 
hello 
hello 
hello 
hello 
hello 
hello 
hello 
hello 
hello 
hello 
hello 
hello 
hello 
hello 
hello 
hello 
hello 
hello 
hello 
hello 
hello 
hello 
hello 
hello 
hello 
hello 
hello 
hello 
hello 
hello 
hello 
hello 
hello 
hello 
hello 
hello 
hello 
hello 
hello 
hello 
hello 
hello 
hello 
hello 
hello 
hello 
hello 
hello 
hello 
hello 
hello 
hello 
hello 
hello 
hello 
hello 
hello 
hello 
hello 
hello 
hello 
hello 
hello 
hello 
hello 
hello 
hello 
hello 
hello 
hello 
hello 
hello 
hello 
hello 
hello 
hello 
hello 
hello 
hello 
hello 
hello 
hello 
hello 
hello 
hello 
hello 
hello 
hello 
hello 
hello 
hello 
hello 
hello 
hello 
hello 
hello 
hello 
hello 
hello 
hello 
hello 
hello 
hello 
hello 
hello 
hello 
hello 
hello 
hello 
hello 
hello 
hello 
hello 
hello 
hello 
hello 
hello 
hello 
hello 
hello 
hello 
hello 
hello 
hello 
hello 
hello 
hello 
hello 
hello 
hello 
hello 
hello 
hello 
hello 
hello 
hello 
hello 
hello 
hello 
hello 
hello 
hello 
hello 
hello 
hello 
hello 
hello 
hello 
hello 
hello 
hello 
hello 
hello 
hello 
hello 
hello 
hello 
hello 
hello 
hello 
hello 
hello 
hello 
hello 
hello 
hello 
hello 
hello 
hello 
hello 
hello 
hello 
hello 
hello 
hello 
hello 
hello 
hello 
hello 
hello 
hello 
hello 
hello 
hello 
hello 
hello 
hello 
hello 
hello 
hello 
hello 
hello 
hello 
hello 
hello 
hello 
hello 
hello 
hello 
hello 
hello 
hello 
hello 
hello 
hello 
hello 
hello 
hello 
hello 
hello 
hello 
hello 
hello 
hello 
hello 
hello 
hello 
hello 
hello 
hello 
hello 
hello 
hello 
hello 
hello 
hello 
hello 
hello 
hello 
hello 
hello 
hello 
hello 
hello 
hello 
hello 
hello 
hello 
hello 
hello 
hello 
hello 
hello 
hello 
hello 
hello 
hello 
hello 
hello 
hello 
hello 
hello 
hello 
hello 
hello 
hello 
hello 
hello 
hello 
hello 
hello 
hello 
hello 
hello 
hello 
hello 
hello 
hello 
hello 
hello 
hello 
hello 
hello 
hello 
hello 
hello 
hello 
hello 
hello 
hello 
hello 
hello 
hello 
hello 
hello 
hello 
hello 
hello 
hello 
hello 
hello 
hello 
hello 
hello 
hello 
hello 
hello 
hello 
hello 
hello 
hello 
hello 
hello 
hello 
hello 
hello 
hello 
hello 
hello 
hello 
hello 
hello 
hello 
hello 
hello 
hello 
hello 
hello 
hello 
hello 
hello 
hello 
hello 
hello 
hello 
hello 
hello 
hello 
hello 
hello 
hello 
hello 
hello 
hello 
hello 
hello 
hello 
hello 
hello 
hello 
hello 
hello 
hello 
hello 
hello 
hello 
hello 
hello 
hello 
hello 
hello 
hello 
hello 
hello 
hello 
hello 
hello 
hello 
hello 
hello 
hello 
hello 
hello 
hello 
hello 
hello 
hello 
hello 
hello 
hello 
hello 
hello 
hello 
hello 
hello 
hello 
hello 
hello 
hello 
hello 
hello 
hello 
hello 
hello 
hello 
hello 
hello 
hello 
hello 
hello 
hello 
hello 
hello 
hello 
hello 
hello 
hello 
hello 
hello 
hello 
hello 
hello 
hello 
hello 
hello 
hello 
hello 
hello 
hello 
hello 
hello 
hello 
hello 
hello 
hello 
hello 
hello 
hello 
hello 
hello 
hello 
hello 
hello 
hello 
hello 
hello 
hello 
hello 
hello 
hello 
hello 
hello 
hello 
hello 
hello 
hello 
hello 
hello 
hello 
hello 
hello 
hello 
hello 
hello 
hello 
hello 
hello 
hello 
hello 
hello 
hello 
hello 
hello 
hello 
hello 
hello 
hello 
hello 
hello 
hello 
hello 
hello 
hello 
hello 
hello 
hello 
hello 
hello 
hello 
hello 
hello 
hello 
hello 
hello 
hello 
hello 
hello 
hello 
hello 
hello 
hello 
hello 
hello 
hello 
hello 
hello 
hello 
hello 
hello 
hello 
hello 
hello 
hello 
hello 
hello 
hello 
hello 
hello 
hello 
hello 
hello 
hello 
hello 
hello 
hello 
hello 
hello 
hello 
hello 
hello 
hello 
hello 
hello 
hello 
hello 
hello 
hello 
hello 
hello 
hello 
hello 
hello 
hello 
hello 
hello 
hello 
hello 
hello 
hello 
hello 
hello 
hello 
hello 
hello 
hello 
hello 
hello 
hello 
hello 
hello 
hello 
hello 
hello 
hello 
hello 
hello 
hello 
hello 
hello 
hello 
hello 
hello 
hello 
hello 
hello 
hello 
hello 
hello 
hello 
hello 
hello 
hello 
hello 
hello 
hello 
hello 
hello 
hello 
hello 
hello 
hello 
hello 
hello 
hello 
hello 
hello 
hello 
hello 
hello 
hello 
hello 
hello 
hello 
hello 
hello 
hello 
hello 
hello 
hello 
hello 
hello 
hello 
hello 
hello 
hello 
hello 
hello 
hello 
hello 
hello 
hello 
hello 
hello 
hello 
hello 
hello 
hello 
hello 
hello 
hello 
hello 
hello 
hello 
hello 
hello 
hello 
hello 
hello 
hello 
hello 
hello 
hello 
hello 
hello 
hello 
hello 
hello 
hello 
hello 
hello 
hello 
hello 
hello 
hello 
hello 
hello 
hello 
hello 
hello 
hello 
hello 
hello 
hello 
hello 
hello 
hello 
hello 
hello 
hello 
hello 
hello 
hello 
hello 
hello 
hello 
hello 
hello 
hello 
hello 
hello 
hello 
hello 
hello 
hello 
hello 
hello 
hello 
hello 
hello 
hello 
hello 
hello 
hello 
hello 
hello 
hello 
hello 
hello 
hello 
hello 
hello 
hello 
hello 
hello 
hello 
hello 
hello 
hello 
hello 
hello 
hello 
hello 
hello 
hello 
hello 
hello 
hello 
hello 
hello 
hello 
hello 
hello 
hello 
hello 
hello 
hello 
hello 
hello 
hello 
hello 
hello 
hello 
hello 
hello 
hello 
hello 
hello 
hello 
hello 
hello 
hello 
hello 
hello 
hello 
hello 
hello 
hello 
hello 
hello 
hello 
hello 
hello 
hello 
hello 
hello 
hello 
hello 
hello 
hello 
hello 
hello 
hello 
hello 
hello 
hello 
hello 
hello 
hello 
hello 
hello 
hello 
hello 
hello 
hello 
hello 
hello 
hello 
hello 
hello 
hello 
hello 
hello 
hello 
hello 
hello 
hello 
hello 
hello 
hello 
hello 
hello 
hello 
hello 
hello 
hello 
hello 
hello 
hello 
hello 
hello 
hello 
hello 
hello 
hello 
hello 
hello 
hello 
hello 
hello 
hello 
hello 
hello 
hello 
hello 
hello 
hello 
hello 
hello 
hello 
hello 
hello 
hello 
hello 
hello 
hello 
hello 
hello 
hello 
hello 
hello 
hello 
hello 
hello 
hello 
hello 
hello 
hello 
hello 
hello 
hello 
hello 
hello 
hello 
hello 
hello 
hello 
hello 
hello 
hello 
hello 
hello 
hello 
hello 
hello 
hello 
hello 
hello 
hello 
hello 
hello 
hello 
hello 
hello 
hello 
hello 
hello 
hello 
hello 
hello 
hello 
hello 
hello 
hello 
hello 
hello 
hello 
hello 
hello 
hello 
hello 
hello 
hello 
hello 
hello 
hello 
hello 
hello 
hello 
hello 
hello 
hello 
hello 
hello 
hello 
hello 
hello 
hello 
hello 
hello 
hello 
hello 
hello 
hello 
hello 
hello 
hello 
hello 
hello 
hello 
hello 
hello 
hello 
hello 
hello 
hello 
hello 
hello 
hello 
hello 
hello 
hello 
hello 
hello 
hello 
hello 
hello 
hello 
hello 
hello 
hello 
hello 
hello 
hello 
hello 
hello 
hello 
hello 
hello 
hello 
hello 
hello 
hello 
hello 
hello 
hello 
hello 
hello 
hello 
hello 
hello 
hello 
hello 
hello 
hello 
hello 
hello 
hello 
hello 
hello 
hello 
hello 
hello 
hello 
hello 
hello 
hello 
hello 
hello 
hello 
hello 
hello 
hello 
hello 
hello 
hello 
hello 
hello 
hello 
hello 
hello 
hello 
hello 
hello 
hello 
hello 
hello 
hello 
hello 
hello 
hello 
hello 
hello 
hello 
hello 
hello 
hello 
hello 
hello 
hello 
hello 
hello 
hello 
hello 
hello 
hello 
hello 
hello 
hello 
hello 
hello 
hello 
hello 
hello 
hello 
hello 
hello 
hello 
hello 
hello 
hello 
hello 
hello 
hello 
hello 
hello 
hello 
hello 
hello 
hello 
hello 
hello 
hello 
hello 
hello 
hello 
hello 
hello 
hello 
hello 
hello 
hello 
hello 
hello 
hello 
hello 
hello 
hello 
hello 
hello 
hello 
hello 
hello 
hello 
hello 
hello 
hello 
hello 
hello 
hello 
hello 
hello 
hello 
hello 
hello 
hello 
hello 
hello 
hello 
hello 
hello 
hello 
hello 
hello 
hello 
hello 
hello 
hello 
hello 
hello 
hello 
hello 
hello 
hello 
hello 
hello 
hello 
hello 
hello 
hello 
hello 
hello 
hello 
hello 
hello 
hello 
hello 
hello 
hello 
hello 
hello 
hello 
hello 
hello 
hello 
hello 
hello 
hello 
hello 
hello 
hello 
hello 
hello 
hello 
hello 
hello 
hello 
hello 
hello 
hello 
hello 
hello 
hello 
hello 
hello 
hello 
hello 
hello 
hello 
hello 
hello 
hello 
hello 
hello 
hello 
hello 
hello 
hello 
hello 
hello 
hello 
hello 
hello 
hello 
hello 
hello 
hello 
hello 
hello 
hello 
hello 
hello 
hello 
hello 
hello 
hello 
hello 
hello 
hello 
hello 
hello 
hello 
hello 
hello 
hello 
hello 
hello 
hello 
hello 
hello 
hello 
hello 
hello 
hello 
hello 
hello 
hello 
hello 
hello 
hello 
hello 
hello 
hello 
hello 
hello 
hello 
hello 
hello 
hello 
hello 
hello 
hello 
hello 
hello 
hello 
hello 
hello 
hello 
hello 
hello 
hello 
hello 
hello 
hello 
hello 
hello 
hello 
hello 
hello 
hello 
hello 
hello 
hello 
hello 
hello 
hello 
hello 
hello 
hello 
hello 
hello 
hello 
hello 
hello 
hello 
hello 
hello 
hello 
hello 
hello 
hello 
hello 
hello 
hello 
hello 
hello 
hello 
hello 
hello 
hello 
hello 
hello 
hello 
hello 
hello 
hello 
hello 
hello 
hello 
hello 
hello 
hello 
hello 
hello 
hello 
hello 
hello 
hello 
hello 
hello 
hello 
hello 
hello 
hello 
hello 
hello 
hello 
hello 
hello 
hello 
hello 
hello 
hello 
hello 
hello 
hello 
hello 
hello 
hello 
hello 
hello 
hello 
hello 
hello 
hello 
hello 
hello 
hello 
hello 
hello 
hello 
hello 
hello 
hello 
hello 
hello 
hello 
hello 
hello 
hello 
hello 
hello 
hello 
hello 
hello 
hello 
hello 
hello 
hello 
hello 
hello 
hello 
hello 
hello 
hello 
hello 
hello 
hello 
hello 
hello 
hello 
hello 
hello 
hello 
hello 
hello 
hello 
hello 
hello 
hello 
hello 
hello 
hello 
hello 
hello 
hello 
hello 
hello 
hello 
hello 
hello 
hello 
hello 
hello 
hello 
hello 
hello 
hello 
hello 
hello 
hello 
hello 
hello 
hello 
hello 
hello 
hello 
hello 
hello 
hello 
hello 
hello 
hello 
hello 
hello 
hello 
hello 
hello 
hello 
hello 
hello 
hello 
hello 
hello 
hello 
hello 
hello 
hello 
hello 
hello 
hello 
hello 
hello 
hello 
hello 
hello 
hello 
hello 
hello 
hello 
hello 
hello 
hello 
hello 
hello 
hello 
hello 
hello 
hello 
hello 
hello 
hello 
hello 
hello 
hello 
hello 
hello 
hello 
hello 
hello 
hello 
hello 
hello 
hello 
hello 
hello 
hello 
hello 
hello 
hello 
hello 
hello 
hello 
hello 
hello 
hello 
hello 
hello 
hello 
hello 
hello 
hello 
hello 
hello 
hello 
hello 
hello 
hello 
hello 
hello 
hello 
hello 
hello 
hello 
hello 
hello 
hello 
hello 
hello 
hello 
hello 
hello 
hello 
hello 
hello 
hello 
hello 
hello 
hello 
hello 
hello 
hello 
hello 
hello 
hello 
hello 
hello 
hello 
hello 
hello 
hello 
hello 
hello 
hello 
hello 
hello 
hello 
hello 
hello 
hello 
hello 
hello 
hello 
hello 
hello 
hello 
hello 
hello 
hello 
hello 
hello 
hello 
hello 
hello 
hello 
hello 
hello 
hello 
hello 
hello 
hello 
hello 
hello 
hello 
hello 
hello 
hello 
hello 
hello 
hello 
hello 
hello 
hello 
hello 
hello 
hello 
hello 
hello 
hello 
hello 
hello 
hello 
hello 
hello 
hello 
hello 
hello 
hello 
hello 
hello 
hello 
hello 
hello 
hello 
hello 
hello 
hello 
hello 
hello 
hello 
hello 
hello 
hello 
hello 
hello 
hello 
hello 
hello 
hello 
hello 
hello 
hello 
hello 
hello 
hello 
hello 
hello 
hello 
hello 
hello 
hello 
hello 
hello 
hello 
hello 
hello 
hello 
hello 
hello 
hello 
hello 
hello 
hello 
hello 
hello 
hello 
hello 
hello 
hello 
hello 
hello 
hello 
hello 
hello 
hello 
hello 
hello 
hello 
hello 
hello 
hello 
hello 
hello 
hello 
hello 
hello 
hello 
hello 
hello 
hello 
hello 
hello 
hello 
hello 
hello 
hello 
hello 
hello 
hello 
hello 
hello 
hello 
hello 
hello 
hello 
hello 
hello 
hello 
hello 
hello 
hello 
hello 
hello 
hello 
hello 
hello 
hello 
hello 
hello 
hello 
hello 
hello 
hello 
hello 
hello 
hello 
hello 
hello 
hello 
hello 
hello 
hello 
hello 
hello 
hello 
hello 
hello 
hello 
hello 
hello 
hello 
hello 
hello 
hello 
hello 
hello 
hello 
hello 
hello 
hello 
hello 
hello 
hello 
hello 
hello 
hello 
hello 
hello 
hello 
hello 
hello 
hello 
hello 
hello 
hello 
hello 
hello 
hello 
hello 
hello 
hello 
hello 
hello 
hello 
hello 
hello 
hello 
hello 
hello 
hello 
hello 
hello 
hello 
hello 
hello 
hello 
hello 
hello 
hello 
hello 
hello 
hello 
hello 
hello 
hello 
hello 
hello 
hello 
hello 
hello 
hello 
hello 
hello 
hello 
hello 
hello 
hello 
hello 
hello 
hello 
hello 
hello 
hello 
hello 
hello 
hello 
hello 
hello 
hello 
hello 
hello 
hello 
hello 
hello 
hello 
hello 
hello 
hello 
hello 
hello 
hello 
hello 
hello 
hello 
hello 
hello 
hello 
hello 
hello 
hello 
hello 
hello 
hello 
hello 
hello 
hello 
hello 
hello 
hello 
hello 
hello 
hello 
hello 
hello 
hello 
hello 
hello 
hello 
hello 
hello 
hello 
hello 
hello 
hello 
hello 
hello 
hello 
hello 
hello 
hello 
hello 
hello 
hello 
hello 
hello 
hello 
hello 
hello 
hello 
hello 
hello 
hello 
hello 
hello 
hello 
hello 
hello 
hello 
hello 
hello 
hello 
hello 
hello 
hello 
hello 
hello 
hello 
hello 
hello 
hello 
hello 
hello 
hello 
hello 
hello 
hello 
hello 
hello 
hello 
hello 
hello 
hello 
hello 
hello 
hello 
hello 
hello 
hello 
hello 
hello 
hello 
hello 
hello 
hello 
hello 
hello 
hello 
hello 
hello 
hello 
hello 
hello 
hello 
hello 
hello 
hello 
hello 
hello 
hello 
hello 
hello 
hello 
hello 
hello 
hello 
hello 
hello 
hello 
hello 
hello 
hello 
hello 
hello 
hello 
hello 
hello 
hello 
hello 
hello 
hello 
hello 
hello 
hello 
hello 
hello 
hello 
hello 
hello 
hello 
hello 
hello 
hello 
hello 
hello 
hello 
hello 
hello 
hello 
hello 
hello 
hello 
hello 
hello 
hello 
hello 
hello 
hello 
hello 
hello 
hello 
hello 
hello 
hello 
hello 
hello 
hello 
hello 
hello 
hello 
hello 
hello 
hello 
hello 
hello 
hello 
hello 
hello 
hello 
hello 
hello 
hello 
hello 
hello 
hello 
hello 
hello 
hello 
hello 
hello 
hello 
hello 
hello 
hello 
hello 
hello 
hello 
hello 
hello 
hello 
hello 
hello 
hello 
hello 
hello 
hello 
hello 
hello 
hello 
hello 
hello 
hello 
hello 
hello 
hello 
hello 
hello 
hello 
hello 
hello 
hello 
hello 
hello 
hello 
hello 
hello 
hello 
hello 
hello 
hello 
hello 
hello 
hello 
hello 
hello 
hello 
hello 
hello 
hello 
hello 
hello 
hello 
hello 
hello 
hello 
hello 
hello 
hello 
hello 
hello 
hello 
hello 
hello 
hello 
hello 
hello 
hello 
hello 
hello 
hello 
hello 
hello 
hello 
hello 
hello 
hello 
hello 
hello 
hello 
hello 
hello 
hello 
hello 
hello 
hello 
hello 
hello 
hello 
hello 
hello 
hello 
hello 
hello 
hello 
hello 
hello 
hello 
hello 
hello 
hello 
hello 
hello 
hello 
hello 
hello 
hello 
hello 
hello 
hello 
hello 
hello 
hello 
hello 
hello 
hello 
hello 
hello 
hello 
hello 
hello 
hello 
hello 
hello 
hello 
hello 
hello 
hello 
hello 
hello 
hello 
hello 
hello 
hello 
hello 
hello 
hello 
hello 
hello 
hello 
hello 
hello 
hello 
hello 
hello 
hello 
hello 
hello 
hello 
hello 
hello 
hello 
hello 
hello 
hello 
hello 
hello 
hello 
hello 
hello 
hello 
hello 
hello 
hello 
hello 
hello 
hello 
hello 
hello 
hello 
hello 
hello 
hello 
hello 
hello 
hello 
hello 
hello 
hello 
hello 
hello 
hello 
hello 
hello 
hello 
hello 
hello 
hello 
hello 
hello 
hello 
hello 
hello 
hello 
hello 
hello 
hello 
hello 
hello 
hello 
hello 
hello 
hello 
hello 
hello 
hello 
hello 
hello 
hello 
hello 
hello 
hello 
hello 
hello 
hello 
hello 
hello 
hello 
hello 
hello 
hello 
hello 
hello 
hello 
hello 
hello 
hello 
hello 
hello 
hello 
hello 
hello 
hello 
hello 
hello 
hello 
hello 
hello 
hello 
hello 
hello 
hello 
hello 
hello 
hello 
hello 
hello 
hello 
hello 
hello 
hello 
hello 
hello 
hello 
hello 
hello 
hello 
hello 
hello 
hello 
hello 
hello 
hello 
hello 
hello 
hello 
hello 
hello 
hello 
hello 
hello 
hello 
hello 
hello 
hello 
hello 
hello 
hello 
hello 
hello 
hello 
hello 
hello 
hello 
hello 
hello 
hello 
hello 
hello 
hello 
hello 
hello 
hello 
hello 
hello 
hello 
hello 
hello 
hello 
hello 
hello 
hello 
hello 
hello 
hello 
hello 
hello 
hello 
hello 
hello 
hello 
hello 
hello 
hello 
hello 
hello 
hello 
hello 
hello 
hello 
hello 
hello 
hello 
hello 
hello 
hello 
hello 
hello 
hello 
hello 
hello 
hello 
hello 
hello 
hello 
hello 
hello 
hello 
hello 
hello 
hello 
hello 
hello 
hello 
hello 
hello 
hello 
hello 
hello 
hello 
hello 
hello 
hello 
hello 
hello 
hello 
hello 
hello 
hello 
hello 
hello 
hello 
hello 
hello 
hello 
hello 
hello 
hello 
hello 
hello 
hello 
hello 
hello 
hello 
hello 
hello 
hello 
hello 
hello 
hello 
hello 
hello 
hello 
hello 
hello 
hello 
hello 
hello 
hello 
hello 
hello 
hello 
hello 
hello 
hello 
hello 
hello 
hello 
hello 
hello 
hello 
hello 
hello 
hello 
hello 
hello 
hello 
hello 
hello 
hello 
hello 
hello 
hello 
hello 
hello 
hello 
hello 
hello 
hello 
hello 
hello 
hello 
hello 
hello 
hello 
hello 
hello 
hello 
hello 
hello 
hello 
hello 
hello 
hello 
hello 
hello 
hello 
hello 
hello 
hello 
hello 
hello 
hello 
hello 
hello 
hello 
hello 
hello 
hello 
hello 
hello 
hello 
hello 
hello 
hello 
hello 
hello 
hello 
hello 
hello 
hello 
hello 
hello 
hello 
hello 
hello 
hello 
hello 
hello 
hello 
hello 
hello 
hello 
hello 
hello 
hello 
hello 
hello 
hello 
hello 
hello 
hello 
hello 
hello 
hello 
hello 
hello 
hello 
hello 
hello 
hello 
hello 
hello 
hello 
hello 
hello 
hello 
hello 
hello 
hello 
hello 
hello 
hello 
hello 
hello 
hello 
hello 
hello 
hello 
hello 
hello 
hello 
hello 
hello 
hello 
hello 
hello 
hello 
hello 
hello 
hello 
hello 
hello 
hello 
hello 
hello 
hello 
hello 
hello 
hello 
hello 
hello 
hello 
hello 
hello 
hello 
hello 
hello 
hello 
hello 
hello 
hello 
hello 
hello 
hello 
hello 
hello 
hello 
hello 
hello 
hello 
hello 
hello 
hello 
hello 
hello 
hello 
hello 
hello 
hello 
hello 
hello 
hello 
hello 
hello 
hello 
hello 
hello 
hello 
hello 
hello 
hello 
hello 
hello 
hello 
hello 
hello 
hello 
hello 
hello 
hello 
hello 
hello 
hello 
hello 
hello 
hello 
hello 
hello 
hello 
hello 
hello 
hello 
hello 
hello 
hello 
hello 
hello 
hello 
hello 
hello 
hello 
hello 
hello 
hello 
hello 
hello 
hello 
hello 
hello 
hello 
hello 
hello 
hello 
hello 
hello 
hello 
hello 
hello 
hello 
hello 
hello 
hello 
hello 
hello 
hello 
hello 
hello 
hello 
hello 
hello 
hello 
hello 
hello 
hello 
hello 
hello 
hello 
hello 
hello 
hello 
hello 
hello 
hello 
hello 
hello 
hello 
hello 
hello 
hello 
hello 
hello 
hello 
hello 
hello 
hello 
hello 
hello 
hello 
hello 
hello 
hello 
hello 
hello 
hello 
hello 
hello 
hello 
hello 
hello 
hello 
hello 
hello 
hello 
hello 
hello 
hello 
hello 
hello 
hello 
hello 
hello 
hello 
hello 
hello 
hello 
hello 
hello 
hello 
hello 
hello 
hello 
hello 
hello 
hello 
hello 
hello 
hello 
hello 
hello 
hello 
hello 
hello 
hello 
hello 
hello 
hello 
hello 
hello 
hello 
hello 
hello 
hello 
hello 
hello 
hello 
hello 
hello 
hello 
hello 
hello 
hello 
hello 
hello 
hello 
hello 
hello 
hello 
hello 
hello 
hello 
hello 
hello 
hello 
hello 
hello 
hello 
hello 
hello 
hello 
hello 
hello 
hello 
hello 
hello 
hello 
hello 
hello 
hello 
hello 
hello 
hello 
hello 
hello 
hello 
hello 
hello 
hello 
hello 
hello 
hello 
hello 
hello 
hello 
hello 
hello 
hello 
hello 
hello 
hello 
hello 
hello 
hello 
hello 
hello 
hello 
hello 
hello 
hello 
hello 
hello 
hello 
hello 
hello 
hello 
hello 
hello 
hello 
hello 
hello 
hello 
hello 
hello 
hello 
hello 
hello 
hello 
hello 
hello 
hello 
hello 
hello 
hello 
hello 
hello 
hello 
hello 
hello 
hello 
hello 
hello 
hello 
hello 
hello 
hello 
hello 
hello 
hello 
hello 
hello 
hello 
hello 
hello 
hello 
hello 
hello 
hello 
hello 
hello 
hello 
hello 
hello 
hello 
hello 
hello 
hello 
hello 
hello 
hello 
hello 
hello 
hello 
hello 
hello 
hello 
hello 
hello 
hello 
hello 
hello 
hello 
hello 
hello 
hello 
hello 
hello 
hello 
hello 
hello 
hello 
hello 
hello 
hello 
hello 
hello 
hello 
hello 
hello 
hello 
hello 
hello 
hello 
hello 
hello 
hello 
hello 
hello 
hello 
hello 
hello 
hello 
hello 
hello 
hello 
hello 
hello 
hello 
hello 
hello 
hello 
hello 
hello 
hello 
hello 
hello 
hello 
hello 
hello 
hello 
hello 
hello 
hello 
hello 
hello 
hello 
hello 
hello 
hello 
hello 
hello 
hello 
hello 
hello 
hello 
hello 
hello 
hello 
hello 
hello 
hello 
hello 
hello 
hello 
hello 
hello 
hello 
hello 
hello 
hello 
hello 
hello 
hello 
hello 
hello 
hello 
hello 
hello 
hello 
hello 
hello 
hello 
hello 
hello 
hello 
hello 
hello 
hello 
hello 
hello 
hello 
hello 
hello 
hello 
hello 
hello 
hello 
hello 
hello 
hello 
hello 
hello 
hello 
hello 
hello 
hello 
hello 
hello 
hello 
hello 
hello 
hello 
hello 
hello 
hello 
hello 
hello 
hello 
hello 
hello 
hello 
hello 
hello 
hello 
hello 
hello 
hello 
hello 
hello 
hello 
hello 
hello 
hello 
hello 
hello 
hello 
hello 
hello 
hello 
hello 
hello 
hello 
hello 
hello 
hello 
hello 
hello 
hello 
hello 
hello 
hello 
hello 
hello 
hello 
hello 
hello 
hello 
hello 
hello 
hello 
hello 
hello 
hello 
hello 
hello 
hello 
hello 
hello 
hello 
hello 
hello 
hello 
hello 
hello 
hello 
hello 
hello 
hello 
hello 
hello 
hello 
hello 
hello 
hello 
hello 
hello 
hello 
hello 
hello 
hello 
hello 
hello 
hello 
hello 
hello 
hello 
hello 
hello 
hello 
hello 
hello 
hello 
hello 
hello 
hello 
hello 
hello 
hello 
hello 
hello 
hello 
hello 
hello 
hello 
hello 
hello 
hello 
hello 
hello 
hello 
hello 
hello 
hello 
hello 
hello 
hello 
hello 
hello 
hello 
hello 
hello 
hello 
hello 
hello 
hello 
hello 
hello 
hello 
hello 
hello 
hello 
hello 
hello 
hello 
hello 
hello 
hello 
hello 
hello 
hello 
hello 
hello 
hello 
hello 
hello 
hello 
hello 
hello 
hello 
hello 
hello 
hello 
hello 
hello 
hello 
hello 
hello 
hello 
hello 
hello 
hello 
hello 
hello 
hello 
hello 
hello 
hello 
hello 
hello 
hello 
hello 
hello 
hello 
hello 
hello 
hello 
hello 
hello 
hello 
hello 
hello 
hello 
hello 
hello 
hello 
hello 
hello 
hello 
hello 
hello 
hello 
hello 
hello 
hello 
hello 
hello 
hello 
hello 
hello 
hello 
hello 
hello 
hello 
hello 
hello 
hello 
hello 
hello 
hello 
hello 
hello 
hello 
hello 
hello 
hello 
hello 
hello 
hello 
hello 
hello 
hello 
hello 
hello 
hello 
hello 
hello 
hello 
hello 
hello 
hello 
hello 
hello 
hello 
hello 
hello 
hello 
hello 
hello 
hello 
hello 
hello 
hello 
hello 
hello 
hello 
hello 
hello 
hello 
hello 
hello 
hello 
hello 
hello 
hello 
hello 
hello 
hello 
hello 
hello 
hello 
hello 
hello 
hello 
hello 
hello 
hello 
hello 
hello 
hello 
hello 
hello 
hello 
hello 
hello 
hello 
hello 
hello 
hello 
hello 
hello 
hello 
hello 
hello 
hello 
hello 
hello 
hello 
hello 
hello 
hello 
hello 
hello 
hello 
hello 
hello 
hello 
hello 
hello 
hello 
hello 
hello 
hello 
hello 
hello 
hello 
hello 
hello 
hello 
hello 
hello 
hello 
hello 
hello 
hello 
hello 
hello 
hello 
hello 
hello 
hello 
hello 
hello 
hello 
hello 
hello 
hello 
hello 
hello 
hello 
hello 
hello 
hello 
hello 
hello 
hello 
hello 
hello 
hello 
hello 
hello 
hello 
hello 
hello 
hello 
hello 
hello 
hello 
hello 
hello 
hello 
hello 
hello 
hello 
hello 
hello 
hello 
hello 
hello 
hello 
hello 
hello 
hello 
hello 
hello 
hello 
hello 
hello 
hello 
hello 
hello 
hello 
hello 
hello 
hello 
hello 
hello 
hello 
hello 
hello 
hello 
hello 
hello 
hello 
hello 
hello 
hello 
hello 
hello 
hello 
hello 
hello 
hello 
hello 
hello 
hello 
hello 
hello 
hello 
hello 
hello 
hello 
hello 
hello 
hello 
hello 
hello 
hello 
hello 
hello 
hello 
hello 
hello 
hello 
hello 
hello 
hello 
hello 
hello 
hello 
hello 
hello 
hello 
hello 
hello 
hello 
hello 
hello 
hello 
hello 
hello 
hello 
hello 
hello 
hello 
hello 
hello 
hello 
hello 
hello 
hello 
hello 
hello 
hello 
hello 
hello 
hello 
hello 
hello 
hello 
hello 
hello 
hello 
hello 
hello 
hello 
hello 
hello 
hello 
hello 
hello 
hello 
hello 
hello 
hello 
hello 
hello 
hello 
hello 
hello 
hello 
hello 
hello 
hello 
hello 
hello 
hello 
hello 
hello 
hello 
hello 
hello 
hello 
hello 
hello 
hello 
hello 
hello 
hello 
hello 
hello 
hello 
hello 
hello 
hello 
hello 
hello 
hello 
hello 
hello 
hello 
hello 
hello 
hello 
hello 
hello 
hello 
hello 
hello 
hello 
hello 
hello 
hello 
hello 
hello 
hello 
hello 
hello 
hello 
hello 
hello 
hello 
hello 
hello 
hello 
hello 
hello 
hello 
hello 
hello 
hello 
hello 
hello 
hello 
hello 
hello 
hello 
hello 
hello 
hello 
hello 
hello 
hello 
hello 
hello 
hello 
hello 
hello 
hello 
hello 
hello 
hello 
hello 
hello 
hello 
hello 
hello 
hello 
hello 
hello 
hello 
hello 
hello 
hello 
hello 
hello 
hello 
hello 
hello 
hello 
hello 
hello 
hello 
hello 
hello 
hello 
hello 
hello 
hello 
hello 
hello 
hello 
hello 
hello 
hello 
hello 
hello 
hello 
hello 
hello 
hello 
hello 
hello 
hello 
hello 
hello 
hello 
hello 
hello 
hello 
hello 
hello 
hello 
hello 
hello 
hello 
hello 
hello 
hello 
hello 
hello 
hello 
hello 
hello 
hello 
hello 
hello 
hello 
hello 
hello 
hello 
hello 
hello 
hello 
hello 
hello 
hello 
hello 
hello 
hello 
hello 
hello 
hello 
hello 
hello 
hello 
hello 
hello 
hello 
hello 
hello 
hello 
hello 
hello 
hello 
hello 
hello 
hello 
hello 
hello 
hello 
hello 
hello 
hello 
hello 
hello 
hello 
hello 
hello 
hello 
hello 
hello 
hello 
hello 
hello 
hello 
hello 
hello 
hello 
hello 
hello 
hello 
hello 
hello 
hello 
hello 
hello 
hello 
hello 
hello 
hello 
hello 
hello 
hello 
hello 
hello 
hello 
hello 
hello 
hello 
hello 
hello 
hello 
hello 
hello 
hello 
hello 
hello 
hello 
hello 
hello 
hello 
hello 
hello 
hello 
hello 
hello 
hello 
hello 
hello 
hello 
hello 
hello 
hello 
hello 
hello 
hello 
hello 
hello 
hello 
hello 
hello 
hello 
hello 
hello 
hello 
hello 
hello 
hello 
hello 
hello 
hello 
hello 
hello 
hello 
hello 
hello 
hello 
hello 
hello 
hello 
hello 
hello 
hello 
hello 
hello 
hello 
hello 
hello 
hello 
hello 
hello 
hello 
hello 
hello 
hello 
hello 
hello 
hello 
hello 
hello 
hello 
hello 
hello 
hello 
hello 
hello 
hello 
hello 
hello 
hello 
hello 
hello 
hello 
hello 
hello 
hello 
hello 
hello 
hello 
hello 
hello 
hello 
hello 
hello 
hello 
hello 
hello 
hello 
hello 
hello 
hello 
hello 
hello 
hello 
hello 
hello 
hello 
hello 
hello 
hello 
hello 
hello 
hello 
hello 
hello 
hello 
hello 
hello 
hello 
hello 
hello 
hello 
hello 
hello 
hello 
hello 
hello 
hello 
hello 
hello 
hello 
hello 
hello 
hello 
hello 
hello 
hello 
hello 
hello 
hello 
hello 
hello 
hello 
hello 
hello 
hello 
hello 
hello 
hello 
hello 
hello 
hello 
hello 
hello 
hello 
hello 
hello 
hello 
hello 
hello 
hello 
hello 
hello 
hello 
hello 
hello 
hello 
hello 
hello 
hello 
hello 
hello 
hello 
hello 
hello 
hello 
hello 
hello 
hello 
hello 
hello 
hello 
hello 
hello 
hello 
hello 
hello 
hello 
hello 
hello 
hello 
hello 
hello 
hello 
hello 
hello 
hello 
hello 
hello 
hello 
hello 
hello 
hello 
hello 
hello 
hello 
hello 
hello 
hello 
hello 
hello 
hello 
hello 
hello 
hello 
hello 
hello 
hello 
hello 
hello 
hello 
hello 
hello 
hello 
hello 
hello 
hello 
hello 
hello 
hello 
hello 
hello 
hello 
hello 
hello 
hello 
hello 
hello 
hello 
hello 
hello 
hello 
hello 
hello 
hello 
hello 
hello 
hello 
hello 
hello 
hello 
hello 
hello 
hello 
hello 
hello 
hello 
hello 
hello 
hello 
hello 
hello 
hello 
hello 
hello 
hello 
hello 
hello 
hello 
hello 
hello 
hello 
hello 
hello 
hello 
hello 
hello 
hello 
hello 
hello 
hello 
hello 
hello 
hello 
hello 
hello 
hello 
hello 
hello 
hello 
hello 
hello 
hello 
hello 
hello 
hello 
hello 
hello 
hello 
hello 
hello 
hello 
hello 
hello 
hello 
hello 
hello 
hello 
hello 
hello 
hello 
hello 
hello 
hello 
hello 
hello 
hello 
hello 
hello 
hello 
hello 
hello 
hello 
hello 
hello 
hello 
hello 
hello 
hello 
hello 
hello 
hello 
hello 
hello 
hello 
hello 
hello 
hello 
hello 
hello 
hello 
hello 
hello 
hello 
hello 
hello 
hello 
hello 
hello 
hello 
hello 
hello 
hello 
hello 
hello 
hello 
hello 
hello 
hello 
hello 
hello 
hello 
hello 
hello 
hello 
hello 
hello 
hello 
hello 
hello 
hello 
hello 
hello 
hello 
hello 
hello 
hello 
hello 
hello 
hello 
hello 
hello 
hello 
hello 
hello 
hello 
hello 
hello 
hello 
hello 
hello 
hello 
hello 
hello 
hello 
hello 
hello 
hello 
hello 
hello 
hello 
hello 
hello 
hello 
hello 
hello 
hello 
hello 
hello 
hello 
hello 
hello 
hello 
hello 
hello 
hello 
hello 
hello 
hello 
hello 
hello 
hello 
hello 
hello 
hello 
hello 
hello 
hello 
hello 
hello 
hello 
hello 
hello 
hello 
hello 
hello 
hello 
hello 
hello 
hello 
hello 
hello 
hello 
hello 
hello 
hello 
hello 
hello 
hello 
hello 
hello 
hello 
hello 
hello 
hello 
hello 
hello 
hello 
hello 
hello 
hello 
hello 
hello 
hello 
hello 
hello 
hello 
hello 
hello 
hello 
hello 
hello 
hello 
hello 
hello 
hello 
hello 
hello 
hello 
hello 
hello 
hello 
hello 
hello 
hello 
hello 
hello 
hello 
hello 
hello 
hello 
hello 
hello 
hello 
hello 
hello 
hello 
hello 
hello 
hello 
hello 
hello 
hello 
hello 
hello 
hello 
hello 
hello 
hello 
hello 
hello 
hello 
hello 
hello 
hello 
hello 
hello 
hello 
hello 
hello 
hello 
hello 
hello 
hello 
hello 
hello 
hello 
hello 
hello 
hello 
hello 
hello 
hello 
hello 
hello 
hello 
hello 
hello 
hello 
hello 
hello 
hello 
hello 
hello 
hello 
hello 
hello 
hello 
hello 
hello 
hello 
hello 
hello 
hello 
hello 
hello 
hello 
hello 
hello 
hello 
hello 
hello 
hello 
hello 
hello 
hello 
hello 
hello 
hello 
hello 
hello 
hello 
hello 
hello 
hello 
hello 
hello 
hello 
hello 
hello 
hello 
hello 
hello 
hello 
hello 
hello 
hello 
hello 
hello 
hello 
hello 
hello 
hello 
hello 
hello 
hello 
hello 
hello 
hello 
hello 
hello 
hello 
hello 
hello 
hello 
hello 
hello 
hello 
hello 
hello 
hello 
hello 
hello 
hello 
hello 
hello 
hello 
hello 
hello 
hello 
hello 
hello 
hello 
hello 
hello 
hello 
hello 
hello 
hello 
hello 
hello 
hello 
hello 
hello 
hello 
hello 
hello 
hello 
hello 
hello 
hello 
hello 
hello 
hello 
hello 
hello 
hello 
hello 
hello 
hello 
hello 
hello 
hello 
hello 
hello 
hello 
hello 
hello 
hello 
hello 
hello 
hello 
hello 
hello 
hello 
hello 
hello 
hello 
hello 
hello 
hello 
hello 
hello 
hello 
hello 
hello 
hello 
hello 
hello 
hello 
hello 
hello 
hello 
hello 
hello 
hello 
hello 
hello 
hello 
hello 
hello 
hello 
hello 
hello 
hello 
hello 
hello 
hello 
hello 
hello 
hello 
hello 
hello 
hello 
hello 
hello 
hello 
hello 
hello 
hello 
hello 
hello 
hello 
hello 
hello 
hello 
hello 
hello 
hello 
hello 
hello 
hello 
hello 
hello 
hello 
hello 
hello 
hello 
hello 
hello 
hello 
hello 
hello 
hello 
hello 
hello 
hello 
hello 
hello 
hello 
hello 
hello 
hello 
hello 
hello 
hello 
hello 
hello 
hello 
hello 
hello 
hello 
hello 
hello 
hello 
hello 
hello 
hello 
hello 
hello 
hello 
hello 
hello 
hello 
hello 
hello 
hello 
hello 
hello 
hello 
hello 
hello 
hello 
hello 
hello 
hello 
hello 
hello 
hello 
hello 
hello 
hello 
hello 
hello 
hello 
hello 
hello 
hello 
hello 
hello 
hello 
hello 
hello 
hello 
hello 
hello 
hello 
hello 
hello 
hello 
hello 
hello 
hello 
hello 
hello 
hello 
hello 
hello 
hello 
hello 
hello 
hello 
hello 
hello 
hello 
hello 
hello 
hello 
hello 
hello 
hello 
hello 
hello 
hello 
hello 
hello 
hello 
hello 
hello 
hello 
hello 
hello 
hello 
hello 
hello 
hello 
hello 
hello 
hello 
hello 
hello 
hello 
hello 
hello 
hello 
hello 
hello 
hello 
hello 
hello 
hello 
hello 
hello 
hello 
hello 
hello 
hello 
hello 
hello 
hello 
hello 
hello 
hello 
hello 
hello 
hello 
hello 
hello 
hello 
hello 
hello 
hello 
hello 
hello 
hello 
hello 
hello 
hello 
hello 
hello 
hello 
hello 
hello 
hello 
hello 
hello 
hello 
hello 
hello 
hello 
hello 
hello 
hello 
hello 
hello 
hello 
hello 
hello 
hello 
hello 
hello 
hello 
hello 
hello 
hello 
hello 
hello 
hello 
hello 
hello 
hello 
hello 
hello 
hello 
hello 
hello 
hello 
hello 
hello 
hello 
hello 
hello 
hello 
hello 
hello 
hello 
hello 
hello 
hello 
hello 
hello 
hello 
hello 
hello 
hello 
hello 
hello 
hello 
hello 
hello 
hello 
hello 
hello 
hello 
hello 
hello 
hello 
hello 
hello 
hello 
hello 
hello 
hello 
hello 
hello 
hello 
hello 
hello 
hello 
hello 
hello 
hello 
hello 
hello 
hello 
hello 
hello 
hello 
hello 
hello 
hello 
hello 
hello 
hello 
hello 
hello 
hello 
hello 
hello 
hello 
hello 
hello 
hello 
hello 
hello 
hello 
hello 
hello 
hello 
hello 
hello 
hello 
hello 
hello 
hello 
hello 
hello 
hello 
hello 
hello 
hello 
hello 
hello 
hello 
hello 
hello 
hello 
hello 
hello 
hello 
hello 
hello 
hello 
hello 
hello 
hello 
hello 
hello 
hello 
hello 
hello 
hello 
hello 
hello 
hello 
hello 
hello 
hello 
hello 
hello 
hello 
hello 
hello 
hello 
hello 
hello 
hello 
hello 
hello 
hello 
hello 
hello 
hello 
hello 
hello 
hello 
hello 
hello 
hello 
hello 
hello 
hello 
hello 
hello 
hello 
hello 
hello 
hello 
hello 
hello 
hello 
hello 
hello 
hello 
hello 
hello 
hello 
hello 
hello 
hello 
hello 
hello 
hello 
hello 
hello 
hello 
hello 
hello 
hello 
hello 
hello 
hello 
hello 
hello 
hello 
hello 
hello 
hello 
hello 
hello 
hello 
hello 
hello 
hello 
hello 
hello 
hello 
hello 
hello 
hello 
hello 
hello 
hello 
hello 
hello 
hello 
hello 
hello 
hello 
hello 
hello 
hello 
hello 
hello 
hello 
hello 
hello 
hello 
hello 
hello 
hello 
hello 
hello 
hello 
hello 
hello 
hello 
hello 
hello 
hello 
hello 
hello 
hello 
hello 
hello 
hello 
hello 
hello 
hello 
hello 
hello 
hello 
hello 
hello 
hello 
hello 
hello 
hello 
hello 
hello 
hello 
hello 
hello 
hello 
hello 
hello 
hello 
hello 
hello 
hello 
hello 
hello 
hello 
hello 
hello 
hello 
hello 
hello 
hello 
hello 
hello 
hello 
hello 
hello 
hello 
hello 
hello 
hello 
hello 
hello 
hello 
hello 
hello 
hello 
hello 
hello 
hello 
hello 
hello 
hello 
hello 
hello 
hello 
hello 
hello 
hello 
hello 
hello 
hello 
hello 
hello 
hello 
hello 
hello 
hello 
hello 
hello 
hello 
hello 
hello 
hello 
hello 
hello 
hello 
hello 
hello 
hello 
hello 
hello 
hello 
hello 
hello 
hello 
hello 
hello 
hello 
hello 
hello 
hello 
hello 
hello 
hello 
hello 
hello 
hello 
hello 
hello 
hello 
hello 
hello 
hello 
hello 
hello 
hello 
hello 
hello 
hello 
hello 
hello 
hello 
hello 
hello 
hello 
hello 
hello 
hello 
hello 
hello 
hello 
hello 
hello 
hello 
hello 
hello 
hello 
hello 
hello 
hello 
hello 
hello 
hello 
hello 
hello 
hello 
hello 
hello 
hello 
hello 
hello 
hello 
hello 
hello 
hello 
hello 
hello 
hello 
hello 
hello 
hello 
hello 
hello 
hello 
hello 
hello 
hello 
hello 
hello 
hello 
hello 
hello 
hello 
hello 
hello 
hello 
hello 
hello 
hello 
hello 
hello 
hello 
hello 
hello 
hello 
hello 
hello 
hello 
hello 
hello 
hello 
hello 
hello 
hello 
hello 
hello 
hello 
hello 
hello 
hello 
hello 
hello 
hello 
hello 
hello 
hello 
hello 
hello 
hello 
hello 
hello 
hello 
hello 
hello 
hello 
hello 
hello 
hello 
hello 
hello 
hello 
hello 
hello 
hello 
hello 
hello 
hello 
hello 
hello 
hello 
hello 
hello 
hello 
hello 
hello 
hello 
hello 
hello 
hello 
hello 
hello 
hello 
hello 
hello 
hello 
hello 
hello 
hello 
hello 
hello 
hello 
hello 
hello 
hello 
hello 
hello 
hello 
hello 
hello 
hello 
hello 
hello 
hello 
hello 
hello 
hello 
hello 
hello 
hello 
hello 
hello 
hello 
hello 
hello 
hello 
hello 
hello 
hello 
hello 
hello 
hello 
hello 
hello 
hello 
hello 
hello 
hello 
hello 
hello 
hello 
hello 
hello 
hello 
hello 
hello 
hello 
hello 
hello 
hello 
hello 
hello 
hello 
hello 
hello 
hello 
hello 
hello 
hello 
hello 
hello 
hello 
hello 
hello 
hello 
hello 
hello 
hello 
hello 
hello 
hello 
hello 
hello 
hello 
hello 
hello 
hello 
hello 
hello 
hello 
hello 
hello 
hello 
hello 
hello 
hello 
hello 
hello 
hello 
hello 
hello 
hello 
hello 
hello 
hello 
hello 
hello 
hello 
hello 
hello 
hello 
hello 
hello 
hello 
hello 
hello 
hello 
hello 
hello 
hello 
hello 
hello 
hello 
hello 
hello 
hello 
hello 
hello 
hello 
hello 
hello 
hello 
hello 
hello 
hello 
hello 
hello 
hello 
hello 
hello 
hello 
hello 
hello 
hello 
hello 
hello 
hello 
hello 
hello 
hello 
hello 
hello 
hello 
hello 
hello 
hello 
hello 
hello 
hello 
hello 
hello 
hello 
hello 
hello 
hello 
hello 
hello 
hello 
hello 
hello 
hello 
hello 
hello 
hello 
hello 
hello 
hello 
hello 
hello 
hello 
hello 
hello 
hello 
hello 
hello 
hello 
hello 
hello 
hello 
hello 
hello 
hello 
hello 
hello 
hello 
hello 
hello 
hello 
hello 
hello 
hello 
hello 
hello 
hello 
hello 
hello 
hello 
hello 
hello 
hello 
hello 
hello 
hello 
hello 
hello 
hello 
hello 
hello 
hello 
hello 
hello 
hello 
hello 
hello 
hello 
hello 
hello 
hello 
hello 
hello 
hello 
hello 
hello 
hello 
hello 
hello 
hello 
hello 
hello 
hello 
hello 
hello 
hello 
hello 
hello 
hello 
hello 
hello 
hello 
hello 
hello 
hello 
hello 
hello 
hello 
hello 
hello 
hello 
hello 
hello 
hello 
hello 
hello 
hello 
hello 
hello 
hello 
hello 
hello 
hello 
hello 
hello 
hello 
hello 
hello 
hello 
hello 
hello 
hello 
hello 
hello 
hello 
hello 
hello 
hello 
hello 
hello 
hello 
hello 
hello 
hello 
hello 
hello 
hello 
hello 
hello 
hello 
hello 
hello 
hello 
hello 
hello 
hello 
hello 
hello 
hello 
hello 
hello 
hello 
hello 
hello 
hello 
hello 
hello 
hello 
hello 
hello 
hello 
hello 
hello 
hello 
hello 
hello 
hello 
hello 
hello 
hello 
hello 
hello 
hello 
hello 
hello 
hello 
hello 
hello 
hello 
hello 
hello 
hello 
hello 
hello 
hello 
hello 
hello 
hello 
hello 
hello 
hello 
hello 
hello 
hello 
hello 
hello 
hello 
hello 
hello 
hello 
hello 
hello 
hello 
hello 
hello 
hello 
hello 
hello 
hello 
hello 
hello 
hello 
hello 
hello 
hello 
hello 
hello 
hello 
hello 
hello 
hello 
hello 
hello 
hello 
hello 
hello 
hello 
hello 
hello 
hello 
hello 
hello 
hello 
hello 
hello 
hello 
hello 
hello 
hello 
hello 
hello 
hello 
hello 
hello 
hello 
hello 
hello 
hello 
hello 
hello 
hello 
hello 
hello 
hello 
hello 
hello 
hello 
hello 
hello 
hello 
hello 
hello 
hello 
hello 
hello 
hello 
hello 
hello 
hello 
hello 
hello 
hello 
hello 
hello 
hello 
hello 
hello 
hello 
hello 
hello 
hello 
hello 
hello 
hello 
hello 
hello 
hello 
hello 
hello 
hello 
hello 
hello 
hello 
hello 
hello 
hello 
hello 
hello 
hello 
hello 
hello 
hello 
hello 
hello 
hello 
hello 
hello 
hello 
hello 
hello 
hello 
hello 
hello 
hello 
hello 
hello 
hello 
hello 
hello 
hello 
hello 
hello 
hello 
hello 
hello 
hello 
hello 
hello 
hello 
hello 
hello 
hello 
hello 
hello 
hello 
hello 
hello 
hello 
hello 
hello 
hello 
hello 
hello 
hello 
hello 
hello 
hello 
hello 
hello 
hello 
hello 
hello 
hello 
hello 
hello 
hello 
hello 
hello 
hello 
hello 
hello 
hello 
hello 
hello 
hello 
hello 
hello 
hello 
hello 
hello 
hello 
hello 
hello 
hello 
hello 
hello 
hello 
hello 
hello 
hello 
hello 
hello 
hello 
hello 
hello 
hello 
hello 
hello 
hello 
hello 
hello 
hello 
hello 
hello 
hello 
hello 
hello 
hello 
hello 
hello 
hello 
hello 
hello 
hello 
hello 
hello 
hello 
hello 
hello 
hello 
hello 
hello 
hello 
hello 
hello 
hello 
hello 
hello 
hello 
hello 
hello 
hello 
hello 
hello 
hello 
hello 
hello 
hello 
hello 
hello 
hello 
hello 
hello 
hello 
hello 
hello 
hello 
hello 
hello 
hello 
hello 
hello 
hello 
hello 
hello 
hello 
hello 
hello 
hello 
hello 
hello 
hello 
hello 
hello 
hello 
hello 
hello 
hello 
hello 
hello 
hello 
hello 
hello 
hello 
hello 
hello 
hello 
hello 
hello 
hello 
hello 
hello 
hello 
hello 
hello 
hello 
hello 
hello 
hello 
hello 
hello 
hello 
hello 
hello 
hello 
hello 
hello 
hello 
hello 
hello 
hello 
hello 
hello 
hello 
hello 
hello 
hello 
hello 
hello 
hello 
hello 
hello 
hello 
hello 
hello 
hello 
hello 
hello 
hello 
hello 
hello 
hello 
hello 
hello 
hello 
hello 
hello 
hello 
hello 
hello 
hello 
hello 
hello 
hello 
hello 
hello 
hello 
hello 
hello 
hello 
hello 
hello 
hello 
hello 
hello 
hello 
hello 
hello 
hello 
hello 
hello 
hello 
hello 
hello 
hello 
hello 
hello 
hello 
hello 
hello 
hello 
hello 
hello 
hello 
hello 
hello 
hello 
hello 
hello 
hello 
hello 
hello 
hello 
hello 
hello 
hello 
hello 
hello 
hello 
hello 
hello 
hello 
hello 
hello 
hello 
hello 
hello 
hello 
hello 
hello 
hello 
hello 
hello 
hello 
hello 
hello 
hello 
hello 
hello 
hello 
hello 
hello 
hello 
hello 
hello 
hello 
hello 
hello 
hello 
hello 
hello 
hello 
hello 
hello 
hello 
hello 
hello 
hello 
hello 
hello 
hello 
hello 
hello 
hello 
hello 
hello 
hello 
hello 
hello 
hello 
hello 
hello 
hello 
hello 
hello 
hello 
hello 
hello 
hello 
hello 
hello 
hello 
hello 
hello 
hello 
hello 
hello 
hello 
hello 
hello 
hello 
hello 
hello 
hello 
hello 
hello 
hello 
hello 
hello 
hello 
hello 
hello 
hello 
hello 
hello 
hello 
hello 
hello 
hello 
hello 
hello 
hello 
hello 
hello 
hello 
hello 
hello 
hello 
hello 
hello 
hello 
hello 
hello 
hello 
hello 
hello 
hello 
hello 
hello 
hello 
hello 
hello 
hello 
hello 
hello 
hello 
hello 
hello 
hello 
hello 
hello 
hello 
hello 
hello 
hello 
hello 
hello 
hello 
hello 
hello 
hello 
hello 
hello 
hello 
hello 
hello 
hello 
hello 
hello 
hello 
hello 
hello 
hello 
hello 
hello 
hello 
hello 
hello 
hello 
hello 
hello 
hello 
hello 
hello 
hello 
hello 
hello 
hello 
hello 
hello 
hello 
hello 
hello 
hello 
hello 
hello 
hello 
hello 
hello 
hello 
hello 
hello 
hello 
hello 
hello 
hello 
hello 
hello 
hello 
hello 
hello 
hello 
hello 
hello 
hello 
hello 
hello 
hello 
hello 
hello 
hello 
hello 
hello 
hello 
hello 
hello 
hello 
hello 
hello 
hello 
hello 
hello 
hello 
hello 
hello 
hello 
hello 
hello 
hello 
hello 
hello 
hello 
hello 
hello 
hello 
hello 
hello 
hello 
hello 
hello 
hello 
hello 
hello 
hello 
hello 
hello 
hello 
hello 
hello 
hello 
hello 
hello 
hello 
hello 
hello 
hello 
hello 
hello 
hello 
hello 
hello 
hello 
hello 
hello 
hello 
hello 
hello 
hello 
hello 
hello 
hello 
hello 
hello 
hello 
hello 
hello 
hello 
hello 
hello 
hello 
hello 
hello 
hello 
hello 
hello 
hello 
hello 
hello 
hello 
hello 
hello 
hello 
hello 
hello 
hello 
hello 
hello 
hello 
hello 
hello 
hello 
hello 
hello 
hello 
hello 
hello 
hello 
hello 
hello 
hello 
hello 
hello 
hello 
hello 
hello 
hello 
hello 
hello 
hello 
hello 
hello 
hello 
hello 
hello 
hello 
hello 
hello 
hello 
hello 
hello 
hello 
hello 
hello 
hello 
hello 
hello 
hello 
hello 
hello 
hello 
hello 
hello 
hello 
hello 
hello 
hello 
hello 
hello 
hello 
hello 
hello 
hello 
hello 
hello 
hello 
hello 
hello 
hello 
hello 
hello 
hello 
hello 
hello 
hello 
hello 
hello 
hello 
hello 
hello 
hello 
hello 
hello 
hello 
hello 
hello 
hello 
hello 
hello 
hello 
hello 
hello 
hello 
hello 
hello 
hello 
hello 
hello 
hello 
hello 
hello 
hello 
hello 
hello 
hello 
hello 
hello 
hello 
hello 
hello 
hello 
hello 
hello 
hello 
hello 
hello 
hello 
hello 
hello 
hello 
hello 
hello 
hello 
hello 
hello 
hello 
hello 
hello 
hello 
hello 
hello 
hello 
hello 
hello 
hello 
hello 
hello 
hello 
hello 
hello 
hello 
hello 
hello 
hello 
hello 
hello 
hello 
hello 
hello 
hello 
hello 
hello 
hello 
hello 
hello 
hello 
hello 
hello 
hello 
hello 
hello 
hello 
hello 
hello 
hello 
hello 
hello 
hello 
hello 
hello 
hello 
hello 
hello 
hello 
hello 
hello 
hello 
hello 
hello 
hello 
hello 
hello 
hello 
hello 
hello 
hello 
hello 
hello 
hello 
hello 
hello 
hello 
hello 
hello 
hello 
hello 
hello 
hello 
hello 
hello 
hello 
hello 
hello 
hello 
hello 
hello 
hello 
hello 
hello 
hello 
hello 
hello 
hello 
hello 
hello 
hello 
hello 
hello 
hello 
hello 
hello 
hello 
hello 
hello 
hello 
hello 
hello 
hello 
hello 
hello 
hello 
hello 
hello 
hello 
hello 
hello 
hello 
hello 
hello 
hello 
hello 
hello 
hello 
hello 
hello 
hello 
hello 
hello 
hello 
hello 
hello 
hello 
hello 
hello 
hello 
hello 
hello 
hello 
hello 
hello 
hello 
hello 
hello 
hello 
hello 
hello 
hello 
hello 
hello 
hello 
hello 
hello 
hello 
hello 
hello 
hello 
hello 
hello 
hello 
hello 
hello 
hello 
hello 
hello 
hello 
hello 
hello 
hello 
hello 
hello 
hello 
hello 
hello 
hello 
hello 
hello 
hello 
hello 
hello 
hello 
hello 
hello 
hello 
hello 
hello 
hello 
hello 
hello 
hello 
hello 
hello 
hello 
hello 
hello 
hello 
hello 
hello 
hello 
hello 
hello 
hello 
hello 
hello 
hello 
hello 
hello 
hello 
hello 
hello 
hello 
hello 
hello 
hello 
hello 
hello 
hello 
hello 
hello 
hello 
hello 
hello 
hello 
hello 
hello 
hello 
hello 
hello 
hello 
hello 
hello 
hello 
hello 
hello 
hello 
hello 
hello 
hello 
hello 
hello 
hello 
hello 
hello 
hello 
hello 
hello 
hello 
hello 
hello 
hello 
hello 
hello 
hello 
hello 
hello 
hello 
hello 
hello 
hello 
hello 
hello 
hello 
hello 
hello 
hello 
hello 
hello 
hello 
hello 
hello 
hello 
hello 
hello 
hello 
hello 
hello 
hello 
hello 
hello 
hello 
hello 
hello 
hello 
hello 
hello 
hello 
hello 
hello 
hello 
hello 
hello 
hello 
hello 
hello 
hello 
hello 
hello 
hello 
hello 
hello 
hello 
hello 
hello 
hello 
hello 
hello 
hello 
hello 
hello 
hello 
hello 
hello 
hello 
hello 
hello 
hello 
hello 
hello 
hello 
hello 
hello 
hello 
hello 
hello 
hello 
hello 
hello 
hello 
hello 
hello 
hello 
hello 
hello 
hello 
hello 
hello 
hello 
hello 
hello 
hello 
hello 
hello 
hello 
hello 
hello 
hello 
hello 
hello 
hello 
hello 
hello 
hello 
hello 
hello 
hello 
hello 
hello 
hello 
hello 
hello 
hello 
hello 
hello 
hello 
hello 
hello 
hello 
hello 
hello 
hello 
hello 
hello 
hello 
hello 
hello 
hello 
hello 
hello 
hello 
hello 
hello 
hello 
hello 
hello 
hello 
hello 
hello 
hello 
hello 
hello 
hello 
hello 
hello 
hello 
hello 
hello 
hello 
hello 
hello 
hello 
hello 
hello 
hello 
hello 
hello 
hello 
hello 
hello 
hello 
hello 
hello 
hello 
hello 
hello 
hello 
hello 
hello 
hello 
hello 
hello 
hello 
hello 
hello 
hello 
hello 
hello 
hello 
hello 
hello 
hello 
hello 
hello 
hello 
hello 
hello 
hello 
hello 
hello 
hello 
hello 
hello 
hello 
hello 
hello 
hello 
hello 
hello 
hello 
hello 
hello 
hello 
hello 
hello 
hello 
hello 
hello 
hello 
hello 
hello 
hello 
hello 
hello 
hello 
hello 
hello 
hello 
hello 
hello 
hello 
hello 
hello 
hello 
hello 
hello 
hello 
hello 
hello 
hello 
hello 
hello 
hello 
hello 
hello 
hello 
hello 
hello 
hello 
hello 
hello 
hello 
hello 
hello 
hello 
hello 
hello 
hello 
hello 
hello 
hello 
hello 
hello 
hello 
hello 
hello 
hello 
hello 
hello 
hello 
hello 
hello 
hello 
hello 
hello 
hello 
hello 
hello 
hello 
hello 
hello 
hello 
hello 
hello 
hello 
hello 
hello 
hello 
hello 
hello 
hello 
hello 
hello 
hello 
hello 
hello 
hello 
hello 
hello 
hello 
hello 
hello 
hello 
hello 
hello 
hello 
hello 
hello 
hello 
hello 
hello 
hello 
hello 
hello 
hello 
hello 
hello 
hello 
hello 
hello 
hello 
hello 
hello 
hello 
hello 
hello 
hello 
hello 
hello 
hello 
hello 
hello 
hello 
hello 
hello 
hello 
hello 
hello 
hello 
hello 
hello 
hello 
hello 
hello 
hello 
hello 
hello 
hello 
hello 
hello 
hello 
hello 
hello 
hello 
hello 
hello 
hello 
hello 
hello 
hello 
hello 
hello 
hello 
hello 
hello 
hello 
hello 
hello 
hello 
hello 
hello 
hello 
hello 
hello 
hello 
hello 
hello 
hello 
hello 
hello 
hello 
hello 
hello 
hello 
hello 
hello 
hello 
hello 
hello 
hello 
hello 
hello 
hello 
hello 
hello 
hello 
hello 
hello 
hello 
hello 
hello 
hello 
hello 
hello 
hello 
hello 
hello 
hello 
hello 
hello 
hello 
hello 
hello 
hello 
hello 
hello 
hello 
hello 
hello 
hello 
hello 
hello 
hello 
hello 
hello 
hello 
hello 
hello 
hello 
hello 
hello 
hello 
hello 
hello 
hello 
hello 
hello 
hello 
hello 
hello 
hello 
hello 
hello 
hello 
hello 
hello 
hello 
hello 
hello 
hello 
hello 
hello 
hello 
hello 
hello 
hello 
hello 
hello 
hello 
hello 
hello 
hello 
hello 
hello 
hello 
hello 
hello 
hello 
hello 
hello 
hello 
hello 
hello 
hello 
hello 
hello 
hello 
hello 
hello 
hello 
hello 
hello 
hello 
hello 
hello 
hello 
hello 
hello 
hello 
hello 
hello 
hello 
hello 
hello 
hello 
hello 
hello 
hello 
hello 
hello 
hello 
hello 
hello 
hello 
hello 
hello 
hello 
hello 
hello 
hello 
hello 
hello 
hello 
hello 
hello 
hello 
hello 
hello 
hello 
hello 
hello 
hello 
hello 
hello 
hello 
hello 
hello 
hello 
hello 
hello 
hello 
hello 
hello 
hello 
hello 
hello 
hello 
hello 
hello 
hello 
hello 
hello 
hello 
hello 
hello 
hello 
hello 
hello 
hello 
hello 
hello 
hello 
hello 
hello 
hello 
hello 
hello 
hello 
hello 
hello 
hello 
hello 
hello 
hello 
hello 
hello 
hello 
hello 
hello 
hello 
hello 
hello 
hello 
hello 
hello 
hello 
hello 
hello 
hello 
hello 
hello 
hello 
hello 
hello 
hello 
hello 
hello 
hello 
hello 
hello 
hello 
hello 
hello 
hello 
hello 
hello 
hello 
hello 
hello 
hello 
hello 
hello 
hello 
hello 
hello 
hello 
hello 
hello 
hello 
hello 
hello 
hello 
hello 
hello 
hello 
hello 
hello 
hello 
hello 
hello 
hello 
hello 
hello 
hello 
hello 
hello 
hello 
hello 
hello 
hello 
hello 
hello 
hello 
hello 
hello 
hello 
hello 
hello 
hello 
hello 
hello 
hello 
hello 
hello 
hello 
hello 
hello 
hello 
hello 
hello 
hello 
hello 
hello 
hello 
hello 
hello 
hello 
hello 
hello 
hello 
hello 
hello 
hello 
hello 
hello 
hello 
hello 
hello 
hello 
hello 
hello 
hello 
hello 
hello 
hello 
hello 
hello 
hello 
hello 
hello 
hello 
hello 
hello 
hello 
hello 
hello 
hello 
hello 
hello 
hello 
hello 
hello 
hello 
hello 
hello 
hello 
hello 
hello 
hello 
hello 
hello 
hello 
hello 
hello 
hello 
hello 
hello 
hello 
hello 
hello 
hello 
hello 
hello 
hello 
hello 
hello 
hello 
hello 
hello 
hello 
hello 
hello 
hello 
hello 
hello 
hello 
hello 
hello 
hello 
hello 
hello 
hello 
hello 
hello 
hello 
hello 
hello 
hello 
hello 
hello 
hello 
hello 
hello 
hello 
hello 
hello 
hello 
hello 
hello 
hello 
hello 
hello 
hello 
hello 
hello 
hello 
hello 
hello 
hello 
hello 
hello 
hello 
hello 
hello 
hello 
hello 
hello 
hello 
hello 
hello 
hello 
hello 
hello 
hello 
hello 
hello 
hello 
hello 
hello 
hello 
hello 
hello 
hello 
hello 
hello 
hello 
hello 
hello 
hello 
hello 
hello 
hello 
hello 
hello 
hello 
hello 
hello 
hello 
hello 
hello 
hello 
hello 
hello 
hello 
hello 
hello 
hello 
hello 
hello 
hello 
hello 
hello 
hello 
hello 
hello 
hello 
hello 
hello 
hello 
hello 
hello 
hello 
hello 
hello 
hello 
hello 
hello 
hello 
hello 
hello 
hello 
hello 
hello 
hello 
hello 
hello 
hello 
hello 
hello 
hello 
hello 
hello 
hello 
hello 
hello 
hello 
hello 
hello 
hello 
hello 
hello 
hello 
hello 
hello 
hello 
hello 
hello 
hello 
hello 
hello 
hello 
hello 
hello 
hello 
hello 
hello 
hello 
hello 
hello 
hello 
hello 
hello 
hello 
hello 
hello 
hello 
hello 
hello 
hello 
hello 
hello 
hello 
hello 
hello 
hello 
hello 
hello 
hello 
hello 
hello 
hello 
hello 
hello 
hello 
hello 
hello 
hello 
hello 
hello 
hello 
hello 
hello 
hello 
hello 
hello 
hello 
hello 
hello 
hello 
hello 
hello 
hello 
hello 
hello 
hello 
hello 
hello 
hello 
hello 
hello 
hello 
hello 
hello 
hello 
hello 
hello 
hello 
hello 
hello 
hello 
hello 
hello 
hello 
hello 
hello 
hello 
hello 
hello 
hello 
hello 
hello 
hello 
hello 
hello 
hello 
hello 
hello 
hello 
hello 
hello 
hello 
hello 
hello 
hello 
hello 
hello 
hello 
hello 
hello 
hello 
hello 
hello 
hello 
hello 
hello 
hello 
hello 
hello 
hello 
hello 
hello 
hello 
hello 
hello 
hello 
hello 
hello 
hello 
hello 
hello 
hello 
hello 
hello 
hello 
hello 
hello 
hello 
hello 
hello 
hello 
hello 
hello 
hello 
hello 
hello 
hello 
hello 
hello 
hello 
hello 
hello 
hello 
hello 
hello 
hello 
hello 
hello 
hello 
hello 
hello 
hello 
hello 
hello 
hello 
hello 
hello 
hello 
hello 
hello 
hello 
hello 
hello 
hello 
hello 
hello 
hello 
hello 
hello 
hello 
hello 
hello 
hello 
hello 
hello 
hello 
hello 
hello 
hello 
hello 
hello 
hello 
hello 
hello 
hello 
hello 
hello 
hello 
hello 
hello 
hello 
hello 
hello 
hello 
hello 
hello 
hello 
hello 
hello 
hello 
hello 
hello 
hello 
hello 
hello 
hello 
hello 
hello 
hello 
hello 
hello 
hello 
hello 
hello 
hello 
hello 
hello 
hello 
hello 
hello 
hello 
hello 
hello 
hello 
hello 
hello 
hello 
hello 
hello 
hello 
hello 
hello 
hello 
hello 
hello 
hello 
hello 
hello 
hello 
hello 
hello 
hello 
hello 
hello 
hello 
hello 
hello 
hello 
hello 
hello 
hello 
hello 
hello 
hello 
hello 
hello 
hello 
hello 
hello 
hello 
hello 
hello 
hello 
hello 
hello 
hello 
hello 
hello 
hello 
hello 
hello 
hello 
hello 
hello 
hello 
hello 
hello 
hello 
hello 
hello 
hello 
hello 
hello 
hello 
hello 
hello 
hello 
hello 
hello 
hello 
hello 
hello 
hello 
hello 
hello 
hello 
hello 
hello 
hello 
hello 
hello 
hello 
hello 
hello 
hello 
hello 
hello 
hello 
hello 
hello 
hello 
hello 
hello 
hello 
hello 
hello 
hello 
hello 
hello 
hello 
hello 
hello 
hello 
hello 
hello 
hello 
hello 
hello 
hello 
hello 
hello 
hello 
hello 
hello 
hello 
hello 
hello 
hello 
hello 
hello 
hello 
hello 
hello 
hello 
hello 
hello 
hello 
hello 
hello 
hello 
hello 
hello 
hello 
hello 
hello 
hello 
hello 
hello 
hello 
hello 
hello 
hello 
hello 
hello 
hello 
hello 
hello 
hello 
hello 
hello 
hello 
hello 
hello 
hello 
hello 
hello 
hello 
hello 
hello 
hello 
hello 
hello 
hello 
hello 
hello 
hello 
hello 
hello 
hello 
hello 
hello 
hello 
hello 
hello 
hello 
hello 
hello 
hello 
hello 
hello 
hello 
hello 
hello 
hello 
hello 
hello 
hello 
hello 
hello 
hello 
hello 
hello 
hello 
hello 
hello 
hello 
hello 
hello 
hello 
hello 
hello 
hello 
hello 
hello 
hello 
hello 
hello 
hello 
hello 
hello 
hello 
hello 
hello 
hello 
hello 
hello 
hello 
hello 
hello 
hello 
hello 
hello 
hello 
hello 
hello 
hello 
hello 
hello 
hello 
hello 
hello 
hello 
hello 
hello 
hello 
hello 
hello 
hello 
hello 
hello 
hello 
hello 
hello 
hello 
hello 
hello 
hello 
hello 
hello 
hello 
hello 
hello 
hello 
hello 
hello 
hello 
hello 
hello 
hello 
hello 
hello 
hello 
hello 
hello 
hello 
hello 
hello 
hello 
hello 
hello 
hello 
hello 
hello 
hello 
hello 
hello 
hello 
hello 
hello 
hello 
hello 
hello 
hello 
hello 
hello 
hello 
hello 
hello 
hello 
hello 
hello 
hello 
hello 
hello 
hello 
hello 
hello 
hello 
hello 
hello 
hello 
hello 
hello 
hello 
hello 
hello 
hello 
hello 
hello 
hello 
hello 
hello 
hello 
hello 
hello 
hello 
hello 
hello 
hello 
hello 
hello 
hello 
hello 
hello 
hello 
hello 
hello 
hello 
hello 
hello 
hello 
hello 
hello 
hello 
hello 
hello 
hello 
hello 
hello 
hello 
hello 
hello 
hello 
hello 
hello 
hello 
hello 
hello 
hello 
hello 
hello 
hello 
hello 
hello 
hello 
hello 
hello 
hello 
hello 
hello 
hello 
hello 
hello 
hello 
hello 
hello 
hello 
hello 
hello 
hello 
hello 
hello 
hello 
hello 
hello 
hello 
hello 
hello 
hello 
hello 
hello 
hello 
hello 
hello 
hello 
hello 
hello 
hello 
hello 
hello 
hello 
hello 
hello 
hello 
hello 
hello 
hello 
hello 
hello 
hello 
hello 
hello 
hello 
hello 
hello 
hello 
hello 
hello 
hello 
hello 
hello 
hello 
hello 
hello 
hello 
hello 
hello 
hello 
hello 
hello 
hello 
hello 
hello 
hello 
hello 
hello 
hello 
hello 
hello 
hello 
hello 
hello 
hello 
hello 
hello 
hello 
hello 
hello 
hello 
hello 
hello 
hello 
hello 
hello 
hello 
hello 
hello 
hello 
hello 
hello 
hello 
hello 
hello 
hello 
hello 
hello 
hello 
hello 
hello 
hello 
hello 
hello 
hello 
hello 
hello 
hello 
hello 
hello 
hello 
hello 
hello 
hello 
hello 
hello 
hello 
hello 
hello 
hello 
hello 
hello 
hello 
hello 
hello 
hello 
hello 
hello 
hello 
hello 
hello 
hello 
hello 
hello 
hello 
hello 
hello 
hello 
hello 
hello 
hello 
hello 
hello 
hello 
hello 
hello 
hello 
hello 
hello 
hello 
hello 
hello 
hello 
hello 
hello 
hello 
hello 
hello 
hello 
hello 
hello 
hello 
hello 
hello 
hello 
hello 
hello 
hello 
hello 
hello 
hello 
hello 
hello 
hello 
hello 
hello 
hello 
hello 
hello 
hello 
hello 
hello 
hello 
hello 
hello 
hello 
hello 
hello 
hello 
hello 
hello 
hello 
hello 
hello 
hello 
hello 
hello 
hello 
hello 
hello 
hello 
hello 
hello 
hello 
hello 
hello 
hello 
hello 
hello 
hello 
hello 
hello 
hello 
hello 
hello 
hello 
hello 
hello 
hello 
hello 
hello 
hello 
hello 
hello 
hello 
hello 
hello 
hello 
hello 
hello 
hello 
hello 
hello 
hello 
hello 
hello 
hello 
hello 
hello 
hello 
hello 
hello 
hello 
hello 
hello 
hello 
hello 
hello 
hello 
hello 
hello 
hello 
hello 
hello 
hello 
hello 
hello 
hello 
hello 
hello 
hello 
hello 
hello 
hello 
hello 
hello 
hello 
hello 
hello 
hello 
hello 
hello 
hello 
hello 
hello 
hello 
hello 
hello 
hello 
hello 
hello 
hello 
hello 
hello 
hello 
hello 
hello 
hello 
hello 
hello 
hello 
hello 
hello 
hello 
hello 
hello 
hello 
hello 
hello 
hello 
hello 
hello 
hello 
hello 
hello 
hello 
hello 
hello 
hello 
hello 
hello 
hello 
hello 
hello 
hello 
hello 
hello 
hello 
hello 
hello 
hello 
hello 
hello 
hello 
hello 
hello 
hello 
hello 
hello 
hello 
hello 
hello 
hello 
hello 
hello 
hello 
hello 
hello 
hello 
hello 
hello 
hello 
hello 
hello 
hello 
hello 
hello 
hello 
hello 
hello 
hello 
hello 
hello 
hello 
hello 
hello 
hello 
hello 
hello 
hello 
hello 
hello 
hello 
hello 
hello 
hello 
hello 
hello 
hello 
hello 
hello 
hello 
hello 
hello 
hello 
hello 
hello 
hello 
hello 
hello 
hello 
hello 
hello 
hello 
hello 
hello 
hello 
hello 
hello 
hello 
hello 
hello 
hello 
hello 
hello 
hello 
hello 
hello 
hello 
hello 
hello 
hello 
hello 
hello 
hello 
hello 
hello 
hello 
hello 
hello 
hello 
hello 
hello 
hello 
hello 
hello 
hello 
hello 
hello 
hello 
hello 
hello 
hello 
hello 
hello 
hello 
hello 
hello 
hello 
hello 
hello 
hello 
hello 
hello 
hello 
hello 
hello 
hello 
hello 
hello 
hello 
hello 
hello 
hello 
hello 
hello 
hello 
hello 
hello 
hello 
hello 
hello 
hello 
hello 
hello 
hello 
hello 
hello 
hello 
hello 
hello 
hello 
hello 
hello 
hello 
hello 
hello 
hello 
hello 
hello 
hello 
hello 
hello 
hello 
hello 
hello 
hello 
hello 
hello 
hello 
hello 
hello 
hello 
hello 
hello 
hello 
hello 
hello 
hello 
hello 
hello 
hello 
hello 
hello 
hello 
hello 
hello 
hello 
hello 
hello 
hello 
hello 
hello 
hello 
hello 
hello 
hello 
hello 
hello 
hello 
hello 
hello 
hello 
hello 
hello 
hello 
hello 
hello 
hello 
hello 
hello 
hello 
hello 
hello 
hello 
hello 
hello 
hello 
hello 
hello 
hello 
hello 
hello 
hello 
hello 
hello 
hello 
hello 
hello 
hello 
hello 
hello 
hello 
hello 
hello 
hello 
hello 
hello 
hello 
hello 
hello 
hello 
hello 
hello 
hello 
hello 
hello 
hello 
hello 
hello 
hello 
hello 
hello 
hello 
hello 
hello 
hello 
hello 
hello 
hello 
hello 
hello 
hello 
hello 
hello 
hello 
hello 
hello 
hello 
hello 
hello 
hello 
hello 
hello 
hello 
hello 
hello 
hello 
hello 
hello 
hello 
hello 
hello 
hello 
hello 
hello 
hello 
hello 
hello 
hello 
hello 
hello 
hello 
hello 
hello 
hello 
hello 
hello 
hello 
hello 
hello 
hello 
hello 
hello 
hello 
hello 
hello 
hello 
hello 
hello 
hello 
hello 
hello 
hello 
hello 
hello 
hello 
hello 
hello 
hello 
hello 
hello 
hello 
hello 
hello 
hello 
hello 
hello 
hello 
hello 
hello 
hello 
hello 
hello 
hello 
hello 
hello 
hello 
hello 
hello 
hello 
hello 
hello 
hello 
hello 
hello 
hello 
hello 
hello 
hello 
hello 
hello 
hello 
hello 
hello 
hello 
hello 
hello 
hello 
hello 
hello 
hello 
hello 
hello 
hello 
hello 
hello 
hello 
hello 
hello 
hello 
hello 
hello 
hello 
hello 
hello 
hello 
hello 
hello 
hello 
hello 
hello 
hello 
hello 
hello 
hello 
hello 
hello 
hello 
hello 
hello 
hello 
hello 
hello 
hello 
hello 
hello 
hello 
hello 
hello 
hello 
hello 
hello 
hello 
hello 
hello 
hello 
hello 
hello 
hello 
hello 
hello 
hello 
hello 
hello 
hello 
hello 
hello 
hello 
hello 
hello 
hello 
hello 
hello 
hello 
hello 
hello 
hello 
hello 
hello 
hello 
hello 
hello 
hello 
hello 
hello 
hello 
hello 
hello 
hello 
hello 
hello 
hello 
hello 
hello 
hello 
hello 
hello 
hello 
hello 
hello 
hello 
hello 
hello 
hello 
hello 
hello 
hello 
hello 
hello 
hello 
hello 
hello 
hello 
hello 
hello 
hello 
hello 
hello 
hello 
hello 
hello 
hello 
hello 
hello 
hello 
hello 
hello 
hello 
hello 
hello 
hello 
hello 
hello 
hello 
hello 
hello 
hello 
hello 
hello 
hello 
hello 
hello 
hello 
hello 
hello 
hello 
hello 
hello 
hello 
hello 
hello 
hello 
hello 
hello 
hello 
hello 
hello 
hello 
hello 
hello 
hello 
hello 
hello 
hello 
hello 
hello 
hello 
hello 
hello 
hello 
hello 
hello 
hello 
hello 
hello 
hello 
hello 
hello 
hello 
hello 
hello 
hello 
hello 
hello 
hello 
hello 
hello 
hello 
hello 
hello 
hello 
hello 
hello 
hello 
hello 
hello 
hello 
hello 
hello 
hello 
hello 
hello 
hello 
hello 
hello 
hello 
hello 
hello 
hello 
hello 
hello 
hello 
hello 
hello 
hello 
hello 
hello 
hello 
hello 
hello 
hello 
hello 
hello 
hello 
hello 
hello 
hello 
hello 
hello 
hello 
hello 
hello 
hello 
hello 
hello 
hello 
hello 
hello 
hello 
hello 
hello 
hello 
hello 
hello 
hello 
hello 
hello 
hello 
hello 
hello 
hello 
hello 
hello 
hello 
hello 
hello 
hello 
hello 
hello 
hello 
hello 
hello 
hello 
hello 
hello 
hello 
hello 
hello 
hello 
hello 
hello 
hello 
hello 
hello 
hello 
hello 
hello 
hello 
hello 
hello 
hello 
hello 
hello 
hello 
hello 
hello 
hello 
hello 
hello 
hello 
hello 
hello 
hello 
hello 
hello 
hello 
hello 
hello 
hello 
hello 
hello 
hello 
hello 
hello 
hello 
hello 
hello 
hello 
hello 
hello 
hello 
hello 
hello 
hello 
hello 
hello 
hello 
hello 
hello 
hello 
hello 
hello 
hello 
hello 
hello 
hello 
hello 
hello 
hello 
hello 
hello 
hello 
hello 
hello 
hello 
hello 
hello 
hello 
hello 
hello 
hello 
hello 
hello 
hello 
hello 
hello 
hello 
hello 
hello 
hello 
hello 
hello 
hello 
hello 
hello 
hello 
hello 
hello 
hello 
hello 
hello 
hello 
hello 
hello 
hello 
hello 
hello 
hello 
hello 
hello 
hello 
hello 
hello 
hello 
hello 
hello 
hello 
hello 
hello 
hello 
hello 
hello 
hello 
hello 
hello 
hello 
hello 
hello 
hello 
hello 
hello 
hello 
hello 
hello 
hello 
hello 
hello 
hello 
hello 
hello 
hello 
hello 
hello 
hello 
hello 
hello 
hello 
hello 
hello 
hello 
hello 
hello 
hello 
hello 
hello 
hello 
hello 
hello 
hello 
hello 
hello 
hello 
hello 
hello 
hello 
hello 
hello 
hello 
hello 
hello 
hello 
hello 
hello 
hello 
hello 
hello 
hello 
hello 
hello 
hello 
hello 
hello 
hello 
hello 
hello 
hello 
hello 
hello 
hello 
hello 
hello 
hello 
hello 
hello 
hello 
hello 
hello 
hello 
hello 
hello 
hello 
hello 
hello 
hello 
hello 
hello 
hello 
hello 
hello 
hello 
hello 
hello 
hello 
hello 
hello 
hello 
hello 
hello 
hello 
hello 
hello 
hello 
hello 
hello 
hello 
hello 
hello 
hello 
hello 
hello 
hello 
hello 
hello 
hello 
hello 
hello 
hello 
hello 
hello 
hello 
hello 
hello 
hello 
hello 
hello 
hello 
hello 
hello 
hello 
hello 
hello 
hello 
hello 
hello 
hello 
hello 
hello 
hello 
hello 
hello 
hello 
hello 
hello 
hello 
hello 
hello 
hello 
hello 
hello 
hello 
hello 
hello 
hello 
hello 
hello 
hello 
hello 
hello 
hello 
hello 
hello 
hello 
hello 
hello 
hello 
hello 
hello 
hello 
hello 
hello 
hello 
hello 
hello 
hello 
hello 
hello 
hello 
hello 
hello 
hello 
hello 
hello 
hello 
hello 
hello 
hello 
hello 
hello 
hello 
hello 
hello 
hello 
hello 
hello 
hello 
hello 
hello 
hello 
hello 
hello 
hello 
hello 
hello 
hello 
hello 
hello 
hello 
hello 
hello 
hello 
hello 
hello 
hello 
hello 
hello 
hello 
hello 
hello 
hello 
hello 
hello 
hello 
hello 
hello 
hello 
hello 
hello 
hello 
hello 
hello 
hello 
hello 
hello 
hello 
hello 
hello 
hello 
hello 
hello 
hello 
hello 
hello 
hello 
hello 
hello 
hello 
hello 
hello 
hello 
hello 
hello 
hello 
hello 
hello 
hello 
hello 
hello 
hello 
hello 
hello 
hello 
hello 
hello 
hello 
hello 
hello 
hello 
hello 
hello 
hello 
hello 
hello 
hello 
hello 
hello 
hello 
hello 
hello 
hello 
hello 
hello 
hello 
hello 
hello 
hello 
hello 
hello 
hello 
hello 
hello 
hello 
hello 
hello 
hello 
hello 
hello 
hello 
hello 
hello 
hello 
hello 
hello 
hello 
hello 
hello 
hello 
hello 
hello 
hello 
hello 
hello 
hello 
hello 
hello 
hello 
hello 
hello 
hello 
hello 
hello 
hello 
hello 
hello 
hello 
hello 
hello 
hello 
hello 
hello 
hello 
hello 
hello 
hello 
hello 
hello 
hello 
hello 
hello 
hello 
hello 
hello 
hello 
hello 
hello 
hello 
hello 
hello 
hello 
hello 
hello 
hello 
hello 
hello 
hello 
hello 
hello 
hello 
hello 
hello 
hello 
hello 
hello 
hello 
hello 
hello 
hello 
hello 
hello 
hello 
hello 
hello 
hello 
hello 
hello 
hello 
hello 
hello 
hello 
hello 
hello 
hello 
hello 
hello 
hello 
hello 
hello 
hello 
hello 
hello 
hello 
hello 
hello 
hello 
hello 
hello 
hello 
hello 
hello 
hello 
hello 
hello 
hello 
hello 
hello 
hello 
hello 
hello 
hello 
hello 
hello 
hello 
hello 
hello 
hello 
hello 
hello 
hello 
hello 
hello 
hello 
hello 
hello 
hello 
hello 
hello 
hello 
hello 
hello 
hello 
hello 
hello 
hello 
hello 
hello 
hello 
hello 
hello 
hello 
hello 
hello 
hello 
hello 
hello 
hello 
hello 
hello 
hello 
hello 
hello 
hello 
hello 
hello 
hello 
hello 
hello 
hello 
hello 
hello 
hello 
hello 
hello 
hello 
hello 
hello 
hello 
hello 
hello 
hello 
hello 
hello 
hello 
hello 
hello 
hello 
hello 
hello 
hello 
hello 
hello 
hello 
hello 
hello 
hello 
hello 
hello 
hello 
hello 
hello 
hello 
hello 
hello 
hello 
hello 
hello 
hello 
hello 
hello 
hello 
hello 
hello 
hello 
hello 
hello 
hello 
hello 
hello 
hello 
hello 
hello 
hello 
hello 
hello 
hello 
hello 
hello 
hello 
hello 
hello 
hello 
hello 
hello 
hello 
hello 
hello 
hello 
hello 
hello 
hello 
hello 
hello 
hello 
hello 
hello 
hello 
hello 
hello 
hello 
hello 
hello 
hello 
hello 
hello 
hello 
hello 
hello 
hello 
hello 
hello 
hello 
hello 
hello 
hello 
hello 
hello 
hello 
hello 
hello 
hello 
hello 
hello 
hello 
hello 
hello 
hello 
hello 
hello 
hello 
hello 
hello 
hello 
hello 
hello 
hello 
hello 
hello 
hello 
hello 
hello 
hello 
hello 
hello 
hello 
hello 
hello 
hello 
hello 
hello 
hello 
hello 
hello 
hello 
hello 
hello 
hello 
hello 
hello 
hello 
hello 
hello 
hello 
hello 
hello 
hello 
hello 
hello 
hello 
hello 
hello 
hello 
hello 
hello 
hello 
hello 
hello 
hello 
hello 
hello 
hello 
hello 
hello 
hello 
hello 
hello 
hello 
hello 
hello 
hello 
hello 
hello 
hello 
hello 
hello 
hello 
hello 
hello 
hello 
hello 
hello 
hello 
hello 
hello 
hello 
hello 
hello 
hello 
hello 
hello 
hello 
hello 
hello 
hello 
hello 
hello 
hello 
hello 
hello 
hello 
hello 
hello 
hello 
hello 
hello 
hello 
hello 
hello 
hello 
hello 
hello 
hello 
hello 
hello 
hello 
hello 
hello 
hello 
hello 
hello 
hello 
hello 
hello 
hello 
hello 
hello 
hello 
hello 
hello 
hello 
hello 
hello 
hello 
hello 
hello 
hello 
hello 
hello 
hello 
hello 
hello 
hello 
hello 
hello 
hello 
hello 
hello 
hello 
hello 
hello 
hello 
hello 
hello 
hello 
hello 
hello 
hello 
hello 
hello 
hello 
hello 
hello 
hello 
hello 
hello 
hello 
hello 
hello 
hello 
hello 
hello 
hello 
hello 
hello 
hello 
hello 
hello 
hello 
hello 
hello 
hello 
hello 
hello 
hello 
hello 
hello 
hello 
hello 
hello 
hello 
hello 
hello 
hello 
hello 
hello 
hello 
hello 
hello 
hello 
hello 
hello 
hello 
hello 
hello 
hello 
hello 
hello 
hello 
hello 
hello 
hello 
hello 
hello 
hello 
hello 
hello 
hello 
hello 
hello 
hello 
hello 
hello 
hello 
hello 
hello 
hello 
hello 
hello 
hello 
hello 
hello 
hello 
hello 
hello 
hello 
hello 
hello 
hello 
hello 
hello 
hello 
hello 
hello 
hello 
hello 
hello 
hello 
hello 
hello 
hello 
hello 
hello 
hello 
hello 
hello 
hello 
hello 
hello 
hello 
hello 
hello 
hello 
hello 
hello 
hello 
hello 
hello 
hello 
hello 
hello 
hello 
hello 
hello 
hello 
hello 
hello 
hello 
hello 
hello 
hello 
hello 
hello 
hello 
hello 
hello 
hello 
hello 
hello 
hello 
hello 
hello 
hello 
hello 
hello 
hello 
hello 
hello 
hello 
hello 
hello 
hello 
hello 
hello 
hello 
hello 
hello 
hello 
hello 
hello 
hello 
hello 
hello 
hello 
hello 
hello 
hello 
hello 
hello 
hello 
hello 
hello 
hello 
hello 
hello 
hello 
hello 
hello 
hello 
hello 
hello 
hello 
hello 
hello 
hello 
hello 
hello 
hello 
hello 
hello 
hello 
hello 
hello 
hello 
hello 
hello 
hello 
hello 
hello 
hello 
hello 
hello 
hello 
hello 
hello 
hello 
hello 
hello 
hello 
hello 
hello 
hello 
hello 
hello 
hello 
hello 
hello 
hello 
hello 
hello 
hello 
hello 
hello 
hello 
hello 
hello 
hello 
hello 
hello 
hello 
hello 
hello 
hello 
hello 
hello 
hello 
hello 
hello 
hello 
hello 
hello 
hello 
hello 
hello 
hello 
hello 
hello 
hello 
hello 
hello 
hello 
hello 
hello 
hello 
hello 
hello 
hello 
hello 
hello 
hello 
hello 
hello 
hello 
hello 
hello 
hello 
hello 
hello 
hello 
hello 
hello 
hello 
hello 
hello 
hello 
hello 
hello 
hello 
hello 
hello 
hello 
hello 
hello 
hello 
hello 
hello 
hello 
hello 
hello 
hello 
hello 
hello 
hello 
hello 
hello 
hello 
hello 
hello 
hello 
hello 
hello 
hello 
hello 
hello 
hello 
hello 
hello 
hello 
hello 
hello 
hello 
hello 
hello 
hello 
hello 
hello 
hello 
hello 
hello 
hello 
hello 
hello 
hello 
hello 
hello 
hello 
hello 
hello 
hello 
hello 
hello 
hello 
hello 
hello 
hello 
hello 
hello 
hello 
hello 
hello 
hello 
hello 
hello 
hello 
hello 
hello 
hello 
hello 
hello 
hello 
hello 
hello 
hello 
hello 
hello 
hello 
hello 
hello 
hello 
hello 
hello 
hello 
hello 
hello 
hello 
hello 
hello 
hello 
hello 
hello 
hello 
hello 
hello 
hello 
hello 
hello 
hello 
hello 
hello 
hello 
hello 
hello 
hello 
hello 
hello 
hello 
hello 
hello 
hello 
hello 
hello 
hello 
hello 
hello 
hello 
hello 
hello 
hello 
hello 
hello 
hello 
hello 
hello 
hello 
hello 
hello 
hello 
hello 
hello 
hello 
hello 
hello 
hello 
hello 
hello 
hello 
hello 
hello 
hello 
hello 
hello 
hello 
hello 
hello 
hello 
hello 
hello 
hello 
hello 
hello 
hello 
hello 
hello 
hello 
hello 
hello 
hello 
hello 
hello 
hello 
hello 
hello 
hello 
hello 
hello 
hello 
hello 
hello 
hello 
hello 
hello 
hello 
hello 
hello 
hello 
hello 
hello 
hello 
hello 
hello 
hello 
hello 
hello 
hello 
hello 
hello 
hello 
hello 
hello 
hello 
hello 
hello 
hello 
hello 
hello 
hello 
hello 
hello 
hello 
hello 
hello 
hello 
hello 
hello 
hello 
hello 
hello 
hello 
hello 
hello 
hello 
hello 
hello 
hello 
hello 
hello 
hello 
hello 
hello 
hello 
hello 
hello 
hello 
hello 
hello 
hello 
hello 
hello 
hello 
hello 
hello 
hello 
hello 
hello 
hello 
hello 
hello 
hello 
hello 
hello 
hello 
hello 
hello 
hello 
hello 
hello 
hello 
hello 
hello 
hello 
hello 
hello 
hello 
hello 
hello 
hello 
hello 
hello 
hello 
hello 
hello 
hello 
hello 
hello 
hello 
hello 
hello 
hello 
hello 
hello 
hello 
hello 
hello 
hello 
hello 
hello 
hello 
hello 
hello 
hello 
hello 
hello 
hello 
hello 
hello 
hello 
hello 
hello 
hello 
hello 
hello 
hello 
hello 
hello 
hello 
hello 
hello 
hello 
hello 
hello 
hello 
hello 
hello 
hello 
hello 
hello 
hello 
hello 
hello 
hello 
hello 
hello 
hello 
hello 
hello 
hello 
hello 
hello 
hello 
hello 
hello 
hello 
hello 
hello 
hello 
hello 
hello 
hello 
hello 
hello 
hello 
hello 
hello 
hello 
hello 
hello 
hello 
hello 
hello 
hello 
hello 
hello 
hello 
hello 
hello 
hello 
hello 
hello 
hello 
hello 
hello 
hello 
hello 
hello 
hello 
hello 
hello 
hello 
hello 
hello 
hello 
hello 
hello 
hello 
hello 
hello 
hello 
hello 
hello 
hello 
hello 
hello 
hello 
hello 
hello 
hello 
hello 
hello 
hello 
hello 
hello 
hello 
hello 
hello 
hello 
hello 
hello 
hello 
hello 
hello 
hello 
hello 
hello 
hello 
hello 
hello 
hello 
hello 
hello 
hello 
hello 
hello 
hello 
hello 
hello 
hello 
hello 
hello 
hello 
hello 
hello 
hello 
hello 
hello 
hello 
hello 
hello 
hello 
hello 
hello 
hello 
hello 
hello 
hello 
hello 
hello 
hello 
hello 
hello 
hello 
hello 
hello 
hello 
hello 
hello 
hello 
hello 
hello 
hello 
hello 
hello 
hello 
hello 
hello 
hello 
hello 
hello 
hello 
hello 
hello 
hello 
hello 
hello 
hello 
hello 
hello 
hello 
hello 
hello 
hello 
hello 
hello 
hello 
hello 
hello 
hello 
hello 
hello 
hello 
hello 
hello 
hello 
hello 
hello 
hello 
hello 
hello 
hello 
hello 
hello 
hello 
hello 
hello 
hello 
hello 
hello 
hello 
hello 
hello 
hello 
hello 
hello 
hello 
hello 
hello 
hello 
hello 
hello 
hello 
hello 
hello 
hello 
hello 
hello 
hello 
hello 
hello 
hello 
hello 
hello 
hello 
hello 
hello 
hello 
hello 
hello 
hello 
hello 
hello 
hello 
hello 
hello 
hello 
hello 
hello 
hello 
hello 
hello 
hello 
hello 
hello 
hello 
hello 
hello 
hello 
hello 
hello 
hello 
hello 
hello 
hello 
hello 
hello 
hello 
hello 
hello 
hello 
hello 
hello 
hello 
hello 
hello 
hello 
hello 
hello 
hello 
hello 
hello 
hello 
hello 
hello 
hello 
hello 
hello 
hello 
hello 
hello 
hello 
hello 
hello 
hello 
hello 
hello 
hello 
hello 
hello 
hello 
hello 
hello 
hello 
hello 
hello 
hello 
hello 
hello 
hello 
hello 
hello 
hello 
hello 
hello 
hello 
hello 
hello 
hello 
hello 
hello 
hello 
hello 
hello 
hello 
hello 
hello 
hello 
hello 
hello 
hello 
hello 
hello 
hello 
hello 
hello 
hello 
hello 
hello 
hello 
hello 
hello 
hello 
hello 
hello 
hello 
hello 
hello 
hello 
hello 
hello 
hello 
hello 
hello 
hello 
hello 
hello 
hello 
hello 
hello 
hello 
hello 
hello 
hello 
hello 
hello 
hello 
hello 
hello 
hello 
hello 
hello 
hello 
hello 
hello 
hello 
hello 
hello 
hello 
hello 
hello 
hello 
hello 
hello 
hello 
hello 
hello 
hello 
hello 
hello 
hello 
hello 
hello 
hello 
hello 
hello 
hello 
hello 
hello 
hello 
hello 
hello 
hello 
hello 
hello 
hello 
hello 
hello 
hello 
hello 
hello 
hello 
hello 
hello 
hello 
hello 
hello 
hello 
hello 
hello 
hello 
hello 
hello 
hello 
hello 
hello 
hello 
hello 
hello 
hello 
hello 
hello 
hello 
hello 
hello 
hello 
hello 
hello 
hello 
hello 
hello 
hello 
hello 
hello 
hello 
hello 
hello 
hello 
hello 
hello 
hello 
hello 
hello 
hello 
hello 
hello 
hello 
hello 
hello 
hello 
hello 
hello 
hello 
hello 
hello 
hello 
hello 
hello 
hello 
hello 
hello 
hello 
hello 
hello 
hello 
hello 
hello 
hello 
hello 
hello 
hello 
hello 
hello 
hello 
hello 
hello 
hello 
hello 
hello 
hello 
hello 
hello 
hello 
hello 
hello 
hello 
hello 
hello 
hello 
hello 
hello 
hello 
hello 
hello 
hello 
hello 
hello 
hello 
hello 
hello 
hello 
hello 
hello 
hello 
hello 
hello 
hello 
hello 
hello 
hello 
hello 
hello 
hello 
hello 
hello 
hello 
hello 
hello 
hello 
hello 
hello 
hello 
hello 
hello 
hello 
hello 
hello 
hello 
hello 
hello 
hello 
hello 
hello 
hello 
hello 
hello 
hello 
hello 
hello 
hello 
hello 
hello 
hello 
hello 
hello 
hello 
hello 
hello 
hello 
hello 
hello 
hello 
hello 
hello 
hello 
hello 
hello 
hello 
hello 
hello 
hello 
hello 
hello 
hello 
hello 
hello 
hello 
hello 
hello 
hello 
hello 
hello 
hello 
hello 
hello 
hello 
hello 
hello 
hello 
hello 
hello 
hello 
hello 
hello 
hello 
hello 
hello 
hello 
hello 
hello 
hello 
hello 
hello 
hello 
hello 
hello 
hello 
hello 
hello 
hello 
hello 
hello 
hello 
hello 
hello 
hello 
hello 
hello 
hello 
hello 
hello 
hello 
hello 
hello 
hello 
hello 
hello 
hello 
hello 
hello 
hello 
hello 
hello 
hello 
hello 
hello 
hello 
hello 
hello 
hello 
hello 
hello 
hello 
hello 
hello 
hello 
hello 
hello 
hello 
hello 
hello 
hello 
hello 
hello 
hello 
hello 
hello 
hello 
hello 
hello 
hello 
hello 
hello 
hello 
hello 
hello 
hello 
hello 
hello 
hello 
hello 
hello 
hello 
hello 
hello 
hello 
hello 
hello 
hello 
hello 
hello 
hello 
hello 
hello 
hello 
hello 
hello 
hello 
hello 
hello 
hello 
hello 
hello 
hello 
hello 
hello 
hello 
hello 
hello 
hello 
hello 
hello 
hello 
hello 
hello 
hello 
hello 
hello 
hello 
hello 
hello 
hello 
hello 
hello 
hello 
hello 
hello 
hello 
hello 
hello 
hello 
hello 
hello 
hello 
hello 
hello 
hello 
hello 
hello 
hello 
hello 
hello 
hello 
hello 
hello 
hello 
hello 
hello 
hello 
hello 
hello 
hello 
hello 
hello 
hello 
hello 
hello 
hello 
hello 
hello 
hello 
hello 
hello 
hello 
hello 
hello 
hello 
hello 
hello 
hello 
hello 
hello 
hello 
hello 
hello 
hello 
hello 
hello 
hello 
hello 
hello 
hello 
hello 
hello 
hello 
hello 
hello 
hello 
hello 
hello 
hello 
hello 
hello 
hello 
hello 
hello 
hello 
hello 
hello 
hello 
hello 
hello 
hello 
hello 
hello 
hello 
hello 
hello 
hello 
hello 
hello 
hello 
hello 
hello 
hello 
hello 
hello 
hello 
hello 
hello 
hello 
hello 
hello 
hello 
hello 
hello 
hello 
hello 
hello 
hello 
hello 
hello 
hello 
hello 
hello 
hello 
hello 
hello 
hello 
hello 
hello 
hello 
hello 
hello 
hello 
hello 
hello 
hello 
hello 
hello 
hello 
hello 
hello 
hello 
hello 
hello 
hello 
hello 
hello 
hello 
hello 
hello 
hello 
hello 
hello 
hello 
hello 
hello 
hello 
hello 
hello 
hello 
hello 
hello 
hello 
hello 
hello 
hello 
hello 
hello 
hello 
hello 
hello 
hello 
hello 
hello 
hello 
hello 
hello 
hello 
hello 
hello 
hello 
hello 
hello 
hello 
hello 
hello 
hello 
hello 
hello 
hello 
hello 
hello 
hello 
hello 
hello 
hello 
hello 
hello 
hello 
hello 
hello 
hello 
hello 
hello 
hello 
hello 
hello 
hello 
hello 
hello 
hello 
hello 
hello 
hello 
hello 
hello 
hello 
hello 
hello 
hello 
hello 
hello 
hello 
hello 
hello 
hello 
hello 
hello 
hello 
hello 
hello 
hello 
hello 
hello 
hello 
hello 
hello 
hello 
hello 
hello 
hello 
hello 
hello 
hello 
hello 
hello 
hello 
hello 
hello 
hello 
hello 
hello 
hello 
hello 
hello 
hello 
hello 
hello 
hello 
hello 
hello 
hello 
hello 
hello 
hello 
hello 
hello 
hello 
hello 
hello 
hello 
hello 
hello 
hello 
hello 
hello 
hello 
hello 
hello 
hello 
hello 
hello 
hello 
hello 
hello 
hello 
hello 
hello 
hello 
hello 
hello 
hello 
hello 
hello 
hello 
hello 
hello 
hello 
hello 
hello 
hello 
hello 
hello 
hello 
hello 
hello 
hello 
hello 
hello 
hello 
hello 
hello 
hello 
hello 
hello 
hello 
hello 
hello 
hello 
hello 
hello 
hello 
hello 
hello 
hello 
hello 
hello 
hello 
hello 
hello 
hello 
hello 
hello 
hello 
hello 
hello 
hello 
hello 
hello 
hello 
hello 
hello 
hello 
hello 
hello 
hello 
hello 
hello 
hello 
hello 
hello 
hello 
hello 
hello 
hello 
hello 
hello 
hello 
hello 
hello 
hello 
hello 
hello 
hello 
hello 
hello 
hello 
hello 
hello 
hello 
hello 
hello 
hello 
hello 
hello 
hello 
hello 
hello 
hello 
hello 
hello 
hello 
hello 
hello 
hello 
hello 
hello 
hello 
hello 
hello 
hello 
hello 
hello 
hello 
hello 
hello 
hello 
hello 
hello 
hello 
hello 
hello 
hello 
hello 
hello 
hello 
hello 
hello 
hello 
hello 
hello 
hello 
hello 
hello 
hello 
hello 
hello 
hello 
hello 
hello 
hello 
hello 
hello 
hello 
hello 
hello 
hello 
hello 
hello 
hello 
hello 
hello 
hello 
hello 
hello 
hello 
hello 
hello 
hello 
hello 
hello 
hello 
hello 
hello 
hello 
hello 
hello 
hello 
hello 
hello 
hello 
hello 
hello 
hello 
hello 
hello 
hello 
hello 
hello 
hello 
hello 
hello 
hello 
hello 
hello 
hello 
hello 
hello 
hello 
hello 
hello 
hello 
hello 
hello 
hello 
hello 
hello 
hello 
hello 
hello 
hello 
hello 
hello 
hello 
hello 
hello 
hello 
hello 
hello 
hello 
hello 
hello 
hello 
hello 
hello 
hello 
hello 
hello 
hello 
hello 
hello 
hello 
hello 
hello 
hello 
hello 
hello 
hello 
hello 
hello 
hello 
hello 
hello 
hello 
hello 
hello 
hello 
hello 
hello 
hello 
hello 
hello 
hello 
hello 
hello 
hello 
hello 
hello 
hello 
hello 
hello 
hello 
hello 
hello 
hello 
hello 
hello 
hello 
hello 
hello 
hello 
hello 
hello 
hello 
hello 
hello 
hello 
hello 
hello 
hello 
hello 
hello 
hello 
hello 
hello 
hello 
hello 
hello 
hello 
hello 
hello 
hello 
hello 
hello 
hello 
hello 
hello 
hello 
hello 
hello 
hello 
hello 
hello 
hello 
hello 
hello 
hello 
hello 
hello 
hello 
hello 
hello 
hello 
hello 
hello 
hello 
hello 
hello 
hello 
hello 
hello 
hello 
hello 
hello 
hello 
hello 
hello 
hello 
hello 
hello 
hello 
hello 
hello 
hello 
hello 
hello 
hello 
hello 
hello 
hello 
hello 
hello 
hello 
hello 
hello 
hello 
hello 
hello 
hello 
hello 
hello 
hello 
hello 
hello 
hello 
hello 
hello 
hello 
hello 
hello 
hello 
hello 
hello 
hello 
hello 
hello 
hello 
hello 
hello 
hello 
hello 
hello 
hello 
hello 
hello 
hello 
hello 
hello 
hello 
hello 
hello 
hello 
hello 
hello 
hello 
hello 
hello 
hello 
hello 
hello 
hello 
hello 
hello 
hello 
hello 
hello 
hello 
hello 
hello 
hello 
hello 
hello 
hello 
hello 
hello 
hello 
hello 
hello 
hello 
hello 
hello 
hello 
hello 
hello 
hello 
hello 
hello 
hello 
hello 
hello 
hello 
hello 
hello 
hello 
hello 
hello 
hello 
hello 
hello 
hello 
hello 
hello 
hello 
hello 
hello 
hello 
hello 
hello 
hello 
hello 
hello 
hello 
hello 
hello 
hello 
hello 
hello 
hello 
hello 
hello 
hello 
hello 
hello 
hello 
hello 
hello 
hello 
hello 
hello 
hello 
hello 
hello 
hello 
hello 
hello 
hello 
hello 
hello 
hello 
hello 
hello 
hello 
hello 
hello 
hello 
hello 
hello 
hello 
hello 
hello 
hello 
hello 
hello 
hello 
hello 
hello 
hello 
hello 
hello 
hello 
hello 
hello 
hello 
hello 
hello 
hello 
hello 
hello 
hello 
hello 
hello 
hello 
hello 
hello 
hello 
hello 
hello 
hello 
hello 
hello 
hello 
hello 
hello 
hello 
hello 
hello 
hello 
hello 
hello 
hello 
hello 
hello 
hello 
hello 
hello 
hello 
hello 
hello 
hello 
hello 
hello 
hello 
hello 
hello 
hello 
hello 
hello 
hello 
hello 
hello 
hello 
hello 
hello 
hello 
hello 
hello 
hello 
hello 
hello 
hello 
hello 
hello 
hello 
hello 
hello 
hello 
hello 
hello 
hello 
hello 
hello 
hello 
hello 
hello 
hello 
hello 
hello 
hello 
hello 
hello 
hello 
hello 
hello 
hello 
hello 
hello 
hello 
hello 
hello 
hello 
hello 
hello 
hello 
hello 
hello 
hello 
hello 
hello 
hello 
hello 
hello 
hello 
hello 
hello 
hello 
hello 
hello 
hello 
hello 
hello 
hello 
hello 
hello 
hello 
hello 
hello 
hello 
hello 
hello 
hello 
hello 
hello 
hello 
hello 
hello 
hello 
hello 
hello 
hello 
hello 
hello 
hello 
hello 
hello 
hello 
hello 
hello 
hello 
hello 
hello 
hello 
hello 
hello 
hello 
hello 
hello 
hello 
hello 
hello 
hello 
hello 
hello 
hello 
hello 
hello 
hello 
hello 
hello 
hello 
hello 
hello 
hello 
hello 
hello 
hello 
hello 
hello 
hello 
hello 
hello 
hello 
hello 
hello 
hello 
hello 
hello 
hello 
hello 
hello 
hello 
hello 
hello 
hello 
hello 
hello 
hello 
hello 
hello 
hello 
hello 
hello 
hello 
hello 
hello 
hello 
hello 
hello 
hello 
hello 
hello 
hello 
hello 
hello 
hello 
hello 
hello 
hello 
hello 
hello 
hello 
hello 
hello 
hello 
hello 
hello 
hello 
hello 
hello 
hello 
hello 
hello 
hello 
hello 
hello 
hello 
hello 
hello 
hello 
hello 
hello 
hello 
hello 
hello 
hello 
hello 
hello 
hello 
hello 
hello 
hello 
hello 
hello 
hello 
hello 
hello 
hello 
hello 
hello 
hello 
hello 
hello 
hello 
hello 
hello 
hello 
hello 
hello 
hello 
hello 
hello 
hello 
hello 
hello 
hello 
hello 
hello 
hello 
hello 
hello 
hello 
hello 
hello 
hello 
hello 
hello 
hello 
hello 
hello 
hello 
hello 
hello 
hello 
hello 
hello 
hello 
hello 
hello 
hello 
hello 
hello 
hello 
hello 
hello 
hello 
hello 
hello 
hello 
hello 
hello 
hello 
hello 
hello 
hello 
hello 
hello 
hello 
hello 
hello 
hello 
hello 
hello 
hello 
hello 
hello 
hello 
hello 
hello 
hello 
hello 
hello 
hello 
hello 
hello 
hello 
hello 
hello 
hello 
hello 
hello 
hello 
hello 
hello 
hello 
hello 
hello 
hello 
hello 
hello 
hello 
hello 
hello 
hello 
hello 
hello 
hello 
hello 
hello 
hello 
hello 
hello 
hello 
hello 
hello 
hello 
hello 
hello 
hello 
hello 
hello 
hello 
hello 
hello 
hello 
hello 
hello 
hello 
hello 
hello 
hello 
hello 
hello 
hello 
hello 
hello 
hello 
hello 
hello 
hello 
hello 
hello 
hello 
hello 
hello 
hello 
hello 
hello 
hello 
hello 
hello 
hello 
hello 
hello 
hello 
hello 
hello 
hello 
hello 
hello 
hello 
hello 
hello 
hello 
hello 
hello 
hello 
hello 
hello 
hello 
hello 
hello 
hello 
hello 
hello 
hello 
hello 
hello 
hello 
hello 
hello 
hello 
hello 
hello 
hello 
hello 
hello 
hello 
hello 
hello 
hello 
hello 
hello 
hello 
hello 
hello 
hello 
hello 
hello 
hello 
hello 
hello 
hello 
hello 
hello 
hello 
hello 
hello 
hello 
hello 
hello 
hello 
hello 
hello 
hello 
hello 
hello 
hello 
hello 
hello 
hello 
hello 
hello 
hello 
hello 
hello 
hello 
hello 
hello 
hello 
hello 
hello 
hello 
hello 
hello 
hello 
hello 
hello 
hello 
hello 
hello 
hello 
hello 
hello 
hello 
hello 
hello 
hello 
hello 
hello 
hello 
hello 
hello 
hello 
hello 
hello 
hello 
hello 
hello 
hello 
hello 
hello 
hello 
hello 
hello 
hello 
hello 
hello 
hello 
hello 
hello 
hello 
hello 
hello 
hello 
hello 
hello 
hello 
hello 
hello 
hello 
hello 
hello 
hello 
hello 
hello 
hello 
hello 
hello 
hello 
hello 
hello 
hello 
hello 
hello 
hello 
hello 
hello 
hello 
hello 
hello 
hello 
hello 
hello 
hello 
hello 
hello 
hello 
hello 
hello 
hello 
hello 
hello 
hello 
hello 
hello 
hello 
hello 
hello 
hello 
hello 
hello 
hello 
hello 
hello 
hello 
hello 
hello 
hello 
hello 
hello 
hello 
hello 
hello 
hello 
hello 
hello 
hello 
hello 
hello 
hello 
hello 
hello 
hello 
hello 
hello 
hello 
hello 
hello 
hello 
hello 
hello 
hello 
hello 
hello 
hello 
hello 
hello 
hello 
hello 
hello 
hello 
hello 
hello 
hello 
hello 
hello 
hello 
hello 
hello 
hello 
hello 
hello 
hello 
hello 
hello 
hello 
hello 
hello 
hello 
hello 
hello 
hello 
hello 
hello 
hello 
hello 
hello 
hello 
hello 
hello 
hello 
hello 
hello 
hello 
hello 
hello 
hello 
hello 
hello 
hello 
hello 
hello 
hello 
hello 
hello 
hello 
hello 
hello 
hello 
hello 
hello 
hello 
hello 
hello 
hello 
hello 
hello 
hello 
hello 
hello 
hello 
hello 
hello 
hello 
hello 
hello 
hello 
hello 
hello 
hello 
hello 
hello 
hello 
hello 
hello 
hello 
hello 
hello 
hello 
hello 
hello 
hello 
hello 
hello 
hello 
hello 
hello 
hello 
hello 
hello 
hello 
hello 
hello 
hello 
hello 
hello 
hello 
hello 
hello 
hello 
hello 
hello 
hello 
hello 
hello 
hello 
hello 
hello 
hello 
hello 
hello 
hello 
hello 
hello 
hello 
hello 
hello 
hello 
hello 
hello 
hello 
hello 
hello 
hello 
hello 
hello 
hello 
hello 
hello 
hello 
hello 
hello 
hello 
hello 
hello 
hello 
hello 
hello 
hello 
hello 
hello 
hello 
hello 
hello 
hello 
hello 
hello 
hello 
hello 
hello 
hello 
hello 
hello 
hello 
hello 
hello 
hello 
hello 
hello 
hello 
hello 
hello 
hello 
hello 
hello 
hello 
hello 
hello 
hello 
hello 
hello 
hello 
hello 
hello 
hello 
hello 
hello 
hello 
hello 
hello 
hello 
hello 
hello 
hello 
hello 
hello 
hello 
hello 
hello 
hello 
hello 
hello 
hello 
hello 
hello 
hello 
hello 
hello 
hello 
hello 
hello 
hello 
hello 
hello 
hello 
hello 
hello 
hello 
hello 
hello 
hello 
hello 
hello 
hello 
hello 
hello 
hello 
hello 
hello 
hello 
hello 
hello 
hello 
hello 
hello 
hello 
hello 
hello 
hello 
hello 
hello 
hello 
hello 
hello 
hello 
hello 
hello 
hello 
hello 
hello 
hello 
hello 
hello 
hello 
hello 
hello 
hello 
hello 
hello 
hello 
hello 
hello 
hello 
hello 
hello 
hello 
hello 
hello 
hello 
hello 
hello 
hello 
hello 
hello 
hello 
hello 
hello 
hello 
hello 
hello 
hello 
hello 
hello 
hello 
hello 
hello 
hello 
hello 
hello 
hello 
hello 
hello 
hello 
hello 
hello 
hello 
hello 
hello 
hello 
hello 
hello 
hello 
hello 
hello 
hello 
hello 
hello 
hello 
hello 
hello 
hello 
hello 
hello 
hello 
hello 
hello 
hello 
hello 
hello 
hello 
hello 
hello 
hello 
hello 
hello 
hello 
hello 
hello 
hello 
hello 
hello 
hello 
hello 
hello 
hello 
hello 
hello 
hello 
hello 
hello 
hello 
hello 
hello 
hello 
hello 
hello 
hello 
hello 
hello 
hello 
hello 
hello 
hello 
hello 
hello 
hello 
hello 
hello 
hello 
hello 
hello 
hello 
hello 
hello 
hello 
hello 
hello 
hello 
hello 
hello 
hello 
hello 
hello 
hello 
hello 
hello 
hello 
hello 
hello 
hello 
hello 
hello 
hello 
hello 
hello 
hello 
hello 
hello 
hello 
hello 
hello 
hello 
hello 
hello 
hello 
hello 
hello 
hello 
hello 
hello 
hello 
hello 
hello 
hello 
hello 
hello 
hello 
hello 
hello 
hello 
hello 
hello 
hello 
hello 
hello 
hello 
hello 
hello 
hello 
hello 
hello 
hello 
hello 
hello 
hello 
hello 
hello 
hello 
hello 
hello 
hello 
hello 
hello 
hello 
hello 
hello 
hello 
hello 
hello 
hello 
hello 
hello 
hello 
hello 
hello 
hello 
hello 
hello 
hello 
hello 
hello 
hello 
hello 
hello 
hello 
hello 
hello 
hello 
hello 
hello 
hello 
hello 
hello 
hello 
hello 
hello 
hello 
hello 
hello 
hello 
hello 
hello 
hello 
hello 
hello 
hello 
hello 
hello 
hello 
hello 
hello 
hello 
hello 
hello 
hello 
hello 
hello 
hello 
hello 
hello 
hello 
hello 
hello 
hello 
hello 
hello 
hello 
hello 
hello 
hello 
hello 
hello 
hello 
hello 
hello 
hello 
hello 
hello 
hello 
hello 
hello 
hello 
hello 
hello 
hello 
hello 
hello 
hello 
hello 
hello 
hello 
hello 
hello 
hello 
hello 
hello 
hello 
hello 
hello 
hello 
hello 
hello 
hello 
hello 
hello 
hello 
hello 
hello 
hello 
hello 
hello 
hello 
hello 
hello 
hello 
hello 
hello 
hello 
hello 
hello 
hello 
hello 
hello 
hello 
hello 
hello 
hello 
hello 
hello 
hello 
hello 
hello 
hello 
hello 
hello 
hello 
hello 
hello 
hello 
hello 
hello 
hello 
hello 
hello 
hello 
hello 
hello 
hello 
hello 
hello 
hello 
hello 
hello 
hello 
hello 
hello 
hello 
hello 
hello 
hello 
hello 
hello 
hello 
hello 
hello 
hello 
hello 
hello 
hello 
hello 
hello 
hello 
hello 
hello 
hello 
hello 
hello 
hello 
hello 
hello 
hello 
hello 
hello 
hello 
hello 
hello 
hello 
hello 
hello 
hello 
hello 
hello 
hello 
hello 
hello 
hello 
hello 
hello 
hello 
hello 
hello 
hello 
hello 
hello 
hello 
hello 
hello 
hello 
hello 
hello 
hello 
hello 
hello 
hello 
hello 
hello 
hello 
hello 
hello 
hello 
hello 
hello 
hello 
hello 
hello 
hello 
hello 
hello 
hello 
hello 
hello 
hello 
hello 
hello 
hello 
hello 
hello 
hello 
hello 
hello 
hello 
hello 
hello 
hello 
hello 
hello 
hello 
hello 
hello 
hello 
hello 
hello 
hello 
hello 
hello 
hello 
hello 
hello 
hello 
hello 
hello 
hello 
hello 
hello 
hello 
hello 
hello 
hello 
hello 
hello 
hello 
hello 
hello 
hello 
hello 
hello 
hello 
hello 
hello 
hello 
hello 
hello 
hello 
hello 
hello 
hello 
hello 
hello 
hello 
hello 
hello 
hello 
hello 
hello 
hello 
hello 
hello 
hello 
hello 
hello 
hello 
hello 
hello 
hello 
hello 
hello 
hello 
hello 
hello 
hello 
hello 
hello 
hello 
hello 
hello 
hello 
hello 
hello 
hello 
hello 
hello 
hello 
hello 
hello 
hello 
hello 
hello 
hello 
hello 
hello 
hello 
hello 
hello 
hello 
hello 
hello 
hello 
hello 
hello 
hello 
hello 
hello 
hello 
hello 
hello 
hello 
hello 
hello 
hello 
hello 
hello 
hello 
hello 
hello 
hello 
hello 
hello 
hello 
hello 
hello 
hello 
hello 
hello 
hello 
hello 
hello 
hello 
hello 
hello 
hello 
hello 
hello 
hello 
hello 
hello 
hello 
hello 
hello 
hello 
hello 
hello 
hello 
hello 
hello 
hello 
hello 
hello 
hello 
hello 
hello 
hello 
hello 
hello 
hello 
hello 
hello 
hello 
hello 
hello 
hello 
hello 
hello 
hello 
hello 
hello 
hello 
hello 
hello 
hello 
hello 
hello 
hello 
hello 
hello 
hello 
hello 
hello 
hello 
hello 
hello 
hello 
hello 
hello 
hello 
hello 
hello 
hello 
hello 
hello 
hello 
hello 
hello 
hello 
hello 
hello 
hello 
hello 
hello 
hello 
hello 
hello 
hello 
hello 
hello 
hello 
hello 
hello 
hello 
hello 
hello 
hello 
hello 
hello 
hello 
hello 
hello 
hello 
hello 
hello 
hello 
hello 
hello 
hello 
hello 
hello 
hello 
hello 
hello 
hello 
hello 
hello 
hello 
hello 
hello 
hello 
hello 
hello 
hello 
hello 
hello 
hello 
hello 
hello 
hello 
hello 
hello 
hello 
hello 
hello 
hello 
hello 
hello 
hello 
hello 
hello 
hello 
hello 
hello 
hello 
hello 
hello 
hello 
hello 
hello 
hello 
hello 
hello 
hello 
hello 
hello 
hello 
hello 
hello 
hello 
hello 
hello 
hello 
hello 
hello 
hello 
hello 
hello 
hello 
hello 
hello 
hello 
hello 
hello 
hello 
hello 
hello 
hello 
hello 
hello 
hello 
hello 
hello 
hello 
hello 
hello 
hello 
hello 
hello 
hello 
hello 
hello 
hello 
hello 
hello 
hello 
hello 
hello 
hello 
hello 
hello 
hello 
hello 
hello 
hello 
hello 
hello 
hello 
hello 
hello 
hello 
hello 
hello 
hello 
hello 
hello 
hello 
hello 
hello 
hello 
hello 
hello 
hello 
hello 
hello 
hello 
hello 
hello 
hello 
hello 
hello 
hello 
hello 
hello 
hello 
hello 
hello 
hello 
hello 
hello 
hello 
hello 
hello 
hello 
hello 
hello 
hello 
hello 
hello 
hello 
hello 
hello 
hello 
hello 
hello 
hello 
hello 
hello 
hello 
hello 
hello 
hello 
hello 
hello 
hello 
hello 
hello 
hello 
hello 
hello 
hello 
hello 
hello 
hello 
hello 
hello 
hello 
hello 
hello 
hello 
hello 
hello 
hello 
hello 
hello 
hello 
hello 
hello 
hello 
hello 
hello 
hello 
hello 
hello 
hello 
hello 
hello 
hello 
hello 
hello 
hello 
hello 
hello 
hello 
hello 
hello 
hello 
hello 
hello 
hello 
hello 
hello 
hello 
hello 
hello 
hello 
hello 
hello 
hello 
hello 
hello 
hello 
hello 
hello 
hello 
hello 
hello 
hello 
hello 
hello 
hello 
hello 
hello 
hello 
hello 
hello 
hello 
hello 
hello 
hello 
hello 
hello 
hello 
hello 
hello 
hello 
hello 
hello 
hello 
hello 
hello 
hello 
hello 
hello 
hello 
hello 
hello 
hello 
hello 
hello 
hello 
hello 
hello 
hello 
hello 
hello 
hello 
hello 
hello 
hello 
hello 
hello 
hello 
hello 
hello 
hello 
hello 
hello 
hello 
hello 
hello 
hello 
hello 
hello 
hello 
hello 
hello 
hello 
hello 
hello 
hello 
hello 
hello 
hello 
hello 
hello 
hello 
hello 
hello 
hello 
hello 
hello 
hello 
hello 
hello 
hello 
hello 
hello 
hello 
hello 
hello 
hello 
hello 
hello 
hello 
hello 
hello 
hello 
hello 
hello 
hello 
hello 
hello 
hello 
hello 
hello 
hello 
hello 
hello 
hello 
hello 
hello 
hello 
hello 
hello 
hello 
hello 
hello 
hello 
hello 
hello 
hello 
hello 
hello 
hello 
hello 
hello 
hello 
hello 
hello 
hello 
hello 
hello 
hello 
hello 
hello 
hello 
hello 
hello 
hello 
hello 
hello 
hello 
hello 
hello 
hello 
hello 
hello 
hello 
hello 
hello 
hello 
hello 
hello 
hello 
hello 
hello 
hello 
hello 
hello 
hello 
hello 
hello 
hello 
hello 
hello 
hello 
hello 
hello 
hello 
hello 
hello 
hello 
hello 
hello 
hello 
hello 
hello 
hello 
hello 
hello 
hello 
hello 
hello 
hello 
hello 
hello 
hello 
hello 
hello 
hello 
hello 
hello 
hello 
hello 
hello 
hello 
hello 
hello 
hello 
hello 
hello 
hello 
hello 
hello 
hello 
hello 
hello 
hello 
hello 
hello 
hello 
hello 
hello 
hello 
hello 
hello 
hello 
hello 
hello 
hello 
hello 
hello 
hello 
hello 
hello 
hello 
hello 
hello 
hello 
hello 
hello 
hello 
hello 
hello 
hello 
hello 
hello 
hello 
hello 
hello 
hello 
hello 
hello 
hello 
hello 
hello 
hello 
hello 
hello 
hello 
hello 
hello 
hello 
hello 
hello 
hello 
hello 
hello 
hello 
hello 
hello 
hello 
hello 
hello 
hello 
hello 
hello 
hello 
hello 
hello 
hello 
hello 
hello 
hello 
hello 
hello 
hello 
hello 
hello 
hello 
hello 
hello 
hello 
hello 
hello 
hello 
hello 
hello 
hello 
hello 
hello 
hello 
hello 
hello 
hello 
hello 
hello 
hello 
hello 
hello 
hello 
hello 
hello 
hello 
hello 
hello 
hello 
hello 
hello 
hello 
hello 
hello 
hello 
hello 
hello 
hello 
hello 
hello 
hello 
hello 
hello 
hello 
hello 
hello 
hello 
hello 
hello 
hello 
hello 
hello 
hello 
hello 
hello 
hello 
hello 
hello 
hello 
hello 
hello 
hello 
hello 
hello 
hello 
hello 
hello 
hello 
hello 
hello 
hello 
hello 
hello 
hello 
hello 
hello 
hello 
hello 
hello 
hello 
hello 
hello 
hello 
hello 
hello 
hello 
hello 
hello 
hello 
hello 
hello 
hello 
hello 
hello 
hello 
hello 
hello 
hello 
hello 
hello 
hello 
hello 
hello 
hello 
hello 
hello 
hello 
hello 
hello 
hello 
hello 
hello 
hello 
hello 
hello 
hello 
hello 
hello 
hello 
hello 
hello 
hello 
hello 
hello 
hello 
hello 
hello 
hello 
hello 
hello 
hello 
hello 
hello 
hello 
hello 
hello 
hello 
hello 
hello 
hello 
hello 
hello 
hello 
hello 
hello 
hello 
hello 
hello 
hello 
hello 
hello 
hello 
hello 
hello 
hello 
hello 
hello 
hello 
hello 
hello 
hello 
hello 
hello 
hello 
hello 
hello 
hello 
hello 
hello 
hello 
hello 
hello 
hello 
hello 
hello 
hello 
hello 
hello 
hello 
hello 
hello 
hello 
hello 
hello 
hello 
hello 
hello 
hello 
hello 
hello 
hello 
hello 
hello 
hello 
hello 
hello 
hello 
hello 
hello 
hello 
hello 
hello 
hello 
hello 
hello 
hello 
hello 
hello 
hello 
hello 
hello 
hello 
hello 
hello 
hello 
hello 
hello 
hello 
hello 
hello 
hello 
hello 
hello 
hello 
hello 
hello 
hello 
hello 
hello 
hello 
hello 
hello 
hello 
hello 
hello 
hello 
hello 
hello 
hello 
hello 
hello 
hello 
hello 
hello 
hello 
hello 
hello 
hello 
hello 
hello 
hello 
hello 
hello 
hello 
hello 
hello 
hello 
hello 
hello 
hello 
hello 
hello 
hello 
hello 
hello 
hello 
hello 
hello 
hello 
hello 
hello 
hello 
hello 
hello 
hello 
hello 
hello 
hello 
hello 
hello 
hello 
hello 
hello 
hello 
hello 
hello 
hello 
hello 
hello 
hello 
hello 
hello 
hello 
hello 
hello 
hello 
hello 
hello 
hello 
hello 
hello 
hello 
hello 
hello 
hello 
hello 
hello 
hello 
hello 
hello 
hello 
hello 
hello 
hello 
hello 
hello 
hello 
hello 
hello 
hello 
hello 
hello 
hello 
hello 
hello 
hello 
hello 
hello 
hello 
hello 
hello 
hello 
hello 
hello 
hello 
hello 
hello 
hello 
hello 
hello 
hello 
hello 
hello 
hello 
hello 
hello 
hello 
hello 
hello 
hello 
hello 
hello 
hello 
hello 
hello 
hello 
hello 
hello 
hello 
hello 
hello 
hello 
hello 
hello 
hello 
hello 
hello 
hello 
hello 
hello 
hello 
hello 
hello 
hello 
hello 
hello 
hello 
hello 
hello 
hello 
hello 
hello 
hello 
hello 
hello 
hello 
hello 
hello 
hello 
hello 
hello 
hello 
hello 
hello 
hello 
hello 
hello 
hello 
hello 
hello 
hello 
hello 
hello 
hello 
hello 
hello 
hello 
hello 
hello 
hello 
hello 
hello 
hello 
hello 
hello 
hello 
hello 
hello 
hello 
hello 
hello 
hello 
hello 
hello 
hello 
hello 
hello 
hello 
hello 
hello 
hello 
hello 
hello 
hello 
hello 
hello 
hello 
hello 
hello 
hello 
hello 
hello 
hello 
hello 
hello 
hello 
hello 
hello 
hello 
hello 
hello 
hello 
hello 
hello 
hello 
hello 
hello 
hello 
hello 
hello 
hello 
hello 
hello 
hello 
hello 
hello 
hello 
hello 
hello 
hello 
hello 
hello 
hello 
hello 
hello 
hello 
hello 
hello 
hello 
hello 
hello 
hello 
hello 
hello 
hello 
hello 
hello 
hello 
hello 
hello 
hello 
hello 
hello 
hello 
hello 
hello 
hello 
hello 
hello 
hello 
hello 
hello 
hello 
hello 
hello 
hello 
hello 
hello 
hello 
hello 
hello 
hello 
hello 
hello 
hello 
hello 
hello 
hello 
hello 
hello 
hello 
hello 
hello 
hello 
hello 
hello 
hello 
hello 
hello 
hello 
hello 
hello 
hello 
hello 
hello 
hello 
hello 
hello 
hello 
hello 
hello 
hello 
hello 
hello 
hello 
hello 
hello 
hello 
hello 
hello 
hello 
hello 
hello 
hello 
hello 
hello 
hello 
hello 
hello 
hello 
hello 
hello 
hello 
hello 
hello 
hello 
hello 
hello 
hello 
hello 
hello 
hello 
hello 
hello 
hello 
hello 
hello 
hello 
hello 
hello 
hello 
hello 
hello 
hello 
hello 
hello 
hello 
hello 
hello 
hello 
hello 
hello 
hello 
hello 
hello 
hello 
hello 
hello 
hello 
hello 
hello 
hello 
hello 
hello 
hello 
hello 
hello 
hello 
hello 
hello 
hello 
hello 
hello 
hello 
hello 
hello 
hello 
hello 
hello 
hello 
hello 
hello 
hello 
hello 
hello 
hello 
hello 
hello 
hello 
hello 
hello 
hello 
hello 
hello 
hello 
hello 
hello 
hello 
hello 
hello 
hello 
hello 
hello 
hello 
hello 
hello 
hello 
hello 
hello 
hello 
hello 
hello 
hello 
hello 
hello 
hello 
hello 
hello 
hello 
hello 
hello 
hello 
hello 
hello 
hello 
hello 
hello 
hello 
hello 
hello 
hello 
hello 
hello 
hello 
hello 
hello 
hello 
hello 
hello 
hello 
hello 
hello 
hello 
hello 
hello 
hello 
hello 
hello 
hello 
hello 
hello 
hello 
hello 
hello 
hello 
hello 
hello 
hello 
hello 
hello 
hello 
hello 
hello 
hello 
hello 
hello 
hello 
hello 
hello 
hello 
hello 
hello 
hello 
hello 
hello 
hello 
hello 
hello 
hello 
hello 
hello 
hello 
hello 
hello 
hello 
hello 
hello 
hello 
hello 
hello 
hello 
hello 
hello 
hello 
hello 
hello 
hello 
hello 
hello 
hello 
hello 
hello 
hello 
hello 
hello 
hello 
hello 
hello 
hello 
hello 
hello 
hello 
hello 
hello 
hello 
hello 
hello 
hello 
hello 
hello 
hello 
hello 
hello 
hello 
hello 
hello 
hello 
hello 
hello 
hello 
hello 
hello 
hello 
hello 
hello 
hello 
hello 
hello 
hello 
hello 
hello 
hello 
hello 
hello 
hello 
hello 
hello 
hello 
hello 
hello 
hello 
hello 
hello 
hello 
hello 
hello 
hello 
hello 
hello 
hello 
hello 
hello 
hello 
hello 
hello 
hello 
hello 
hello 
hello 
hello 
hello 
hello 
hello 
hello 
hello 
hello 
hello 
hello 
hello 
hello 
hello 
hello 
hello 
hello 
hello 
hello 
hello 
hello 
hello 
hello 
hello 
hello 
hello 
hello 
hello 
hello 
hello 
hello 
hello 
hello 
hello 
hello 
hello 
hello 
hello 
hello 
hello 
hello 
hello 
hello 
hello 
hello 
hello 
hello 
hello 
hello 
hello 
hello 
hello 
hello 
hello 
hello 
hello 
hello 
hello 
hello 
hello 
hello 
hello 
hello 
hello 
hello 
hello 
hello 
hello 
hello 
hello 
hello 
hello 
hello 
hello 
hello 
hello 
hello 
hello 
hello 
hello 
hello 
hello 
hello 
hello 
hello 
hello 
hello 
hello 
hello 
hello 
hello 
hello 
hello 
hello 
hello 
hello 
hello 
hello 
hello 
hello 
hello 
hello 
hello 
hello 
hello 
hello 
hello 
hello 
hello 
hello 
hello 
hello 
hello 
hello 
hello 
hello 
hello 
hello 
hello 
hello 
hello 
hello 
hello 
hello 
hello 
hello 
hello 
hello 
hello 
hello 
hello 
hello 
hello 
hello 
hello 
hello 
hello 
hello 
hello 
hello 
hello 
hello 
hello 
hello 
hello 
hello 
hello 
hello 
hello 
hello 
hello 
hello 
hello 
hello 
hello 
hello 
hello 
hello 
hello 
hello 
hello 
hello 
hello 
hello 
hello 
hello 
hello 
hello 
hello 
hello 
hello 
hello 
hello 
hello 
hello 
hello 
hello 
hello 
hello 
hello 
hello 
hello 
hello 
hello 
hello 
hello 
hello 
hello 
hello 
hello 
hello 
hello 
hello 
hello 
hello 
hello 
hello 
hello 
hello 
hello 
hello 
hello 
hello 
hello 
hello 
hello 
hello 
hello 
hello 
hello 
hello 
hello 
hello 
hello 
hello 
hello 
hello 
hello 
hello 
hello 
hello 
hello 
hello 
hello 
hello 
hello 
hello 
hello 
hello 
hello 
hello 
hello 
hello 
hello 
hello 
hello 
hello 
hello 
hello 
hello 
hello 
hello 
hello 
hello 
hello 
hello 
hello 
hello 
hello 
hello 
hello 
hello 
hello 
hello 
hello 
hello 
hello 
hello 
hello 
hello 
hello 
hello 
hello 
hello 
hello 
hello 
hello 
hello 
hello 
hello 
hello 
hello 
hello 
hello 
hello 
hello 
hello 
hello 
hello 
hello 
hello 
hello 
hello 
hello 
hello 
hello 
hello 
hello 
hello 
hello 
hello 
hello 
hello 
hello 
hello 
hello 
hello 
hello 
hello 
hello 
hello 
hello 
hello 
hello 
hello 
hello 
hello 
hello 
hello 
hello 
hello 
hello 
hello 
hello 
hello 
hello 
hello 
hello 
hello 
hello 
hello 
hello 
hello 
hello 
hello 
hello 
hello 
hello 
hello 
hello 
hello 
hello 
hello 
hello 
hello 
hello 
hello 
hello 
hello 
hello 
hello 
hello 
hello 
hello 
hello 
hello 
hello 
hello 
hello 
hello 
hello 
hello 
hello 
hello 
hello 
hello 
hello 
hello 
hello 
hello 
hello 
hello 
hello 
hello 
hello 
hello 
hello 
hello 
hello 
hello 
hello 
hello 
hello 
hello 
hello 
hello 
hello 
hello 
hello 
hello 
hello 
hello 
hello 
hello 
hello 
hello 
hello 
hello 
hello 
hello 
hello 
hello 
hello 
hello 
hello 
hello 
hello 
hello 
hello 
hello 
hello 
hello 
hello 
hello 
hello 
hello 
hello 
hello 
hello 
hello 
hello 
hello 
hello 
hello 
hello 
hello 
hello 
hello 
hello 
hello 
hello 
hello 
hello 
hello 
hello 
hello 
hello 
hello 
hello 
hello 
hello 
hello 
hello 
hello 
hello 
hello 
hello 
hello 
hello 
hello 
hello 
hello 
hello 
hello 
hello 
hello 
hello 
hello 
hello 
hello 
hello 
hello 
hello 
hello 
hello 
hello 
hello 
hello 
hello 
hello 
hello 
hello 
hello 
hello 
hello 
hello 
hello 
hello 
hello 
hello 
hello 
hello 
hello 
hello 
hello 
hello 
hello 
hello 
hello 
hello 
hello 
hello 
hello 
hello 
hello 
hello 
hello 
hello 
hello 
hello 
hello 
hello 
hello 
hello 
hello 
hello 
hello 
hello 
hello 
hello 
hello 
hello 
hello 
hello 
hello 
hello 
hello 
hello 
hello 
hello 
hello 
hello 
hello 
hello 
hello 
hello 
hello 
hello 
hello 
hello 
hello 
hello 
hello 
hello 
hello 
hello 
hello 
hello 
hello 
hello 
hello 
hello 
hello 
hello 
hello 
hello 
hello 
hello 
hello 
hello 
hello 
hello 
hello 
hello 
hello 
hello 
hello 
hello 
hello 
hello 
hello 
hello 
hello 
hello 
hello 
hello 
hello 
hello 
hello 
hello 
hello 
hello 
hello 
hello 
hello 
hello 
hello 
hello 
hello 
hello 
hello 
hello 
hello 
hello 
hello 
hello 
hello 
hello 
hello 
hello 
hello 
hello 
hello 
hello 
hello 
hello 
hello 
hello 
hello 
hello 
hello 
hello 
hello 
hello 
hello 
hello 
hello 
hello 
hello 
hello 
hello 
hello 
hello 
hello 
hello 
hello 
hello 
hello 
hello 
hello 
hello 
hello 
hello 
hello 
hello 
hello 
hello 
hello 
hello 
hello 
hello 
hello 
hello 
hello 
hello 
hello 
hello 
hello 
hello 
hello 
hello 
hello 
hello 
hello 
hello 
hello 
hello 
hello 
hello 
hello 
hello 
hello 
hello 
hello 
hello 
hello 
hello 
hello 
hello 
hello 
hello 
hello 
hello 
hello 
hello 
hello 
hello 
hello 
hello 
hello 
hello 
hello 
hello 
hello 
hello 
hello 
hello 
hello 
hello 
hello 
hello 
hello 
hello 
hello 
hello 
hello 
hello 
hello 
hello 
hello 
hello 
hello 
hello 
hello 
hello 
hello 
hello 
hello 
hello 
hello 
hello 
hello 
hello 
hello 
hello 
hello 
hello 
hello 
hello 
hello 
hello 
hello 
hello 
hello 
hello 
hello 
hello 
hello 
hello 
hello 
hello 
hello 
hello 
hello 
hello 
hello 
hello 
hello 
hello 
hello 
hello 
hello 
hello 
hello 
hello 
hello 
hello 
hello 
hello 
hello 
hello 
hello 
hello 
hello 
hello 
hello 
hello 
hello 
hello 
hello 
hello 
hello 
hello 
hello 
hello 
hello 
hello 
hello 
hello 
hello 
hello 
hello 
hello 
hello 
hello 
hello 
hello 
hello 
hello 
hello 
hello 
hello 
hello 
hello 
hello 
hello 
hello 
hello 
hello 
hello 
hello 
hello 
hello 
hello 
hello 
hello 
hello 
hello 
hello 
hello 
hello 
hello 
hello 
hello 
hello 
hello 
hello 
hello 
hello 
hello 
hello 
hello 
hello 
hello 
hello 
hello 
hello 
hello 
hello 
hello 
hello 
hello 
hello 
hello 
hello 
hello 
hello 
hello 
hello 
hello 
hello 
hello 
hello 
hello 
hello 
hello 
hello 
hello 
hello 
hello 
hello 
hello 
hello 
hello 
hello 
hello 
hello 
hello 
hello 
hello 
hello 
hello 
hello 
hello 
hello 
hello 
hello 
hello 
hello 
hello 
hello 
hello 
hello 
hello 
hello 
hello 
hello 
hello 
hello 
hello 
hello 
hello 
hello 
hello 
hello 
hello 
hello 
hello 
hello 
hello 
hello 
hello 
hello 
hello 
hello 
hello 
hello 
hello 
hello 
hello 
hello 
hello 
hello 
hello 
hello 
hello 
hello 
hello 
hello 
hello 
hello 
hello 
hello 
hello 
hello 
hello 
hello 
hello 
hello 
hello 
hello 
hello 
hello 
hello 
hello 
hello 
hello 
hello 
hello 
hello 
hello 
hello 
hello 
hello 
hello 
hello 
hello 
hello 
hello 
hello 
hello 
hello 
hello 
hello 
hello 
hello 
hello 
hello 
hello 
hello 
hello 
hello 
hello 
hello 
hello 
hello 
hello 
hello 
hello 
hello 
hello 
hello 
hello 
hello 
hello 
hello 
hello 
hello 
hello 
hello 
hello 
hello 
hello 
hello 
hello 
hello 
hello 
hello 
hello 
hello 
hello 
hello 
hello 
hello 
hello 
hello 
hello 
hello 
hello 
hello 
hello 
hello 
hello 
hello 
hello 
hello 
hello 
hello 
hello 
hello 
hello 
hello 
hello 
hello 
hello 
hello 
hello 
hello 
hello 
hello 
hello 
hello 
hello 
hello 
hello 
hello 
hello 
hello 
hello 
hello 
hello 
hello 
hello 
hello 
hello 
hello 
hello 
hello 
hello 
hello 
hello 
hello 
hello 
hello 
hello 
hello 
hello 
hello 
hello 
hello 
hello 
hello 
hello 
hello 
hello 
hello 
hello 
hello 
hello 
hello 
hello 
hello 
hello 
hello 
hello 
hello 
hello 
hello 
hello 
hello 
hello 
hello 
hello 
hello 
hello 
hello 
hello 
hello 
hello 
hello 
hello 
hello 
hello 
hello 
hello 
hello 
hello 
hello 
hello 
hello 
hello 
hello 
hello 
hello 
hello 
hello 
hello 
hello 
hello 
hello 
hello 
hello 
hello 
hello 
hello 
hello 
hello 
hello 
hello 
hello 
hello 
hello 
hello 
hello 
hello 
hello 
hello 
hello 
hello 
hello 
hello 
hello 
hello 
hello 
hello 
hello 
hello 
hello 
hello 
hello 
hello 
hello 
hello 
hello 
hello 
hello 
hello 
hello 
hello 
hello 
hello 
hello 
hello 
hello 
hello 
hello 
hello 
hello 
hello 
hello 
hello 
hello 
hello 
hello 
hello 
hello 
hello 
hello 
hello 
hello 
hello 
hello 
hello 
hello 
hello 
hello 
hello 
hello 
hello 
hello 
hello 
hello 
hello 
hello 
hello 
hello 
hello 
hello 
hello 
hello 
hello 
hello 
hello 
hello 
hello 
hello 
hello 
hello 
hello 
hello 
hello 
hello 
hello 
hello 
hello 
hello 
hello 
hello 
hello 
hello 
hello 
hello 
hello 
hello 
hello 
hello 
hello 
hello 
hello 
hello 
hello 
hello 
hello 
hello 
hello 
hello 
hello 
hello 
hello 
hello 
hello 
hello 
hello 
hello 
hello 
hello 
hello 
hello 
hello 
hello 
hello 
hello 
hello 
hello 
hello 
hello 
hello 
hello 
hello 
hello 
hello 
hello 
hello 
hello 
hello 
hello 
hello 
hello 
hello 
hello 
hello 
hello 
hello 
hello 
hello 
hello 
hello 
hello 
hello 
hello 
hello 
hello 
hello 
hello 
hello 
hello 
hello 
hello 
hello 
hello 
hello 
hello 
hello 
hello 
hello 
hello 
hello 
hello 
hello 
hello 
hello 
hello 
hello 
hello 
hello 
hello 
hello 
hello 
hello 
hello 
hello 
hello 
hello 
hello 
hello 
hello 
hello 
hello 
hello 
hello 
hello 
hello 
hello 
hello 
hello 
hello 
hello 
hello 
hello 
hello 
hello 
hello 
hello 
hello 
hello 
hello 
hello 
hello 
hello 
hello 
hello 
hello 
hello 
hello 
hello 
hello 
hello 
hello 
hello 
hello 
hello 
hello 
hello 
hello 
hello 
hello 
hello 
hello 
hello 
hello 
hello 
hello 
hello 
hello 
hello 
hello 
hello 
hello 
hello 
hello 
hello 
hello 
hello 
hello 
hello 
hello 
hello 
hello 
hello 
hello 
hello 
hello 
hello 
hello 
hello 
hello 
hello 
hello 
hello 
hello 
hello 
hello 
hello 
hello 
hello 
hello 
hello 
hello 
hello 
hello 
hello 
hello 
hello 
hello 
hello 
hello 
hello 
hello 
hello 
hello 
hello 
hello 
hello 
hello 
hello 
hello 
hello 
hello 
hello 
hello 
hello 
hello 
hello 
hello 
hello 
hello 
hello 
hello 
hello 
hello 
hello 
hello 
hello 
hello 
hello 
hello 
hello 
hello 
hello 
hello 
hello 
hello 
hello 
hello 
hello 
hello 
hello 
hello 
hello 
hello 
hello 
hello 
hello 
hello 
hello 
hello 
hello 
hello 
hello 
hello 
hello 
hello 
hello 
hello 
hello 
hello 
hello 
hello 
hello 
hello 
hello 
hello 
hello 
hello 
hello 
hello 
hello 
hello 
hello 
hello 
hello 
hello 
hello 
hello 
hello 
hello 
hello 
hello 
hello 
hello 
hello 
hello 
hello 
hello 
hello 
hello 
hello 
hello 
hello 
hello 
hello 
hello 
hello 
hello 
hello 
hello 
hello 
hello 
hello 
hello 
hello 
hello 
hello 
hello 
hello 
hello 
hello 
hello 
hello 
hello 
hello 
hello 
hello 
hello 
hello 
hello 
hello 
hello 
hello 
hello 
hello 
hello 
hello 
hello 
hello 
hello 
hello 
hello 
hello 
hello 
hello 
hello 
hello 
hello 
hello 
hello 
hello 
hello 
hello 
hello 
hello 
hello 
hello 
hello 
hello 
hello 
hello 
hello 
hello 
hello 
hello 
hello 
hello 
hello 
hello 
hello 
hello 
hello 
hello 
hello 
hello 
hello 
hello 
hello 
hello 
hello 
hello 
hello 
hello 
hello 
hello 
hello 
hello 
hello 
hello 
hello 
hello 
hello 
hello 
hello 
hello 
hello 
hello 
hello 
hello 
hello 
hello 
hello 
hello 
hello 
hello 
hello 
hello 
hello 
hello 
hello 
hello 
hello 
hello 
hello 
hello 
hello 
hello 
hello 
hello 
hello 
hello 
hello 
hello 
hello 
hello 
hello 
hello 
hello 
hello 
hello 
hello 
hello 
hello 
hello 
hello 
hello 
hello 
hello 
hello 
hello 
hello 
hello 
hello 
hello 
hello 
hello 
hello 
hello 
hello 
hello 
hello 
hello 
hello 
hello 
hello 
hello 
hello 
hello 
hello 
hello 
hello 
hello 
hello 
hello 
hello 
hello 
hello 
hello 
hello 
hello 
hello 
hello 
hello 
hello 
hello 
hello 
hello 
hello 
hello 
hello 
hello 
hello 
hello 
hello 
hello 
hello 
hello 
hello 
hello 
hello 
hello 
hello 
hello 
hello 
hello 
hello 
hello 
hello 
hello 
hello 
hello 
hello 
hello 
hello 
hello 
hello 
hello 
hello 
hello 
hello 
hello 
hello 
hello 
hello 
hello 
hello 
hello 
hello 
hello 
hello 
hello 
hello 
hello 
hello 
hello 
hello 
hello 
hello 
hello 
hello 
hello 
hello 
hello 
hello 
hello 
hello 
hello 
hello 
hello 
hello 
hello 
hello 
hello 
hello 
hello 
hello 
hello 
hello 
hello 
hello 
hello 
hello 
hello 
hello 
hello 
hello 
hello 
hello 
hello 
hello 
hello 
hello 
hello 
hello 
hello 
hello 
hello 
hello 
hello 
hello 
hello 
hello 
hello 
hello 
hello 
hello 
hello 
hello 
hello 
hello 
hello 
hello 
hello 
hello 
hello 
hello 
hello 
hello 
hello 
hello 
hello 
hello 
hello 
hello 
hello 
hello 
hello 
hello 
hello 
hello 
hello 
hello 
hello 
hello 
hello 
hello 
hello 
hello 
hello 
hello 
hello 
hello 
hello 
hello 
hello 
hello 
hello 
hello 
hello 
hello 
hello 
hello 
hello 
hello 
hello 
hello 
hello 
hello 
hello 
hello 
hello 
hello 
hello 
hello 
hello 
hello 
hello 
hello 
hello 
hello 
hello 
hello 
hello 
hello 
hello 
hello 
hello 
hello 
hello 
hello 
hello 
hello 
hello 
hello 
hello 
hello 
hello 
hello 
hello 
hello 
hello 
hello 
hello 
hello 
hello 
hello 
hello 
hello 
hello 
hello 
hello 
hello 
hello 
hello 
hello 
hello 
hello 
hello 
hello 
hello 
hello 
hello 
hello 
hello 
hello 
hello 
hello 
hello 
hello 
hello 
hello 
hello 
hello 
hello 
hello 
hello 
hello 
hello 
hello 
hello 
hello 
hello 
hello 
hello 
hello 
hello 
hello 
hello 
hello 
hello 
hello 
hello 
hello 
hello 
hello 
hello 
hello 
hello 
hello 
hello 
hello 
hello 
hello 
hello 
hello 
hello 
hello 
hello 
hello 
hello 
hello 
hello 
hello 
hello 
hello 
hello 
hello 
hello 
hello 
hello 
hello 
hello 
hello 
hello 
hello 
hello 
hello 
hello 
hello 
hello 
hello 
hello 
hello 
hello 
hello 
hello 
hello 
hello 
hello 
hello 
hello 
hello 
hello 
hello 
hello 
hello 
hello 
hello 
hello 
hello 
hello 
hello 
hello 
hello 
hello 
hello 
hello 
hello 
hello 
hello 
hello 
hello 
hello 
hello 
hello 
hello 
hello 
hello 
hello 
hello 
hello 
hello 
hello 
hello 
hello 
hello 
hello 
hello 
hello 
hello 
hello 
hello 
hello 
hello 
hello 
hello 
hello 
hello 
hello 
hello 
hello 
hello 
hello 
hello 
hello 
hello 
hello 
hello 
hello 
hello 
hello 
hello 
hello 
hello 
hello 
hello 
hello 
hello 
hello 
hello 
hello 
hello 
hello 
hello 
hello 
hello 
hello 
hello 
hello 
hello 
hello 
hello 
hello 
hello 
hello 
hello 
hello 
hello 
hello 
hello 
hello 
hello 
hello 
hello 
hello 
hello 
hello 
hello 
hello 
hello 
hello 
hello 
hello 
hello 
hello 
hello 
hello 
hello 
hello 
hello 
hello 
hello 
hello 
hello 
hello 
hello 
hello 
hello 
hello 
hello 
hello 
hello 
hello 
hello 
hello 
hello 
hello 
hello 
hello 
hello 
hello 
hello 
hello 
hello 
hello 
hello 
hello 
hello 
hello 
hello 
hello 
hello 
hello 
hello 
hello 
hello 
hello 
hello 
hello 
hello 
hello 
hello 
hello 
hello 
hello 
hello 
hello 
hello 
hello 
hello 
hello 
hello 
hello 
hello 
hello 
hello 
hello 
hello 
hello 
hello 
hello 
hello 
hello 
hello 
hello 
hello 
hello 
hello 
hello 
hello 
hello 
hello 
hello 
hello 
hello 
hello 
hello 
hello 
hello 
hello 
hello 
hello 
hello 
hello 
hello 
hello 
hello 
hello 
hello 
hello 
hello 
hello 
hello 
hello 
hello 
hello 
hello 
hello 
hello 
hello 
hello 
hello 
hello 
hello 
hello 
hello 
hello 
hello 
hello 
hello 
hello 
hello 
hello 
hello 
hello 
hello 
hello 
hello 
hello 
hello 
hello 
hello 
hello 
hello 
hello 
hello 
hello 
hello 
hello 
hello 
hello 
hello 
hello 
hello 
hello 
hello 
hello 
hello 
hello 
hello 
hello 
hello 
hello 
hello 
hello 
hello 
hello 
hello 
hello 
hello 
hello 
hello 
hello 
hello 
hello 
hello 
hello 
hello 
hello 
hello 
hello 
hello 
hello 
hello 
hello 
hello 
hello 
hello 
hello 
hello 
hello 
hello 
hello 
hello 
hello 
hello 
hello 
hello 
hello 
hello 
hello 
hello 
hello 
hello 
hello 
hello 
hello 
hello 
hello 
hello 
hello 
hello 
hello 
hello 
hello 
hello 
hello 
hello 
hello 
hello 
hello 
hello 
hello 
hello 
hello 
hello 
hello 
hello 
hello 
hello 
hello 
hello 
hello 
hello 
hello 
hello 
hello 
hello 
hello 
hello 
hello 
hello 
hello 
hello 
hello 
hello 
hello 
hello 
hello 
hello 
hello 
hello 
hello 
hello 
hello 
hello 
hello 
hello 
hello 
hello 
hello 
hello 
hello 
hello 
hello 
hello 
hello 
hello 
hello 
hello 
hello 
hello 
hello 
hello 
hello 
hello 
hello 
hello 
hello 
hello 
hello 
hello 
hello 
hello 
hello 
hello 
hello 
hello 
hello 
hello 
hello 
hello 
hello 
hello 
hello 
hello 
hello 
hello 
hello 
hello 
hello 
hello 
hello 
hello 
hello 
hello 
hello 
hello 
hello 
hello 
hello 
hello 
hello 
hello 
hello 
hello 
hello 
hello 
hello 
hello 
hello 
hello 
hello 
hello 
hello 
hello 
hello 
hello 
hello 
hello 
hello 
hello 
hello 
hello 
hello 
hello 
hello 
hello 
hello 
hello 
hello 
hello 
hello 
hello 
hello 
hello 
hello 
hello 
hello 
hello 
hello 
hello 
hello 
hello 
hello 
hello 
hello 
hello 
hello 
hello 
hello 
hello 
hello 
hello 
hello 
hello 
hello 
hello 
hello 
hello 
hello 
hello 
hello 
hello 
hello 
hello 
hello 
hello 
hello 
hello 
hello 
hello 
hello 
hello 
hello 
hello 
hello 
hello 
hello 
hello 
hello 
hello 
hello 
hello 
hello 
hello 
hello 
hello 
hello 
hello 
hello 
hello 
hello 
hello 
hello 
hello 
hello 
hello 
hello 
hello 
hello 
hello 
hello 
hello 
hello 
hello 
hello 
hello 
hello 
hello 
hello 
hello 
hello 
hello 
hello 
hello 
hello 
hello 
hello 
hello 
hello 
hello 
hello 
hello 
hello 
hello 
hello 
hello 
hello 
hello 
hello 
hello 
hello 
hello 
hello 
hello 
hello 
hello 
hello 
hello 
hello 
hello 
hello 
hello 
hello 
hello 
hello 
hello 
hello 
hello 
hello 
hello 
hello 
hello 
hello 
hello 
hello 
hello 
hello 
hello 
hello 
hello 
hello 
hello 
hello 
hello 
hello 
hello 
hello 
hello 
hello 
hello 
hello 
hello 
hello 
hello 
hello 
hello 
hello 
hello 
hello 
hello 
hello 
hello 
hello 
hello 
hello 
hello 
hello 
hello 
hello 
hello 
hello 
hello 
hello 
hello 
hello 
hello 
hello 
hello 
hello 
hello 
hello 
hello 
hello 
hello 
hello 
hello 
hello 
hello 
hello 
hello 
hello 
hello 
hello 
hello 
hello 
hello 
hello 
hello 
hello 
hello 
hello 
hello 
hello 
hello 
hello 
hello 
hello 
hello 
hello 
hello 
hello 
hello 
hello 
hello 
hello 
hello 
hello 
hello 
hello 
hello 
hello 
hello 
hello 
hello 
hello 
hello 
hello 
hello 
hello 
hello 
hello 
hello 
hello 
hello 
hello 
hello 
hello 
hello 
hello 
hello 
hello 
hello 
hello 
hello 
hello 
hello 
hello 
hello 
hello 
hello 
hello 
hello 
hello 
hello 
hello 
hello 
hello 
hello 
hello 
hello 
hello 
hello 
hello 
hello 
hello 
hello 
hello 
hello 
hello 
hello 
hello 
hello 
hello 
hello 
hello 
hello 
hello 
hello 
hello 
hello 
hello 
hello 
hello 
hello 
hello 
hello 
hello 
hello 
hello 
hello 
hello 
hello 
hello 
hello 
hello 
hello 
hello 
hello 
hello 
hello 
hello 
hello 
hello 
hello 
hello 
hello 
hello 
hello 
hello 
hello 
hello 
hello 
hello 
hello 
hello 
hello 
hello 
hello 
hello 
hello 
hello 
hello 
hello 
hello 
hello 
hello 
hello 
hello 
hello 
hello 
hello 
hello 
hello 
hello 
hello 
hello 
hello 
hello 
hello 
hello 
hello 
hello 
hello 
hello 
hello 
hello 
hello 
hello 
hello 
hello 
hello 
hello 
hello 
hello 
hello 
hello 
hello 
hello 
hello 
hello 
hello 
hello 
hello 
hello 
hello 
hello 
hello 
hello 
hello 
hello 
hello 
hello 
hello 
hello 
hello 
hello 
hello 
hello 
hello 
hello 
hello 
hello 
hello 
hello 
hello 
hello 
hello 
hello 
hello 
hello 
hello 
hello 
hello 
hello 
hello 
hello 
hello 
hello 
hello 
hello 
hello 
hello 
hello 
hello 
hello 
hello 
hello 
hello 
hello 
hello 
hello 
hello 
hello 
hello 
hello 
hello 
hello 
hello 
hello 
hello 
hello 
hello 
hello 
hello 
hello 
hello 
hello 
hello 
hello 
hello 
hello 
hello 
hello 
hello 
hello 
hello 
hello 
hello 
hello 
hello 
hello 
hello 
hello 
hello 
hello 
hello 
hello 
hello 
hello 
hello 
hello 
hello 
hello 
hello 
hello 
hello 
hello 
hello 
hello 
hello 
hello 
hello 
hello 
hello 
hello 
hello 
hello 
hello 
hello 
hello 
hello 
hello 
hello 
hello 
hello 
hello 
hello 
hello 
hello 
hello 
hello 
hello 
hello 
hello 
hello 
hello 
hello 
hello 
hello 
hello 
hello 
hello 
hello 
hello 
hello 
hello 
hello 
hello 
hello 
hello 
hello 
hello 
hello 
hello 
hello 
hello 
hello 
hello 
hello 
hello 
hello 
hello 
hello 
hello 
hello 
hello 
hello 
hello 
hello 
hello 
hello 
hello 
hello 
hello 
hello 
hello 
hello 
hello 
hello 
hello 
hello 
hello 
hello 
hello 
hello 
hello 
hello 
hello 
hello 
hello 
hello 
hello 
hello 
hello 
hello 
hello 
hello 
hello 
hello 
hello 
hello 
hello 
hello 
hello 
hello 
hello 
hello 
hello 
hello 
hello 
hello 
hello 
hello 
hello 
hello 
hello 
hello 
hello 
hello 
hello 
hello 
hello 
hello 
hello 
hello 
hello 
hello 
hello 
hello 
hello 
hello 
hello 
hello 
hello 
hello 
hello 
hello 
hello 
hello 
hello 
hello 
hello 
hello 
hello 
hello 
hello 
hello 
hello 
hello 
hello 
hello 
hello 
hello 
hello 
hello 
hello 
hello 
hello 
hello 
hello 
hello 
hello 
hello 
hello 
hello 
hello 
hello 
hello 
hello 
hello 
hello 
hello 
hello 
hello 
hello 
hello 
hello 
hello 
hello 
hello 
hello 
hello 
hello 
hello 
hello 
hello 
hello 
hello 
hello 
hello 
hello 
hello 
hello 
hello 
hello 
hello 
hello 
hello 
hello 
hello 
hello 
hello 
hello 
hello 
hello 
hello 
hello 
hello 
hello 
hello 
hello 
hello 
hello 
hello 
hello 
hello 
hello 
hello 
hello 
hello 
hello 
hello 
hello 
hello 
hello 
hello 
hello 
hello 
hello 
hello 
hello 
hello 
hello 
hello 
hello 
hello 
hello 
hello 
hello 
hello 
hello 
hello 
hello 
hello 
hello 
hello 
hello 
hello 
hello 
hello 
hello 
hello 
hello 
hello 
hello 
hello 
hello 
hello 
hello 
hello 
hello 
hello 
hello 
hello 
hello 
hello 
hello 
hello 
hello 
hello 
hello 
hello 
hello 
hello 
hello 
hello 
hello 
hello 
hello 
hello 
hello 
hello 
hello 
hello 
hello 
hello 
hello 
hello 
hello 
hello 
hello 
hello 
hello 
hello 
hello 
hello 
hello 
hello 
hello 
hello 
hello 
hello 
hello 
hello 
hello 
hello 
hello 
hello 
hello 
hello 
hello 
hello 
hello 
hello 
hello 
hello 
hello 
hello 
hello 
hello 
hello 
hello 
hello 
hello 
hello 
hello 
hello 
hello 
hello 
hello 
hello 
hello 
hello 
hello 
hello 
hello 
hello 
hello 
hello 
hello 
hello 
hello 
hello 
hello 
hello 
hello 
hello 
hello 
hello 
hello 
hello 
hello 
hello 
hello 
hello 
hello 
hello 
hello 
hello 
hello 
hello 
hello 
hello 
hello 
hello 
hello 
hello 
hello 
hello 
hello 
hello 
hello 
hello 
hello 
hello 
hello 
hello 
hello 
hello 
hello 
hello 
hello 
hello 
hello 
hello 
hello 
hello 
hello 
hello 
hello 
hello 
hello 
hello 
hello 
hello 
hello 
hello 
hello 
hello 
hello 
hello 
hello 
hello 
hello 
hello 
hello 
hello 
hello 
hello 
hello 
hello 
hello 
hello 
hello 
hello 
hello 
hello 
hello 
hello 
hello 
hello 
hello 
hello 
hello 
hello 
hello 
hello 
hello 
hello 
hello 
hello 
hello 
hello 
hello 
hello 
hello 
hello 
hello 
hello 
hello 
hello 
hello 
hello 
hello 
hello 
hello 
hello 
hello 
hello 
hello 
hello 
hello 
hello 
hello 
hello 
hello 
hello 
hello 
hello 
hello 
hello 
hello 
hello 
hello 
hello 
hello 
hello 
hello 
hello 
hello 
hello 
hello 
hello 
hello 
hello 
hello 
hello 
hello 
hello 
hello 
hello 
hello 
hello 
hello 
hello 
hello 
hello 
hello 
hello 
hello 
hello 
hello 
hello 
hello 
hello 
hello 
hello 
hello 
hello 
hello 
hello 
hello 
hello 
hello 
hello 
hello 
hello 
hello 
hello 
hello 
hello 
hello 
hello 
hello 
hello 
hello 
hello 
hello 
hello 
hello 
hello 
hello 
hello 
hello 
hello 
hello 
hello 
hello 
hello 
hello 
hello 
hello 
hello 
hello 
hello 
hello 
hello 
hello 
hello 
hello 
hello 
hello 
hello 
hello 
hello 
hello 
hello 
hello 
hello 
hello 
hello 
hello 
hello 
hello 
hello 
hello 
hello 
hello 
hello 
hello 
hello 
hello 
hello 
hello 
hello 
hello 
hello 
hello 
hello 
hello 
hello 
hello 
hello 
hello 
hello 
hello 
hello 
hello 
hello 
hello 
hello 
hello 
hello 
hello 
hello 
hello 
hello 
hello 
hello 
hello 
hello 
hello 
hello 
hello 
hello 
hello 
hello 
hello 
hello 
hello 
hello 
hello 
hello 
hello 
hello 
hello 
hello 
hello 
hello 
hello 
hello 
hello 
hello 
hello 
hello 
hello 
hello 
hello 
hello 
hello 
hello 
hello 
hello 
hello 
hello 
hello 
hello 
hello 
hello 
hello 
hello 
hello 
hello 
hello 
hello 
hello 
hello 
hello 
hello 
hello 
hello 
hello 
hello 
hello 
hello 
hello 
hello 
hello 
hello 
hello 
hello 
hello 
hello 
hello 
hello 
hello 
hello 
hello 
hello 
hello 
hello 
hello 
hello 
hello 
hello 
hello 
hello 
hello 
hello 
hello 
hello 
hello 
hello 
hello 
hello 
hello 
hello 
hello 
hello 
hello 
hello 
hello 
hello 
hello 
hello 
hello 
hello 
hello 
hello 
hello 
hello 
hello 
hello 
hello 
hello 
hello 
hello 
hello 
hello 
hello 
hello 
hello 
hello 
hello 
hello 
hello 
hello 
hello 
hello 
hello 
hello 
hello 
hello 
hello 
hello 
hello 
hello 
hello 
hello 
hello 
hello 
hello 
hello 
hello 
hello 
hello 
hello 
hello 
hello 
hello 
hello 
hello 
hello 
hello 
hello 
hello 
hello 
hello 
hello 
hello 
hello 
hello 
hello 
hello 
hello 
hello 
hello 
hello 
hello 
hello 
hello 
hello 
hello 
hello 
hello 
hello 
hello 
hello 
hello 
hello 
hello 
hello 
hello 
hello 
hello 
hello 
hello 
hello 
hello 
hello 
hello 
hello 
hello 
hello 
hello 
hello 
hello 
hello 
hello 
hello 
hello 
hello 
hello 
hello 
hello 
hello 
hello 
hello 
hello 
hello 
hello 
hello 
hello 
hello 
hello 
hello 
hello 
hello 
hello 
hello 
hello 
hello 
hello 
hello 
hello 
hello 
hello 
hello 
hello 
hello 
hello 
hello 
hello 
hello 
hello 
hello 
hello 
hello 
hello 
hello 
hello 
hello 
hello 
hello 
hello 
hello 
hello 
hello 
hello 
hello 
hello 
hello 
hello 
hello 
hello 
hello 
hello 
hello 
hello 
hello 
hello 
hello 
hello 
hello 
hello 
hello 
hello 
hello 
hello 
hello 
hello 
hello 
hello 
hello 
hello 
hello 
hello 
hello 
hello 
hello 
hello 
hello 
hello 
hello 
hello 
hello 
hello 
hello 
hello 
hello 
hello 
hello 
hello 
hello 
hello 
hello 
hello 
hello 
hello 
hello 
hello 
hello 
hello 
hello 
hello 
hello 
hello 
hello 
hello 
hello 
hello 
hello 
hello 
hello 
hello 
hello 
hello 
hello 
hello 
hello 
hello 
hello 
hello 
hello 
hello 
hello 
hello 
hello 
hello 
hello 
hello 
hello 
hello 
hello 
hello 
hello 
hello 
hello 
hello 
hello 
hello 
hello 
hello 
hello 
hello 
hello 
hello 
hello 
hello 
hello 
hello 
hello 
hello 
hello 
hello 
hello 
hello 
hello 
hello 
hello 
hello 
hello 
hello 
hello 
hello 
hello 
hello 
hello 
hello 
hello 
hello 
hello 
hello 
hello 
hello 
hello 
hello 
hello 
hello 
hello 
hello 
hello 
hello 
hello 
hello 
hello 
hello 
hello 
hello 
hello 
hello 
hello 
hello 
hello 
hello 
hello 
hello 
hello 
hello 
hello 
hello 
hello 
hello 
hello 
hello 
hello 
hello 
hello 
hello 
hello 
hello 
hello 
hello 
hello 
hello 
hello 
hello 
hello 
hello 
hello 
hello 
hello 
hello 
hello 
hello 
hello 
hello 
hello 
hello 
hello 
hello 
hello 
hello 
hello 
hello 
hello 
hello 
hello 
hello 
hello 
hello 
hello 
hello 
hello 
hello 
hello 
hello 
hello 
hello 
hello 
hello 
hello 
hello 
hello 
hello 
hello 
hello 
hello 
hello 
hello 
hello 
hello 
hello 
hello 
hello 
hello 
hello 
hello 
hello 
hello 
hello 
hello 
hello 
hello 
hello 
hello 
hello 
hello 
hello 
hello 
hello 
hello 
hello 
hello 
hello 
hello 
hello 
hello 
hello 
hello 
hello 
hello 
hello 
hello 
hello 
hello 
hello 
hello 
hello 
hello 
hello 
hello 
hello 
hello 
hello 
hello 
hello 
hello 
hello 
hello 
hello 
hello 
hello 
hello 
hello 
hello 
hello 
hello 
hello 
hello 
hello 
hello 
hello 
hello 
hello 
hello 
hello 
hello 
hello 
hello 
hello 
hello 
hello 
hello 
hello 
hello 
hello 
hello 
hello 
hello 
hello 
hello 
hello 
hello 
hello 
hello 
hello 
hello 
hello 
hello 
hello 
hello 
hello 
hello 
hello 
hello 
hello 
hello 
hello 
hello 
hello 
hello 
hello 
hello 
hello 
hello 
hello 
hello 
hello 
hello 
hello 
hello 
hello 
hello 
hello 
hello 
hello 
hello 
hello 
hello 
hello 
hello 
hello 
hello 
hello 
hello 
hello 
hello 
hello 
hello 
hello 
hello 
hello 
hello 
hello 
hello 
hello 
hello 
hello 
hello 
hello 
hello 
hello 
hello 
hello 
hello 
hello 
hello 
hello 
hello 
hello 
hello 
hello 
hello 
hello 
hello 
hello 
hello 
hello 
hello 
hello 
hello 
hello 
hello 
hello 
hello 
hello 
hello 
hello 
hello 
hello 
hello 
hello 
hello 
hello 
hello 
hello 
hello 
hello 
hello 
hello 
hello 
hello 
hello 
hello 
hello 
hello 
hello 
hello 
hello 
hello 
hello 
hello 
hello 
hello 
hello 
hello 
hello 
hello 
hello 
hello 
hello 
hello 
hello 
hello 
hello 
hello 
hello 
hello 
hello 
hello 
hello 
hello 
hello 
hello 
hello 
hello 
hello 
hello 
hello 
hello 
hello 
hello 
hello 
hello 
hello 
hello 
hello 
hello 
hello 
hello 
hello 
hello 
hello 
hello 
hello 
hello 
hello 
hello 
hello 
hello 
hello 
hello 
hello 
hello 
hello 
hello 
hello 
hello 
hello 
hello 
hello 
hello 
hello 
hello 
hello 
hello 
hello 
hello 
hello 
hello 
hello 
hello 
hello 
hello 
hello 
hello 
hello 
hello 
hello 
hello 
hello 
hello 
hello 
hello 
hello 
hello 
hello 
hello 
hello 
hello 
hello 
hello 
hello 
hello 
hello 
hello 
hello 
hello 
hello 
hello 
hello 
hello 
hello 
hello 
hello 
hello 
hello 
hello 
hello 
hello 
hello 
hello 
hello 
hello 
hello 
hello 
hello 
hello 
hello 
hello 
hello 
hello 
hello 
hello 
hello 
hello 
hello 
hello 
hello 
hello 
hello 
hello 
hello 
hello 
hello 
hello 
hello 
hello 
hello 
hello 
hello 
hello 
hello 
hello 
hello 
hello 
hello 
hello 
hello 
hello 
hello 
hello 
hello 
hello 
hello 
hello 
hello 
hello 
hello 
hello 
hello 
hello 
hello 
hello 
hello 
hello 
hello 
hello 
hello 
hello 
hello 
hello 
hello 
hello 
hello 
hello 
hello 
hello 
hello 
hello 
hello 
hello 
hello 
hello 
hello 
hello 
hello 
hello 
hello 
hello 
hello 
hello 
hello 
hello 
hello 
hello 
hello 
hello 
hello 
hello 
hello 
hello 
hello 
hello 
hello 
hello 
hello 
hello 
hello 
hello 
hello 
hello 
hello 
hello 
hello 
hello 
hello 
hello 
hello 
hello 
hello 
hello 
hello 
hello 
hello 
hello 
hello 
hello 
hello 
hello 
hello 
hello 
hello 
hello 
hello 
hello 
hello 
hello 
hello 
hello 
hello 
hello 
hello 
hello 
hello 
hello 
hello 
hello 
hello 
hello 
hello 
hello 
hello 
hello 
hello 
hello 
hello 
hello 
hello 
hello 
hello 
hello 
hello 
hello 
hello 
hello 
hello 
hello 
hello 
hello 
hello 
hello 
hello 
hello 
hello 
hello 
hello 
hello 
hello 
hello 
hello 
hello 
hello 
hello 
hello 
hello 
hello 
hello 
hello 
hello 
hello 
hello 
hello 
hello 
hello 
hello 
hello 
hello 
hello 
hello 
hello 
hello 
hello 
hello 
hello 
hello 
hello 
hello 
hello 
hello 
hello 
hello 
hello 
hello 
hello 
hello 
hello 
hello 
hello 
hello 
hello 
hello 
hello 
hello 
hello 
hello 
hello 
hello 
hello 
hello 
hello 
hello 
hello 
hello 
hello 
hello 
hello 
hello 
hello 
hello 
hello 
hello 
hello 
hello 
hello 
hello 
hello 
hello 
hello 
hello 
hello 
hello 
hello 
hello 
hello 
hello 
hello 
hello 
hello 
hello 
hello 
hello 
hello 
hello 
hello 
hello 
hello 
hello 
hello 
hello 
hello 
hello 
hello 
hello 
hello 
hello 
hello 
hello 
hello 
hello 
hello 
hello 
hello 
hello 
hello 
hello 
hello 
hello 
hello 
hello 
hello 
hello 
hello 
hello 
hello 
hello 
hello 
hello 
hello 
hello 
hello 
hello 
hello 
hello 
hello 
hello 
hello 
hello 
hello 
hello 
hello 
hello 
hello 
hello 
hello 
hello 
hello 
hello 
hello 
hello 
hello 
hello 
hello 
hello 
hello 
hello 
hello 
hello 
hello 
hello 
hello 
hello 
hello 
hello 
hello 
hello 
hello 
hello 
hello 
hello 
hello 
hello 
hello 
hello 
hello 
hello 
hello 
hello 
hello 
hello 
hello 
hello 
hello 
hello 
hello 
hello 
hello 
hello 
hello 
hello 
hello 
hello 
hello 
hello 
hello 
hello 
hello 
hello 
hello 
hello 
hello 
hello 
hello 
hello 
hello 
hello 
hello 
hello 
hello 
hello 
hello 
hello 
hello 
hello 
hello 
hello 
hello 
hello 
hello 
hello 
hello 
hello 
hello 
hello 
hello 
hello 
hello 
hello 
hello 
hello 
hello 
hello 
hello 
hello 
hello 
hello 
hello 
hello 
hello 
hello 
hello 
hello 
hello 
hello 
hello 
hello 
hello 
hello 
hello 
hello 
hello 
hello 
hello 
hello 
hello 
hello 
hello 
hello 
hello 
hello 
hello 
hello 
hello 
hello 
hello 
hello 
hello 
hello 
hello 
hello 
hello 
hello 
hello 
hello 
hello 
hello 
hello 
hello 
hello 
hello 
hello 
hello 
hello 
hello 
hello 
hello 
hello 
hello 
hello 
hello 
hello 
hello 
hello 
hello 
hello 
hello 
hello 
hello 
hello 
hello 
hello 
hello 
hello 
hello 
hello 
hello 
hello 
hello 
hello 
hello 
hello 
hello 
hello 
hello 
hello 
hello 
hello 
hello 
hello 
hello 
hello 
hello 
hello 
hello 
hello 
hello 
hello 
hello 
hello 
hello 
hello 
hello 
hello 
hello 
hello 
hello 
hello 
hello 
hello 
hello 
hello 
hello 
hello 
hello 
hello 
hello 
hello 
hello 
hello 
hello 
hello 
hello 
hello 
hello 
hello 
hello 
hello 
hello 
hello 
hello 
hello 
hello 
hello 
hello 
hello 
hello 
hello 
hello 
hello 
hello 
hello 
hello 
hello 
hello 
hello 
hello 
hello 
hello 
hello 
hello 
hello 
hello 
hello 
hello 
hello 
hello 
hello 
hello 
hello 
hello 
hello 
hello 
hello 
hello 
hello 
hello 
hello 
hello 
hello 
hello 
hello 
hello 
hello 
hello 
hello 
hello 
hello 
hello 
hello 
hello 
hello 
hello 
hello 
hello 
hello 
hello 
hello 
hello 
hello 
hello 
hello 
hello 
hello 
hello 
hello 
hello 
hello 
hello 
hello 
hello 
hello 
hello 
hello 
hello 
hello 
hello 
hello 
hello 
hello 
hello 
hello 
hello 
hello 
hello 
hello 
hello 
hello 
hello 
hello 
hello 
hello 
hello 
hello 
hello 
hello 
hello 
hello 
hello 
hello 
hello 
hello 
hello 
hello 
hello 
hello 
hello 
hello 
hello 
hello 
hello 
hello 
hello 
hello 
hello 
hello 
hello 
hello 
hello 
hello 
hello 
hello 
hello 
hello 
hello 
hello 
hello 
hello 
hello 
hello 
hello 
hello 
hello 
hello 
hello 
hello 
hello 
hello 
hello 
hello 
hello 
hello 
hello 
hello 
hello 
hello 
hello 
hello 
hello 
hello 
hello 
hello 
hello 
hello 
hello 
hello 
hello 
hello 
hello 
hello 
hello 
hello 
hello 
hello 
hello 
hello 
hello 
hello 
hello 
hello 
hello 
hello 
hello 
hello 
hello 
hello 
hello 
hello 
hello 
hello 
hello 
hello 
hello 
hello 
hello 
hello 
hello 
hello 
hello 
hello 
hello 
hello 
hello 
hello 
hello 
hello 
hello 
hello 
hello 
hello 
hello 
hello 
hello 
hello 
hello 
hello 
hello 
hello 
hello 
hello 
hello 
hello 
hello 
hello 
hello 
hello 
hello 
hello 
hello 
hello 
hello 
hello 
hello 
hello 
hello 
hello 
hello 
hello 
hello 
hello 
hello 
hello 
hello 
hello 
hello 
hello 
hello 
hello 
hello 
hello 
hello 
hello 
hello 
hello 
hello 
hello 
hello 
hello 
hello 
hello 
hello 
hello 
hello 
hello 
hello 
hello 
hello 
hello 
hello 
hello 
hello 
hello 
hello 
hello 
hello 
hello 
hello 
hello 
hello 
hello 
hello 
hello 
hello 
hello 
hello 
hello 
hello 
hello 
hello 
hello 
hello 
hello 
hello 
hello 
hello 
hello 
hello 
hello 
hello 
hello 
hello 
hello 
hello 
hello 
hello 
hello 
hello 
hello 
hello 
hello 
hello 
hello 
hello 
hello 
hello 
hello 
hello 
hello 
hello 
hello 
hello 
hello 
hello 
hello 
hello 
hello 
hello 
hello 
hello 
hello 
hello 
hello 
hello 
hello 
hello 
hello 
hello 
hello 
hello 
hello 
hello 
hello 
hello 
hello 
hello 
hello 
hello 
hello 
hello 
hello 
hello 
hello 
hello 
hello 
hello 
hello 
hello 
hello 
hello 
hello 
hello 
hello 
hello 
hello 
hello 
hello 
hello 
hello 
hello 
hello 
hello 
hello 
hello 
hello 
hello 
hello 
hello 
hello 
hello 
hello 
hello 
hello 
hello 
hello 
hello 
hello 
hello 
hello 
hello 
hello 
hello 
hello 
hello 
hello 
hello 
hello 
hello 
hello 
hello 
hello 
hello 
hello 
hello 
hello 
hello 
hello 
hello 
hello 
hello 
hello 
hello 
hello 
hello 
hello 
hello 
hello 
hello 
hello 
hello 
hello 
hello 
hello 
hello 
hello 
hello 
hello 
hello 
hello 
hello 
hello 
hello 
hello 
hello 
hello 
hello 
hello 
hello 
hello 
hello 
hello 
hello 
hello 
hello 
hello 
hello 
hello 
hello 
hello 
hello 
hello 
hello 
hello 
hello 
hello 
hello 
hello 
hello 
hello 
hello 
hello 
hello 
hello 
hello 
hello 
hello 
hello 
hello 
hello 
hello 
hello 
hello 
hello 
hello 
hello 
hello 
hello 
hello 
hello 
hello 
hello 
hello 
hello 
hello 
hello 
hello 
hello 
hello 
hello 
hello 
hello 
hello 
hello 
hello 
hello 
hello 
hello 
hello 
hello 
hello 
hello 
hello 
hello 
hello 
hello 
hello 
hello 
hello 
hello 
hello 
hello 
hello 
hello 
hello 
hello 
hello 
hello 
hello 
hello 
hello 
hello 
hello 
hello 
hello 
hello 
hello 
hello 
hello 
hello 
hello 
hello 
hello 
hello 
hello 
hello 
hello 
hello 
hello 
hello 
hello 
hello 
hello 
hello 
hello 
hello 
hello 
hello 
hello 
hello 
hello 
hello 
hello 
hello 
hello 
hello 
hello 
hello 
hello 
hello 
hello 
hello 
hello 
hello 
hello 
hello 
hello 
hello 
hello 
hello 
hello 
hello 
hello 
hello 
hello 
hello 
hello 
hello 
hello 
hello 
hello 
hello 
hello 
hello 
hello 
hello 
hello 
hello 
hello 
hello 
hello 
hello 
hello 
hello 
hello 
hello 
hello 
hello 
hello 
hello 
hello 
hello 
hello 
hello 
hello 
hello 
hello 
hello 
hello 
hello 
hello 
hello 
hello 
hello 
hello 
hello 
hello 
hello 
hello 
hello 
hello 
hello 
hello 
hello 
hello 
hello 
hello 
hello 
hello 
hello 
hello 
hello 
hello 
hello 
hello 
hello 
hello 
hello 
hello 
hello 
hello 
hello 
hello 
hello 
hello 
hello 
hello 
hello 
hello 
hello 
hello 
hello 
hello 
hello 
hello 
hello 
hello 
hello 
hello 
hello 
hello 
hello 
hello 
hello 
hello 
hello 
hello 
hello 
hello 
hello 
hello 
hello 
hello 
hello 
hello 
hello 
hello 
hello 
hello 
hello 
hello 
hello 
hello 
hello 
hello 
hello 
hello 
hello 
hello 
hello 
hello 
hello 
hello 
hello 
hello 
hello 
hello 
hello 
hello 
hello 
hello 
hello 
hello 
hello 
hello 
hello 
hello 
hello 
hello 
hello 
hello 
hello 
hello 
hello 
hello 
hello 
hello 
hello 
hello 
hello 
hello 
hello 
hello 
hello 
hello 
hello 
hello 
hello 
hello 
hello 
hello 
hello 
hello 
hello 
hello 
hello 
hello 
hello 
hello 
hello 
hello 
hello 
hello 
hello 
hello 
hello 
hello 
hello 
hello 
hello 
hello 
hello 
hello 
hello 
hello 
hello 
hello 
hello 
hello 
hello 
hello 
hello 
hello 
hello 
hello 
hello 
hello 
hello 
hello 
hello 
hello 
hello 
hello 
hello 
hello 
hello 
hello 
hello 
hello 
hello 
hello 
hello 
hello 
hello 
hello 
hello 
hello 
hello 
hello 
hello 
hello 
hello 
hello 
hello 
hello 
hello 
hello 
hello 
hello 
hello 
hello 
hello 
hello 
hello 
hello 
hello 
hello 
hello 
hello 
hello 
hello 
hello 
hello 
hello 
hello 
hello 
hello 
hello 
hello 
hello 
hello 
hello 
hello 
hello 
hello 
hello 
hello 
hello 
hello 
hello 
hello 
hello 
hello 
hello 
hello 
hello 
hello 
hello 
hello 
hello 
hello 
hello 
hello 
hello 
hello 
hello 
hello 
hello 
hello 
hello 
hello 
hello 
hello 
hello 
hello 
hello 
hello 
hello 
hello 
hello 
hello 
hello 
hello 
hello 
hello 
hello 
hello 
hello 
hello 
hello 
hello 
hello 
hello 
hello 
hello 
hello 
hello 
hello 
hello 
hello 
hello 
hello 
hello 
hello 
hello 
hello 
hello 
hello 
hello 
hello 
hello 
hello 
hello 
hello 
hello 
hello 
hello 
hello 
hello 
hello 
hello 
hello 
hello 
hello 
hello 
hello 
hello 
hello 
hello 
hello 
hello 
hello 
hello 
hello 
hello 
hello 
hello 
hello 
hello 
hello 
hello 
hello 
hello 
hello 
hello 
hello 
hello 
hello 
hello 
hello 
hello 
hello 
hello 
hello 
hello 
hello 
hello 
hello 
hello 
hello 
hello 
hello 
hello 
hello 
hello 
hello 
hello 
hello 
hello 
hello 
hello 
hello 
hello 
hello 
hello 
hello 
hello 
hello 
hello 
hello 
hello 
hello 
hello 
hello 
hello 
hello 
hello 
hello 
hello 
hello 
hello 
hello 
hello 
hello 
hello 
hello 
hello 
hello 
hello 
hello 
hello 
hello 
hello 
hello 
hello 
hello 
hello 
hello 
hello 
hello 
hello 
hello 
hello 
hello 
hello 
hello 
hello 
hello 
hello 
hello 
hello 
hello 
hello 
hello 
hello 
hello 
hello 
hello 
hello 
hello 
hello 
hello 
hello 
hello 
hello 
hello 
hello 
hello 
hello 
hello 
hello 
hello 
hello 
hello 
hello 
hello 
hello 
hello 
hello 
hello 
hello 
hello 
hello 
hello 
hello 
hello 
hello 
hello 
hello 
hello 
hello 
hello 
hello 
hello 
hello 
hello 
hello 
hello 
hello 
hello 
hello 
hello 
hello 
hello 
hello 
hello 
hello 
hello 
hello 
hello 
hello 
hello 
hello 
hello 
hello 
hello 
hello 
hello 
hello 
hello 
hello 
hello 
hello 
hello 
hello 
hello 
hello 
hello 
hello 
hello 
hello 
hello 
hello 
hello 
hello 
hello 
hello 
hello 
hello 
hello 
hello 
hello 
hello 
hello 
hello 
hello 
hello 
hello 
hello 
hello 
hello 
hello 
hello 
hello 
hello 
hello 
hello 
hello 
hello 
hello 
hello 
hello 
hello 
hello 
hello 
hello 
hello 
hello 
hello 
hello 
hello 
hello 
hello 
hello 
hello 
hello 
hello 
hello 
hello 
hello 
hello 
hello 
hello 
hello 
hello 
hello 
hello 
hello 
hello 
hello 
hello 
hello 
hello 
hello 
hello 
hello 
hello 
hello 
hello 
hello 
hello 
hello 
hello 
hello 
hello 
hello 
hello 
hello 
hello 
hello 
hello 
hello 
hello 
hello 
hello 
hello 
hello 
hello 
hello 
hello 
hello 
hello 
hello 
hello 
hello 
hello 
hello 
hello 
hello 
hello 
hello 
hello 
hello 
hello 
hello 
hello 
hello 
hello 
hello 
hello 
hello 
hello 
hello 
hello 
hello 
hello 
hello 
hello 
hello 
hello 
hello 
hello 
hello 
hello 
hello 
hello 
hello 
hello 
hello 
hello 
hello 
hello 
hello 
hello 
hello 
hello 
hello 
hello 
hello 
hello 
hello 
hello 
hello 
hello 
hello 
hello 
hello 
hello 
hello 
hello 
hello 
hello 
hello 
hello 
hello 
hello 
hello 
hello 
hello 
hello 
hello 
hello 
hello 
hello 
hello 
hello 
hello 
hello 
hello 
hello 
hello 
hello 
hello 
hello 
hello 
hello 
hello 
hello 
hello 
hello 
hello 
hello 
hello 
hello 
hello 
hello 
hello 
hello 
hello 
hello 
hello 
hello 
hello 
hello 
hello 
hello 
hello 
hello 
hello 
hello 
hello 
hello 
hello 
hello 
hello 
hello 
hello 
hello 
hello 
hello 
hello 
hello 
hello 
hello 
hello 
hello 
hello 
hello 
hello 
hello 
hello 
hello 
hello 
hello 
hello 
hello 
hello 
hello 
hello 
hello 
hello 
hello 
hello 
hello 
hello 
hello 
hello 
hello 
hello 
hello 
hello 
hello 
hello 
hello 
hello 
hello 
hello 
hello 
hello 
hello 
hello 
hello 
hello 
hello 
hello 
hello 
hello 
hello 
hello 
hello 
hello 
hello 
hello 
hello 
hello 
hello 
hello 
hello 
hello 
hello 
hello 
hello 
hello 
hello 
hello 
hello 
hello 
hello 
hello 
hello 
hello 
hello 
hello 
hello 
hello 
hello 
hello 
hello 
hello 
hello 
hello 
hello 
hello 
hello 
hello 
hello 
hello 
hello 
hello 
hello 
hello 
hello 
hello 
hello 
hello 
hello 
hello 
hello 
hello 
hello 
hello 
hello 
hello 
hello 
hello 
hello 
hello 
hello 
hello 
hello 
hello 
hello 
hello 
hello 
hello 
hello 
hello 
hello 
hello 
hello 
hello 
hello 
hello 
hello 
hello 
hello 
hello 
hello 
hello 
hello 
hello 
hello 
hello 
hello 
hello 
hello 
hello 
hello 
hello 
hello 
hello 
hello 
hello 
hello 
hello 
hello 
hello 
hello 
hello 
hello 
hello 
hello 
hello 
hello 
hello 
hello 
hello 
hello 
hello 
hello 
hello 
hello 
hello 
hello 
hello 
hello 
hello 
hello 
hello 
hello 
hello 
hello 
hello 
hello 
hello 
hello 
hello 
hello 
hello 
hello 
hello 
hello 
hello 
hello 
hello 
hello 
hello 
hello 
hello 
hello 
hello 
hello 
hello 
hello 
hello 
hello 
hello 
hello 
hello 
hello 
hello 
hello 
hello 
hello 
hello 
hello 
hello 
hello 
hello 
hello 
hello 
hello 
hello 
hello 
hello 
hello 
hello 
hello 
hello 
hello 
hello 
hello 
hello 
hello 
hello 
hello 
hello 
hello 
hello 
hello 
hello 
hello 
hello 
hello 
hello 
hello 
hello 
hello 
hello 
hello 
hello 
hello 
hello 
hello 
hello 
hello 
hello 
hello 
hello 
hello 
hello 
hello 
hello 
hello 
hello 
hello 
hello 
hello 
hello 
hello 
hello 
hello 
hello 
hello 
hello 
hello 
hello 
hello 
hello 
hello 
hello 
hello 
hello 
hello 
hello 
hello 
hello 
hello 
hello 
hello 
hello 
hello 
hello 
hello 
hello 
hello 
hello 
hello 
hello 
hello 
hello 
hello 
hello 
hello 
hello 
hello 
hello 
hello 
hello 
hello 
hello 
hello 
hello 
hello 
hello 
hello 
hello 
hello 
hello 
hello 
hello 
hello 
hello 
hello 
hello 
hello 
hello 
hello 
hello 
hello 
hello 
hello 
hello 
hello 
hello 
hello 
hello 
hello 
hello 
hello 
hello 
hello 
hello 
hello 
hello 
hello 
hello 
hello 
hello 
hello 
hello 
hello 
hello 
hello 
hello 
hello 
hello 
hello 
hello 
hello 
hello 
hello 
hello 
hello 
hello 
hello 
hello 
hello 
hello 
hello 
hello 
hello 
hello 
hello 
hello 
hello 
hello 
hello 
hello 
hello 
hello 
hello 
hello 
hello 
hello 
hello 
hello 
hello 
hello 
hello 
hello 
hello 
hello 
hello 
hello 
hello 
hello 
hello 
hello 
hello 
hello 
hello 
hello 
hello 
hello 
hello 
hello 
hello 
hello 
hello 
hello 
hello 
hello 
hello 
hello 
hello 
hello 
hello 
hello 
hello 
hello 
hello 
hello 
hello 
hello 
hello 
hello 
hello 
hello 
hello 
hello 
hello 
hello 
hello 
hello 
hello 
hello 
hello 
hello 
hello 
hello 
hello 
hello 
hello 
hello 
hello 
hello 
hello 
hello 
hello 
hello 
hello 
hello 
hello 
hello 
hello 
hello 
hello 
hello 
hello 
hello 
hello 
hello 
hello 
hello 
hello 
hello 
hello 
hello 
hello 
hello 
hello 
hello 
hello 
hello 
hello 
hello 
hello 
hello 
hello 
hello 
hello 
hello 
hello 
hello 
hello 
hello 
hello 
hello 
hello 
hello 
hello 
hello 
hello 
hello 
hello 
hello 
hello 
hello 
hello 
hello 
hello 
hello 
hello 
hello 
hello 
hello 
hello 
hello 
hello 
hello 
hello 
hello 
hello 
hello 
hello 
hello 
hello 
hello 
hello 
hello 
hello 
hello 
hello 
hello 
hello 
hello 
hello 
hello 
hello 
hello 
hello 
hello 
hello 
hello 
hello 
hello 
hello 
hello 
hello 
hello 
hello 
hello 
hello 
hello 
hello 
hello 
hello 
hello 
hello 
hello 
hello 
hello 
hello 
hello 
hello 
hello 
hello 
hello 
hello 
hello 
hello 
hello 
hello 
hello 
hello 
hello 
hello 
hello 
hello 
hello 
hello 
hello 
hello 
hello 
hello 
hello 
hello 
hello 
hello 
hello 
hello 
hello 
hello 
hello 
hello 
hello 
hello 
hello 
hello 
hello 
hello 
hello 
hello 
hello 
hello 
hello 
hello 
hello 
hello 
hello 
hello 
hello 
hello 
hello 
hello 
hello 
hello 
hello 
hello 
hello 
hello 
hello 
hello 
hello 
hello 
hello 
hello 
hello 
hello 
hello 
hello 
hello 
hello 
hello 
hello 
hello 
hello 
hello 
hello 
hello 
hello 
hello 
hello 
hello 
hello 
hello 
hello 
hello 
hello 
hello 
hello 
hello 
hello 
hello 
hello 
hello 
hello 
hello 
hello 
hello 
hello 
hello 
hello 
hello 
hello 
hello 
hello 
hello 
hello 
hello 
hello 
hello 
hello 
hello 
hello 
hello 
hello 
hello 
hello 
hello 
hello 
hello 
hello 
hello 
hello 
hello 
hello 
hello 
hello 
hello 
hello 
hello 
hello 
hello 
hello 
hello 
hello 
hello 
hello 
hello 
hello 
hello 
hello 
hello 
hello 
hello 
hello 
hello 
hello 
hello 
hello 
hello 
hello 
hello 
hello 
hello 
hello 
hello 
hello 
hello 
hello 
hello 
hello 
hello 
hello 
hello 
hello 
hello 
hello 
hello 
hello 
hello 
hello 
hello 
hello 
hello 
hello 
hello 
hello 
hello 
hello 
hello 
hello 
hello 
hello 
hello 
hello 
hello 
hello 
hello 
hello 
hello 
hello 
hello 
hello 
hello 
hello 
hello 
hello 
hello 
hello 
hello 
hello 
hello 
hello 
hello 
hello 
hello 
hello 
hello 
hello 
hello 
hello 
hello 
hello 
hello 
hello 
hello 
hello 
hello 
hello 
hello 
hello 
hello 
hello 
hello 
hello 
hello 
hello 
hello 
hello 
hello 
hello 
hello 
hello 
hello 
hello 
hello 
hello 
hello 
hello 
hello 
hello 
hello 
hello 
hello 
hello 
hello 
hello 
hello 
hello 
hello 
hello 
hello 
hello 
hello 
hello 
hello 
hello 
hello 
hello 
hello 
hello 
hello 
hello 
hello 
hello 
hello 
hello 
hello 
hello 
hello 
hello 
hello 
hello 
hello 
hello 
hello 
hello 
hello 
hello 
hello 
hello 
hello 
hello 
hello 
hello 
hello 
hello 
hello 
hello 
hello 
hello 
hello 
hello 
hello 
hello 
hello 
hello 
hello 
hello 
hello 
hello 
hello 
hello 
hello 
hello 
hello 
hello 
hello 
hello 
hello 
hello 
hello 
hello 
hello 
hello 
hello 
hello 
hello 
hello 
hello 
hello 
hello 
hello 
hello 
hello 
hello 
hello 
hello 
hello 
hello 
hello 
hello 
hello 
hello 
hello 
hello 
hello 
hello 
hello 
hello 
hello 
hello 
hello 
hello 
hello 
hello 
hello 
hello 
hello 
hello 
hello 
hello 
hello 
hello 
hello 
hello 
hello 
hello 
hello 
hello 
hello 
hello 
hello 
hello 
hello 
hello 
hello 
hello 
hello 
hello 
hello 
hello 
hello 
hello 
hello 
hello 
hello 
hello 
hello 
hello 
hello 
hello 
hello 
hello 
hello 
hello 
hello 
hello 
hello 
hello 
hello 
hello 
hello 
hello 
hello 
hello 
hello 
hello 
hello 
hello 
hello 
hello 
hello 
hello 
hello 
hello 
hello 
hello 
hello 
hello 
hello 
hello 
hello 
hello 
hello 
hello 
hello 
hello 
hello 
hello 
hello 
hello 
hello 
hello 
hello 
hello 
hello 
hello 
hello 
hello 
hello 
hello 
hello 
hello 
hello 
hello 
hello 
hello 
hello 
hello 
hello 
hello 
hello 
hello 
hello 
hello 
hello 
hello 
hello 
hello 
hello 
hello 
hello 
hello 
hello 
hello 
hello 
hello 
hello 
hello 
hello 
hello 
hello 
hello 
hello 
hello 
hello 
hello 
hello 
hello 
hello 
hello 
hello 
hello 
hello 
hello 
hello 
hello 
hello 
hello 
hello 
hello 
hello 
hello 
hello 
hello 
hello 
hello 
hello 
hello 
hello 
hello 
hello 
hello 
hello 
hello 
hello 
hello 
hello 
hello 
hello 
hello 
hello 
hello 
hello 
hello 
hello 
hello 
hello 
hello 
hello 
hello 
hello 
hello 
hello 
hello 
hello 
hello 
hello 
hello 
hello 
hello 
hello 
hello 
hello 
hello 
hello 
hello 
hello 
hello 
hello 
hello 
hello 
hello 
hello 
hello 
hello 
hello 
hello 
hello 
hello 
hello 
hello 
hello 
hello 
hello 
hello 
hello 
hello 
hello 
hello 
hello 
hello 
hello 
hello 
hello 
hello 
hello 
hello 
hello 
hello 
hello 
hello 
hello 
hello 
hello 
hello 
hello 
hello 
hello 
hello 
hello 
hello 
hello 
hello 
hello 
hello 
hello 
hello 
hello 
hello 
hello 
hello 
hello 
hello 
hello 
hello 
hello 
hello 
hello 
hello 
hello 
hello 
hello 
hello 
hello 
hello 
hello 
hello 
hello 
hello 
hello 
hello 
hello 
hello 
hello 
hello 
hello 
hello 
hello 
hello 
hello 
hello 
hello 
hello 
hello 
hello 
hello 
hello 
hello 
hello 
hello 
hello 
hello 
hello 
hello 
hello 
hello 
hello 
hello 
hello 
hello 
hello 
hello 
hello 
hello 
hello 
hello 
hello 
hello 
hello 
hello 
hello 
hello 
hello 
hello 
hello 
hello 
hello 
hello 
hello 
hello 
hello 
hello 
hello 
hello 
hello 
hello 
hello 
hello 
hello 
hello 
hello 
hello 
hello 
hello 
hello 
hello 
hello 
hello 
hello 
hello 
hello 
hello 
hello 
hello 
hello 
hello 
hello 
hello 
hello 
hello 
hello 
hello 
hello 
hello 
hello 
hello 
hello 
hello 
hello 
hello 
hello 
hello 
hello 
hello 
hello 
hello 
hello 
hello 
hello 
hello 
hello 
hello 
hello 
hello 
hello 
hello 
hello 
hello 
hello 
hello 
hello 
hello 
hello 
hello 
hello 
hello 
hello 
hello 
hello 
hello 
hello 
hello 
hello 
hello 
hello 
hello 
hello 
hello 
hello 
hello 
hello 
hello 
hello 
hello 
hello 
hello 
hello 
hello 
hello 
hello 
hello 
hello 
hello 
hello 
hello 
hello 
hello 
hello 
hello 
hello 
hello 
hello 
hello 
hello 
hello 
hello 
hello 
hello 
hello 
hello 
hello 
hello 
hello 
hello 
hello 
hello 
hello 
hello 
hello 
hello 
hello 
hello 
hello 
hello 
hello 
hello 
hello 
hello 
hello 
hello 
hello 
hello 
hello 
hello 
hello 
hello 
hello 
hello 
hello 
hello 
hello 
hello 
hello 
hello 
hello 
hello 
hello 
hello 
hello 
hello 
hello 
hello 
hello 
hello 
hello 
hello 
hello 
hello 
hello 
hello 
hello 
hello 
hello 
hello 
hello 
hello 
hello 
hello 
hello 
hello 
hello 
hello 
hello 
hello 
hello 
hello 
hello 
hello 
hello 
hello 
hello 
hello 
hello 
hello 
hello 
hello 
hello 
hello 
hello 
hello 
hello 
hello 
hello 
hello 
hello 
hello 
hello 
hello 
hello 
hello 
hello 
hello 
hello 
hello 
hello 
hello 
hello 
hello 
hello 
hello 
hello 
hello 
hello 
hello 
hello 
hello 
hello 
hello 
hello 
hello 
hello 
hello 
hello 
hello 
hello 
hello 
hello 
hello 
hello 
hello 
hello 
hello 
hello 
hello 
hello 
hello 
hello 
hello 
hello 
hello 
hello 
hello 
hello 
hello 
hello 
hello 
hello 
hello 
hello 
hello 
hello 
hello 
hello 
hello 
hello 
hello 
hello 
hello 
hello 
hello 
hello 
hello 
hello 
hello 
hello 
hello 
hello 
hello 
hello 
hello 
hello 
hello 
hello 
hello 
hello 
hello 
hello 
hello 
hello 
hello 
hello 
hello 
hello 
hello 
hello 
hello 
hello 
hello 
hello 
hello 
hello 
hello 
hello 
hello 
hello 
hello 
hello 
hello 
hello 
hello 
hello 
hello 
hello 
hello 
hello 
hello 
hello 
hello 
hello 
hello 
hello 
hello 
hello 
hello 
hello 
hello 
hello 
hello 
hello 
hello 
hello 
hello 
hello 
hello 
hello 
hello 
hello 
hello 
hello 
hello 
hello 
hello 
hello 
hello 
hello 
hello 
hello 
hello 
hello 
hello 
hello 
hello 
hello 
hello 
hello 
hello 
hello 
hello 
hello 
hello 
hello 
hello 
hello 
hello 
hello 
hello 
hello 
hello 
hello 
hello 
hello 
hello 
hello 
hello 
hello 
hello 
hello 
hello 
hello 
hello 
hello 
hello 
hello 
hello 
hello 
hello 
hello 
hello 
hello 
hello 
hello 
hello 
hello 
hello 
hello 
hello 
hello 
hello 
hello 
hello 
hello 
hello 
hello 
hello 
hello 
hello 
hello 
hello 
hello 
hello 
hello 
hello 
hello 
hello 
hello 
hello 
hello 
hello 
hello 
hello 
hello 
hello 
hello 
hello 
hello 
hello 
hello 
hello 
hello 
hello 
hello 
hello 
hello 
hello 
hello 
hello 
hello 
hello 
hello 
hello 
hello 
hello 
hello 
hello 
hello 
hello 
hello 
hello 
hello 
hello 
hello 
hello 
hello 
hello 
hello 
hello 
hello 
hello 
hello 
hello 
hello 
hello 
hello 
hello 
hello 
hello 
hello 
hello 
hello 
hello 
hello 
hello 
hello 
hello 
hello 
hello 
hello 
hello 
hello 
hello 
hello 
hello 
hello 
hello 
hello 
hello 
hello 
hello 
hello 
hello 
hello 
hello 
hello 
hello 
hello 
hello 
hello 
hello 
hello 
hello 
hello 
hello 
hello 
hello 
hello 
hello 
hello 
hello 
hello 
hello 
hello 
hello 
hello 
hello 
hello 
hello 
hello 
hello 
hello 
hello 
hello 
hello 
hello 
hello 
hello 
hello 
hello 
hello 
hello 
hello 
hello 
hello 
hello 
hello 
hello 
hello 
hello 
hello 
hello 
hello 
hello 
hello 
hello 
hello 
hello 
hello 
hello 
hello 
hello 
hello 
hello 
hello 
hello 
hello 
hello 
hello 
hello 
hello 
hello 
hello 
hello 
hello 
hello 
hello 
hello 
hello 
hello 
hello 
hello 
hello 
hello 
hello 
hello 
hello 
hello 
hello 
hello 
hello 
hello 
hello 
hello 
hello 
hello 
hello 
hello 
hello 
hello 
hello 
hello 
hello 
hello 
hello 
hello 
hello 
hello 
hello 
hello 
hello 
hello 
hello 
hello 
hello 
hello 
hello 
hello 
hello 
hello 
hello 
hello 
hello 
hello 
hello 
hello 
hello 
hello 
hello 
hello 
hello 
hello 
hello 
hello 
hello 
hello 
hello 
hello 
hello 
hello 
hello 
hello 
hello 
hello 
hello 
hello 
hello 
hello 
hello 
hello 
hello 
hello 
hello 
hello 
hello 
hello 
hello 
hello 
hello 
hello 
hello 
hello 
hello 
hello 
hello 
hello 
hello 
hello 
hello 
hello 
hello 
hello 
hello 
hello 
hello 
hello 
hello 
hello 
hello 
hello 
hello 
hello 
hello 
hello 
hello 
hello 
hello 
hello 
hello 
hello 
hello 
hello 
hello 
hello 
hello 
hello 
hello 
hello 
hello 
hello 
hello 
hello 
hello 
hello 
hello 
hello 
hello 
hello 
hello 
hello 
hello 
hello 
hello 
hello 
hello 
hello 
hello 
hello 
hello 
hello 
hello 
hello 
hello 
hello 
hello 
hello 
hello 
hello 
hello 
hello 
hello 
hello 
hello 
hello 
hello 
hello 
hello 
hello 
hello 
hello 
hello 
hello 
hello 
hello 
hello 
hello 
hello 
hello 
hello 
hello 
hello 
hello 
hello 
hello 
hello 
hello 
hello 
hello 
hello 
hello 
hello 
hello 
hello 
hello 
hello 
hello 
hello 
hello 
hello 
hello 
hello 
hello 
hello 
hello 
hello 
hello 
hello 
hello 
hello 
hello 
hello 
hello 
hello 
hello 
hello 
hello 
hello 
hello 
hello 
hello 
hello 
hello 
hello 
hello 
hello 
hello 
hello 
hello 
hello 
hello 
hello 
hello 
hello 
hello 
hello 
hello 
hello 
hello 
hello 
hello 
hello 
hello 
hello 
hello 
hello 
hello 
hello 
hello 
hello 
hello 
hello 
hello 
hello 
hello 
hello 
hello 
hello 
hello 
hello 
hello 
hello 
hello 
hello 
hello 
hello 
hello 
hello 
hello 
hello 
hello 
hello 
hello 
hello 
hello 
hello 
hello 
hello 
hello 
hello 
hello 
hello 
hello 
hello 
hello 
hello 
hello 
hello 
hello 
hello 
hello 
hello 
hello 
hello 
hello 
hello 
hello 
hello 
hello 
hello 
hello 
hello 
hello 
hello 
hello 
hello 
hello 
hello 
hello 
hello 
hello 
hello 
hello 
hello 
hello 
hello 
hello 
hello 
hello 
hello 
hello 
hello 
hello 
hello 
hello 
hello 
hello 
hello 
hello 
hello 
hello 
hello 
hello 
hello 
hello 
hello 
hello 
hello 
hello 
hello 
hello 
hello 
hello 
hello 
hello 
hello 
hello 
hello 
hello 
hello 
hello 
hello 
hello 
hello 
hello 
hello 
hello 
hello 
hello 
hello 
hello 
hello 
hello 
hello 
hello 
hello 
hello 
hello 
hello 
hello 
hello 
hello 
hello 
hello 
hello 
hello 
hello 
hello 
hello 
hello 
hello 
hello 
hello 
hello 
hello 
hello 
hello 
hello 
hello 
hello 
hello 
hello 
hello 
hello 
hello 
hello 
hello 
hello 
hello 
hello 
hello 
hello 
hello 
hello 
hello 
hello 
hello 
hello 
hello 
hello 
hello 
hello 
hello 
hello 
hello 
hello 
hello 
hello 
hello 
hello 
hello 
hello 
hello 
hello 
hello 
hello 
hello 
hello 
hello 
hello 
hello 
hello 
hello 
hello 
hello 
hello 
hello 
hello 
hello 
hello 
hello 
hello 
hello 
hello 
hello 
hello 
hello 
hello 
hello 
hello 
hello 
hello 
hello 
hello 
hello 
hello 
hello 
hello 
hello 
hello 
hello 
hello 
hello 
hello 
hello 
hello 
hello 
hello 
hello 
hello 
hello 
hello 
hello 
hello 
hello 
hello 
hello 
hello 
hello 
hello 
hello 
hello 
hello 
hello 
hello 
hello 
hello 
hello 
hello 
hello 
hello 
hello 
hello 
hello 
hello 
hello 
hello 
hello 
hello 
hello 
hello 
hello 
hello 
hello 
hello 
hello 
hello 
hello 
hello 
hello 
hello 
hello 
hello 
hello 
hello 
hello 
hello 
hello 
hello 
hello 
hello 
hello 
hello 
hello 
hello 
hello 
hello 
hello 
hello 
hello 
hello 
hello 
hello 
hello 
hello 
hello 
hello 
hello 
hello 
hello 
hello 
hello 
hello 
hello 
hello 
hello 
hello 
hello 
hello 
hello 
hello 
hello 
hello 
hello 
hello 
hello 
hello 
hello 
hello 
hello 
hello 
hello 
hello 
hello 
hello 
hello 
hello 
hello 
hello 
hello 
hello 
hello 
hello 
hello 
hello 
hello 
hello 
hello 
hello 
hello 
hello 
hello 
hello 
hello 
hello 
hello 
hello 
hello 
hello 
hello 
hello 
hello 
hello 
hello 
hello 
hello 
hello 
hello 
hello 
hello 
hello 
hello 
hello 
hello 
hello 
hello 
hello 
hello 
hello 
hello 
hello 
hello 
hello 
hello 
hello 
hello 
hello 
hello 
hello 
hello 
hello 
hello 
hello 
hello 
hello 
hello 
hello 
hello 
hello 
hello 
hello 
hello 
hello 
hello 
hello 
hello 
hello 
hello 
hello 
hello 
hello 
hello 
hello 
hello 
hello 
hello 
hello 
hello 
hello 
hello 
hello 
hello 
hello 
hello 
hello 
hello 
hello 
hello 
hello 
hello 
hello 
hello 
hello 
hello 
hello 
hello 
hello 
hello 
hello 
hello 
hello 
hello 
hello 
hello 
hello 
hello 
hello 
hello 
hello 
hello 
hello 
hello 
hello 
hello 
hello 
hello 
hello 
hello 
hello 
hello 
hello 
hello 
hello 
hello 
hello 
hello 
hello 
hello 
hello 
hello 
hello 
hello 
hello 
hello 
hello 
hello 
hello 
hello 
hello 
hello 
hello 
hello 
hello 
hello 
hello 
hello 
hello 
hello 
hello 
hello 
hello 
hello 
hello 
hello 
hello 
hello 
hello 
hello 
hello 
hello 
hello 
hello 
hello 
hello 
hello 
hello 
hello 
hello 
hello 
hello 
hello 
hello 
hello 
hello 
hello 
hello 
hello 
hello 
hello 
hello 
hello 
hello 
hello 
hello 
hello 
hello 
hello 
hello 
hello 
hello 
hello 
hello 
hello 
hello 
hello 
hello 
hello 
hello 
hello 
hello 
hello 
hello 
hello 
hello 
hello 
hello 
hello 
hello 
hello 
hello 
hello 
hello 
hello 
hello 
hello 
hello 
hello 
hello 
hello 
hello 
hello 
hello 
hello 
hello 
hello 
hello 
hello 
hello 
hello 
hello 
hello 
hello 
hello 
hello 
hello 
hello 
hello 
hello 
hello 
hello 
hello 
hello 
hello 
hello 
hello 
hello 
hello 
hello 
hello 
hello 
hello 
hello 
hello 
hello 
hello 
hello 
hello 
hello 
hello 
hello 
hello 
hello 
hello 
hello 
hello 
hello 
hello 
hello 
hello 
hello 
hello 
hello 
hello 
hello 
hello 
hello 
hello 
hello 
hello 
hello 
hello 
hello 
hello 
hello 
hello 
hello 
hello 
hello 
hello 
hello 
hello 
hello 
hello 
hello 
hello 
hello 
hello 
hello 
hello 
hello 
hello 
hello 
hello 
hello 
hello 
hello 
hello 
hello 
hello 
hello 
hello 
hello 
hello 
hello 
hello 
hello 
hello 
hello 
hello 
hello 
hello 
hello 
hello 
hello 
hello 
hello 
hello 
hello 
hello 
hello 
hello 
hello 
hello 
hello 
hello 
hello 
hello 
hello 
hello 
hello 
hello 
hello 
hello 
hello 
hello 
hello 
hello 
hello 
hello 
hello 
hello 
hello 
hello 
hello 
hello 
hello 
hello 
hello 
hello 
hello 
hello 
hello 
hello 
hello 
hello 
hello 
hello 
hello 
hello 
hello 
hello 
hello 
hello 
hello 
hello 
hello 
hello 
hello 
hello 
hello 
hello 
hello 
hello 
hello 
hello 
hello 
hello 
hello 
hello 
hello 
hello 
hello 
hello 
hello 
hello 
hello 
hello 
hello 
hello 
hello 
hello 
hello 
hello 
hello 
hello 
hello 
hello 
hello 
hello 
hello 
hello 
hello 
hello 
hello 
hello 
hello 
hello 
hello 
hello 
hello 
hello 
hello 
hello 
hello 
hello 
hello 
hello 
hello 
hello 
hello 
hello 
hello 
hello 
hello 
hello 
hello 
hello 
hello 
hello 
hello 
hello 
hello 
hello 
hello 
hello 
hello 
hello 
hello 
hello 
hello 
hello 
hello 
hello 
hello 
hello 
hello 
hello 
hello 
hello 
hello 
hello 
hello 
hello 
hello 
hello 
hello 
hello 
hello 
hello 
hello 
hello 
hello 
hello 
hello 
hello 
hello 
hello 
hello 
hello 
hello 
hello 
hello 
hello 
hello 
hello 
hello 
hello 
hello 
hello 
hello 
hello 
hello 
hello 
hello 
hello 
hello 
hello 
hello 
hello 
hello 
hello 
hello 
hello 
hello 
hello 
hello 
hello 
hello 
hello 
hello 
hello 
hello 
hello 
hello 
hello 
hello 
hello 
hello 
hello 
hello 
hello 
hello 
hello 
hello 
hello 
hello 
hello 
hello 
hello 
hello 
hello 
hello 
hello 
hello 
hello 
hello 
hello 
hello 
hello 
hello 
hello 
hello 
hello 
hello 
hello 
hello 
hello 
hello 
hello 
hello 
hello 
hello 
hello 
hello 
hello 
hello 
hello 
hello 
hello 
hello 
hello 
hello 
hello 
hello 
hello 
hello 
hello 
hello 
hello 
hello 
hello 
hello 
hello 
hello 
hello 
hello 
hello 
hello 
hello 
hello 
hello 
hello 
hello 
hello 
hello 
hello 
hello 
hello 
hello 
hello 
hello 
hello 
hello 
hello 
hello 
hello 
hello 
hello 
hello 
hello 
hello 
hello 
hello 
hello 
hello 
hello 
hello 
hello 
hello 
hello 
hello 
hello 
hello 
hello 
hello 
hello 
hello 
hello 
hello 
hello 
hello 
hello 
hello 
hello 
hello 
hello 
hello 
hello 
hello 
hello 
hello 
hello 
hello 
hello 
hello 
hello 
hello 
hello 
hello 
hello 
hello 
hello 
hello 
hello 
hello 
hello 
hello 
hello 
hello 
hello 
hello 
hello 
hello 
hello 
hello 
hello 
hello 
hello 
hello 
hello 
hello 
hello 
hello 
hello 
hello 
hello 
hello 
hello 
hello 
hello 
hello 
hello 
hello 
hello 
hello 
hello 
hello 
hello 
hello 
hello 
hello 
hello 
hello 
hello 
hello 
hello 
hello 
hello 
hello 
hello 
hello 
hello 
hello 
hello 
hello 
hello 
hello 
hello 
hello 
hello 
hello 
hello 
hello 
hello 
hello 
hello 
hello 
hello 
hello 
hello 
hello 
hello 
hello 
hello 
hello 
hello 
hello 
hello 
hello 
hello 
hello 
hello 
hello 
hello 
hello 
hello 
hello 
hello 
hello 
hello 
hello 
hello 
hello 
hello 
hello 
hello 
hello 
hello 
hello 
hello 
hello 
hello 
hello 
hello 
hello 
hello 
hello 
hello 
hello 
hello 
hello 
hello 
hello 
hello 
hello 
hello 
hello 
hello 
hello 
hello 
hello 
hello 
hello 
hello 
hello 
hello 
hello 
hello 
hello 
hello 
hello 
hello 
hello 
hello 
hello 
hello 
hello 
hello 
hello 
hello 
hello 
hello 
hello 
hello 
hello 
hello 
hello 
hello 
hello 
hello 
hello 
hello 
hello 
hello 
hello 
hello 
hello 
hello 
hello 
hello 
hello 
hello 
hello 
hello 
hello 
hello 
hello 
hello 
hello 
hello 
hello 
hello 
hello 
hello 
hello 
hello 
hello 
hello 
hello 
hello 
hello 
hello 
hello 
hello 
hello 
hello 
hello 
hello 
hello 
hello 
hello 
hello 
hello 
hello 
hello 
hello 
hello 
hello 
hello 
hello 
hello 
hello 
hello 
hello 
hello 
hello 
hello 
hello 
hello 
hello 
hello 
hello 
hello 
hello 
hello 
hello 
hello 
hello 
hello 
hello 
hello 
hello 
hello 
hello 
hello 
hello 
hello 
hello 
hello 
hello 
hello 
hello 
hello 
hello 
hello 
hello 
hello 
hello 
hello 
hello 
hello 
hello 
hello 
hello 
hello 
hello 
hello 
hello 
hello 
hello 
hello 
hello 
hello 
hello 
hello 
hello 
hello 
hello 
hello 
hello 
hello 
hello 
hello 
hello 
hello 
hello 
hello 
hello 
hello 
hello 
hello 
hello 
hello 
hello 
hello 
hello 
hello 
hello 
hello 
hello 
hello 
hello 
hello 
hello 
hello 
hello 
hello 
hello 
hello 
hello 
hello 
hello 
hello 
hello 
hello 
hello 
hello 
hello 
hello 
hello 
hello 
hello 
hello 
hello 
hello 
hello 
hello 
hello 
hello 
hello 
hello 
hello 
hello 
hello 
hello 
hello 
hello 
hello 
hello 
hello 
hello 
hello 
hello 
hello 
hello 
hello 
hello 
hello 
hello 
hello 
hello 
hello 
hello 
hello 
hello 
hello 
hello 
hello 
hello 
hello 
hello 
hello 
hello 
hello 
hello 
hello 
hello 
hello 
hello 
hello 
hello 
hello 
hello 
hello 
hello 
hello 
hello 
hello 
hello 
hello 
hello 
hello 
hello 
hello 
hello 
hello 
hello 
hello 
hello 
hello 
hello 
hello 
hello 
hello 
hello 
hello 
hello 
hello 
hello 
hello 
hello 
hello 
hello 
hello 
hello 
hello 
hello 
hello 
hello 
hello 
hello 
hello 
hello 
hello 
hello 
hello 
hello 
hello 
hello 
hello 
hello 
hello 
hello 
hello 
hello 
hello 
hello 
hello 
hello 
hello 
hello 
hello 
hello 
hello 
hello 
hello 
hello 
hello 
hello 
hello 
hello 
hello 
hello 
hello 
hello 
hello 
hello 
hello 
hello 
hello 
hello 
hello 
hello 
hello 
hello 
hello 
hello 
hello 
hello 
hello 
hello 
hello 
hello 
hello 
hello 
hello 
hello 
hello 
hello 
hello 
hello 
hello 
hello 
hello 
hello 
hello 
hello 
hello 
hello 
hello 
hello 
hello 
hello 
hello 
hello 
hello 
hello 
hello 
hello 
hello 
hello 
hello 
hello 
hello 
hello 
hello 
hello 
hello 
hello 
hello 
hello 
hello 
hello 
hello 
hello 
hello 
hello 
hello 
hello 
hello 
hello 
hello 
hello 
hello 
hello 
hello 
hello 
hello 
hello 
hello 
hello 
hello 
hello 
hello 
hello 
hello 
hello 
hello 
hello 
hello 
hello 
hello 
hello 
hello 
hello 
hello 
hello 
hello 
hello 
hello 
hello 
hello 
hello 
hello 
hello 
hello 
hello 
hello 
hello 
hello 
hello 
hello 
hello 
hello 
hello 
hello 
hello 
hello 
hello 
hello 
hello 
hello 
hello 
hello 
hello 
hello 
hello 
hello 
hello 
hello 
hello 
hello 
hello 
hello 
hello 
hello 
hello 
hello 
hello 
hello 
hello 
hello 
hello 
hello 
hello 
hello 
hello 
hello 
hello 
hello 
hello 
hello 
hello 
hello 
hello 
hello 
hello 
hello 
hello 
hello 
hello 
hello 
hello 
hello 
hello 
hello 
hello 
hello 
hello 
hello 
hello 
hello 
hello 
hello 
hello 
hello 
hello 
hello 
hello 
hello 
hello 
hello 
hello 
hello 
hello 
hello 
hello 
hello 
hello 
hello 
hello 
hello 
hello 
hello 
hello 
hello 
hello 
hello 
hello 
hello 
hello 
hello 
hello 
hello 
hello 
hello 
hello 
hello 
hello 
hello 
hello 
hello 
hello 
hello 
hello 
hello 
hello 
hello 
hello 
hello 
hello 
hello 
hello 
hello 
hello 
hello 
hello 
hello 
hello 
hello 
hello 
hello 
hello 
hello 
hello 
hello 
hello 
hello 
hello 
hello 
hello 
hello 
hello 
hello 
hello 
hello 
hello 
hello 
hello 
hello 
hello 
hello 
hello 
hello 
hello 
hello 
hello 
hello 
hello 
hello 
hello 
hello 
hello 
hello 
hello 
hello 
hello 
hello 
hello 
hello 
hello 
hello 
hello 
hello 
hello 
hello 
hello 
hello 
hello 
hello 
hello 
hello 
hello 
hello 
hello 
hello 
hello 
hello 
hello 
hello 
hello 
hello 
hello 
hello 
hello 
hello 
hello 
hello 
hello 
hello 
hello 
hello 
hello 
hello 
hello 
hello 
hello 
hello 
hello 
hello 
hello 
hello 
hello 
hello 
hello 
hello 
hello 
hello 
hello 
hello 
hello 
hello 
hello 
hello 
hello 
hello 
hello 
hello 
hello 
hello 
hello 
hello 
hello 
hello 
hello 
hello 
hello 
hello 
hello 
hello 
hello 
hello 
hello 
hello 
hello 
hello 
hello 
hello 
hello 
hello 
hello 
hello 
hello 
hello 
hello 
hello 
hello 
hello 
hello 
hello 
hello 
hello 
hello 
hello 
hello 
hello 
hello 
hello 
hello 
hello 
hello 
hello 
hello 
hello 
hello 
hello 
hello 
hello 
hello 
hello 
hello 
hello 
hello 
hello 
hello 
hello 
hello 
hello 
hello 
hello 
hello 
hello 
hello 
hello 
hello 
hello 
hello 
hello 
hello 
hello 
hello 
hello 
hello 
hello 
hello 
hello 
hello 
hello 
hello 
hello 
hello 
hello 
hello 
hello 
hello 
hello 
hello 
hello 
hello 
hello 
hello 
hello 
hello 
hello 
hello 
hello 
hello 
hello 
hello 
hello 
hello 
hello 
hello 
hello 
hello 
hello 
hello 
hello 
hello 
hello 
hello 
hello 
hello 
hello 
hello 
hello 
hello 
hello 
hello 
hello 
hello 
hello 
hello 
hello 
hello 
hello 
hello 
hello 
hello 
hello 
hello 
hello 
hello 
hello 
hello 
hello 
hello 
hello 
hello 
hello 
hello 
hello 
hello 
hello 
hello 
hello 
hello 
hello 
hello 
hello 
hello 
hello 
hello 
hello 
hello 
hello 
hello 
hello 
hello 
hello 
hello 
hello 
hello 
hello 
hello 
hello 
hello 
hello 
hello 
hello 
hello 
hello 
hello 
hello 
hello 
hello 
hello 
hello 
hello 
hello 
hello 
hello 
hello 
hello 
hello 
hello 
hello 
hello 
hello 
hello 
hello 
hello 
hello 
hello 
hello 
hello 
hello 
hello 
hello 
hello 
hello 
hello 
hello 
hello 
hello 
hello 
hello 
hello 
hello 
hello 
hello 
hello 
hello 
hello 
hello 
hello 
hello 
hello 
hello 
hello 
hello 
hello 
hello 
hello 
hello 
hello 
hello 
hello 
hello 
hello 
hello 
hello 
hello 
hello 
hello 
hello 
hello 
hello 
hello 
hello 
hello 
hello 
hello 
hello 
hello 
hello 
hello 
hello 
hello 
hello 
hello 
hello 
hello 
hello 
hello 
hello 
hello 
hello 
hello 
hello 
hello 
hello 
hello 
hello 
hello 
hello 
hello 
hello 
hello 
hello 
hello 
hello 
hello 
hello 
hello 
hello 
hello 
hello 
hello 
hello 
hello 
hello 
hello 
hello 
hello 
hello 
hello 
hello 
hello 
hello 
hello 
hello 
hello 
hello 
hello 
hello 
hello 
hello 
hello 
hello 
hello 
hello 
hello 
hello 
hello 
hello 
hello 
hello 
hello 
hello 
hello 
hello 
hello 
hello 
hello 
hello 
hello 
hello 
hello 
hello 
hello 
hello 
hello 
hello 
hello 
hello 
hello 
hello 
hello 
hello 
hello 
hello 
hello 
hello 
hello 
hello 
hello 
hello 
hello 
hello 
hello 
hello 
hello 
hello 
hello 
hello 
hello 
hello 
hello 
hello 
hello 
hello 
hello 
hello 
hello 
hello 
hello 
hello 
hello 
hello 
hello 
hello 
hello 
hello 
hello 
hello 
hello 
hello 
hello 
hello 
hello 
hello 
hello 
hello 
hello 
hello 
hello 
hello 
hello 
hello 
hello 
hello 
hello 
hello 
hello 
hello 
hello 
hello 
hello 
hello 
hello 
hello 
hello 
hello 
hello 
hello 
hello 
hello 
hello 
hello 
hello 
hello 
hello 
hello 
hello 
hello 
hello 
hello 
hello 
hello 
hello 
hello 
hello 
hello 
hello 
hello 
hello 
hello 
hello 
hello 
hello 
hello 
hello 
hello 
hello 
hello 
hello 
hello 
hello 
hello 
hello 
hello 
hello 
hello 
hello 
hello 
hello 
hello 
hello 
hello 
hello 
hello 
hello 
hello 
hello 
hello 
hello 
hello 
hello 
hello 
hello 
hello 
hello 
hello 
hello 
hello 
hello 
hello 
hello 
hello 
hello 
hello 
hello 
hello 
hello 
hello 
hello 
hello 
hello 
hello 
hello 
hello 
hello 
hello 
hello 
hello 
hello 
hello 
hello 
hello 
hello 
hello 
hello 
hello 
hello 
hello 
hello 
hello 
hello 
hello 
hello 
hello 
hello 
hello 
hello 
hello 
hello 
hello 
hello 
hello 
hello 
hello 
hello 
hello 
hello 
hello 
hello 
hello 
hello 
hello 
hello 
hello 
hello 
hello 
hello 
hello 
hello 
hello 
hello 
hello 
hello 
hello 
hello 
hello 
hello 
hello 
hello 
hello 
hello 
hello 
hello 
hello 
hello 
hello 
hello 
hello 
hello 
hello 
hello 
hello 
hello 
hello 
hello 
hello 
hello 
hello 
hello 
hello 
hello 
hello 
hello 
hello 
hello 
hello 
hello 
hello 
hello 
hello 
hello 
hello 
hello 
hello 
hello 
hello 
hello 
hello 
hello 
hello 
hello 
hello 
hello 
hello 
hello 
hello 
hello 
hello 
hello 
hello 
hello 
hello 
hello 
hello 
hello 
hello 
hello 
hello 
hello 
hello 
hello 
hello 
hello 
hello 
hello 
hello 
hello 
hello 
hello 
hello 
hello 
hello 
hello 
hello 
hello 
hello 
hello 
hello 
hello 
hello 
hello 
hello 
hello 
hello 
hello 
hello 
hello 
hello 
hello 
hello 
hello 
hello 
hello 
hello 
hello 
hello 
hello 
hello 
hello 
hello 
hello 
hello 
hello 
hello 
hello 
hello 
hello 
hello 
hello 
hello 
hello 
hello 
hello 
hello 
hello 
hello 
hello 
hello 
hello 
hello 
hello 
hello 
hello 
hello 
hello 
hello 
hello 
hello 
hello 
hello 
hello 
hello 
hello 
hello 
hello 
hello 
hello 
hello 
hello 
hello 
hello 
hello 
hello 
hello 
hello 
hello 
hello 
hello 
hello 
hello 
hello 
hello 
hello 
hello 
hello 
hello 
hello 
hello 
hello 
hello 
hello 
hello 
hello 
hello 
hello 
hello 
hello 
hello 
hello 
hello 
hello 
hello 
hello 
hello 
hello 
hello 
hello 
hello 
hello 
hello 
hello 
hello 
hello 
hello 
hello 
hello 
hello 
hello 
hello 
hello 
hello 
hello 
hello 
hello 
hello 
hello 
hello 
hello 
hello 
hello 
hello 
hello 
hello 
hello 
hello 
hello 
hello 
hello 
hello 
hello 
hello 
hello 
hello 
hello 
hello 
hello 
hello 
hello 
hello 
hello 
hello 
hello 
hello 
hello 
hello 
hello 
hello 
hello 
hello 
hello 
hello 
hello 
hello 
hello 
hello 
hello 
hello 
hello 
hello 
hello 
hello 
hello 
hello 
hello 
hello 
hello 
hello 
hello 
hello 
hello 
hello 
hello 
hello 
hello 
hello 
hello 
hello 
hello 
hello 
hello 
hello 
hello 
hello 
hello 
hello 
hello 
hello 
hello 
hello 
hello 
hello 
hello 
hello 
hello 
hello 
hello 
hello 
hello 
hello 
hello 
hello 
hello 
hello 
hello 
hello 
hello 
hello 
hello 
hello 
hello 
hello 
hello 
hello 
hello 
hello 
hello 
hello 
hello 
hello 
hello 
hello 
hello 
hello 
hello 
hello 
hello 
hello 
hello 
hello 
hello 
hello 
hello 
hello 
hello 
hello 
hello 
hello 
hello 
hello 
hello 
hello 
hello 
hello 
hello 
hello 
hello 
hello 
hello 
hello 
hello 
hello 
hello 
hello 
hello 
hello 
hello 
hello 
hello 
hello 
hello 
hello 
hello 
hello 
hello 
hello 
hello 
hello 
hello 
hello 
hello 
hello 
hello 
hello 
hello 
hello 
hello 
hello 
hello 
hello 
hello 
hello 
hello 
hello 
hello 
hello 
hello 
hello 
hello 
hello 
hello 
hello 
hello 
hello 
hello 
hello 
hello 
hello 
hello 
hello 
hello 
hello 
hello 
hello 
hello 
hello 
hello 
hello 
hello 
hello 
hello 
hello 
hello 
hello 
hello 
hello 
hello 
hello 
hello 
hello 
hello 
hello 
hello 
hello 
hello 
hello 
hello 
hello 
hello 
hello 
hello 
hello 
hello 
hello 
hello 
hello 
hello 
hello 
hello 
hello 
hello 
hello 
hello 
hello 
hello 
hello 
hello 
hello 
hello 
hello 
hello 
hello 
hello 
hello 
hello 
hello 
hello 
hello 
hello 
hello 
hello 
hello 
hello 
hello 
hello 
hello 
hello 
hello 
hello 
hello 
hello 
hello 
hello 
hello 
hello 
hello 
hello 
hello 
hello 
hello 
hello 
hello 
hello 
hello 
hello 
hello 
hello 
hello 
hello 
hello 
hello 
hello 
hello 
hello 
hello 
hello 
hello 
hello 
hello 
hello 
hello 
hello 
hello 
hello 
hello 
hello 
hello 
hello 
hello 
hello 
hello 
hello 
hello 
hello 
hello 
hello 
hello 
hello 
hello 
hello 
hello 
hello 
hello 
hello 
hello 
hello 
hello 
hello 
hello 
hello 
hello 
hello 
hello 
hello 
hello 
hello 
hello 
hello 
hello 
hello 
hello 
hello 
hello 
hello 
hello 
hello 
hello 
hello 
hello 
hello 
hello 
hello 
hello 
hello 
hello 
hello 
hello 
hello 
hello 
hello 
hello 
hello 
hello 
hello 
hello 
hello 
hello 
hello 
hello 
hello 
hello 
hello 
hello 
hello 
hello 
hello 
hello 
hello 
hello 
hello 
hello 
hello 
hello 
hello 
hello 
hello 
hello 
hello 
hello 
hello 
hello 
hello 
hello 
hello 
hello 
hello 
hello 
hello 
hello 
hello 
hello 
hello 
hello 
hello 
hello 
hello 
hello 
hello 
hello 
hello 
hello 
hello 
hello 
hello 
hello 
hello 
hello 
hello 
hello 
hello 
hello 
hello 
hello 
hello 
hello 
hello 
hello 
hello 
hello 
hello 
hello 
hello 
hello 
hello 
hello 
hello 
hello 
hello 
hello 
hello 
hello 
hello 
hello 
hello 
hello 
hello 
hello 
hello 
hello 
hello 
hello 
hello 
hello 
hello 
hello 
hello 
hello 
hello 
hello 
hello 
hello 
hello 
hello 
hello 
hello 
hello 
hello 
hello 
hello 
hello 
hello 
hello 
hello 
hello 
hello 
hello 
hello 
hello 
hello 
hello 
hello 
hello 
hello 
hello 
hello 
hello 
hello 
hello 
hello 
hello 
hello 
hello 
hello 
hello 
hello 
hello 
hello 
hello 
hello 
hello 
hello 
hello 
hello 
hello 
hello 
hello 
hello 
hello 
hello 
hello 
hello 
hello 
hello 
hello 
hello 
hello 
hello 
hello 
hello 
hello 
hello 
hello 
hello 
hello 
hello 
hello 
hello 
hello 
hello 
hello 
hello 
hello 
hello 
hello 
hello 
hello 
hello 
hello 
hello 
hello 
hello 
hello 
hello 
hello 
hello 
hello 
hello 
hello 
hello 
hello 
hello 
hello 
hello 
hello 
hello 
hello 
hello 
hello 
hello 
hello 
hello 
hello 
hello 
hello 
hello 
hello 
hello 
hello 
hello 
hello 
hello 
hello 
hello 
hello 
hello 
hello 
hello 
hello 
hello 
hello 
hello 
hello 
hello 
hello 
hello 
hello 
hello 
hello 
hello 
hello 
hello 
hello 
hello 
hello 
hello 
hello 
hello 
hello 
hello 
hello 
hello 
hello 
hello 
hello 
hello 
hello 
hello 
hello 
hello 
hello 
hello 
hello 
hello 
hello 
hello 
hello 
hello 
hello 
hello 
hello 
hello 
hello 
hello 
hello 
hello 
hello 
hello 
hello 
hello 
hello 
hello 
hello 
hello 
hello 
hello 
hello 
hello 
hello 
hello 
hello 
hello 
hello 
hello 
hello 
hello 
hello 
hello 
hello 
hello 
hello 
hello 
hello 
hello 
hello 
hello 
hello 
hello 
hello 
hello 
hello 
hello 
hello 
hello 
hello 
hello 
hello 
hello 
hello 
hello 
hello 
hello 
hello 
hello 
hello 
hello 
hello 
hello 
hello 
hello 
hello 
hello 
hello 
hello 
hello 
hello 
hello 
hello 
hello 
hello 
hello 
hello 
hello 
hello 
hello 
hello 
hello 
hello 
hello 
hello 
hello 
hello 
hello 
hello 
hello 
hello 
hello 
hello 
hello 
hello 
hello 
hello 
hello 
hello 
hello 
hello 
hello 
hello 
hello 
hello 
hello 
hello 
hello 
hello 
hello 
hello 
hello 
hello 
hello 
hello 
hello 
hello 
hello 
hello 
hello 
hello 
hello 
hello 
hello 
hello 
hello 
hello 
hello 
hello 
hello 
hello 
hello 
hello 
hello 
hello 
hello 
hello 
hello 
hello 
hello 
hello 
hello 
hello 
hello 
hello 
hello 
hello 
hello 
hello 
hello 
hello 
hello 
hello 
hello 
hello 
hello 
hello 
hello 
hello 
hello 
hello 
hello 
hello 
hello 
hello 
hello 
hello 
hello 
hello 
hello 
hello 
hello 
hello 
hello 
hello 
hello 
hello 
hello 
hello 
hello 
hello 
hello 
hello 
hello 
hello 
hello 
hello 
hello 
hello 
hello 
hello 
hello 
hello 
hello 
hello 
hello 
hello 
hello 
hello 
hello 
hello 
hello 
hello 
hello 
hello 
hello 
hello 
hello 
hello 
hello 
hello 
hello 
hello 
hello 
hello 
hello 
hello 
hello 
hello 
hello 
hello 
hello 
hello 
hello 
hello 
hello 
hello 
hello 
hello 
hello 
hello 
hello 
hello 
hello 
hello 
hello 
hello 
hello 
hello 
hello 
hello 
hello 
hello 
hello 
hello 
hello 
hello 
hello 
hello 
hello 
hello 
hello 
hello 
hello 
hello 
hello 
hello 
hello 
hello 
hello 
hello 
hello 
hello 
hello 
hello 
hello 
hello 
hello 
hello 
hello 
hello 
hello 
hello 
hello 
hello 
hello 
hello 
hello 
hello 
hello 
hello 
hello 
hello 
hello 
hello 
hello 
hello 
hello 
hello 
hello 
hello 
hello 
hello 
hello 
hello 
hello 
hello 
hello 
hello 
hello 
hello 
hello 
hello 
hello 
hello 
hello 
hello 
hello 
hello 
hello 
hello 
hello 
hello 
hello 
hello 
hello 
hello 
hello 
hello 
hello 
hello 
hello 
hello 
hello 
hello 
hello 
hello 
hello 
hello 
hello 
hello 
hello 
hello 
hello 
hello 
hello 
hello 
hello 
hello 
hello 
hello 
hello 
hello 
hello 
hello 
hello 
hello 
hello 
hello 
hello 
hello 
hello 
hello 
hello 
hello 
hello 
hello 
hello 
hello 
hello 
hello 
hello 
hello 
hello 
hello 
hello 
hello 
hello 
hello 
hello 
hello 
hello 
hello 
hello 
hello 
hello 
hello 
hello 
hello 
hello 
hello 
hello 
hello 
hello 
hello 
hello 
hello 
hello 
hello 
hello 
hello 
hello 
hello 
hello 
hello 
hello 
hello 
hello 
hello 
hello 
hello 
hello 
hello 
hello 
hello 
hello 
hello 
hello 
hello 
hello 
hello 
hello 
hello 
hello 
hello 
hello 
hello 
hello 
hello 
hello 
hello 
hello 
hello 
hello 
hello 
hello 
hello 
hello 
hello 
hello 
hello 
hello 
hello 
hello 
hello 
hello 
hello 
hello 
hello 
hello 
hello 
hello 
hello 
hello 
hello 
hello 
hello 
hello 
hello 
hello 
hello 
hello 
hello 
hello 
hello 
hello 
hello 
hello 
hello 
hello 
hello 
hello 
hello 
hello 
hello 
hello 
hello 
hello 
hello 
hello 
hello 
hello 
hello 
hello 
hello 
hello 
hello 
hello 
hello 
hello 
hello 
hello 
hello 
hello 
hello 
hello 
hello 
hello 
hello 
hello 
hello 
hello 
hello 
hello 
hello 
hello 
hello 
hello 
hello 
hello 
hello 
hello 
hello 
hello 
hello 
hello 
hello 
hello 
hello 
hello 
hello 
hello 
hello 
hello 
hello 
hello 
hello 
hello 
hello 
hello 
hello 
hello 
hello 
hello 
hello 
hello 
hello 
hello 
hello 
hello 
hello 
hello 
hello 
hello 
hello 
hello 
hello 
hello 
hello 
hello 
hello 
hello 
hello 
hello 
hello 
hello 
hello 
hello 
hello 
hello 
hello 
hello 
hello 
hello 
hello 
hello 
hello 
hello 
hello 
hello 
hello 
hello 
hello 
hello 
hello 
hello 
hello 
hello 
hello 
hello 
hello 
hello 
hello 
hello 
hello 
hello 
hello 
hello 
hello 
hello 
hello 
hello 
hello 
hello 
hello 
hello 
hello 
hello 
hello 
hello 
hello 
hello 
hello 
hello 
hello 
hello 
hello 
hello 
hello 
hello 
hello 
hello 
hello 
hello 
hello 
hello 
hello 
hello 
hello 
hello 
hello 
hello 
hello 
hello 
hello 
hello 
hello 
hello 
hello 
hello 
hello 
hello 
hello 
hello 
hello 
hello 
hello 
hello 
hello 
hello 
hello 
hello 
hello 
hello 
hello 
hello 
hello 
hello 
hello 
hello 
hello 
hello 
hello 
hello 
hello 
hello 
hello 
hello 
hello 
hello 
hello 
hello 
hello 
hello 
hello 
hello 
hello 
hello 
hello 
hello 
hello 
hello 
hello 
hello 
hello 
hello 
hello 
hello 
hello 
hello 
hello 
hello 
hello 
hello 
hello 
hello 
hello 
hello 
hello 
hello 
hello 
hello 
hello 
hello 
hello 
hello 
hello 
hello 
hello 
hello 
hello 
hello 
hello 
hello 
hello 
hello 
hello 
hello 
hello 
hello 
hello 
hello 
hello 
hello 
hello 
hello 
hello 
hello 
hello 
hello 
hello 
hello 
hello 
hello 
hello 
hello 
hello 
hello 
hello 
hello 
hello 
hello 
hello 
hello 
hello 
hello 
hello 
hello 
hello 
hello 
hello 
hello 
hello 
hello 
hello 
hello 
hello 
hello 
hello 
hello 
hello 
hello 
hello 
hello 
hello 
hello 
hello 
hello 
hello 
hello 
hello 
hello 
hello 
hello 
hello 
hello 
hello 
hello 
hello 
hello 
hello 
hello 
hello 
hello 
hello 
hello 
hello 
hello 
hello 
hello 
hello 
hello 
hello 
hello 
hello 
hello 
hello 
hello 
hello 
hello 
hello 
hello 
hello 
hello 
hello 
hello 
hello 
hello 
hello 
hello 
hello 
hello 
hello 
hello 
hello 
hello 
hello 
hello 
hello 
hello 
hello 
hello 
hello 
hello 
hello 
hello 
hello 
hello 
hello 
hello 
hello 
hello 
hello 
hello 
hello 
hello 
hello 
hello 
hello 
hello 
hello 
hello 
hello 
hello 
hello 
hello 
hello 
hello 
hello 
hello 
hello 
hello 
hello 
hello 
hello 
hello 
hello 
hello 
hello 
hello 
hello 
hello 
hello 
hello 
hello 
hello 
hello 
hello 
hello 
hello 
hello 
hello 
hello 
hello 
hello 
hello 
hello 
hello 
hello 
hello 
hello 
hello 
hello 
hello 
hello 
hello 
hello 
hello 
hello 
hello 
hello 
hello 
hello 
hello 
hello 
hello 
hello 
hello 
hello 
hello 
hello 
hello 
hello 
hello 
hello 
hello 
hello 
hello 
hello 
hello 
hello 
hello 
hello 
hello 
hello 
hello 
hello 
hello 
hello 
hello 
hello 
hello 
hello 
hello 
hello 
hello 
hello 
hello 
hello 
hello 
hello 
hello 
hello 
hello 
hello 
hello 
hello 
hello 
hello 
hello 
hello 
hello 
hello 
hello 
hello 
hello 
hello 
hello 
hello 
hello 
hello 
hello 
hello 
hello 
hello 
hello 
hello 
hello 
hello 
hello 
hello 
hello 
hello 
hello 
hello 
hello 
hello 
hello 
hello 
hello 
hello 
hello 
hello 
hello 
hello 
hello 
hello 
hello 
hello 
hello 
hello 
hello 
hello 
hello 
hello 
hello 
hello 
hello 
hello 
hello 
hello 
hello 
hello 
hello 
hello 
hello 
hello 
hello 
hello 
hello 
hello 
hello 
hello 
hello 
hello 
hello 
hello 
hello 
hello 
hello 
hello 
hello 
hello 
hello 
hello 
hello 
hello 
hello 
hello 
hello 
hello 
hello 
hello 
hello 
hello 
hello 
hello 
hello 
hello 
hello 
hello 
hello 
hello 
hello 
hello 
hello 
hello 
hello 
hello 
hello 
hello 
hello 
hello 
hello 
hello 
hello 
hello 
hello 
hello 
hello 
hello 
hello 
hello 
hello 
hello 
hello 
hello 
hello 
hello 
hello 
hello 
hello 
hello 
hello 
hello 
hello 
hello 
hello 
hello 
hello 
hello 
hello 
hello 
hello 
hello 
hello 
hello 
hello 
hello 
hello 
hello 
hello 
hello 
hello 
hello 
hello 
hello 
hello 
hello 
hello 
hello 
hello 
hello 
hello 
hello 
hello 
hello 
hello 
hello 
hello 
hello 
hello 
hello 
hello 
hello 
hello 
hello 
hello 
hello 
hello 
hello 
hello 
hello 
hello 
hello 
hello 
hello 
hello 
hello 
hello 
hello 
hello 
hello 
hello 
hello 
hello 
hello 
hello 
hello 
hello 
hello 
hello 
hello 
hello 
hello 
hello 
hello 
hello 
hello 
hello 
hello 
hello 
hello 
hello 
hello 
hello 
hello 
hello 
hello 
hello 
hello 
hello 
hello 
hello 
hello 
hello 
hello 
hello 
hello 
hello 
hello 
hello 
hello 
hello 
hello 
hello 
hello 
hello 
hello 
hello 
hello 
hello 
hello 
hello 
hello 
hello 
hello 
hello 
hello 
hello 
hello 
hello 
hello 
hello 
hello 
hello 
hello 
hello 
hello 
hello 
hello 
hello 
hello 
hello 
hello 
hello 
hello 
hello 
hello 
hello 
hello 
hello 
hello 
hello 
hello 
hello 
hello 
hello 
hello 
hello 
hello 
hello 
hello 
hello 
hello 
hello 
hello 
hello 
hello 
hello 
hello 
hello 
hello 
hello 
hello 
hello 
hello 
hello 
hello 
hello 
hello 
hello 
hello 
hello 
hello 
hello 
hello 
hello 
hello 
hello 
hello 
hello 
hello 
hello 
hello 
hello 
hello 
hello 
hello 
hello 
hello 
hello 
hello 
hello 
hello 
hello 
hello 
hello 
hello 
hello 
hello 
hello 
hello 
hello 
hello 
hello 
hello 
hello 
hello 
hello 
hello 
hello 
hello 
hello 
hello 
hello 
hello 
hello 
hello 
hello 
hello 
hello 
hello 
hello 
hello 
hello 
hello 
hello 
hello 
hello 
hello 
hello 
hello 
hello 
hello 
hello 
hello 
hello 
hello 
hello 
hello 
hello 
hello 
hello 
hello 
hello 
hello 
hello 
hello 
hello 
hello 
hello 
hello 
hello 
hello 
hello 
hello 
hello 
hello 
hello 
hello 
hello 
hello 
hello 
hello 
hello 
hello 
hello 
hello 
hello 
hello 
hello 
hello 
hello 
hello 
hello 
hello 
hello 
hello 
hello 
hello 
hello 
hello 
hello 
hello 
hello 
hello 
hello 
hello 
hello 
hello 
hello 
hello 
hello 
hello 
hello 
hello 
hello 
hello 
hello 
hello 
hello 
hello 
hello 
hello 
hello 
hello 
hello 
hello 
hello 
hello 
hello 
hello 
hello 
hello 
hello 
hello 
hello 
hello 
hello 
hello 
hello 
hello 
hello 
hello 
hello 
hello 
hello 
hello 
hello 
hello 
hello 
hello 
hello 
hello 
hello 
hello 
hello 
hello 
hello 
hello 
hello 
hello 
hello 
hello 
hello 
hello 
hello 
hello 
hello 
hello 
hello 
hello 
hello 
hello 
hello 
hello 
hello 
hello 
hello 
hello 
hello 
hello 
hello 
hello 
hello 
hello 
hello 
hello 
hello 
hello 
hello 
hello 
hello 
hello 
hello 
hello 
hello 
hello 
hello 
hello 
hello 
hello 
hello 
hello 
hello 
hello 
hello 
hello 
hello 
hello 
hello 
hello 
hello 
hello 
hello 
hello 
hello 
hello 
hello 
hello 
hello 
hello 
hello 
hello 
hello 
hello 
hello 
hello 
hello 
hello 
hello 
hello 
hello 
hello 
hello 
hello 
hello 
hello 
hello 
hello 
hello 
hello 
hello 
hello 
hello 
hello 
hello 
hello 
hello 
hello 
hello 
hello 
hello 
hello 
hello 
hello 
hello 
hello 
hello 
hello 
hello 
hello 
hello 
hello 
hello 
hello 
hello 
hello 
hello 
hello 
hello 
hello 
hello 
hello 
hello 
hello 
hello 
hello 
hello 
hello 
hello 
hello 
hello 
hello 
hello 
hello 
hello 
hello 
hello 
hello 
hello 
hello 
hello 
hello 
hello 
hello 
hello 
hello 
hello 
hello 
hello 
hello 
hello 
hello 
hello 
hello 
hello 
hello 
hello 
hello 
hello 
hello 
hello 
hello 
hello 
hello 
hello 
hello 
hello 
hello 
hello 
hello 
hello 
hello 
hello 
hello 
hello 
hello 
hello 
hello 
hello 
hello 
hello 
hello 
hello 
hello 
hello 
hello 
hello 
hello 
hello 
hello 
hello 
hello 
hello 
hello 
hello 
hello 
hello 
hello 
hello 
hello 
hello 
hello 
hello 
hello 
hello 
hello 
hello 
hello 
hello 
hello 
hello 
hello 
hello 
hello 
hello 
hello 
hello 
hello 
hello 
hello 
hello 
hello 
hello 
hello 
hello 
hello 
hello 
hello 
hello 
hello 
hello 
hello 
hello 
hello 
hello 
hello 
hello 
hello 
hello 
hello 
hello 
hello 
hello 
hello 
hello 
hello 
hello 
hello 
hello 
hello 
hello 
hello 
hello 
hello 
hello 
hello 
hello 
hello 
hello 
hello 
hello 
hello 
hello 
hello 
hello 
hello 
hello 
hello 
hello 
hello 
hello 
hello 
hello 
hello 
hello 
hello 
hello 
hello 
hello 
hello 
hello 
hello 
hello 
hello 
hello 
hello 
hello 
hello 
hello 
hello 
hello 
hello 
hello 
hello 
hello 
hello 
hello 
hello 
hello 
hello 
hello 
hello 
hello 
hello 
hello 
hello 
hello 
hello 
hello 
hello 
hello 
hello 
hello 
hello 
hello 
hello 
hello 
hello 
hello 
hello 
hello 
hello 
hello 
hello 
hello 
hello 
hello 
hello 
hello 
hello 
hello 
hello 
hello 
hello 
hello 
hello 
hello 
hello 
hello 
hello 
hello 
hello 
hello 
hello 
hello 
hello 
hello 
hello 
hello 
hello 
hello 
hello 
hello 
hello 
hello 
hello 
hello 
hello 
hello 
hello 
hello 
hello 
hello 
hello 
hello 
hello 
hello 
hello 
hello 
hello 
hello 
hello 
hello 
hello 
hello 
hello 
hello 
hello 
hello 
hello 
hello 
hello 
hello 
hello 
hello 
hello 
hello 
hello 
hello 
hello 
hello 
hello 
hello 
hello 
hello 
hello 
hello 
hello 
hello 
hello 
hello 
hello 
hello 
hello 
hello 
hello 
hello 
hello 
hello 
hello 
hello 
hello 
hello 
hello 
hello 
hello 
hello 
hello 
hello 
hello 
hello 
hello 
hello 
hello 
hello 
hello 
hello 
hello 
hello 
hello 
hello 
hello 
hello 
hello 
hello 
hello 
hello 
hello 
hello 
hello 
hello 
hello 
hello 
hello 
hello 
hello 
hello 
hello 
hello 
hello 
hello 
hello 
hello 
hello 
hello 
hello 
hello 
hello 
hello 
hello 
hello 
hello 
hello 
hello 
hello 
hello 
hello 
hello 
hello 
hello 
hello 
hello 
hello 
hello 
hello 
hello 
hello 
hello 
hello 
hello 
hello 
hello 
hello 
hello 
hello 
hello 
hello 
hello 
hello 
hello 
hello 
hello 
hello 
hello 
hello 
hello 
hello 
hello 
hello 
hello 
hello 
hello 
hello 
hello 
hello 
hello 
hello 
hello 
hello 
hello 
hello 
hello 
hello 
hello 
hello 
hello 
hello 
hello 
hello 
hello 
hello 
hello 
hello 
hello 
hello 
hello 
hello 
hello 
hello 
hello 
hello 
hello 
hello 
hello 
hello 
hello 
hello 
hello 
hello 
hello 
hello 
hello 
hello 
hello 
hello 
hello 
hello 
hello 
hello 
hello 
hello 
hello 
hello 
hello 
hello 
hello 
hello 
hello 
hello 
hello 
hello 
hello 
hello 
hello 
hello 
hello 
hello 
hello 
hello 
hello 
hello 
hello 
hello 
hello 
hello 
hello 
hello 
hello 
hello 
hello 
hello 
hello 
hello 
hello 
hello 
hello 
hello 
hello 
hello 
hello 
hello 
hello 
hello 
hello 
hello 
hello 
hello 
hello 
hello 
hello 
hello 
hello 
hello 
hello 
hello 
hello 
hello 
hello 
hello 
hello 
hello 
hello 
hello 
hello 
hello 
hello 
hello 
hello 
hello 
hello 
hello 
hello 
hello 
hello 
hello 
hello 
hello 
hello 
hello 
hello 
hello 
hello 
hello 
hello 
hello 
hello 
hello 
hello 
hello 
hello 
hello 
hello 
hello 
hello 
hello 
hello 
hello 
hello 
hello 
hello 
hello 
hello 
hello 
hello 
hello 
hello 
hello 
hello 
hello 
hello 
hello 
hello 
hello 
hello 
hello 
hello 
hello 
hello 
hello 
hello 
hello 
hello 
hello 
hello 
hello 
hello 
hello 
hello 
hello 
hello 
hello 
hello 
hello 
hello 
hello 
hello 
hello 
hello 
hello 
hello 
hello 
hello 
hello 
hello 
hello 
hello 
hello 
hello 
hello 
hello 
hello 
hello 
hello 
hello 
hello 
hello 
hello 
hello 
hello 
hello 
hello 
hello 
hello 
hello 
hello 
hello 
hello 
hello 
hello 
hello 
hello 
hello 
hello 
hello 
hello 
hello 
hello 
hello 
hello 
hello 
hello 
hello 
hello 
hello 
hello 
hello 
hello 
hello 
hello 
hello 
hello 
hello 
hello 
hello 
hello 
hello 
hello 
hello 
hello 
hello 
hello 
hello 
hello 
hello 
hello 
hello 
hello 
hello 
hello 
hello 
hello 
hello 
hello 
hello 
hello 
hello 
hello 
hello 
hello 
hello 
hello 
hello 
hello 
hello 
hello 
hello 
hello 
hello 
hello 
hello 
hello 
hello 
hello 
hello 
hello 
hello 
hello 
hello 
hello 
hello 
hello 
hello 
hello 
hello 
hello 
hello 
hello 
hello 
hello 
hello 
hello 
hello 
hello 
hello 
hello 
hello 
hello 
hello 
hello 
hello 
hello 
hello 
hello 
hello 
hello 
hello 
hello 
hello 
hello 
hello 
hello 
hello 
hello 
hello 
hello 
hello 
hello 
hello 
hello 
hello 
hello 
hello 
hello 
hello 
hello 
hello 
hello 
hello 
hello 
hello 
hello 
hello 
hello 
hello 
hello 
hello 
hello 
hello 
hello 
hello 
hello 
hello 
hello 
hello 
hello 
hello 
hello 
hello 
hello 
hello 
hello 
hello 
hello 
hello 
hello 
hello 
hello 
hello 
hello 
hello 
hello 
hello 
hello 
hello 
hello 
hello 
hello 
hello 
hello 
hello 
hello 
hello 
hello 
hello 
hello 
hello 
hello 
hello 
hello 
hello 
hello 
hello 
hello 
hello 
hello 
hello 
hello 
hello 
hello 
hello 
hello 
hello 
hello 
hello 
hello 
hello 
hello 
hello 
hello 
hello 
hello 
hello 
hello 
hello 
hello 
hello 
hello 
hello 
hello 
hello 
hello 
hello 
hello 
hello 
hello 
hello 
hello 
hello 
hello 
hello 
hello 
hello 
hello 
hello 
hello 
hello 
hello 
hello 
hello 
hello 
hello 
hello 
hello 
hello 
hello 
hello 
hello 
hello 
hello 
hello 
hello 
hello 
hello 
hello 
hello 
hello 
hello 
hello 
hello 
hello 
hello 
hello 
hello 
hello 
hello 
hello 
hello 
hello 
hello 
hello 
hello 
hello 
hello 
hello 
hello 
hello 
hello 
hello 
hello 
hello 
hello 
hello 
hello 
hello 
hello 
hello 
hello 
hello 
hello 
hello 
hello 
hello 
hello 
hello 
hello 
hello 
hello 
hello 
hello 
hello 
hello 
hello 
hello 
hello 
hello 
hello 
hello 
hello 
hello 
hello 
hello 
hello 
hello 
hello 
hello 
hello 
hello 
hello 
hello 
hello 
hello 
hello 
hello 
hello 
hello 
hello 
hello 
hello 
hello 
hello 
hello 
hello 
hello 
hello 
hello 
hello 
hello 
hello 
hello 
hello 
hello 
hello 
hello 
hello 
hello 
hello 
hello 
hello 
hello 
hello 
hello 
hello 
hello 
hello 
hello 
hello 
hello 
hello 
hello 
hello 
hello 
hello 
hello 
hello 
hello 
hello 
hello 
hello 
hello 
hello 
hello 
hello 
hello 
hello 
hello 
hello 
hello 
hello 
hello 
hello 
hello 
hello 
hello 
hello 
hello 
hello 
hello 
hello 
hello 
hello 
hello 
hello 
hello 
hello 
hello 
hello 
hello 
hello 
hello 
hello 
hello 
hello 
hello 
hello 
hello 
hello 
hello 
hello 
hello 
hello 
hello 
hello 
hello 
hello 
hello 
hello 
hello 
hello 
hello 
hello 
hello 
hello 
hello 
hello 
hello 
hello 
hello 
hello 
hello 
hello 
hello 
hello 
hello 
hello 
hello 
hello 
hello 
hello 
hello 
hello 
hello 
hello 
hello 
hello 
hello 
hello 
hello 
hello 
hello 
hello 
hello 
hello 
hello 
hello 
hello 
hello 
hello 
hello 
hello 
hello 
hello 
hello 
hello 
hello 
hello 
hello 
hello 
hello 
hello 
hello 
hello 
hello 
hello 
hello 
hello 
hello 
hello 
hello 
hello 
hello 
hello 
hello 
hello 
hello 
hello 
hello 
hello 
hello 
hello 
hello 
hello 
hello 
hello 
hello 
hello 
hello 
hello 
hello 
hello 
hello 
hello 
hello 
hello 
hello 
hello 
hello 
hello 
hello 
hello 
hello 
hello 
hello 
hello 
hello 
hello 
hello 
hello 
hello 
hello 
hello 
hello 
hello 
hello 
hello 
hello 
hello 
hello 
hello 
hello 
hello 
hello 
hello 
hello 
hello 
hello 
hello 
hello 
hello 
hello 
hello 
hello 
hello 
hello 
hello 
hello 
hello 
hello 
hello 
hello 
hello 
hello 
hello 
hello 
hello 
hello 
hello 
hello 
hello 
hello 
hello 
hello 
hello 
hello 
hello 
hello 
hello 
hello 
hello 
hello 
hello 
hello 
hello 
hello 
hello 
hello 
hello 
hello 
hello 
hello 
hello 
hello 
hello 
hello 
hello 
hello 
hello 
hello 
hello 
hello 
hello 
hello 
hello 
hello 
hello 
hello 
hello 
hello 
hello 
hello 
hello 
hello 
hello 
hello 
hello 
hello 
hello 
hello 
hello 
hello 
hello 
hello 
hello 
hello 
hello 
hello 
hello 
hello 
hello 
hello 
hello 
hello 
hello 
hello 
hello 
hello 
hello 
hello 
hello 
hello 
hello 
hello 
hello 
hello 
hello 
hello 
hello 
hello 
hello 
hello 
hello 
hello 
hello 
hello 
hello 
hello 
hello 
hello 
hello 
hello 
hello 
hello 
hello 
hello 
hello 
hello 
hello 
hello 
hello 
hello 
hello 
hello 
hello 
hello 
hello 
hello 
hello 
hello 
hello 
hello 
hello 
hello 
hello 
hello 
hello 
hello 
hello 
hello 
hello 
hello 
hello 
hello 
hello 
hello 
hello 
hello 
hello 
hello 
hello 
hello 
hello 
hello 
hello 
hello 
hello 
hello 
hello 
hello 
hello 
hello 
hello 
hello 
hello 
hello 
hello 
hello 
hello 
hello 
hello 
hello 
hello 
hello 
hello 
hello 
hello 
hello 
hello 
hello 
hello 
hello 
hello 
hello 
hello 
hello 
hello 
hello 
hello 
hello 
hello 
hello 
hello 
hello 
hello 
hello 
hello 
hello 
hello 
hello 
hello 
hello 
hello 
hello 
hello 
hello 
hello 
hello 
hello 
hello 
hello 
hello 
hello 
hello 
hello 
hello 
hello 
hello 
hello 
hello 
hello 
hello 
hello 
hello 
hello 
hello 
hello 
hello 
hello 
hello 
hello 
hello 
hello 
hello 
hello 
hello 
hello 
hello 
hello 
hello 
hello 
hello 
hello 
hello 
hello 
hello 
hello 
hello 
hello 
hello 
hello 
hello 
hello 
hello 
hello 
hello 
hello 
hello 
hello 
hello 
hello 
hello 
hello 
hello 
hello 
hello 
hello 
hello 
hello 
hello 
hello 
hello 
hello 
hello 
hello 
hello 
hello 
hello 
hello 
hello 
hello 
hello 
hello 
hello 
hello 
hello 
hello 
hello 
hello 
hello 
hello 
hello 
hello 
hello 
hello 
hello 
hello 
hello 
hello 
hello 
hello 
hello 
hello 
hello 
hello 
hello 
hello 
hello 
hello 
hello 
hello 
hello 
hello 
hello 
hello 
hello 
hello 
hello 
hello 
hello 
hello 
hello 
hello 
hello 
hello 
hello 
hello 
hello 
hello 
hello 
hello 
hello 
hello 
hello 
hello 
hello 
hello 
hello 
hello 
hello 
hello 
hello 
hello 
hello 
hello 
hello 
hello 
hello 
hello 
hello 
hello 
hello 
hello 
hello 
hello 
hello 
hello 
hello 
hello 
hello 
hello 
hello 
hello 
hello 
hello 
hello 
hello 
hello 
hello 
hello 
hello 
hello 
hello 
hello 
hello 
hello 
hello 
hello 
hello 
hello 
hello 
hello 
hello 
hello 
hello 
hello 
hello 
hello 
hello 
hello 
hello 
hello 
hello 
hello 
hello 
hello 
hello 
hello 
hello 
hello 
hello 
hello 
hello 
hello 
hello 
hello 
hello 
hello 
hello 
hello 
hello 
hello 
hello 
hello 
hello 
hello 
hello 
hello 
hello 
hello 
hello 
hello 
hello 
hello 
hello 
hello 
hello 
hello 
hello 
hello 
hello 
hello 
hello 
hello 
hello 
hello 
hello 
hello 
hello 
hello 
hello 
hello 
hello 
hello 
hello 
hello 
hello 
hello 
hello 
hello 
hello 
hello 
hello 
hello 
hello 
hello 
hello 
hello 
hello 
hello 
hello 
hello 
hello 
hello 
hello 
hello 
hello 
hello 
hello 
hello 
hello 
hello 
hello 
hello 
hello 
hello 
hello 
hello 
hello 
hello 
hello 
hello 
hello 
hello 
hello 
hello 
hello 
hello 
hello 
hello 
hello 
hello 
hello 
hello 
hello 
hello 
hello 
hello 
hello 
hello 
hello 
hello 
hello 
hello 
hello 
hello 
hello 
hello 
hello 
hello 
hello 
hello 
hello 
hello 
hello 
hello 
hello 
hello 
hello 
hello 
hello 
hello 
hello 
hello 
hello 
hello 
hello 
hello 
hello 
hello 
hello 
hello 
hello 
hello 
hello 
hello 
hello 
hello 
hello 
hello 
hello 
hello 
hello 
hello 
hello 
hello 
hello 
hello 
hello 
hello 
hello 
hello 
hello 
hello 
hello 
hello 
hello 
hello 
hello 
hello 
hello 
hello 
hello 
hello 
hello 
hello 
hello 
hello 
hello 
hello 
hello 
hello 
hello 
hello 
hello 
hello 
hello 
hello 
hello 
hello 
hello 
hello 
hello 
hello 
hello 
hello 
hello 
hello 
hello 
hello 
hello 
hello 
hello 
hello 
hello 
hello 
hello 
hello 
hello 
hello 
hello 
hello 
hello 
hello 
hello 
hello 
hello 
hello 
hello 
hello 
hello 
hello 
hello 
hello 
hello 
hello 
hello 
hello 
hello 
hello 
hello 
hello 
hello 
hello 
hello 
hello 
hello 
hello 
hello 
hello 
hello 
hello 
hello 
hello 
hello 
hello 
hello 
hello 
hello 
hello 
hello 
hello 
hello 
hello 
hello 
hello 
hello 
hello 
hello 
hello 
hello 
hello 
hello 
hello 
hello 
hello 
hello 
hello 
hello 
hello 
hello 
hello 
hello 
hello 
hello 
hello 
hello 
hello 
hello 
hello 
hello 
hello 
hello 
hello 
hello 
hello 
hello 
hello 
hello 
hello 
hello 
hello 
hello 
hello 
hello 
hello 
hello 
hello 
hello 
hello 
hello 
hello 
hello 
hello 
hello 
hello 
hello 
hello 
hello 
hello 
hello 
hello 
hello 
hello 
hello 
hello 
hello 
hello 
hello 
hello 
hello 
hello 
hello 
hello 
hello 
hello 
hello 
hello 
hello 
hello 
hello 
hello 
hello 
hello 
hello 
hello 
hello 
hello 
hello 
hello 
hello 
hello 
hello 
hello 
hello 
hello 
hello 
hello 
hello 
hello 
hello 
hello 
hello 
hello 
hello 
hello 
hello 
hello 
hello 
hello 
hello 
hello 
hello 
hello 
hello 
hello 
hello 
hello 
hello 
hello 
hello 
hello 
hello 
hello 
hello 
hello 
hello 
hello 
hello 
hello 
hello 
hello 
hello 
hello 
hello 
hello 
hello 
hello 
hello 
hello 
hello 
hello 
hello 
hello 
hello 
hello 
hello 
hello 
hello 
hello 
hello 
hello 
hello 
hello 
hello 
hello 
hello 
hello 
hello 
hello 
hello 
hello 
hello 
hello 
hello 
hello 
hello 
hello 
hello 
hello 
hello 
hello 
hello 
hello 
hello 
hello 
hello 
hello 
hello 
hello 
hello 
hello 
hello 
hello 
hello 
hello 
hello 
hello 
hello 
hello 
hello 
hello 
hello 
hello 
hello 
hello 
hello 
hello 
hello 
hello 
hello 
hello 
hello 
hello 
hello 
hello 
hello 
hello 
hello 
hello 
hello 
hello 
hello 
hello 
hello 
hello 
hello 
hello 
hello 
hello 
hello 
hello 
hello 
hello 
hello 
hello 
hello 
hello 
hello 
hello 
hello 
hello 
hello 
hello 
hello 
hello 
hello 
hello 
hello 
hello 
hello 
hello 
hello 
hello 
hello 
hello 
hello 
hello 
hello 
hello 
hello 
hello 
hello 
hello 
hello 
hello 
hello 
hello 
hello 
hello 
hello 
hello 
hello 
hello 
hello 
hello 
hello 
hello 
hello 
hello 
hello 
hello 
hello 
hello 
hello 
hello 
hello 
hello 
hello 
hello 
hello 
hello 
hello 
hello 
hello 
hello 
hello 
hello 
hello 
hello 
hello 
hello 
hello 
hello 
hello 
hello 
hello 
hello 
hello 
hello 
hello 
hello 
hello 
hello 
hello 
hello 
hello 
hello 
hello 
hello 
hello 
hello 
hello 
hello 
hello 
hello 
hello 
hello 
hello 
hello 
hello 
hello 
hello 
hello 
hello 
hello 
hello 
hello 
hello 
hello 
hello 
hello 
hello 
hello 
hello 
hello 
hello 
hello 
hello 
hello 
hello 
hello 
hello 
hello 
hello 
hello 
hello 
hello 
hello 
hello 
hello 
hello 
hello 
hello 
hello 
hello 
hello 
hello 
hello 
hello 
hello 
hello 
hello 
hello 
hello 
hello 
hello 
hello 
hello 
hello 
hello 
hello 
hello 
hello 
hello 
hello 
hello 
hello 
hello 
hello 
hello 
hello 
hello 
hello 
hello 
hello 
hello 
hello 
hello 
hello 
hello 
hello 
hello 
hello 
hello 
hello 
hello 
hello 
hello 
hello 
hello 
hello 
hello 
hello 
hello 
hello 
hello 
hello 
hello 
hello 
hello 
hello 
hello 
hello 
hello 
hello 
hello 
hello 
hello 
hello 
hello 
hello 
hello 
hello 
hello 
hello 
hello 
hello 
hello 
hello 
hello 
hello 
hello 
hello 
hello 
hello 
hello 
hello 
hello 
hello 
hello 
hello 
hello 
hello 
hello 
hello 
hello 
hello 
hello 
hello 
hello 
hello 
hello 
hello 
hello 
hello 
hello 
hello 
hello 
hello 
hello 
hello 
hello 
hello 
hello 
hello 
hello 
hello 
hello 
hello 
hello 
hello 
hello 
hello 
hello 
hello 
hello 
hello 
hello 
hello 
hello 
hello 
hello 
hello 
hello 
hello 
hello 
hello 
hello 
hello 
hello 
hello 
hello 
hello 
hello 
hello 
hello 
hello 
hello 
hello 
hello 
hello 
hello 
hello 
hello 
hello 
hello 
hello 
hello 
hello 
hello 
hello 
hello 
hello 
hello 
hello 
hello 
hello 
hello 
hello 
hello 
hello 
hello 
hello 
hello 
hello 
hello 
hello 
hello 
hello 
hello 
hello 
hello 
hello 
hello 
hello 
hello 
hello 
hello 
hello 
hello 
hello 
hello 
hello 
hello 
hello 
hello 
hello 
hello 
hello 
hello 
hello 
hello 
hello 
hello 
hello 
hello 
hello 
hello 
hello 
hello 
hello 
hello 
hello 
hello 
hello 
hello 
hello 
hello 
hello 
hello 
hello 
hello 
hello 
hello 
hello 
hello 
hello 
hello 
hello 
hello 
hello 
hello 
hello 
hello 
hello 
hello 
hello 
hello 
hello 
hello 
hello 
hello 
hello 
hello 
hello 
hello 
hello 
hello 
hello 
hello 
hello 
hello 
hello 
hello 
hello 
hello 
hello 
hello 
hello 
hello 
hello 
hello 
hello 
hello 
hello 
hello 
hello 
hello 
hello 
hello 
hello 
hello 
hello 
hello 
hello 
hello 
hello 
hello 
hello 
hello 
hello 
hello 
hello 
hello 
hello 
hello 
hello 
hello 
hello 
hello 
hello 
hello 
hello 
hello 
hello 
hello 
hello 
hello 
hello 
hello 
hello 
hello 
hello 
hello 
hello 
hello 
hello 
hello 
hello 
hello 
hello 
hello 
hello 
hello 
hello 
hello 
hello 
hello 
hello 
hello 
hello 
hello 
hello 
hello 
hello 
hello 
hello 
hello 
hello 
hello 
hello 
hello 
hello 
hello 
hello 
hello 
hello 
hello 
hello 
hello 
hello 
hello 
hello 
hello 
hello 
hello 
hello 
hello 
hello 
hello 
hello 
hello 
hello 
hello 
hello 
hello 
hello 
hello 
hello 
hello 
hello 
hello 
hello 
hello 
hello 
hello 
hello 
hello 
hello 
hello 
hello 
hello 
hello 
hello 
hello 
hello 
hello 
hello 
hello 
hello 
hello 
hello 
hello 
hello 
hello 
hello 
hello 
hello 
hello 
hello 
hello 
hello 
hello 
hello 
hello 
hello 
hello 
hello 
hello 
hello 
hello 
hello 
hello 
hello 
hello 
hello 
hello 
hello 
hello 
hello 
hello 
hello 
hello 
hello 
hello 
hello 
hello 
hello 
hello 
hello 
hello 
hello 
hello 
hello 
hello 
hello 
hello 
hello 
hello 
hello 
hello 
hello 
hello 
hello 
hello 
hello 
hello 
hello 
hello 
hello 
hello 
hello 
hello 
hello 
hello 
hello 
hello 
hello 
hello 
hello 
hello 
hello 
hello 
hello 
hello 
hello 
hello 
hello 
hello 
hello 
hello 
hello 
hello 
hello 
hello 
hello 
hello 
hello 
hello 
hello 
hello 
hello 
hello 
hello 
hello 
hello 
hello 
hello 
hello 
hello 
hello 
hello 
hello 
hello 
hello 
hello 
hello 
hello 
hello 
hello 
hello 
hello 
hello 
hello 
hello 
hello 
hello 
hello 
hello 
hello 
hello 
hello 
hello 
hello 
hello 
hello 
hello 
hello 
hello 
hello 
hello 
hello 
hello 
hello 
hello 
hello 
hello 
hello 
hello 
hello 
hello 
hello 
hello 
hello 
hello 
hello 
hello 
hello 
hello 
hello 
hello 
hello 
hello 
hello 
hello 
hello 
hello 
hello 
hello 
hello 
hello 
hello 
hello 
hello 
hello 
hello 
hello 
hello 
hello 
hello 
hello 
hello 
hello 
hello 
hello 
hello 
hello 
hello 
hello 
hello 
hello 
hello 
hello 
hello 
hello 
hello 
hello 
hello 
hello 
hello 
hello 
hello 
hello 
hello 
hello 
hello 
hello 
hello 
hello 
hello 
hello 
hello 
hello 
hello 
hello 
hello 
hello 
hello 
hello 
hello 
hello 
hello 
hello 
hello 
hello 
hello 
hello 
hello 
hello 
hello 
hello 
hello 
hello 
hello 
hello 
hello 
hello 
hello 
hello 
hello 
hello 
hello 
hello 
hello 
hello 
hello 
hello 
hello 
hello 
hello 
hello 
hello 
hello 
hello 
hello 
hello 
hello 
hello 
hello 
hello 
hello 
hello 
hello 
hello 
hello 
hello 
hello 
hello 
hello 
hello 
hello 
hello 
hello 
hello 
hello 
hello 
hello 
hello 
hello 
hello 
hello 
hello 
hello 
hello 
hello 
hello 
hello 
hello 
hello 
hello 
hello 
hello 
hello 
hello 
hello 
hello 
hello 
hello 
hello 
hello 
hello 
hello 
hello 
hello 
hello 
hello 
hello 
hello 
hello 
hello 
hello 
hello 
hello 
hello 
hello 
hello 
hello 
hello 
hello 
hello 
hello 
hello 
hello 
hello 
hello 
hello 
hello 
hello 
hello 
hello 
hello 
hello 
hello 
hello 
hello 
hello 
hello 
hello 
hello 
hello 
hello 
hello 
hello 
hello 
hello 
hello 
hello 
hello 
hello 
hello 
hello 
hello 
hello 
hello 
hello 
hello 
hello 
hello 
hello 
hello 
hello 
hello 
hello 
hello 
hello 
hello 
hello 
hello 
hello 
hello 
hello 
hello 
hello 
hello 
hello 
hello 
hello 
hello 
hello 
hello 
hello 
hello 
hello 
hello 
hello 
hello 
hello 
hello 
hello 
hello 
hello 
hello 
hello 
hello 
hello 
hello 
hello 
hello 
hello 
hello 
hello 
hello 
hello 
hello 
hello 
hello 
hello 
hello 
hello 
hello 
hello 
hello 
hello 
hello 
hello 
hello 
hello 
hello 
hello 
hello 
hello 
hello 
hello 
hello 
hello 
hello 
hello 
hello 
hello 
hello 
hello 
hello 
hello 
hello 
hello 
hello 
hello 
hello 
hello 
hello 
hello 
hello 
hello 
hello 
hello 
hello 
hello 
hello 
hello 
hello 
hello 
hello 
hello 
hello 
hello 
hello 
hello 
hello 
hello 
hello 
hello 
hello 
hello 
hello 
hello 
hello 
hello 
hello 
hello 
hello 
hello 
hello 
hello 
hello 
hello 
hello 
hello 
hello 
hello 
hello 
hello 
hello 
hello 
hello 
hello 
hello 
hello 
hello 
hello 
hello 
hello 
hello 
hello 
hello 
hello 
hello 
hello 
hello 
hello 
hello 
hello 
hello 
hello 
hello 
hello 
hello 
hello 
hello 
hello 
hello 
hello 
hello 
hello 
hello 
hello 
hello 
hello 
hello 
hello 
hello 
hello 
hello 
hello 
hello 
hello 
hello 
hello 
hello 
hello 
hello 
hello 
hello 
hello 
hello 
hello 
hello 
hello 
hello 
hello 
hello 
hello 
hello 
hello 
hello 
hello 
hello 
hello 
hello 
hello 
hello 
hello 
hello 
hello 
hello 
hello 
hello 
hello 
hello 
hello 
hello 
hello 
hello 
hello 
hello 
hello 
hello 
hello 
hello 
hello 
hello 
hello 
hello 
hello 
hello 
hello 
hello 
hello 
hello 
hello 
hello 
hello 
hello 
hello 
hello 
hello 
hello 
hello 
hello 
hello 
hello 
hello 
hello 
hello 
hello 
hello 
hello 
hello 
hello 
hello 
hello 
hello 
hello 
hello 
hello 
hello 
hello 
hello 
hello 
hello 
hello 
hello 
hello 
hello 
hello 
hello 
hello 
hello 
hello 
hello 
hello 
hello 
hello 
hello 
hello 
hello 
hello 
hello 
hello 
hello 
hello 
hello 
hello 
hello 
hello 
hello 
hello 
hello 
hello 
hello 
hello 
hello 
hello 
hello 
hello 
hello 
hello 
hello 
hello 
hello 
hello 
hello 
hello 
hello 
hello 
hello 
hello 
hello 
hello 
hello 
hello 
hello 
hello 
hello 
hello 
hello 
hello 
hello 
hello 
hello 
hello 
hello 
hello 
hello 
hello 
hello 
hello 
hello 
hello 
hello 
hello 
hello 
hello 
hello 
hello 
hello 
hello 
hello 
hello 
hello 
hello 
hello 
hello 
hello 
hello 
hello 
hello 
hello 
hello 
hello 
hello 
hello 
hello 
hello 
hello 
hello 
hello 
hello 
hello 
hello 
hello 
hello 
hello 
hello 
hello 
hello 
hello 
hello 
hello 
hello 
hello 
hello 
hello 
hello 
hello 
hello 
hello 
hello 
hello 
hello 
hello 
hello 
hello 
hello 
hello 
hello 
hello 
hello 
hello 
hello 
hello 
hello 
hello 
hello 
hello 
hello 
hello 
hello 
hello 
hello 
hello 
hello 
hello 
hello 
hello 
hello 
hello 
hello 
hello 
hello 
hello 
hello 
hello 
hello 
hello 
hello 
hello 
hello 
hello 
hello 
hello 
hello 
hello 
hello 
hello 
hello 
hello 
hello 
hello 
hello 
hello 
hello 
hello 
hello 
hello 
hello 
hello 
hello 
hello 
hello 
hello 
hello 
hello 
hello 
hello 
hello 
hello 
hello 
hello 
hello 
hello 
hello 
hello 
hello 
hello 
hello 
hello 
hello 
hello 
hello 
hello 
hello 
hello 
hello 
hello 
hello 
hello 
hello 
hello 
hello 
hello 
hello 
hello 
hello 
hello 
hello 
hello 
hello 
hello 
hello 
hello 
hello 
hello 
hello 
hello 
hello 
hello 
hello 
hello 
hello 
hello 
hello 
hello 
hello 
hello 
hello 
hello 
hello 
hello 
hello 
hello 
hello 
hello 
hello 
hello 
hello 
hello 
hello 
hello 
hello 
hello 
hello 
hello 
hello 
hello 
hello 
hello 
hello 
hello 
hello 
hello 
hello 
hello 
hello 
hello 
hello 
hello 
hello 
hello 
hello 
hello 
hello 
hello 
hello 
hello 
hello 
hello 
hello 
hello 
hello 
hello 
hello 
hello 
hello 
hello 
hello 
hello 
hello 
hello 
hello 
hello 
hello 
hello 
hello 
hello 
hello 
hello 
hello 
hello 
hello 
hello 
hello 
hello 
hello 
hello 
hello 
hello 
hello 
hello 
hello 
hello 
hello 
hello 
hello 
hello 
hello 
hello 
hello 
hello 
hello 
hello 
hello 
hello 
hello 
hello 
hello 
hello 
hello 
hello 
hello 
hello 
hello 
hello 
hello 
hello 
hello 
hello 
hello 
hello 
hello 
hello 
hello 
hello 
hello 
hello 
hello 
hello 
hello 
hello 
hello 
hello 
hello 
hello 
hello 
hello 
hello 
hello 
hello 
hello 
hello 
hello 
hello 
hello 
hello 
hello 
hello 
hello 
hello 
hello 
hello 
hello 
hello 
hello 
hello 
hello 
hello 
hello 
hello 
hello 
hello 
hello 
hello 
hello 
hello 
hello 
hello 
hello 
hello 
hello 
hello 
hello 
hello 
hello 
hello 
hello 
hello 
hello 
hello 
hello 
hello 
hello 
hello 
hello 
hello 
hello 
hello 
hello 
hello 
hello 
hello 
hello 
hello 
hello 
hello 
hello 
hello 
hello 
hello 
hello 
hello 
hello 
hello 
hello 
hello 
hello 
hello 
hello 
hello 
hello 
hello 
hello 
hello 
hello 
hello 
hello 
hello 
hello 
hello 
hello 
hello 
hello 
hello 
hello 
hello 
hello 
hello 
hello 
hello 
hello 
hello 
hello 
hello 
hello 
hello 
hello 
hello 
hello 
hello 
hello 
hello 
hello 
hello 
hello 
hello 
hello 
hello 
hello 
hello 
hello 
hello 
hello 
hello 
hello 
hello 
hello 
hello 
hello 
hello 
hello 
hello 
hello 
hello 
hello 
hello 
hello 
hello 
hello 
hello 
hello 
hello 
hello 
hello 
hello 
hello 
hello 
hello 
hello 
hello 
hello 
hello 
hello 
hello 
hello 
hello 
hello 
hello 
hello 
hello 
hello 
hello 
hello 
hello 
hello 
hello 
hello 
hello 
hello 
hello 
hello 
hello 
hello 
hello 
hello 
hello 
hello 
hello 
hello 
hello 
hello 
hello 
hello 
hello 
hello 
hello 
hello 
hello 
hello 
hello 
hello 
hello 
hello 
hello 
hello 
hello 
hello 
hello 
hello 
hello 
hello 
hello 
hello 
hello 
hello 
hello 
hello 
hello 
hello 
hello 
hello 
hello 
hello 
hello 
hello 
hello 
hello 
hello 
hello 
hello 
hello 
hello 
hello 
hello 
hello 
hello 
hello 
hello 
hello 
hello 
hello 
hello 
hello 
hello 
hello 
hello 
hello 
hello 
hello 
hello 
hello 
hello 
hello 
hello 
hello 
hello 
hello 
hello 
hello 
hello 
hello 
hello 
hello 
hello 
hello 
hello 
hello 
hello 
hello 
hello 
hello 
hello 
hello 
hello 
hello 
hello 
hello 
hello 
hello 
hello 
hello 
hello 
hello 
hello 
hello 
hello 
hello 
hello 
hello 
hello 
hello 
hello 
hello 
hello 
hello 
hello 
hello 
hello 
hello 
hello 
hello 
hello 
hello 
hello 
hello 
hello 
hello 
hello 
hello 
hello 
hello 
hello 
hello 
hello 
hello 
hello 
hello 
hello 
hello 
hello 
hello 
hello 
hello 
hello 
hello 
hello 
hello 
hello 
hello 
hello 
hello 
hello 
hello 
hello 
hello 
hello 
hello 
hello 
hello 
hello 
hello 
hello 
hello 
hello 
hello 
hello 
hello 
hello 
hello 
hello 
hello 
hello 
hello 
hello 
hello 
hello 
hello 
hello 
hello 
hello 
hello 
hello 
hello 
hello 
hello 
hello 
hello 
hello 
hello 
hello 
hello 
hello 
hello 
hello 
hello 
hello 
hello 
hello 
hello 
hello 
hello 
hello 
hello 
hello 
hello 
hello 
hello 
hello 
hello 
hello 
hello 
hello 
hello 
hello 
hello 
hello 
hello 
hello 
hello 
hello 
hello 
hello 
hello 
hello 
hello 
hello 
hello 
hello 
hello 
hello 
hello 
hello 
hello 
hello 
hello 
hello 
hello 
hello 
hello 
hello 
hello 
hello 
hello 
hello 
hello 
hello 
hello 
hello 
hello 
hello 
hello 
hello 
hello 
hello 
hello 
hello 
hello 
hello 
hello 
hello 
hello 
hello 
hello 
hello 
hello 
hello 
hello 
hello 
hello 
hello 
hello 
hello 
hello 
hello 
hello 
hello 
hello 
hello 
hello 
hello 
hello 
hello 
hello 
hello 
hello 
hello 
hello 
hello 
hello 
hello 
hello 
hello 
hello 
hello 
hello 
hello 
hello 
hello 
hello 
hello 
hello 
hello 
hello 
hello 
hello 
hello 
hello 
hello 
hello 
hello 
hello 
hello 
hello 
hello 
hello 
hello 
hello 
hello 
hello 
hello 
hello 
hello 
hello 
hello 
hello 
hello 
hello 
hello 
hello 
hello 
hello 
hello 
hello 
hello 
hello 
hello 
hello 
hello 
hello 
hello 
hello 
hello 
hello 
hello 
hello 
hello 
hello 
hello 
hello 
hello 
hello 
hello 
hello 
hello 
hello 
hello 
hello 
hello 
hello 
hello 
hello 
hello 
hello 
hello 
hello 
hello 
hello 
hello 
hello 
hello 
hello 
hello 
hello 
hello 
hello 
hello 
hello 
hello 
hello 
hello 
hello 
hello 
hello 
hello 
hello 
hello 
hello 
hello 
hello 
hello 
hello 
hello 
hello 
hello 
hello 
hello 
hello 
hello 
hello 
hello 
hello 
hello 
hello 
hello 
hello 
hello 
hello 
hello 
hello 
hello 
hello 
hello 
hello 
hello 
hello 
hello 
hello 
hello 
hello 
hello 
hello 
hello 
hello 
hello 
hello 
hello 
hello 
hello 
hello 
hello 
hello 
hello 
hello 
hello 
hello 
hello 
hello 
hello 
hello 
hello 
hello 
hello 
hello 
hello 
hello 
hello 
hello 
hello 
hello 
hello 
hello 
hello 
hello 
hello 
hello 
hello 
hello 
hello 
hello 
hello 
hello 
hello 
hello 
hello 
hello 
hello 
hello 
hello 
hello 
hello 
hello 
hello 
hello 
hello 
hello 
hello 
hello 
hello 
hello 
hello 
hello 
hello 
hello 
hello 
hello 
hello 
hello 
hello 
hello 
hello 
hello 
hello 
hello 
hello 
hello 
hello 
hello 
hello 
hello 
hello 
hello 
hello 
hello 
hello 
hello 
hello 
hello 
hello 
hello 
hello 
hello 
hello 
hello 
hello 
hello 
hello 
hello 
hello 
hello 
hello 
hello 
hello 
hello 
hello 
hello 
hello 
hello 
hello 
hello 
hello 
hello 
hello 
hello 
hello 
hello 
hello 
hello 
hello 
hello 
hello 
hello 
hello 
hello 
hello 
hello 
hello 
hello 
hello 
hello 
hello 
hello 
hello 
hello 
hello 
hello 
hello 
hello 
hello 
hello 
hello 
hello 
hello 
hello 
hello 
hello 
hello 
hello 
hello 
hello 
hello 
hello 
hello 
hello 
hello 
hello 
hello 
hello 
hello 
hello 
hello 
hello 
hello 
hello 
hello 
hello 
hello 
hello 
hello 
hello 
hello 
hello 
hello 
hello 
hello 
hello 
hello 
hello 
hello 
hello 
hello 
hello 
hello 
hello 
hello 
hello 
hello 
hello 
hello 
hello 
hello 
hello 
hello 
hello 
hello 
hello 
hello 
hello 
hello 
hello 
hello 
hello 
hello 
hello 
hello 
hello 
hello 
hello 
hello 
hello 
hello 
hello 
hello 
hello 
hello 
hello 
hello 
hello 
hello 
hello 
hello 
hello 
hello 
hello 
hello 
hello 
hello 
hello 
hello 
hello 
hello 
hello 
hello 
hello 
hello 
hello 
hello 
hello 
hello 
hello 
hello 
hello 
hello 
hello 
hello 
hello 
hello 
hello 
hello 
hello 
hello 
hello 
hello 
hello 
hello 
hello 
hello 
hello 
hello 
hello 
hello 
hello 
hello 
hello 
hello 
hello 
hello 
hello 
hello 
hello 
hello 
hello 
hello 
hello 
hello 
hello 
hello 
hello 
hello 
hello 
hello 
hello 
hello 
hello 
hello 
hello 
hello 
hello 
hello 
hello 
hello 
hello 
hello 
hello 
hello 
hello 
hello 
hello 
hello 
hello 
hello 
hello 
hello 
hello 
hello 
hello 
hello 
hello 
hello 
hello 
hello 
hello 
hello 
hello 
hello 
hello 
hello 
hello 
hello 
hello 
hello 
hello 
hello 
hello 
hello 
hello 
hello 
hello 
hello 
hello 
hello 
hello 
hello 
hello 
hello 
hello 
hello 
hello 
hello 
hello 
hello 
hello 
hello 
hello 
hello 
hello 
hello 
hello 
hello 
hello 
hello 
hello 
hello 
hello 
hello 
hello 
hello 
hello 
hello 
hello 
hello 
hello 
hello 
hello 
hello 
hello 
hello 
hello 
hello 
hello 
hello 
hello 
hello 
hello 
hello 
hello 
hello 
hello 
hello 
hello 
hello 
hello 
hello 
hello 
hello 
hello 
hello 
hello 
hello 
hello 
hello 
hello 
hello 
hello 
hello 
hello 
hello 
hello 
hello 
hello 
hello 
hello 
hello 
hello 
hello 
hello 
hello 
hello 
hello 
hello 
hello 
hello 
hello 
hello 
hello 
hello 
hello 
hello 
hello 
hello 
hello 
hello 
hello 
hello 
hello 
hello 
hello 
hello 
hello 
hello 
hello 
hello 
hello 
hello 
hello 
hello 
hello 
hello 
hello 
hello 
hello 
hello 
hello 
hello 
hello 
hello 
hello 
hello 
hello 
hello 
hello 
hello 
hello 
hello 
hello 
hello 
hello 
hello 
hello 
hello 
hello 
hello 
hello 
hello 
hello 
hello 
hello 
hello 
hello 
hello 
hello 
hello 
hello 
hello 
hello 
hello 
hello 
hello 
hello 
hello 
hello 
hello 
hello 
hello 
hello 
hello 
hello 
hello 
hello 
hello 
hello 
hello 
hello 
hello 
hello 
hello 
hello 
hello 
hello 
hello 
hello 
hello 
hello 
hello 
hello 
hello 
hello 
hello 
hello 
hello 
hello 
hello 
hello 
hello 
hello 
hello 
hello 
hello 
hello 
hello 
hello 
hello 
hello 
hello 
hello 
hello 
hello 
hello 
hello 
hello 
hello 
hello 
hello 
hello 
hello 
hello 
hello 
hello 
hello 
hello 
hello 
hello 
hello 
hello 
hello 
hello 
hello 
hello 
hello 
hello 
hello 
hello 
hello 
hello 
hello 
hello 
hello 
hello 
hello 
hello 
hello 
hello 
hello 
hello 
hello 
hello 
hello 
hello 
hello 
hello 
hello 
hello 
hello 
hello 
hello 
hello 
hello 
hello 
hello 
hello 
hello 
hello 
hello 
hello 
hello 
hello 
hello 
hello 
hello 
hello 
hello 
hello 
hello 
hello 
hello 
hello 
hello 
hello 
hello 
hello 
hello 
hello 
hello 
hello 
hello 
hello 
hello 
hello 
hello 
hello 
hello 
hello 
hello 
hello 
hello 
hello 
hello 
hello 
hello 
hello 
hello 
hello 
hello 
hello 
hello 
hello 
hello 
hello 
hello 
hello 
hello 
hello 
hello 
hello 
hello 
hello 
hello 
hello 
hello 
hello 
hello 
hello 
hello 
hello 
hello 
hello 
hello 
hello 
hello 
hello 
hello 
hello 
hello 
hello 
hello 
hello 
hello 
hello 
hello 
hello 
hello 
hello 
hello 
hello 
hello 
hello 
hello 
hello 
hello 
hello 
hello 
hello 
hello 
hello 
hello 
hello 
hello 
hello 
hello 
hello 
hello 
hello 
hello 
hello 
hello 
hello 
hello 
hello 
hello 
hello 
hello 
hello 
hello 
hello 
hello 
hello 
hello 
hello 
hello 
hello 
hello 
hello 
hello 
hello 
hello 
hello 
hello 
hello 
hello 
hello 
hello 
hello 
hello 
hello 
hello 
hello 
hello 
hello 
hello 
hello 
hello 
hello 
hello 
hello 
hello 
hello 
hello 
hello 
hello 
hello 
hello 
hello 
hello 
hello 
hello 
hello 
hello 
hello 
hello 
hello 
hello 
hello 
hello 
hello 
hello 
hello 
hello 
hello 
hello 
hello 
hello 
hello 
hello 
hello 
hello 
hello 
hello 
hello 
hello 
hello 
hello 
hello 
hello 
hello 
hello 
hello 
hello 
hello 
hello 
hello 
hello 
hello 
hello 
hello 
hello 
hello 
hello 
hello 
hello 
hello 
hello 
hello 
hello 
hello 
hello 
hello 
hello 
hello 
hello 
hello 
hello 
hello 
hello 
hello 
hello 
hello 
hello 
hello 
hello 
hello 
hello 
hello 
hello 
hello 
hello 
hello 
hello 
hello 
hello 
hello 
hello 
hello 
hello 
hello 
hello 
hello 
hello 
hello 
hello 
hello 
hello 
hello 
hello 
hello 
hello 
hello 
hello 
hello 
hello 
hello 
hello 
hello 
hello 
hello 
hello 
hello 
hello 
hello 
hello 
hello 
hello 
hello 
hello 
hello 
hello 
hello 
hello 
hello 
hello 
hello 
hello 
hello 
hello 
hello 
hello 
hello 
hello 
hello 
hello 
hello 
hello 
hello 
hello 
hello 
hello 
hello 
hello 
hello 
hello 
hello 
hello 
hello 
hello 
hello 
hello 
hello 
hello 
hello 
hello 
hello 
hello 
hello 
hello 
hello 
hello 
hello 
hello 
hello 
hello 
hello 
hello 
hello 
hello 
hello 
hello 
hello 
hello 
hello 
hello 
hello 
hello 
hello 
hello 
hello 
hello 
hello 
hello 
hello 
hello 
hello 
hello 
hello 
hello 
hello 
hello 
hello 
hello 
hello 
hello 
hello 
hello 
hello 
hello 
hello 
hello 
hello 
hello 
hello 
hello 
hello 
hello 
hello 
hello 
hello 
hello 
hello 
hello 
hello 
hello 
hello 
hello 
hello 
hello 
hello 
hello 
hello 
hello 
hello 
hello 
hello 
hello 
hello 
hello 
hello 
hello 
hello 
hello 
hello 
hello 
hello 
hello 
hello 
hello 
hello 
hello 
hello 
hello 
hello 
hello 
hello 
hello 
hello 
hello 
hello 
hello 
hello 
hello 
hello 
hello 
hello 
hello 
hello 
hello 
hello 
hello 
hello 
hello 
hello 
hello 
hello 
hello 
hello 
hello 
hello 
hello 
hello 
hello 
hello 
hello 
hello 
hello 
hello 
hello 
hello 
hello 
hello 
hello 
hello 
hello 
hello 
hello 
hello 
hello 
hello 
hello 
hello 
hello 
hello 
hello 
hello 
hello 
hello 
hello 
hello 
hello 
hello 
hello 
hello 
hello 
hello 
hello 
hello 
hello 
hello 
hello 
hello 
hello 
hello 
hello 
hello 
hello 
hello 
hello 
hello 
hello 
hello 
hello 
hello 
hello 
hello 
hello 
hello 
hello 
hello 
hello 
hello 
hello 
hello 
hello 
hello 
hello 
hello 
hello 
hello 
hello 
hello 
hello 
hello 
hello 
hello 
hello 
hello 
hello 
hello 
hello 
hello 
hello 
hello 
hello 
hello 
hello 
hello 
hello 
hello 
hello 
hello 
hello 
hello 
hello 
hello 
hello 
hello 
hello 
hello 
hello 
hello 
hello 
hello 
hello 
hello 
hello 
hello 
hello 
hello 
hello 
hello 
hello 
hello 
hello 
hello 
hello 
hello 
hello 
hello 
hello 
hello 
hello 
hello 
hello 
hello 
hello 
hello 
hello 
hello 
hello 
hello 
hello 
hello 
hello 
hello 
hello 
hello 
hello 
hello 
hello 
hello 
hello 
hello 
hello 
hello 
hello 
hello 
hello 
hello 
hello 
hello 
hello 
hello 
hello 
hello 
hello 
hello 
hello 
hello 
hello 
hello 
hello 
hello 
hello 
hello 
hello 
hello 
hello 
hello 
hello 
hello 
hello 
hello 
hello 
hello 
hello 
hello 
hello 
hello 
hello 
hello 
hello 
hello 
hello 
hello 
hello 
hello 
hello 
hello 
hello 
hello 
hello 
hello 
hello 
hello 
hello 
hello 
hello 
hello 
hello 
hello 
hello 
hello 
hello 
hello 
hello 
hello 
hello 
hello 
hello 
hello 
hello 
hello 
hello 
hello 
hello 
hello 
hello 
hello 
hello 
hello 
hello 
hello 
hello 
hello 
hello 
hello 
hello 
hello 
hello 
hello 
hello 
hello 
hello 
hello 
hello 
hello 
hello 
hello 
hello 
hello 
hello 
hello 
hello 
hello 
hello 
hello 
hello 
hello 
hello 
hello 
hello 
hello 
hello 
hello 
hello 
hello 
hello 
hello 
hello 
hello 
hello 
hello 
hello 
hello 
hello 
hello 
hello 
hello 
hello 
hello 
hello 
hello 
hello 
hello 
hello 
hello 
hello 
hello 
hello 
hello 
hello 
hello 
hello 
hello 
hello 
hello 
hello 
hello 
hello 
hello 
hello 
hello 
hello 
hello 
hello 
hello 
hello 
hello 
hello 
hello 
hello 
hello 
hello 
hello 
hello 
hello 
hello 
hello 
hello 
hello 
hello 
hello 
hello 
hello 
hello 
hello 
hello 
hello 
hello 
hello 
hello 
hello 
hello 
hello 
hello 
hello 
hello 
hello 
hello 
hello 
hello 
hello 
hello 
hello 
hello 
hello 
hello 
hello 
hello 
hello 
hello 
hello 
hello 
hello 
hello 
hello 
hello 
hello 
hello 
hello 
hello 
hello 
hello 
hello 
hello 
hello 
hello 
hello 
hello 
hello 
hello 
hello 
hello 
hello 
hello 
hello 
hello 
hello 
hello 
hello 
hello 
hello 
hello 
hello 
hello 
hello 
hello 
hello 
hello 
hello 
hello 
hello 
hello 
hello 
hello 
hello 
hello 
hello 
hello 
hello 
hello 
hello 
hello 
hello 
hello 
hello 
hello 
hello 
hello 
hello 
hello 
hello 
hello 
hello 
hello 
hello 
hello 
hello 
hello 
hello 
hello 
hello 
hello 
hello 
hello 
hello 
hello 
hello 
hello 
hello 
hello 
hello 
hello 
hello 
hello 
hello 
hello 
hello 
hello 
hello 
hello 
hello 
hello 
hello 
hello 
hello 
hello 
hello 
hello 
hello 
hello 
hello 
hello 
hello 
hello 
hello 
hello 
hello 
hello 
hello 
hello 
hello 
hello 
hello 
hello 
hello 
hello 
hello 
hello 
hello 
hello 
hello 
hello 
hello 
hello 
hello 
hello 
hello 
hello 
hello 
hello 
hello 
hello 
hello 
hello 
hello 
hello 
hello 
hello 
hello 
hello 
hello 
hello 
hello 
hello 
hello 
hello 
hello 
hello 
hello 
hello 
hello 
hello 
hello 
hello 
hello 
hello 
hello 
hello 
hello 
hello 
hello 
hello 
hello 
hello 
hello 
hello 
hello 
hello 
hello 
hello 
hello 
hello 
hello 
hello 
hello 
hello 
hello 
hello 
hello 
hello 
hello 
hello 
hello 
hello 
hello 
hello 
hello 
hello 
hello 
hello 
hello 
hello 
hello 
hello 
hello 
hello 
hello 
hello 
hello 
hello 
hello 
hello 
hello 
hello 
hello 
hello 
hello 
hello 
hello 
hello 
hello 
hello 
hello 
hello 
hello 
hello 
hello 
hello 
hello 
hello 
hello 
hello 
hello 
hello 
hello 
hello 
hello 
hello 
hello 
hello 
hello 
hello 
hello 
hello 
hello 
hello 
hello 
hello 
hello 
hello 
hello 
hello 
hello 
hello 
hello 
hello 
hello 
hello 
hello 
hello 
hello 
hello 
hello 
hello 
hello 
hello 
hello 
hello 
hello 
hello 
hello 
hello 
hello 
hello 
hello 
hello 
hello 
hello 
hello 
hello 
hello 
hello 
hello 
hello 
hello 
hello 
hello 
hello 
hello 
hello 
hello 
hello 
hello 
hello 
hello 
hello 
hello 
hello 
hello 
hello 
hello 
hello 
hello 
hello 
hello 
hello 
hello 
hello 
hello 
hello 
hello 
hello 
hello 
hello 
hello 
hello 
hello 
hello 
hello 
hello 
hello 
hello 
hello 
hello 
hello 
hello 
hello 
hello 
hello 
hello 
hello 
hello 
hello 
hello 
hello 
hello 
hello 
hello 
hello 
hello 
hello 
hello 
hello 
hello 
hello 
hello 
hello 
hello 
hello 
hello 
hello 
hello 
hello 
hello 
hello 
hello 
hello 
hello 
hello 
hello 
hello 
hello 
hello 
hello 
hello 
hello 
hello 
hello 
hello 
hello 
hello 
hello 
hello 
hello 
hello 
hello 
hello 
hello 
hello 
hello 
hello 
hello 
hello 
hello 
hello 
hello 
hello 
hello 
hello 
hello 
hello 
hello 
hello 
hello 
hello 
hello 
hello 
hello 
hello 
hello 
hello 
hello 
hello 
hello 
hello 
hello 
hello 
hello 
hello 
hello 
hello 
hello 
hello 
hello 
hello 
hello 
hello 
hello 
hello 
hello 
hello 
hello 
hello 
hello 
hello 
hello 
hello 
hello 
hello 
hello 
hello 
hello 
hello 
hello 
hello 
hello 
hello 
hello 
hello 
hello 
hello 
hello 
hello 
hello 
hello 
hello 
hello 
hello 
hello 
hello 
hello 
hello 
hello 
hello 
hello 
hello 
hello 
hello 
hello 
hello 
hello 
hello 
hello 
hello 
hello 
hello 
hello 
hello 
hello 
hello 
hello 
hello 
hello 
hello 
hello 
hello 
hello 
hello 
hello 
hello 
hello 
hello 
hello 
hello 
hello 
hello 
hello 
hello 
hello 
hello 
hello 
hello 
hello 
hello 
hello 
hello 
hello 
hello 
hello 
hello 
hello 
hello 
hello 
hello 
hello 
hello 
hello 
hello 
hello 
hello 
hello 
hello 
hello 
hello 
hello 
hello 
hello 
hello 
hello 
hello 
hello 
hello 
hello 
hello 
hello 
hello 
hello 
hello 
hello 
hello 
hello 
hello 
hello 
hello 
hello 
hello 
hello 
hello 
hello 
hello 
hello 
hello 
hello 
hello 
hello 
hello 
hello 
hello 
hello 
hello 
hello 
hello 
hello 
hello 
hello 
hello 
hello 
hello 
hello 
hello 
hello 
hello 
hello 
hello 
hello 
hello 
hello 
hello 
hello 
hello 
hello 
hello 
hello 
hello 
hello 
hello 
hello 
hello 
hello 
hello 
hello 
hello 
hello 
hello 
hello 
hello 
hello 
hello 
hello 
hello 
hello 
hello 
hello 
hello 
hello 
hello 
hello 
hello 
hello 
hello 
hello 
hello 
hello 
hello 
hello 
hello 
hello 
hello 
hello 
hello 
hello 
hello 
hello 
hello 
hello 
hello 
hello 
hello 
hello 
hello 
hello 
hello 
hello 
hello 
hello 
hello 
hello 
hello 
hello 
hello 
hello 
hello 
hello 
hello 
hello 
hello 
hello 
hello 
hello 
hello 
hello 
hello 
hello 
hello 
hello 
hello 
hello 
hello 
hello 
hello 
hello 
hello 
hello 
hello 
hello 
hello 
hello 
hello 
hello 
hello 
hello 
hello 
hello 
hello 
hello 
hello 
hello 
hello 
hello 
hello 
hello 
hello 
hello 
hello 
hello 
hello 
hello 
hello 
hello 
hello 
hello 
hello 
hello 
hello 
hello 
hello 
hello 
hello 
hello 
hello 
hello 
hello 
hello 
hello 
hello 
hello 
hello 
hello 
hello 
hello 
hello 
hello 
hello 
hello 
hello 
hello 
hello 
hello 
hello 
hello 
hello 
hello 
hello 
hello 
hello 
hello 
hello 
hello 
hello 
hello 
hello 
hello 
hello 
hello 
hello 
hello 
hello 
hello 
hello 
hello 
hello 
hello 
hello 
hello 
hello 
hello 
hello 
hello 
hello 
hello 
hello 
hello 
hello 
hello 
hello 
hello 
hello 
hello 
hello 
hello 
hello 
hello 
hello 
hello 
hello 
hello 
hello 
hello 
hello 
hello 
hello 
hello 
hello 
hello 
hello 
hello 
hello 
hello 
hello 
hello 
hello 
hello 
hello 
hello 
hello 
hello 
hello 
hello 
hello 
hello 
hello 
hello 
hello 
hello 
hello 
hello 
hello 
hello 
hello 
hello 
hello 
hello 
hello 
hello 
hello 
hello 
hello 
hello 
hello 
hello 
hello 
hello 
hello 
hello 
hello 
hello 
hello 
hello 
hello 
hello 
hello 
hello 
hello 
hello 
hello 
hello 
hello 
hello 
hello 
hello 
hello 
hello 
hello 
hello 
hello 
hello 
hello 
hello 
hello 
hello 
hello 
hello 
hello 
hello 
hello 
hello 
hello 
hello 
hello 
hello 
hello 
hello 
hello 
hello 
hello 
hello 
hello 
hello 
hello 
hello 
hello 
hello 
hello 
hello 
hello 
hello 
hello 
hello 
hello 
hello 
hello 
hello 
hello 
hello 
hello 
hello 
hello 
hello 
hello 
hello 
hello 
hello 
hello 
hello 
hello 
hello 
hello 
hello 
hello 
hello 
hello 
hello 
hello 
hello 
hello 
hello 
hello 
hello 
hello 
hello 
hello 
hello 
hello 
hello 
hello 
hello 
hello 
hello 
hello 
hello 
hello 
hello 
hello 
hello 
hello 
hello 
hello 
hello 
hello 
hello 
hello 
hello 
hello 
hello 
hello 
hello 
hello 
hello 
hello 
hello 
hello 
hello 
hello 
hello 
hello 
hello 
hello 
hello 
hello 
hello 
hello 
hello 
hello 
hello 
hello 
hello 
hello 
hello 
hello 
hello 
hello 
hello 
hello 
hello 
hello 
hello 
hello 
hello 
hello 
hello 
hello 
hello 
hello 
hello 
hello 
hello 
hello 
hello 
hello 
hello 
hello 
hello 
hello 
hello 
hello 
hello 
hello 
hello 
hello 
hello 
hello 
hello 
hello 
hello 
hello 
hello 
hello 
hello 
hello 
hello 
hello 
hello 
hello 
hello 
hello 
hello 
hello 
hello 
hello 
hello 
hello 
hello 
hello 
hello 
hello 
hello 
hello 
hello 
hello 
hello 
hello 
hello 
hello 
hello 
hello 
hello 
hello 
hello 
hello 
hello 
hello 
hello 
hello 
hello 
hello 
hello 
hello 
hello 
hello 
hello 
hello 
hello 
hello 
hello 
hello 
hello 
hello 
hello 
hello 
hello 
hello 
hello 
hello 
hello 
hello 
hello 
hello 
hello 
hello 
hello 
hello 
hello 
hello 
hello 
hello 
hello 
hello 
hello 
hello 
hello 
hello 
hello 
hello 
hello 
hello 
hello 
hello 
hello 
hello 
hello 
hello 
hello 
hello 
hello 
hello 
hello 
hello 
hello 
hello 
hello 
hello 
hello 
hello 
hello 
hello 
hello 
hello 
hello 
hello 
hello 
hello 
hello 
hello 
hello 
hello 
hello 
hello 
hello 
hello 
hello 
hello 
hello 
hello 
hello 
hello 
hello 
hello 
hello 
hello 
hello 
hello 
hello 
hello 
hello 
hello 
hello 
hello 
hello 
hello 
hello 
hello 
hello 
hello 
hello 
hello 
hello 
hello 
hello 
hello 
hello 
hello 
hello 
hello 
hello 
hello 
hello 
hello 
hello 
hello 
hello 
hello 
hello 
hello 
hello 
hello 
hello 
hello 
hello 
hello 
hello 
hello 
hello 
hello 
hello 
hello 
hello 
hello 
hello 
hello 
hello 
hello 
hello 
hello 
hello 
hello 
hello 
hello 
hello 
hello 
hello 
hello 
hello 
hello 
hello 
hello 
hello 
hello 
hello 
hello 
hello 
hello 
hello 
hello 
hello 
hello 
hello 
hello 
hello 
hello 
hello 
hello 
hello 
hello 
hello 
hello 
hello 
hello 
hello 
hello 
hello 
hello 
hello 
hello 
hello 
hello 
hello 
hello 
hello 
hello 
hello 
hello 
hello 
hello 
hello 
hello 
hello 
hello 
hello 
hello 
hello 
hello 
hello 
hello 
hello 
hello 
hello 
hello 
hello 
hello 
hello 
hello 
hello 
hello 
hello 
hello 
hello 
hello 
hello 
hello 
hello 
hello 
hello 
hello 
hello 
hello 
hello 
hello 
hello 
hello 
hello 
hello 
hello 
hello 
hello 
hello 
hello 
hello 
hello 
hello 
hello 
hello 
hello 
hello 
hello 
hello 
hello 
hello 
hello 
hello 
hello 
hello 
hello 
hello 
hello 
hello 
hello 
hello 
hello 
hello 
hello 
hello 
hello 
hello 
hello 
hello 
hello 
hello 
hello 
hello 
hello 
hello 
hello 
hello 
hello 
hello 
hello 
hello 
hello 
hello 
hello 
hello 
hello 
hello 
hello 
hello 
hello 
hello 
hello 
hello 
hello 
hello 
hello 
hello 
hello 
hello 
hello 
hello 
hello 
hello 
hello 
hello 
hello 
hello 
hello 
hello 
hello 
hello 
hello 
hello 
hello 
hello 
hello 
hello 
hello 
hello 
hello 
hello 
hello 
hello 
hello 
hello 
hello 
hello 
hello 
hello 
hello 
hello 
hello 
hello 
hello 
hello 
hello 
hello 
hello 
hello 
hello 
hello 
hello 
hello 
hello 
hello 
hello 
hello 
hello 
hello 
hello 
hello 
hello 
hello 
hello 
hello 
hello 
hello 
hello 
hello 
hello 
hello 
hello 
hello 
hello 
hello 
hello 
hello 
hello 
hello 
hello 
hello 
hello 
hello 
hello 
hello 
hello 
hello 
hello 
hello 
hello 
hello 
hello 
hello 
hello 
hello 
hello 
hello 
hello 
hello 
hello 
hello 
hello 
hello 
hello 
hello 
hello 
hello 
hello 
hello 
hello 
hello 
hello 
hello 
hello 
hello 
hello 
hello 
hello 
hello 
hello 
hello 
hello 
hello 
hello 
hello 
hello 
hello 
hello 
hello 
hello 
hello 
hello 
hello 
hello 
hello 
hello 
hello 
hello 
hello 
hello 
hello 
hello 
hello 
hello 
hello 
hello 
hello 
hello 
hello 
hello 
hello 
hello 
hello 
hello 
hello 
hello 
hello 
hello 
hello 
hello 
hello 
hello 
hello 
hello 
hello 
hello 
hello 
hello 
hello 
hello 
hello 
hello 
hello 
hello 
hello 
hello 
hello 
hello 
hello 
hello 
hello 
hello 
hello 
hello 
hello 
hello 
hello 
hello 
hello 
hello 
hello 
hello 
hello 
hello 
hello 
hello 
hello 
hello 
hello 
hello 
hello 
hello 
hello 
hello 
hello 
hello 
hello 
hello 
hello 
hello 
hello 
hello 
hello 
hello 
hello 
hello 
hello 
hello 
hello 
hello 
hello 
hello 
hello 
hello 
hello 
hello 
hello 
hello 
hello 
hello 
hello 
hello 
hello 
hello 
hello 
hello 
hello 
hello 
hello 
hello 
hello 
hello 
hello 
hello 
hello 
hello 
hello 
hello 
hello 
hello 
hello 
hello 
hello 
hello 
hello 
hello 
hello 
hello 
hello 
hello 
hello 
hello 
hello 
hello 
hello 
hello 
hello 
hello 
hello 
hello 
hello 
hello 
hello 
hello 
hello 
hello 
hello 
hello 
hello 
hello 
hello 
hello 
hello 
hello 
hello 
hello 
hello 
hello 
hello 
hello 
hello 
hello 
hello 
hello 
hello 
hello 
hello 
hello 
hello 
hello 
hello 
hello 
hello 
hello 
hello 
hello 
hello 
hello 
hello 
hello 
hello 
hello 
hello 
hello 
hello 
hello 
hello 
hello 
hello 
hello 
hello 
hello 
hello 
hello 
hello 
hello 
hello 
hello 
hello 
hello 
hello 
hello 
hello 
hello 
hello 
hello 
hello 
hello 
hello 
hello 
hello 
hello 
hello 
hello 
hello 
hello 
hello 
hello 
hello 
hello 
hello 
hello 
hello 
hello 
hello 
hello 
hello 
hello 
hello 
hello 
hello 
hello 
hello 
hello 
hello 
hello 
hello 
hello 
hello 
hello 
hello 
hello 
hello 
hello 
hello 
hello 
hello 
hello 
hello 
hello 
hello 
hello 
hello 
hello 
hello 
hello 
hello 
hello 
hello 
hello 
hello 
hello 
hello 
hello 
hello 
hello 
hello 
hello 
hello 
hello 
hello 
hello 
hello 
hello 
hello 
hello 
hello 
hello 
hello 
hello 
hello 
hello 
hello 
hello 
hello 
hello 
hello 
hello 
hello 
hello 
hello 
hello 
hello 
hello 
hello 
hello 
hello 
hello 
hello 
hello 
hello 
hello 
hello 
hello 
hello 
hello 
hello 
hello 
hello 
hello 
hello 
hello 
hello 
hello 
hello 
hello 
hello 
hello 
hello 
hello 
hello 
hello 
hello 
hello 
hello 
hello 
hello 
hello 
hello 
hello 
hello 
hello 
hello 
hello 
hello 
hello 
hello 
hello 
hello 
hello 
hello 
hello 
hello 
hello 
hello 
hello 
hello 
hello 
hello 
hello 
hello 
hello 
hello 
hello 
hello 
hello 
hello 
hello 
hello 
hello 
hello 
hello 
hello 
hello 
hello 
hello 
hello 
hello 
hello 
hello 
hello 
hello 
hello 
hello 
hello 
hello 
hello 
hello 
hello 
hello 
hello 
hello 
hello 
hello 
hello 
hello 
hello 
hello 
hello 
hello 
hello 
hello 
hello 
hello 
hello 
hello 
hello 
hello 
hello 
hello 
hello 
hello 
hello 
hello 
hello 
hello 
hello 
hello 
hello 
hello 
hello 
hello 
hello 
hello 
hello 
hello 
hello 
hello 
hello 
hello 
hello 
hello 
hello 
hello 
hello 
hello 
hello 
hello 
hello 
hello 
hello 
hello 
hello 
hello 
hello 
hello 
hello 
hello 
hello 
hello 
hello 
hello 
hello 
hello 
hello 
hello 
hello 
hello 
hello 
hello 
hello 
hello 
hello 
hello 
hello 
hello 
hello 
hello 
hello 
hello 
hello 
hello 
hello 
hello 
hello 
hello 
hello 
hello 
hello 
hello 
hello 
hello 
hello 
hello 
hello 
hello 
hello 
hello 
hello 
hello 
hello 
hello 
hello 
hello 
hello 
hello 
hello 
hello 
hello 
hello 
hello 
hello 
hello 
hello 
hello 
hello 
hello 
hello 
hello 
hello 
hello 
hello 
hello 
hello 
hello 
hello 
hello 
hello 
hello 
hello 
hello 
hello 
hello 
hello 
hello 
hello 
hello 
hello 
hello 
hello 
hello 
hello 
hello 
hello 
hello 
hello 
hello 
hello 
hello 
hello 
hello 
hello 
hello 
hello 
hello 
hello 
hello 
hello 
hello 
hello 
hello 
hello 
hello 
hello 
hello 
hello 
hello 
hello 
hello 
hello 
hello 
hello 
hello 
hello 
hello 
hello 
hello 
hello 
hello 
hello 
hello 
hello 
hello 
hello 
hello 
hello 
hello 
hello 
hello 
hello 
hello 
hello 
hello 
hello 
hello 
hello 
hello 
hello 
hello 
hello 
hello 
hello 
hello 
hello 
hello 
hello 
hello 
hello 
hello 
hello 
hello 
hello 
hello 
hello 
hello 
hello 
hello 
hello 
hello 
hello 
hello 
hello 
hello 
hello 
hello 
hello 
hello 
hello 
hello 
hello 
hello 
hello 
hello 
hello 
hello 
hello 
hello 
hello 
hello 
hello 
hello 
hello 
hello 
hello 
hello 
hello 
hello 
hello 
hello 
hello 
hello 
hello 
hello 
hello 
hello 
hello 
hello 
hello 
hello 
hello 
hello 
hello 
hello 
hello 
hello 
hello 
hello 
hello 
hello 
hello 
hello 
hello 
hello 
hello 
hello 
hello 
hello 
hello 
hello 
hello 
hello 
hello 
hello 
hello 
hello 
hello 
hello 
hello 
hello 
hello 
hello 
hello 
hello 
hello 
hello 
hello 
hello 
hello 
hello 
hello 
hello 
hello 
hello 
hello 
hello 
hello 
hello 
hello 
hello 
hello 
hello 
hello 
hello 
hello 
hello 
hello 
hello 
hello 
hello 
hello 
hello 
hello 
hello 
hello 
hello 
hello 
hello 
hello 
hello 
hello 
hello 
hello 
hello 
hello 
hello 
hello 
hello 
hello 
hello 
hello 
hello 
hello 
hello 
hello 
hello 
hello 
hello 
hello 
hello 
hello 
hello 
hello 
hello 
hello 
hello 
hello 
hello 
hello 
hello 
hello 
hello 
hello 
hello 
hello 
hello 
hello 
hello 
hello 
hello 
hello 
hello 
hello 
hello 
hello 
hello 
hello 
hello 
hello 
hello 
hello 
hello 
hello 
hello 
hello 
hello 
hello 
hello 
hello 
hello 
hello 
hello 
hello 
hello 
hello 
hello 
hello 
hello 
hello 
hello 
hello 
hello 
hello 
hello 
hello 
hello 
hello 
hello 
hello 
hello 
hello 
hello 
hello 
hello 
hello 
hello 
hello 
hello 
hello 
hello 
hello 
hello 
hello 
hello 
hello 
hello 
hello 
hello 
hello 
hello 
hello 
hello 
hello 
hello 
hello 
hello 
hello 
hello 
hello 
hello 
hello 
hello 
hello 
hello 
hello 
hello 
hello 
hello 
hello 
hello 
hello 
hello 
hello 
hello 
hello 
hello 
hello 
hello 
hello 
hello 
hello 
hello 
hello 
hello 
hello 
hello 
hello 
hello 
hello 
hello 
hello 
hello 
hello 
hello 
hello 
hello 
hello 
hello 
hello 
hello 
hello 
hello 
hello 
hello 
hello 
hello 
hello 
hello 
hello 
hello 
hello 
hello 
hello 
hello 
hello 
hello 
hello 
hello 
hello 
hello 
hello 
hello 
hello 
hello 
hello 
hello 
hello 
hello 
hello 
hello 
hello 
hello 
hello 
hello 
hello 
hello 
hello 
hello 
hello 
hello 
hello 
hello 
hello 
hello 
hello 
hello 
hello 
hello 
hello 
hello 
hello 
hello 
hello 
hello 
hello 
hello 
hello 
hello 
hello 
hello 
hello 
hello 
hello 
hello 
hello 
hello 
hello 
hello 
hello 
hello 
hello 
hello 
hello 
hello 
hello 
hello 
hello 
hello 
hello 
hello 
hello 
hello 
hello 
hello 
hello 
hello 
hello 
hello 
hello 
hello 
hello 
hello 
hello 
hello 
hello 
hello 
hello 
hello 
hello 
hello 
hello 
hello 
hello 
hello 
hello 
hello 
hello 
hello 
hello 
hello 
hello 
hello 
hello 
hello 
hello 
hello 
hello 
hello 
hello 
hello 
hello 
hello 
hello 
hello 
hello 
hello 
hello 
hello 
hello 
hello 
hello 
hello 
hello 
hello 
hello 
hello 
hello 
hello 
hello 
hello 
hello 
hello 
hello 
hello 
hello 
hello 
hello 
hello 
hello 
hello 
hello 
hello 
hello 
hello 
hello 
hello 
hello 
hello 
hello 
hello 
hello 
hello 
hello 
hello 
hello 
hello 
hello 
hello 
hello 
hello 
hello 
hello 
hello 
hello 
hello 
hello 
hello 
hello 
hello 
hello 
hello 
hello 
hello 
hello 
hello 
hello 
hello 
hello 
hello 
hello 
hello 
hello 
hello 
hello 
hello 
hello 
hello 
hello 
hello 
hello 
hello 
hello 
hello 
hello 
hello 
hello 
hello 
hello 
hello 
hello 
hello 
hello 
hello 
hello 
hello 
hello 
hello 
hello 
hello 
hello 
hello 
hello 
hello 
hello 
hello 
hello 
hello 
hello 
hello 
hello 
hello 
hello 
hello 
hello 
hello 
hello 
hello 
hello 
hello 
hello 
hello 
hello 
hello 
hello 
hello 
hello 
hello 
hello 
hello 
hello 
hello 
hello 
hello 
hello 
hello 
hello 
hello 
hello 
hello 
hello 
hello 
hello 
hello 
hello 
hello 
hello 
hello 
hello 
hello 
hello 
hello 
hello 
hello 
hello 
hello 
hello 
hello 
hello 
hello 
hello 
hello 
hello 
hello 
hello 
hello 
hello 
hello 
hello 
hello 
hello 
hello 
hello 
hello 
hello 
hello 
hello 
hello 
hello 
hello 
hello 
hello 
hello 
hello 
hello 
hello 
hello 
hello 
hello 
hello 
hello 
hello 
hello 
hello 
hello 
hello 
hello 
hello 
hello 
hello 
hello 
hello 
hello 
hello 
hello 
hello 
hello 
hello 
hello 
hello 
hello 
hello 
hello 
hello 
hello 
hello 
hello 
hello 
hello 
hello 
hello 
hello 
hello 
hello 
hello 
hello 
hello 
hello 
hello 
hello 
hello 
hello 
hello 
hello 
hello 
hello 
hello 
hello 
hello 
hello 
hello 
hello 
hello 
hello 
hello 
hello 
hello 
hello 
hello 
hello 
hello 
hello 
hello 
hello 
hello 
hello 
hello 
hello 
hello 
hello 
hello 
hello 
hello 
hello 
hello 
hello 
hello 
hello 
hello 
hello 
hello 
hello 
hello 
hello 
hello 
hello 
hello 
hello 
hello 
hello 
hello 
hello 
hello 
hello 
hello 
hello 
hello 
hello 
hello 
hello 
hello 
hello 
hello 
hello 
hello 
hello 
hello 
hello 
hello 
hello 
hello 
hello 
hello 
hello 
hello 
hello 
hello 
hello 
hello 
hello 
hello 
hello 
hello 
hello 
hello 
hello 
hello 
hello 
hello 
hello 
hello 
hello 
hello 
hello 
hello 
hello 
hello 
hello 
hello 
hello 
hello 
hello 
hello 
hello 
hello 
hello 
hello 
hello 
hello 
hello 
hello 
hello 
hello 
hello 
hello 
hello 
hello 
hello 
hello 
hello 
hello 
hello 
hello 
hello 
hello 
hello 
hello 
hello 
hello 
hello 
hello 
hello 
hello 
hello 
hello 
hello 
hello 
hello 
hello 
hello 
hello 
hello 
hello 
hello 
hello 
hello 
hello 
hello 
hello 
hello 
hello 
hello 
hello 
hello 
hello 
hello 
hello 
hello 
hello 
hello 
hello 
hello 
hello 
hello 
hello 
hello 
hello 
hello 
hello 
hello 
hello 
hello 
hello 
hello 
hello 
hello 
hello 
hello 
hello 
hello 
hello 
hello 
hello 
hello 
hello 
hello 
hello 
hello 
hello 
hello 
hello 
hello 
hello 
hello 
hello 
hello 
hello 
hello 
hello 
hello 
hello 
hello 
hello 
hello 
hello 
hello 
hello 
hello 
hello 
hello 
hello 
hello 
hello 
hello 
hello 
hello 
hello 
hello 
hello 
hello 
hello 
hello 
hello 
hello 
hello 
hello 
hello 
hello 
hello 
hello 
hello 
hello 
hello 
hello 
hello 
hello 
hello 
hello 
hello 
hello 
hello 
hello 
hello 
hello 
hello 
hello 
hello 
hello 
hello 
hello 
hello 
hello 
hello 
hello 
hello 
hello 
hello 
hello 
hello 
hello 
hello 
hello 
hello 
hello 
hello 
hello 
hello 
hello 
hello 
hello 
hello 
hello 
hello 
hello 
hello 
hello 
hello 
hello 
hello 
hello 
hello 
hello 
hello 
hello 
hello 
hello 
hello 
hello 
hello 
hello 
hello 
hello 
hello 
hello 
hello 
hello 
hello 
hello 
hello 
hello 
hello 
hello 
hello 
hello 
hello 
hello 
hello 
hello 
hello 
hello 
hello 
hello 
hello 
hello 
hello 
hello 
hello 
hello 
hello 
hello 
hello 
hello 
hello 
hello 
hello 
hello 
hello 
hello 
hello 
hello 
hello 
hello 
hello 
hello 
hello 
hello 
hello 
hello 
hello 
hello 
hello 
hello 
hello 
hello 
hello 
hello 
hello 
hello 
hello 
hello 
hello 
hello 
hello 
hello 
hello 
hello 
hello 
hello 
hello 
hello 
hello 
hello 
hello 
hello 
hello 
hello 
hello 
hello 
hello 
hello 
hello 
hello 
hello 
hello 
hello 
hello 
hello 
hello 
hello 
hello 
hello 
hello 
hello 
hello 
hello 
hello 
hello 
hello 
hello 
hello 
hello 
hello 
hello 
hello 
hello 
hello 
hello 
hello 
hello 
hello 
hello 
hello 
hello 
hello 
hello 
hello 
hello 
hello 
hello 
hello 
hello 
hello 
hello 
hello 
hello 
hello 
hello 
hello 
hello 
hello 
hello 
hello 
hello 
hello 
hello 
hello 
hello 
hello 
hello 
hello 
hello 
hello 
hello 
hello 
hello 
hello 
hello 
hello 
hello 
hello 
hello 
hello 
hello 
hello 
hello 
hello 
hello 
hello 
hello 
hello 
hello 
hello 
hello 
hello 
hello 
hello 
hello 
hello 
hello 
hello 
hello 
hello 
hello 
hello 
hello 
hello 
hello 
hello 
hello 
hello 
hello 
hello 
hello 
hello 
hello 
hello 
hello 
hello 
hello 
hello 
hello 
hello 
hello 
hello 
hello 
hello 
hello 
hello 
hello 
hello 
hello 
hello 
hello 
hello 
hello 
hello 
hello 
hello 
hello 
hello 
hello 
hello 
hello 
hello 
hello 
hello 
hello 
hello 
hello 
hello 
hello 
hello 
hello 
hello 
hello 
hello 
hello 
hello 
hello 
hello 
hello 
hello 
hello 
hello 
hello 
hello 
hello 
hello 
hello 
hello 
hello 
hello 
hello 
hello 
hello 
hello 
hello 
hello 
hello 
hello 
hello 
hello 
hello 
hello 
hello 
hello 
hello 
hello 
hello 
hello 
hello 
hello 
hello 
hello 
hello 
hello 
hello 
hello 
hello 
hello 
hello 
hello 
hello 
hello 
hello 
hello 
hello 
hello 
hello 
hello 
hello 
hello 
hello 
hello 
hello 
hello 
hello 
hello 
hello 
hello 
hello 
hello 
hello 
hello 
hello 
hello 
hello 
hello 
hello 
hello 
hello 
hello 
hello 
hello 
hello 
hello 
hello 
hello 
hello 
hello 
hello 
hello 
hello 
hello 
hello 
hello 
hello 
hello 
hello 
hello 
hello 
hello 
hello 
hello 
hello 
hello 
hello 
hello 
hello 
hello 
hello 
hello 
hello 
hello 
hello 
hello 
hello 
hello 
hello 
hello 
hello 
hello 
hello 
hello 
hello 
hello 
hello 
hello 
hello 
hello 
hello 
hello 
hello 
hello 
hello 
hello 
hello 
hello 
hello 
hello 
hello 
hello 
hello 
hello 
hello 
hello 
hello 
hello 
hello 
hello 
hello 
hello 
hello 
hello 
hello 
hello 
hello 
hello 
hello 
hello 
hello 
hello 
hello 
hello 
hello 
hello 
hello 
hello 
hello 
hello 
hello 
hello 
hello 
hello 
hello 
hello 
hello 
hello 
hello 
hello 
hello 
hello 
hello 
hello 
hello 
hello 
hello 
hello 
hello 
hello 
hello 
hello 
hello 
hello 
hello 
hello 
hello 
hello 
hello 
hello 
hello 
hello 
hello 
hello 
hello 
hello 
hello 
hello 
hello 
hello 
hello 
hello 
hello 
hello 
hello 
hello 
hello 
hello 
hello 
hello 
hello 
hello 
hello 
hello 
hello 
hello 
hello 
hello 
hello 
hello 
hello 
hello 
hello 
hello 
hello 
hello 
hello 
hello 
hello 
hello 
hello 
hello 
hello 
hello 
hello 
hello 
hello 
hello 
hello 
hello 
hello 
hello 
hello 
hello 
hello 
hello 
hello 
hello 
hello 
hello 
hello 
hello 
hello 
hello 
hello 
hello 
hello 
hello 
hello 
hello 
hello 
hello 
hello 
hello 
hello 
hello 
hello 
hello 
hello 
hello 
hello 
hello 
hello 
hello 
hello 
hello 
hello 
hello 
hello 
hello 
hello 
hello 
hello 
hello 
hello 
hello 
hello 
hello 
hello 
hello 
hello 
hello 
hello 
hello 
hello 
hello 
hello 
hello 
hello 
hello 
hello 
hello 
hello 
hello 
hello 
hello 
hello 
hello 
hello 
hello 
hello 
hello 
hello 
hello 
hello 
hello 
hello 
hello 
hello 
hello 
hello 
hello 
hello 
hello 
hello 
hello 
hello 
hello 
hello 
hello 
hello 
hello 
hello 
hello 
hello 
hello 
hello 
hello 
hello 
hello 
hello 
hello 
hello 
hello 
hello 
hello 
hello 
hello 
hello 
hello 
hello 
hello 
hello 
hello 
hello 
hello 
hello 
hello 
hello 
hello 
hello 
hello 
hello 
hello 
hello 
hello 
hello 
hello 
hello 
hello 
hello 
hello 
hello 
hello 
hello 
hello 
hello 
hello 
hello 
hello 
hello 
hello 
hello 
hello 
hello 
hello 
hello 
hello 
hello 
hello 
hello 
hello 
hello 
hello 
hello 
hello 
hello 
hello 
hello 
hello 
hello 
hello 
hello 
hello 
hello 
hello 
hello 
hello 
hello 
hello 
hello 
hello 
hello 
hello 
hello 
hello 
hello 
hello 
hello 
hello 
hello 
hello 
hello 
hello 
hello 
hello 
hello 
hello 
hello 
hello 
hello 
hello 
hello 
hello 
hello 
hello 
hello 
hello 
hello 
hello 
hello 
hello 
hello 
hello 
hello 
hello 
hello 
hello 
hello 
hello 
hello 
hello 
hello 
hello 
hello 
hello 
hello 
hello 
hello 
hello 
hello 
hello 
hello 
hello 
hello 
hello 
hello 
hello 
hello 
hello 
hello 
hello 
hello 
hello 
hello 
hello 
hello 
hello 
hello 
hello 
hello 
hello 
hello 
hello 
hello 
hello 
hello 
hello 
hello 
hello 
hello 
hello 
hello 
hello 
hello 
hello 
hello 
hello 
hello 
hello 
hello 
hello 
hello 
hello 
hello 
hello 
hello 
hello 
hello 
hello 
hello 
hello 
hello 
hello 
hello 
hello 
hello 
hello 
hello 
hello 
hello 
hello 
hello 
hello 
hello 
hello 
hello 
hello 
hello 
hello 
hello 
hello 
hello 
hello 
hello 
hello 
hello 
hello 
hello 
hello 
hello 
hello 
hello 
hello 
hello 
hello 
hello 
hello 
hello 
hello 
hello 
hello 
hello 
hello 
hello 
hello 
hello 
hello 
hello 
hello 
hello 
hello 
hello 
hello 
hello 
hello 
hello 
hello 
hello 
hello 
hello 
hello 
hello 
hello 
hello 
hello 
hello 
hello 
hello 
hello 
hello 
hello 
hello 
hello 
hello 
hello 
hello 
hello 
hello 
hello 
hello 
hello 
hello 
hello 
hello 
hello 
hello 
hello 
hello 
hello 
hello 
hello 
hello 
hello 
hello 
hello 
hello 
hello 
hello 
hello 
hello 
hello 
hello 
hello 
hello 
hello 
hello 
hello 
hello 
hello 
hello 
hello 
hello 
hello 
hello 
hello 
hello 
hello 
hello 
hello 
hello 
hello 
hello 
hello 
hello 
hello 
hello 
hello 
hello 
hello 
hello 
hello 
hello 
hello 
hello 
hello 
hello 
hello 
hello 
hello 
hello 
hello 
hello 
hello 
hello 
hello 
hello 
hello 
hello 
hello 
hello 
hello 
hello 
hello 
hello 
hello 
hello 
hello 
hello 
hello 
hello 
hello 
hello 
hello 
hello 
hello 
hello 
hello 
hello 
hello 
hello 
hello 
hello 
hello 
hello 
hello 
hello 
hello 
hello 
hello 
hello 
hello 
hello 
hello 
hello 
hello 
hello 
hello 
hello 
hello 
hello 
hello 
hello 
hello 
hello 
hello 
hello 
hello 
hello 
hello 
hello 
hello 
hello 
hello 
hello 
hello 
hello 
hello 
hello 
hello 
hello 
hello 
hello 
hello 
hello 
hello 
hello 
hello 
hello 
hello 
hello 
hello 
hello 
hello 
hello 
hello 
hello 
hello 
hello 
hello 
hello 
hello 
hello 
hello 
hello 
hello 
hello 
hello 
hello 
hello 
hello 
hello 
hello 
hello 
hello 
hello 
hello 
hello 
hello 
hello 
hello 
hello 
hello 
hello 
hello 
hello 
hello 
hello 
hello 
hello 
hello 
hello 
hello 
hello 
hello 
hello 
hello 
hello 
hello 
hello 
hello 
hello 
hello 
hello 
hello 
hello 
hello 
hello 
hello 
hello 
hello 
hello 
hello 
hello 
hello 
hello 
hello 
hello 
hello 
hello 
hello 
hello 
hello 
hello 
hello 
hello 
hello 
hello 
hello 
hello 
hello 
hello 
hello 
hello 
hello 
hello 
hello 
hello 
hello 
hello 
hello 
hello 
hello 
hello 
hello 
hello 
hello 
hello 
hello 
hello 
hello 
hello 
hello 
hello 
hello 
hello 
hello 
hello 
hello 
hello 
hello 
hello 
hello 
hello 
hello 
hello 
hello 
hello 
hello 
hello 
hello 
hello 
hello 
hello 
hello 
hello 
hello 
hello 
hello 
hello 
hello 
hello 
hello 
hello 
hello 
hello 
hello 
hello 
hello 
hello 
hello 
hello 
hello 
hello 
hello 
hello 
hello 
hello 
hello 
hello 
hello 
hello 
hello 
hello 
hello 
hello 
hello 
hello 
hello 
hello 
hello 
hello 
hello 
hello 
hello 
hello 
hello 
hello 
hello 
hello 
hello 
hello 
hello 
hello 
hello 
hello 
hello 
hello 
hello 
hello 
hello 
hello 
hello 
hello 
hello 
hello 
hello 
hello 
hello 
hello 
hello 
hello 
hello 
hello 
hello 
hello 
hello 
hello 
hello 
hello 
hello 
hello 
hello 
hello 
hello 
hello 
hello 
hello 
hello 
hello 
hello 
hello 
hello 
hello 
hello 
hello 
hello 
hello 
hello 
hello 
hello 
hello 
hello 
hello 
hello 
hello 
hello 
hello 
hello 
hello 
hello 
hello 
hello 
hello 
hello 
hello 
hello 
hello 
hello 
hello 
hello 
hello 
hello 
hello 
hello 
hello 
hello 
hello 
hello 
hello 
hello 
hello 
hello 
hello 
hello 
hello 
hello 
hello 
hello 
hello 
hello 
hello 
hello 
hello 
hello 
hello 
hello 
hello 
hello 
hello 
hello 
hello 
hello 
hello 
hello 
hello 
hello 
hello 
hello 
hello 
hello 
hello 
hello 
hello 
hello 
hello 
hello 
hello 
hello 
hello 
hello 
hello 
hello 
hello 
hello 
hello 
hello 
hello 
hello 
hello 
hello 
hello 
hello 
hello 
hello 
hello 
hello 
hello 
hello 
hello 
hello 
hello 
hello 
hello 
hello 
hello 
hello 
hello 
hello 
hello 
hello 
hello 
hello 
hello 
hello 
hello 
hello 
hello 
hello 
hello 
hello 
hello 
hello 
hello 
hello 
hello 
hello 
hello 
hello 
hello 
hello 
hello 
hello 
hello 
hello 
hello 
hello 
hello 
hello 
hello 
hello 
hello 
hello 
hello 
hello 
hello 
hello 
hello 
hello 
hello 
hello 
hello 
hello 
hello 
hello 
hello 
hello 
hello 
hello 
hello 
hello 
hello 
hello 
hello 
hello 
hello 
hello 
hello 
hello 
hello 
hello 
hello 
hello 
hello 
hello 
hello 
hello 
hello 
hello 
hello 
hello 
hello 
hello 
hello 
hello 
hello 
hello 
hello 
hello 
hello 
hello 
hello 
hello 
hello 
hello 
hello 
hello 
hello 
hello 
hello 
hello 
hello 
hello 
hello 
hello 
hello 
hello 
hello 
hello 
hello 
hello 
hello 
hello 
hello 
hello 
hello 
hello 
hello 
hello 
hello 
hello 
hello 
hello 
hello 
hello 
hello 
hello 
hello 
hello 
hello 
hello 
hello 
hello 
hello 
hello 
hello 
hello 
hello 
hello 
hello 
hello 
hello 
hello 
hello 
hello 
hello 
hello 
hello 
hello 
hello 
hello 
hello 
hello 
hello 
hello 
hello 
hello 
hello 
hello 
hello 
hello 
hello 
hello 
hello 
hello 
hello 
hello 
hello 
hello 
hello 
hello 
hello 
hello 
hello 
hello 
hello 
hello 
hello 
hello 
hello 
hello 
hello 
hello 
hello 
hello 
hello 
hello 
hello 
hello 
hello 
hello 
hello 
hello 
hello 
hello 
hello 
hello 
hello 
hello 
hello 
hello 
hello 
hello 
hello 
hello 
hello 
hello 
hello 
hello 
hello 
hello 
hello 
hello 
hello 
hello 
hello 
hello 
hello 
hello 
hello 
hello 
hello 
hello 
hello 
hello 
hello 
hello 
hello 
hello 
hello 
hello 
hello 
hello 
hello 
hello 
hello 
hello 
hello 
hello 
hello 
hello 
hello 
hello 
hello 
hello 
hello 
hello 
hello 
hello 
hello 
hello 
hello 
hello 
hello 
hello 
hello 
hello 
hello 
hello 
hello 
hello 
hello 
hello 
hello 
hello 
hello 
hello 
hello 
hello 
hello 
hello 
hello 
hello 
hello 
hello 
hello 
hello 
hello 
hello 
hello 
hello 
hello 
hello 
hello 
hello 
hello 
hello 
hello 
hello 
hello 
hello 
hello 
hello 
hello 
hello 
hello 
hello 
hello 
hello 
hello 
hello 
hello 
hello 
hello 
hello 
hello 
hello 
hello 
hello 
hello 
hello 
hello 
hello 
hello 
hello 
hello 
hello 
hello 
hello 
hello 
hello 
hello 
hello 
hello 
hello 
hello 
hello 
hello 
hello 
hello 
hello 
hello 
hello 
hello 
hello 
hello 
hello 
hello 
hello 
hello 
hello 
hello 
hello 
hello 
hello 
hello 
hello 
hello 
hello 
hello 
hello 
hello 
hello 
hello 
hello 
hello 
hello 
hello 
hello 
hello 
hello 
hello 
hello 
hello 
hello 
hello 
hello 
hello 
hello 
hello 
hello 
hello 
hello 
hello 
hello 
hello 
hello 
hello 
hello 
hello 
hello 
hello 
hello 
hello 
hello 
hello 
hello 
hello 
hello 
hello 
hello 
hello 
hello 
hello 
hello 
hello 
hello 
hello 
hello 
hello 
hello 
hello 
hello 
hello 
hello 
hello 
hello 
hello 
hello 
hello 
hello 
hello 
hello 
hello 
hello 
hello 
hello 
hello 
hello 
hello 
hello 
hello 
hello 
hello 
hello 
hello 
hello 
hello 
hello 
hello 
hello 
hello 
hello 
hello 
hello 
hello 
hello 
hello 
hello 
hello 
hello 
hello 
hello 
hello 
hello 
hello 
hello 
hello 
hello 
hello 
hello 
hello 
hello 
hello 
hello 
hello 
hello 
hello 
hello 
hello 
hello 
hello 
hello 
hello 
hello 
hello 
hello 
hello 
hello 
hello 
hello 
hello 
hello 
hello 
hello 
hello 
hello 
hello 
hello 
hello 
hello 
hello 
hello 
hello 
hello 
hello 
hello 
hello 
hello 
hello 
hello 
hello 
hello 
hello 
hello 
hello 
hello 
hello 
hello 
hello 
hello 
hello 
hello 
hello 
hello 
hello 
hello 
hello 
hello 
hello 
hello 
hello 
hello 
hello 
hello 
hello 
hello 
hello 
hello 
hello 
hello 
hello 
hello 
hello 
hello 
hello 
hello 
hello 
hello 
hello 
hello 
hello 
hello 
hello 
hello 
hello 
hello 
hello 
hello 
hello 
hello 
hello 
hello 
hello 
hello 
hello 
hello 
hello 
hello 
hello 
hello 
hello 
hello 
hello 
hello 
hello 
hello 
hello 
hello 
hello 
hello 
hello 
hello 
hello 
hello 
hello 
hello 
hello 
hello 
hello 
hello 
hello 
hello 
hello 
hello 
hello 
hello 
hello 
hello 
hello 
hello 
hello 
hello 
hello 
hello 
hello 
hello 
hello 
hello 
hello 
hello 
hello 
hello 
hello 
hello 
hello 
hello 
hello 
hello 
hello 
hello 
hello 
hello 
hello 
hello 
hello 
hello 
hello 
hello 
hello 
hello 
hello 
hello 
hello 
hello 
hello 
hello 
hello 
hello 
hello 
hello 
hello 
hello 
hello 
hello 
hello 
hello 
hello 
hello 
hello 
hello 
hello 
hello 
hello 
hello 
hello 
hello 
hello 
hello 
hello 
hello 
hello 
hello 
hello 
hello 
hello 
hello 
hello 
hello 
hello 
hello 
hello 
hello 
hello 
hello 
hello 
hello 
hello 
hello 
hello 
hello 
hello 
hello 
hello 
hello 
hello 
hello 
hello 
hello 
hello 
hello 
hello 
hello 
hello 
hello 
hello 
hello 
hello 
hello 
hello 
hello 
hello 
hello 
hello 
hello 
hello 
hello 
hello 
hello 
hello 
hello 
hello 
hello 
hello 
hello 
hello 
hello 
hello 
hello 
hello 
hello 
hello 
hello 
hello 
hello 
hello 
hello 
hello 
hello 
hello 
hello 
hello 
hello 
hello 
hello 
hello 
hello 
hello 
hello 
hello 
hello 
hello 
hello 
hello 
hello 
hello 
hello 
hello 
hello 
hello 
hello 
hello 
hello 
hello 
hello 
hello 
hello 
hello 
hello 
hello 
hello 
hello 
hello 
hello 
hello 
hello 
hello 
hello 
hello 
hello 
hello 
hello 
hello 
hello 
hello 
hello 
hello 
hello 
hello 
hello 
hello 
hello 
hello 
hello 
hello 
hello 
hello 
hello 
hello 
hello 
hello 
hello 
hello 
hello 
hello 
hello 
hello 
hello 
hello 
hello 
hello 
hello 
hello 
hello 
hello 
hello 
hello 
hello 
hello 
hello 
hello 
hello 
hello 
hello 
hello 
hello 
hello 
hello 
hello 
hello 
hello 
hello 
hello 
hello 
hello 
hello 
hello 
hello 
hello 
hello 
hello 
hello 
hello 
hello 
hello 
hello 
hello 
hello 
hello 
hello 
hello 
hello 
hello 
hello 
hello 
hello 
hello 
hello 
hello 
hello 
hello 
hello 
hello 
hello 
hello 
hello 
hello 
hello 
hello 
hello 
hello 
hello 
hello 
hello 
hello 
hello 
hello 
hello 
hello 
hello 
hello 
hello 
hello 
hello 
hello 
hello 
hello 
hello 
hello 
hello 
hello 
hello 
hello 
hello 
hello 
hello 
hello 
hello 
hello 
hello 
hello 
hello 
hello 
hello 
hello 
hello 
hello 
hello 
hello 
hello 
hello 
hello 
hello 
hello 
hello 
hello 
hello 
hello 
hello 
hello 
hello 
hello 
hello 
hello 
hello 
hello 
hello 
hello 
hello 
hello 
hello 
hello 
hello 
hello 
hello 
hello 
hello 
hello 
hello 
hello 
hello 
hello 
hello 
hello 
hello 
hello 
hello 
hello 
hello 
hello 
hello 
hello 
hello 
hello 
hello 
hello 
hello 
hello 
hello 
hello 
hello 
hello 
hello 
hello 
hello 
hello 
hello 
hello 
hello 
hello 
hello 
hello 
hello 
hello 
hello 
hello 
hello 
hello 
hello 
hello 
hello 
hello 
hello 
hello 
hello 
hello 
hello 
hello 
hello 
hello 
hello 
hello 
hello 
hello 
hello 
hello 
hello 
hello 
hello 
hello 
hello 
hello 
hello 
hello 
hello 
hello 
hello 
hello 
hello 
hello 
hello 
hello 
hello 
hello 
hello 
hello 
hello 
hello 
hello 
hello 
hello 
hello 
hello 
hello 
hello 
hello 
hello 
hello 
hello 
hello 
hello 
hello 
hello 
hello 
hello 
hello 
hello 
hello 
hello 
hello 
hello 
hello 
hello 
hello 
hello 
hello 
hello 
hello 
hello 
hello 
hello 
hello 
hello 
hello 
hello 
hello 
hello 
hello 
hello 
hello 
hello 
hello 
hello 
hello 
hello 
hello 
hello 
hello 
hello 
hello 
hello 
hello 
hello 
hello 
hello 
hello 
hello 
hello 
hello 
hello 
hello 
hello 
hello 
hello 
hello 
hello 
hello 
hello 
hello 
hello 
hello 
hello 
hello 
hello 
hello 
hello 
hello 
hello 
hello 
hello 
hello 
hello 
hello 
hello 
hello 
hello 
hello 
hello 
hello 
hello 
hello 
hello 
hello 
hello 
hello 
hello 
hello 
hello 
hello 
hello 
hello 
hello 
hello 
hello 
hello 
hello 
hello 
hello 
hello 
hello 
hello 
hello 
hello 
hello 
hello 
hello 
hello 
hello 
hello 
hello 
hello 
hello 
hello 
hello 
hello 
hello 
hello 
hello 
hello 
hello 
hello 
hello 
hello 
hello 
hello 
hello 
hello 
hello 
hello 
hello 
hello 
hello 
hello 
hello 
hello 
hello 
hello 
hello 
hello 
hello 
hello 
hello 
hello 
hello 
hello 
hello 
hello 
hello 
hello 
hello 
hello 
hello 
hello 
hello 
hello 
hello 
hello 
hello 
hello 
hello 
hello 
hello 
hello 
hello 
hello 
hello 
hello 
hello 
hello 
hello 
hello 
hello 
hello 
hello 
hello 
hello 
hello 
hello 
hello 
hello 
hello 
hello 
hello 
hello 
hello 
hello 
hello 
hello 
hello 
hello 
hello 
hello 
hello 
hello 
hello 
hello 
hello 
hello 
hello 
hello 
hello 
hello 
hello 
hello 
hello 
hello 
hello 
hello 
hello 
hello 
hello 
hello 
hello 
hello 
hello 
hello 
hello 
hello 
hello 
hello 
hello 
hello 
hello 
hello 
hello 
hello 
hello 
hello 
hello 
hello 
hello 
hello 
hello 
hello 
hello 
hello 
hello 
hello 
hello 
hello 
hello 
hello 
hello 
hello 
hello 
hello 
hello 
hello 
hello 
hello 
hello 
hello 
hello 
hello 
hello 
hello 
hello 
hello 
hello 
hello 
hello 
hello 
hello 
hello 
hello 
hello 
hello 
hello 
hello 
hello 
hello 
hello 
hello 
hello 
hello 
hello 
hello 
hello 
hello 
hello 
hello 
hello 
hello 
hello 
hello 
hello 
hello 
hello 
hello 
hello 
hello 
hello 
hello 
hello 
hello 
hello 
hello 
hello 
hello 
hello 
hello 
hello 
hello 
hello 
hello 
hello 
hello 
hello 
hello 
hello 
hello 
hello 
hello 
hello 
hello 
hello 
hello 
hello 
hello 
hello 
hello 
hello 
hello 
hello 
hello 
hello 
hello 
hello 
hello 
hello 
hello 
hello 
hello 
hello 
hello 
hello 
hello 
hello 
hello 
hello 
hello 
hello 
hello 
hello 
hello 
hello 
hello 
hello 
hello 
hello 
hello 
hello 
hello 
hello 
hello 
hello 
hello 
hello 
hello 
hello 
hello 
hello 
hello 
hello 
hello 
hello 
hello 
hello 
hello 
hello 
hello 
hello 
hello 
hello 
hello 
hello 
hello 
hello 
hello 
hello 
hello 
hello 
hello 
hello 
hello 
hello 
hello 
hello 
hello 
hello 
hello 
hello 
hello 
hello 
hello 
hello 
hello 
hello 
hello 
hello 
hello 
hello 
hello 
hello 
hello 
hello 
hello 
hello 
hello 
hello 
hello 
hello 
hello 
hello 
hello 
hello 
hello 
hello 
hello 
hello 
hello 
hello 
hello 
hello 
hello 
hello 
hello 
hello 
hello 
hello 
hello 
hello 
hello 
hello 
hello 
hello 
hello 
hello 
hello 
hello 
hello 
hello 
hello 
hello 
hello 
hello 
hello 
hello 
hello 
hello 
hello 
hello 
hello 
hello 
hello 
hello 
hello 
hello 
hello 
hello 
hello 
hello 
hello 
hello 
hello 
hello 
hello 
hello 
hello 
hello 
hello 
hello 
hello 
hello 
hello 
hello 
hello 
hello 
hello 
hello 
hello 
hello 
hello 
hello 
hello 
hello 
hello 
hello 
hello 
hello 
hello 
hello 
hello 
hello 
hello 
hello 
hello 
hello 
hello 
hello 
hello 
hello 
hello 
hello 
hello 
hello 
hello 
hello 
hello 
hello 
hello 
hello 
hello 
hello 
hello 
hello 
hello 
hello 
hello 
hello 
hello 
hello 
hello 
hello 
hello 
hello 
hello 
hello 
hello 
hello 
hello 
hello 
hello 
hello 
hello 
hello 
hello 
hello 
hello 
hello 
hello 
hello 
hello 
hello 
hello 
hello 
hello 
hello 
hello 
hello 
hello 
hello 
hello 
hello 
hello 
hello 
hello 
hello 
hello 
hello 
hello 
hello 
hello 
hello 
hello 
hello 
hello 
hello 
hello 
hello 
hello 
hello 
hello 
hello 
hello 
hello 
hello 
hello 
hello 
hello 
hello 
hello 
hello 
hello 
hello 
hello 
hello 
hello 
hello 
hello 
hello 
hello 
hello 
hello 
hello 
hello 
hello 
hello 
hello 
hello 
hello 
hello 
hello 
hello 
hello 
hello 
hello 
hello 
hello 
hello 
hello 
hello 
hello 
hello 
hello 
hello 
hello 
hello 
hello 
hello 
hello 
hello 
hello 
hello 
hello 
hello 
hello 
hello 
hello 
hello 
hello 
hello 
hello 
hello 
hello 
hello 
hello 
hello 
hello 
hello 
hello 
hello 
hello 
hello 
hello 
hello 
hello 
hello 
hello 
hello 
hello 
hello 
hello 
hello 
hello 
hello 
hello 
hello 
hello 
hello 
hello 
hello 
hello 
hello 
hello 
hello 
hello 
hello 
hello 
hello 
hello 
hello 
hello 
hello 
hello 
hello 
hello 
hello 
hello 
hello 
hello 
hello 
hello 
hello 
hello 
hello 
hello 
hello 
hello 
hello 
hello 
hello 
hello 
hello 
hello 
hello 
hello 
hello 
hello 
hello 
hello 
hello 
hello 
hello 
hello 
hello 
hello 
hello 
hello 
hello 
hello 
hello 
hello 
hello 
hello 
hello 
hello 
hello 
hello 
hello 
hello 
hello 
hello 
hello 
hello 
hello 
hello 
hello 
hello 
hello 
hello 
hello 
hello 
hello 
hello 
hello 
hello 
hello 
hello 
hello 
hello 
hello 
hello 
hello 
hello 
hello 
hello 
hello 
hello 
hello 
hello 
hello 
hello 
hello 
hello 
hello 
hello 
hello 
hello 
hello 
hello 
hello 
hello 
hello 
hello 
hello 
hello 
hello 
hello 
hello 
hello 
hello 
hello 
hello 
hello 
hello 
hello 
hello 
hello 
hello 
hello 
hello 
hello 
hello 
hello 
hello 
hello 
hello 
hello 
hello 
hello 
hello 
hello 
hello 
hello 
hello 
hello 
hello 
hello 
hello 
hello 
hello 
hello 
hello 
hello 
hello 
hello 
hello 
hello 
hello 
hello 
hello 
hello 
hello 
hello 
hello 
hello 
hello 
hello 
hello 
hello 
hello 
hello 
hello 
hello 
hello 
hello 
hello 
hello 
hello 
hello 
hello 
hello 
hello 
hello 
hello 
hello 
hello 
hello 
hello 
hello 
hello 
hello 
hello 
hello 
hello 
hello 
hello 
hello 
hello 
hello 
hello 
hello 
hello 
hello 
hello 
hello 
hello 
hello 
hello 
hello 
hello 
hello 
hello 
hello 
hello 
hello 
hello 
hello 
hello 
hello 
hello 
hello 
hello 
hello 
hello 
hello 
hello 
hello 
hello 
hello 
hello 
hello 
hello 
hello 
hello 
hello 
hello 
hello 
hello 
hello 
hello 
hello 
hello 
hello 
hello 
hello 
hello 
hello 
hello 
hello 
hello 
hello 
hello 
hello 
hello 
hello 
hello 
hello 
hello 
hello 
hello 
hello 
hello 
hello 
hello 
hello 
hello 
hello 
hello 
hello 
hello 
hello 
hello 
hello 
hello 
hello 
hello 
hello 
hello 
hello 
hello 
hello 
hello 
hello 
hello 
hello 
hello 
hello 
hello 
hello 
hello 
hello 
hello 
hello 
hello 
hello 
hello 
hello 
hello 
hello 
hello 
hello 
hello 
hello 
hello 
hello 
hello 
hello 
hello 
hello 
hello 
hello 
hello 
hello 
hello 
hello 
hello 
hello 
hello 
hello 
hello 
hello 
hello 
hello 
hello 
hello 
hello 
hello 
hello 
hello 
hello 
hello 
hello 
hello 
hello 
hello 
hello 
hello 
hello 
hello 
hello 
hello 
hello 
hello 
hello 
hello 
hello 
hello 
hello 
hello 
hello 
hello 
hello 
hello 
hello 
hello 
hello 
hello 
hello 
hello 
hello 
hello 
hello 
hello 
hello 
hello 
hello 
hello 
hello 
hello 
hello 
hello 
hello 
hello 
hello 
hello 
hello 
hello 
hello 
hello 
hello 
hello 
hello 
hello 
hello 
hello 
hello 
hello 
hello 
hello 
hello 
hello 
hello 
hello 
hello 
hello 
hello 
hello 
hello 
hello 
hello 
hello 
hello 
hello 
hello 
hello 
hello 
hello 
hello 
hello 
hello 
hello 
hello 
hello 
hello 
hello 
hello 
hello 
hello 
hello 
hello 
hello 
hello 
hello 
hello 
hello 
hello 
hello 
hello 
hello 
hello 
hello 
hello 
hello 
hello 
hello 
hello 
hello 
hello 
hello 
hello 
hello 
hello 
hello 
hello 
hello 
hello 
hello 
hello 
hello 
hello 
hello 
hello 
hello 
hello 
hello 
hello 
hello 
hello 
hello 
hello 
hello 
hello 
hello 
hello 
hello 
hello 
hello 
hello 
hello 
hello 
hello 
hello 
hello 
hello 
hello 
hello 
hello 
hello 
hello 
hello 
hello 
hello 
hello 
hello 
hello 
hello 
hello 
hello 
hello 
hello 
hello 
hello 
hello 
hello 
hello 
hello 
hello 
hello 
hello 
hello 
hello 
hello 
hello 
hello 
hello 
hello 
hello 
hello 
hello 
hello 
hello 
hello 
hello 
hello 
hello 
hello 
hello 
hello 
hello 
hello 
hello 
hello 
hello 
hello 
hello 
hello 
hello 
hello 
hello 
hello 
hello 
hello 
hello 
hello 
hello 
hello 
hello 
hello 
hello 
hello 
hello 
hello 
hello 
hello 
hello 
hello 
hello 
hello 
hello 
hello 
hello 
hello 
hello 
hello 
hello 
hello 
hello 
hello 
hello 
hello 
hello 
hello 
hello 
hello 
hello 
hello 
hello 
hello 
hello 
hello 
hello 
hello 
hello 
hello 
hello 
hello 
hello 
hello 
hello 
hello 
hello 
hello 
hello 
hello 
hello 
hello 
hello 
hello 
hello 
hello 
hello 
hello 
hello 
hello 
hello 
hello 
hello 
hello 
hello 
hello 
hello 
hello 
hello 
hello 
hello 
hello 
hello 
hello 
hello 
hello 
hello 
hello 
hello 
hello 
hello 
hello 
hello 
hello 
hello 
hello 
hello 
hello 
hello 
hello 
hello 
hello 
hello 
hello 
hello 
hello 
hello 
hello 
hello 
hello 
hello 
hello 
hello 
hello 
hello 
hello 
hello 
hello 
hello 
hello 
hello 
hello 
hello 
hello 
hello 
hello 
hello 
hello 
hello 
hello 
hello 
hello 
hello 
hello 
hello 
hello 
hello 
hello 
hello 
hello 
hello 
hello 
hello 
hello 
hello 
hello 
hello 
hello 
hello 
hello 
hello 
hello 
hello 
hello 
hello 
hello 
hello 
hello 
hello 
hello 
hello 
hello 
hello 
hello 
hello 
hello 
hello 
hello 
hello 
hello 
hello 
hello 
hello 
hello 
hello 
hello 
hello 
hello 
hello 
hello 
hello 
hello 
hello 
hello 
hello 
hello 
hello 
hello 
hello 
hello 
hello 
hello 
hello 
hello 
hello 
hello 
hello 
hello 
hello 
hello 
hello 
hello 
hello 
hello 
hello 
hello 
hello 
hello 
hello 
hello 
hello 
hello 
hello 
hello 
hello 
hello 
hello 
hello 
hello 
hello 
hello 
hello 
hello 
hello 
hello 
hello 
hello 
hello 
hello 
hello 
hello 
hello 
hello 
hello 
hello 
hello 
hello 
hello 
hello 
hello 
hello 
hello 
hello 
hello 
hello 
hello 
hello 
hello 
hello 
hello 
hello 
hello 
hello 
hello 
hello 
hello 
hello 
hello 
hello 
hello 
hello 
hello 
hello 
hello 
hello 
hello 
hello 
hello 
hello 
hello 
hello 
hello 
hello 
hello 
hello 
hello 
hello 
hello 
hello 
hello 
hello 
hello 
hello 
hello 
hello 
hello 
hello 
hello 
hello 
hello 
hello 
hello 
hello 
hello 
hello 
hello 
hello 
hello 
hello 
hello 
hello 
hello 
hello 
hello 
hello 
hello 
hello 
hello 
hello 
hello 
hello 
hello 
hello 
hello 
hello 
hello 
hello 
hello 
hello 
hello 
hello 
hello 
hello 
hello 
hello 
hello 
hello 
hello 
hello 
hello 
hello 
hello 
hello 
hello 
hello 
hello 
hello 
hello 
hello 
hello 
hello 
hello 
hello 
hello 
hello 
hello 
hello 
hello 
hello 
hello 
hello 
hello 
hello 
hello 
hello 
hello 
hello 
hello 
hello 
hello 
hello 
hello 
hello 
hello 
hello 
hello 
hello 
hello 
hello 
hello 
hello 
hello 
hello 
hello 
hello 
hello 
hello 
hello 
hello 
hello 
hello 
hello 
hello 
hello 
hello 
hello 
hello 
hello 
hello 
hello 
hello 
hello 
hello 
hello 
hello 
hello 
hello 
hello 
hello 
hello 
hello 
hello 
hello 
hello 
hello 
hello 
hello 
hello 
hello 
hello 
hello 
hello 
hello 
hello 
hello 
hello 
hello 
hello 
hello 
hello 
hello 
hello 
hello 
hello 
hello 
hello 
hello 
hello 
hello 
hello 
hello 
hello 
hello 
hello 
hello 
hello 
hello 
hello 
hello 
hello 
hello 
hello 
hello 
hello 
hello 
hello 
hello 
hello 
hello 
hello 
hello 
hello 
hello 
hello 
hello 
hello 
hello 
hello 
hello 
hello 
hello 
hello 
hello 
hello 
hello 
hello 
hello 
hello 
hello 
hello 
hello 
hello 
hello 
hello 
hello 
hello 
hello 
hello 
hello 
hello 
hello 
hello 
hello 
hello 
hello 
hello 
hello 
hello 
hello 
hello 
hello 
hello 
hello 
hello 
hello 
hello 
hello 
hello 
hello 
hello 
hello 
hello 
hello 
hello 
hello 
hello 
hello 
hello 
hello 
hello 
hello 
hello 
hello 
hello 
hello 
hello 
hello 
hello 
hello 
hello 
hello 
hello 
hello 
hello 
hello 
hello 
hello 
hello 
hello 
hello 
hello 
hello 
hello 
hello 
hello 
hello 
hello 
hello 
hello 
hello 
hello 
hello 
hello 
hello 
hello 
hello 
hello 
hello 
hello 
hello 
hello 
hello 
hello 
hello 
hello 
hello 
hello 
hello 
hello 
hello 
hello 
hello 
hello 
hello 
hello 
hello 
hello 
hello 
hello 
hello 
hello 
hello 
hello 
hello 
hello 
hello 
hello 
hello 
hello 
hello 
hello 
hello 
hello 
hello 
hello 
hello 
hello 
hello 
hello 
hello 
hello 
hello 
hello 
hello 
hello 
hello 
hello 
hello 
hello 
hello 
hello 
hello 
hello 
hello 
hello 
hello 
hello 
hello 
hello 
hello 
hello 
hello 
hello 
hello 
hello 
hello 
hello 
hello 
hello 
hello 
hello 
hello 
hello 
hello 
hello 
hello 
hello 
hello 
hello 
hello 
hello 
hello 
hello 
hello 
hello 
hello 
hello 
hello 
hello 
hello 
hello 
hello 
hello 
hello 
hello 
hello 
hello 
hello 
hello 
hello 
hello 
hello 
hello 
hello 
hello 
hello 
hello 
hello 
hello 
hello 
hello 
hello 
hello 
hello 
hello 
hello 
hello 
hello 
hello 
hello 
hello 
hello 
hello 
hello 
hello 
hello 
hello 
hello 
hello 
hello 
hello 
hello 
hello 
hello 
hello 
hello 
hello 
hello 
hello 
hello 
hello 
hello 
hello 
hello 
hello 
hello 
hello 
hello 
hello 
hello 
hello 
hello 
hello 
hello 
hello 
hello 
hello 
hello 
hello 
hello 
hello 
hello 
hello 
hello 
hello 
hello 
hello 
hello 
hello 
hello 
hello 
hello 
hello 
hello 
hello 
hello 
hello 
hello 
hello 
hello 
hello 
hello 
hello 
hello 
hello 
hello 
hello 
hello 
hello 
hello 
hello 
hello 
hello 
hello 
hello 
hello 
hello 
hello 
hello 
hello 
hello 
hello 
hello 
hello 
hello 
hello 
hello 
hello 
hello 
hello 
hello 
hello 
hello 
hello 
hello 
hello 
hello 
hello 
hello 
hello 
hello 
hello 
hello 
hello 
hello 
hello 
hello 
hello 
hello 
hello 
hello 
hello 
hello 
hello 
hello 
hello 
hello 
hello 
hello 
hello 
hello 
hello 
hello 
hello 
hello 
hello 
hello 
hello 
hello 
hello 
hello 
hello 
hello 
hello 
hello 
hello 
hello 
hello 
hello 
hello 
hello 
hello 
hello 
hello 
hello 
hello 
hello 
hello 
hello 
hello 
hello 
hello 
hello 
hello 
hello 
hello 
hello 
hello 
hello 
hello 
hello 
hello 
hello 
hello 
hello 
hello 
hello 
hello 
hello 
hello 
hello 
hello 
hello 
hello 
hello 
hello 
hello 
hello 
hello 
hello 
hello 
hello 
hello 
hello 
hello 
hello 
hello 
hello 
hello 
hello 
hello 
hello 
hello 
hello 
hello 
hello 
hello 
hello 
hello 
hello 
hello 
hello 
hello 
hello 
hello 
hello 
hello 
hello 
hello 
hello 
hello 
hello 
hello 
hello 
hello 
hello 
hello 
hello 
hello 
hello 
hello 
hello 
hello 
hello 
hello 
hello 
hello 
hello 
hello 
hello 
hello 
hello 
hello 
hello 
hello 
hello 
hello 
hello 
hello 
hello 
hello 
hello 
hello 
hello 
hello 
hello 
hello 
hello 
hello 
hello 
hello 
hello 
hello 
hello 
hello 
hello 
hello 
hello 
hello 
hello 
hello 
hello 
hello 
hello 
hello 
hello 
hello 
hello 
hello 
hello 
hello 
hello 
hello 
hello 
hello 
hello 
hello 
hello 
hello 
hello 
hello 
hello 
hello 
hello 
hello 
hello 
hello 
hello 
hello 
hello 
hello 
hello 
hello 
hello 
hello 
hello 
hello 
hello 
hello 
hello 
hello 
hello 
hello 
hello 
hello 
hello 
hello 
hello 
hello 
hello 
hello 
hello 
hello 
hello 
hello 
hello 
hello 
hello 
hello 
hello 
hello 
hello 
hello 
hello 
hello 
hello 
hello 
hello 
hello 
hello 
hello 
hello 
hello 
hello 
hello 
hello 
hello 
hello 
hello 
hello 
hello 
hello 
hello 
hello 
hello 
hello 
hello 
hello 
hello 
hello 
hello 
hello 
hello 
hello 
hello 
hello 
hello 
hello 
hello 
hello 
hello 
hello 
hello 
hello 
hello 
hello 
hello 
hello 
hello 
hello 
hello 
hello 
hello 
hello 
hello 
hello 
hello 
hello 
hello 
hello 
hello 
hello 
hello 
hello 
hello 
hello 
hello 
hello 
hello 
hello 
hello 
hello 
hello 
hello 
hello 
hello 
hello 
hello 
hello 
hello 
hello 
hello 
hello 
hello 
hello 
hello 
hello 
hello 
hello 
hello 
hello 
hello 
hello 
hello 
hello 
hello 
hello 
hello 
hello 
hello 
hello 
hello 
hello 
hello 
hello 
hello 
hello 
hello 
hello 
hello 
hello 
hello 
hello 
hello 
hello 
hello 
hello 
hello 
hello 
hello 
hello 
hello 
hello 
hello 
hello 
hello 
hello 
hello 
hello 
hello 
hello 
hello 
hello 
hello 
hello 
hello 
hello 
hello 
hello 
hello 
hello 
hello 
hello 
hello 
hello 
hello 
hello 
hello 
hello 
hello 
hello 
hello 
hello 
hello 
hello 
hello 
hello 
hello 
hello 
hello 
hello 
hello 
hello 
hello 
hello 
hello 
hello 
hello 
hello 
hello 
hello 
hello 
hello 
hello 
hello 
hello 
hello 
hello 
hello 
hello 
hello 
hello 
hello 
hello 
hello 
hello 
hello 
hello 
hello 
hello 
hello 
hello 
hello 
hello 
hello 
hello 
hello 
hello 
hello 
hello 
hello 
hello 
hello 
hello 
hello 
hello 
hello 
hello 
hello 
hello 
hello 
hello 
hello 
hello 
hello 
hello 
hello 
hello 
hello 
hello 
hello 
hello 
hello 
hello 
hello 
hello 
hello 
hello 
hello 
hello 
hello 
hello 
hello 
hello 
hello 
hello 
hello 
hello 
hello 
hello 
hello 
hello 
hello 
hello 
hello 
hello 
hello 
hello 
hello 
hello 
hello 
hello 
hello 
hello 
hello 
hello 
hello 
hello 
hello 
hello 
hello 
hello 
hello 
hello 
hello 
hello 
hello 
hello 
hello 
hello 
hello 
hello 
hello 
hello 
hello 
hello 
hello 
hello 
hello 
hello 
hello 
hello 
hello 
hello 
hello 
hello 
hello 
hello 
hello 
hello 
hello 
hello 
hello 
hello 
hello 
hello 
hello 
hello 
hello 
hello 
hello 
hello 
hello 
hello 
hello 
hello 
hello 
hello 
hello 
hello 
hello 
hello 
hello 
hello 
hello 
hello 
hello 
hello 
hello 
hello 
hello 
hello 
hello 
hello 
hello 
hello 
hello 
hello 
hello 
hello 
hello 
hello 
hello 
hello 
hello 
hello 
hello 
hello 
hello 
hello 
hello 
hello 
hello 
hello 
hello 
hello 
hello 
hello 
hello 
hello 
hello 
hello 
hello 
hello 
hello 
hello 
hello 
hello 
hello 
hello 
hello 
hello 
hello 
hello 
hello 
hello 
hello 
hello 
hello 
hello 
hello 
hello 
hello 
hello 
hello 
hello 
hello 
hello 
hello 
hello 
hello 
hello 
hello 
hello 
hello 
hello 
hello 
hello 
hello 
hello 
hello 
hello 
hello 
hello 
hello 
hello 
hello 
hello 
hello 
hello 
hello 
hello 
hello 
hello 
hello 
hello 
hello 
hello 
hello 
hello 
hello 
hello 
hello 
hello 
hello 
hello 
hello 
hello 
hello 
hello 
hello 
hello 
hello 
hello 
hello 
hello 
hello 
hello 
hello 
hello 
hello 
hello 
hello 
hello 
hello 
hello 
hello 
hello 
hello 
hello 
hello 
hello 
hello 
hello 
hello 
hello 
hello 
hello 
hello 
hello 
hello 
hello 
hello 
hello 
hello 
hello 
hello 
hello 
hello 
hello 
hello 
hello 
hello 
hello 
hello 
hello 
hello 
hello 
hello 
hello 
hello 
hello 
hello 
hello 
hello 
hello 
hello 
hello 
hello 
hello 
hello 
hello 
hello 
hello 
hello 
hello 
hello 
hello 
hello 
hello 
hello 
hello 
hello 
hello 
hello 
hello 
hello 
hello 
hello 
hello 
hello 
hello 
hello 
hello 
hello 
hello 
hello 
hello 
hello 
hello 
hello 
hello 
hello 
hello 
hello 
hello 
hello 
hello 
hello 
hello 
hello 
hello 
hello 
hello 
hello 
hello 
hello 
hello 
hello 
hello 
hello 
hello 
hello 
hello 
hello 
hello 
hello 
hello 
hello 
hello 
hello 
hello 
hello 
hello 
hello 
hello 
hello 
hello 
hello 
hello 
hello 
hello 
hello 
hello 
hello 
hello 
hello 
hello 
hello 
hello 
hello 
hello 
hello 
hello 
hello 
hello 
hello 
hello 
hello 
hello 
hello 
hello 
hello 
hello 
hello 
hello 
hello 
hello 
hello 
hello 
hello 
hello 
hello 
hello 
hello 
hello 
hello 
hello 
hello 
hello 
hello 
hello 
hello 
hello 
hello 
hello 
hello 
hello 
hello 
hello 
hello 
hello 
hello 
hello 
hello 
hello 
hello 
hello 
hello 
hello 
hello 
hello 
hello 
hello 
hello 
hello 
hello 
hello 
hello 
hello 
hello 
hello 
hello 
hello 
hello 
hello 
hello 
hello 
hello 
hello 
hello 
hello 
hello 
hello 
hello 
hello 
hello 
hello 
hello 
hello 
hello 
hello 
hello 
hello 
hello 
hello 
hello 
hello 
hello 
hello 
hello 
hello 
hello 
hello 
hello 
hello 
hello 
hello 
hello 
hello 
hello 
hello 
hello 
hello 
hello 
hello 
hello 
hello 
hello 
hello 
hello 
hello 
hello 
hello 
hello 
hello 
hello 
hello 
hello 
hello 
hello 
hello 
hello 
hello 
hello 
hello 
hello 
hello 
hello 
hello 
hello 
hello 
hello 
hello 
hello 
hello 
hello 
hello 
hello 
hello 
hello 
hello 
hello 
hello 
hello 
hello 
hello 
hello 
hello 
hello 
hello 
hello 
hello 
hello 
hello 
hello 
hello 
hello 
hello 
hello 
hello 
hello 
hello 
hello 
hello 
hello 
hello 
hello 
hello 
hello 
hello 
hello 
hello 
hello 
hello 
hello 
hello 
hello 
hello 
hello 
hello 
hello 
hello 
hello 
hello 
hello 
hello 
hello 
hello 
hello 
hello 
hello 
hello 
hello 
hello 
hello 
hello 
hello 
hello 
hello 
hello 
hello 
hello 
hello 
hello 
hello 
hello 
hello 
hello 
hello 
hello 
hello 
hello 
hello 
hello 
hello 
hello 
hello 
hello 
hello 
hello 
hello 
hello 
hello 
hello 
hello 
hello 
hello 
hello 
hello 
hello 
hello 
hello 
hello 
hello 
hello 
hello 
hello 
hello 
hello 
hello 
hello 
hello 
hello 
hello 
hello 
hello 
hello 
hello 
hello 
hello 
hello 
hello 
hello 
hello 
hello 
hello 
hello 
hello 
hello 
hello 
hello 
hello 
hello 
hello 
hello 
hello 
hello 
hello 
hello 
hello 
hello 
hello 
hello 
hello 
hello 
hello 
hello 
hello 
hello 
hello 
hello 
hello 
hello 
hello 
hello 
hello 
hello 
hello 
hello 
hello 
hello 
hello 
hello 
hello 
hello 
hello 
hello 
hello 
hello 
hello 
hello 
hello 
hello 
hello 
hello 
hello 
hello 
hello 
hello 
hello 
hello 
hello 
hello 
hello 
hello 
hello 
hello 
hello 
hello 
hello 
hello 
hello 
hello 
hello 
hello 
hello 
hello 
hello 
hello 
hello 
hello 
hello 
hello 
hello 
hello 
hello 
hello 
hello 
hello 
hello 
hello 
hello 
hello 
hello 
hello 
hello 
hello 
hello 
hello 
hello 
hello 
hello 
hello 
hello 
hello 
hello 
hello 
hello 
hello 
hello 
hello 
hello 
hello 
hello 
hello 
hello 
hello 
hello 
hello 
hello 
hello 
hello 
hello 
hello 
hello 
hello 
hello 
hello 
hello 
hello 
hello 
hello 
hello 
hello 
hello 
hello 
hello 
hello 
hello 
hello 
hello 
hello 
hello 
hello 
hello 
hello 
hello 
hello 
hello 
hello 
hello 
hello 
hello 
hello 
hello 
hello 
hello 
hello 
hello 
hello 
hello 
hello 
hello 
hello 
hello 
hello 
hello 
hello 
hello 
hello 
hello 
hello 
hello 
hello 
hello 
hello 
hello 
hello 
hello 
hello 
hello 
hello 
hello 
hello 
hello 
hello 
hello 
hello 
hello 
hello 
hello 
hello 
hello 
hello 
hello 
hello 
hello 
hello 
hello 
hello 
hello 
hello 
hello 
hello 
hello 
hello 
hello 
hello 
hello 
hello 
hello 
hello 
hello 
hello 
hello 
hello 
hello 
hello 
hello 
hello 
hello 
hello 
hello 
hello 
hello 
hello 
hello 
hello 
hello 
hello 
hello 
hello 
hello 
hello 
hello 
hello 
hello 
hello 
hello 
hello 
hello 
hello 
hello 
hello 
hello 
hello 
hello 
hello 
hello 
hello 
hello 
hello 
hello 
hello 
hello 
hello 
hello 
hello 
hello 
hello 
hello 
hello 
hello 
hello 
hello 
hello 
hello 
hello 
hello 
hello 
hello 
hello 
hello 
hello 
hello 
hello 
hello 
hello 
hello 
hello 
hello 
hello 
hello 
hello 
hello 
hello 
hello 
hello 
hello 
hello 
hello 
hello 
hello 
hello 
hello 
hello 
hello 
hello 
hello 
hello 
hello 
hello 
hello 
hello 
hello 
hello 
hello 
hello 
hello 
hello 
hello 
hello 
hello 
hello 
hello 
hello 
hello 
hello 
hello 
hello 
hello 
hello 
hello 
hello 
hello 
hello 
hello 
hello 
hello 
hello 
hello 
hello 
hello 
hello 
hello 
hello 
hello 
hello 
hello 
hello 
hello 
hello 
hello 
hello 
hello 
hello 
hello 
hello 
hello 
hello 
hello 
hello 
hello 
hello 
hello 
hello 
hello 
hello 
hello 
hello 
hello 
hello 
hello 
hello 
hello 
hello 
hello 
hello 
hello 
hello 
hello 
hello 
hello 
hello 
hello 
hello 
hello 
hello 
hello 
hello 
hello 
hello 
hello 
hello 
hello 
hello 
hello 
hello 
hello 
hello 
hello 
hello 
hello 
hello 
hello 
hello 
hello 
hello 
hello 
hello 
hello 
hello 
hello 
hello 
hello 
hello 
hello 
hello 
hello 
hello 
hello 
hello 
hello 
hello 
hello 
hello 
hello 
hello 
hello 
hello 
hello 
hello 
hello 
hello 
hello 
hello 
hello 
hello 
hello 
hello 
hello 
hello 
hello 
hello 
hello 
hello 
hello 
hello 
hello 
hello 
hello 
hello 
hello 
hello 
hello 
hello 
hello 
hello 
hello 
hello 
hello 
hello 
hello 
hello 
hello 
hello 
hello 
hello 
hello 
hello 
hello 
hello 
hello 
hello 
hello 
hello 
hello 
hello 
hello 
hello 
hello 
hello 
hello 
hello 
hello 
hello 
hello 
hello 
hello 
hello 
hello 
hello 
hello 
hello 
hello 
hello 
hello 
hello 
hello 
hello 
hello 
hello 
hello 
hello 
hello 
hello 
hello 
hello 
hello 
hello 
hello 
hello 
hello 
hello 
hello 
hello 
hello 
hello 
hello 
hello 
hello 
hello 
hello 
hello 
hello 
hello 
hello 
hello 
hello 
hello 
hello 
hello 
hello 
hello 
hello 
hello 
hello 
hello 
hello 
hello 
hello 
hello 
hello 
hello 
hello 
hello 
hello 
hello 
hello 
hello 
hello 
hello 
hello 
hello 
hello 
hello 
hello 
hello 
hello 
hello 
hello 
hello 
hello 
hello 
hello 
hello 
hello 
hello 
hello 
hello 
hello 
hello 
hello 
hello 
hello 
hello 
hello 
hello 
hello 
hello 
hello 
hello 
hello 
hello 
hello 
hello 
hello 
hello 
hello 
hello 
hello 
hello 
hello 
hello 
hello 
hello 
hello 
hello 
hello 
hello 
hello 
hello 
hello 
hello 
hello 
hello 
hello 
hello 
hello 
hello 
hello 
hello 
hello 
hello 
hello 
hello 
hello 
hello 
hello 
hello 
hello 
hello 
hello 
hello 
hello 
hello 
hello 
hello 
hello 
hello 
hello 
hello 
hello 
hello 
hello 
hello 
hello 
hello 
hello 
hello 
hello 
hello 
hello 
hello 
hello 
hello 
hello 
hello 
hello 
hello 
hello 
hello 
hello 
hello 
hello 
hello 
hello 
hello 
hello 
hello 
hello 
hello 
hello 
hello 
hello 
hello 
hello 
hello 
hello 
hello 
hello 
hello 
hello 
hello 
hello 
hello 
hello 
hello 
hello 
hello 
hello 
hello 
hello 
hello 
hello 
hello 
hello 
hello 
hello 
hello 
hello 
hello 
hello 
hello 
hello 
hello 
hello 
hello 
hello 
hello 
hello 
hello 
hello 
hello 
hello 
hello 
hello 
hello 
hello 
hello 
hello 
hello 
hello 
hello 
hello 
hello 
hello 
hello 
hello 
hello 
hello 
hello 
hello 
hello 
hello 
hello 
hello 
hello 
hello 
hello 
hello 
hello 
hello 
hello 
hello 
hello 
hello 
hello 
hello 
hello 
hello 
hello 
hello 
hello 
hello 
hello 
hello 
hello 
hello 
hello 
hello 
hello 
hello 
hello 
hello 
hello 
hello 
hello 
hello 
hello 
hello 
hello 
hello 
hello 
hello 
hello 
hello 
hello 
hello 
hello 
hello 
hello 
hello 
hello 
hello 
hello 
hello 
hello 
hello 
hello 
hello 
hello 
hello 
hello 
hello 
hello 
hello 
hello 
hello 
hello 
hello 
hello 
hello 
hello 
hello 
hello 
hello 
hello 
hello 
hello 
hello 
hello 
hello 
hello 
hello 
hello 
hello 
hello 
hello 
hello 
hello 
hello 
hello 
hello 
hello 
hello 
hello 
hello 
hello 
hello 
hello 
hello 
hello 
hello 
hello 
hello 
hello 
hello 
hello 
hello 
hello 
hello 
hello 
hello 
hello 
hello 
hello 
hello 
hello 
hello 
hello 
hello 
hello 
hello 
hello 
hello 
hello 
hello 
hello 
hello 
hello 
hello 
hello 
hello 
hello 
hello 
hello 
hello 
hello 
hello 
hello 
hello 
hello 
hello 
hello 
hello 
hello 
hello 
hello 
hello 
hello 
hello 
hello 
hello 
hello 
hello 
hello 
hello 
hello 
hello 
hello 
hello 
hello 
hello 
hello 
hello 
hello 
hello 
hello 
hello 
hello 
hello 
hello 
hello 
hello 
hello 
hello 
hello 
hello 
hello 
hello 
hello 
hello 
hello 
hello 
hello 
hello 
hello 
hello 
hello 
hello 
hello 
hello 
hello 
hello 
hello 
hello 
hello 
hello 
hello 
hello 
hello 
hello 
hello 
hello 
hello 
hello 
hello 
hello 
hello 
hello 
hello 
hello 
hello 
hello 
hello 
hello 
hello 
hello 
hello 
hello 
hello 
hello 
hello 
hello 
hello 
hello 
hello 
hello 
hello 
hello 
hello 
hello 
hello 
hello 
hello 
hello 
hello 
hello 
hello 
hello 
hello 
hello 
hello 
hello 
hello 
hello 
hello 
hello 
hello 
hello 
hello 
hello 
hello 
hello 
hello 
hello 
hello 
hello 
hello 
hello 
hello 
hello 
hello 
hello 
hello 
hello 
hello 
hello 
hello 
hello 
hello 
hello 
hello 
hello 
hello 
hello 
hello 
hello 
hello 
hello 
hello 
hello 
hello 
hello 
hello 
hello 
hello 
hello 
hello 
hello 
hello 
hello 
hello 
hello 
hello 
hello 
hello 
hello 
hello 
hello 
hello 
hello 
hello 
hello 
hello 
hello 
hello 
hello 
hello 
hello 
hello 
hello 
hello 
hello 
hello 
hello 
hello 
hello 
hello 
hello 
hello 
hello 
hello 
hello 
hello 
hello 
hello 
hello 
hello 
hello 
hello 
hello 
hello 
hello 
hello 
hello 
hello 
hello 
hello 
hello 
hello 
hello 
hello 
hello 
hello 
hello 
hello 
hello 
hello 
hello 
hello 
hello 
hello 
hello 
hello 
hello 
hello 
hello 
hello 
hello 
hello 
hello 
hello 
hello 
hello 
hello 
hello 
hello 
hello 
hello 
hello 
hello 
hello 
hello 
hello 
hello 
hello 
hello 
hello 
hello 
hello 
hello 
hello 
hello 
hello 
hello 
hello 
hello 
hello 
hello 
hello 
hello 
hello 
hello 
hello 
hello 
hello 
hello 
hello 
hello 
hello 
hello 
hello 
hello 
hello 
hello 
hello 
hello 
hello 
hello 
hello 
hello 
hello 
hello 
hello 
hello 
hello 
hello 
hello 
hello 
hello 
hello 
hello 
hello 
hello 
hello 
hello 
hello 
hello 
hello 
hello 
hello 
hello 
hello 
hello 
hello 
hello 
hello 
hello 
hello 
hello 
hello 
hello 
hello 
hello 
hello 
hello 
hello 
hello 
hello 
hello 
hello 
hello 
hello 
hello 
hello 
hello 
hello 
hello 
hello 
hello 
hello 
hello 
hello 
hello 
hello 
hello 
hello 
hello 
hello 
hello 
hello 
hello 
hello 
hello 
hello 
hello 
hello 
hello 
hello 
hello 
hello 
hello 
hello 
hello 
hello 
hello 
hello 
hello 
hello 
hello 
hello 
hello 
hello 
hello 
hello 
hello 
hello 
hello 
hello 
hello 
hello 
hello 
hello 
hello 
hello 
hello 
hello 
hello 
hello 
hello 
hello 
hello 
hello 
hello 
hello 
hello 
hello 
hello 
hello 
hello 
hello 
hello 
hello 
hello 
hello 
hello 
hello 
hello 
hello 
hello 
hello 
hello 
hello 
hello 
hello 
hello 
hello 
hello 
hello 
hello 
hello 
hello 
hello 
hello 
hello 
hello 
hello 
hello 
hello 
hello 
hello 
hello 
hello 
hello 
hello 
hello 
hello 
hello 
hello 
hello 
hello 
hello 
hello 
hello 
hello 
hello 
hello 
hello 
hello 
hello 
hello 
hello 
hello 
hello 
hello 
hello 
hello 
hello 
hello 
hello 
hello 
hello 
hello 
hello 
hello 
hello 
hello 
hello 
hello 
hello 
hello 
hello 
hello 
hello 
hello 
hello 
hello 
hello 
hello 
hello 
hello 
hello 
hello 
hello 
hello 
hello 
hello 
hello 
hello 
hello 
hello 
hello 
hello 
hello 
hello 
hello 
hello 
hello 
hello 
hello 
hello 
hello 
hello 
hello 
hello 
hello 
hello 
hello 
hello 
hello 
hello 
hello 
hello 
hello 
hello 
hello 
hello 
hello 
hello 
hello 
hello 
hello 
hello 
hello 
hello 
hello 
hello 
hello 
hello 
hello 
hello 
hello 
hello 
hello 
hello 
hello 
hello 
hello 
hello 
hello 
hello 
hello 
hello 
hello 
hello 
hello 
hello 
hello 
hello 
hello 
hello 
hello 
hello 
hello 
hello 
hello 
hello 
hello 
hello 
hello 
hello 
hello 
hello 
hello 
hello 
hello 
hello 
hello 
hello 
hello 
hello 
hello 
hello 
hello 
hello 
hello 
hello 
hello 
hello 
hello 
hello 
hello 
hello 
hello 
hello 
hello 
hello 
hello 
hello 
hello 
hello 
hello 
hello 
hello 
hello 
hello 
hello 
hello 
hello 
hello 
hello 
hello 
hello 
hello 
hello 
hello 
hello 
hello 
hello 
hello 
hello 
hello 
hello 
hello 
hello 
hello 
hello 
hello 
hello 
hello 
hello 
hello 
hello 
hello 
hello 
hello 
hello 
hello 
hello 
hello 
hello 
hello 
hello 
hello 
hello 
hello 
hello 
hello 
hello 
hello 
hello 
hello 
hello 
hello 
hello 
hello 
hello 
hello 
hello 
hello 
hello 
hello 
hello 
hello 
hello 
hello 
hello 
hello 
hello 
hello 
hello 
hello 
hello 
hello 
hello 
hello 
hello 
hello 
hello 
hello 
hello 
hello 
hello 
hello 
hello 
hello 
hello 
hello 
hello 
hello 
hello 
hello 
hello 
hello 
hello 
hello 
hello 
hello 
hello 
hello 
hello 
hello 
hello 
hello 
hello 
hello 
hello 
hello 
hello 
hello 
hello 
hello 
hello 
hello 
hello 
hello 
hello 
hello 
hello 
hello 
hello 
hello 
hello 
hello 
hello 
hello 
hello 
hello 
hello 
hello 
hello 
hello 
hello 
hello 
hello 
hello 
hello 
hello 
hello 
hello 
hello 
hello 
hello 
hello 
hello 
hello 
hello 
hello 
hello 
hello 
hello 
hello 
hello 
hello 
hello 
hello 
hello 
hello 
hello 
hello 
hello 
hello 
hello 
hello 
hello 
hello 
hello 
hello 
hello 
hello 
hello 
hello 
hello 
hello 
hello 
hello 
hello 
hello 
hello 
hello 
hello 
hello 
hello 
hello 
hello 
hello 
hello 
hello 
hello 
hello 
hello 
hello 
hello 
hello 
hello 
hello 
hello 
hello 
hello 
hello 
hello 
hello 
hello 
hello 
hello 
hello 
hello 
hello 
hello 
hello 
hello 
hello 
hello 
hello 
hello 
hello 
hello 
hello 
hello 
hello 
hello 
hello 
hello 
hello 
hello 
hello 
hello 
hello 
hello 
hello 
hello 
hello 
hello 
hello 
hello 
hello 
hello 
hello 
hello 
hello 
hello 
hello 
hello 
hello 
hello 
hello 
hello 
hello 
hello 
hello 
hello 
hello 
hello 
hello 
hello 
hello 
hello 
hello 
hello 
hello 
hello 
hello 
hello 
hello 
hello 
hello 
hello 
hello 
hello 
hello 
hello 
hello 
hello 
hello 
hello 
hello 
hello 
hello 
hello 
hello 
hello 
hello 
hello 
hello 
hello 
hello 
hello 
hello 
hello 
hello 
hello 
hello 
hello 
hello 
hello 
hello 
hello 
hello 
hello 
hello 
hello 
hello 
hello 
hello 
hello 
hello 
hello 
hello 
hello 
hello 
hello 
hello 
hello 
hello 
hello 
hello 
hello 
hello 
hello 
hello 
hello 
hello 
hello 
hello 
hello 
hello 
hello 
hello 
hello 
hello 
hello 
hello 
hello 
hello 
hello 
hello 
hello 
hello 
hello 
hello 
hello 
hello 
hello 
hello 
hello 
hello 
hello 
hello 
hello 
hello 
hello 
hello 
hello 
hello 
hello 
hello 
hello 
hello 
hello 
hello 
hello 
hello 
hello 
hello 
hello 
hello 
hello 
hello 
hello 
hello 
hello 
hello 
hello 
hello 
hello 
hello 
hello 
hello 
hello 
hello 
hello 
hello 
hello 
hello 
hello 
hello 
hello 
hello 
hello 
hello 
hello 
hello 
hello 
hello 
hello 
hello 
hello 
hello 
hello 
hello 
hello 
hello 
hello 
hello 
hello 
hello 
hello 
hello 
hello 
hello 
hello 
hello 
hello 
hello 
hello 
hello 
hello 
hello 
hello 
hello 
hello 
hello 
hello 
hello 
hello 
hello 
hello 
hello 
hello 
hello 
hello 
hello 
hello 
hello 
hello 
hello 
hello 
hello 
hello 
hello 
hello 
hello 
hello 
hello 
hello 
hello 
hello 
hello 
hello 
hello 
hello 
hello 
hello 
hello 
hello 
hello 
hello 
hello 
hello 
hello 
hello 
hello 
hello 
hello 
hello 
hello 
hello 
hello 
hello 
hello 
hello 
hello 
hello 
hello 
hello 
hello 
hello 
hello 
hello 
hello 
hello 
hello 
hello 
hello 
hello 
hello 
hello 
hello 
hello 
hello 
hello 
hello 
hello 
hello 
hello 
hello 
hello 
hello 
hello 
hello 
hello 
hello 
hello 
hello 
hello 
hello 
hello 
hello 
hello 
hello 
hello 
hello 
hello 
hello 
hello 
hello 
hello 
hello 
hello 
hello 
hello 
hello 
hello 
hello 
hello 
hello 
hello 
hello 
hello 
hello 
hello 
hello 
hello 
hello 
hello 
hello 
hello 
hello 
hello 
hello 
hello 
hello 
hello 
hello 
hello 
hello 
hello 
hello 
hello 
hello 
hello 
hello 
hello 
hello 
hello 
hello 
hello 
hello 
hello 
hello 
hello 
hello 
hello 
hello 
hello 
hello 
hello 
hello 
hello 
hello 
hello 
hello 
hello 
hello 
hello 
hello 
hello 
hello 
hello 
hello 
hello 
hello 
hello 
hello 
hello 
hello 
hello 
hello 
hello 
hello 
hello 
hello 
hello 
hello 
hello 
hello 
hello 
hello 
hello 
hello 
hello 
hello 
hello 
hello 
hello 
hello 
hello 
hello 
hello 
hello 
hello 
hello 
hello 
hello 
hello 
hello 
hello 
hello 
hello 
hello 
hello 
hello 
hello 
hello 
hello 
hello 
hello 
hello 
hello 
hello 
hello 
hello 
hello 
hello 
hello 
hello 
hello 
hello 
hello 
hello 
hello 
hello 
hello 
hello 
hello 
hello 
hello 
hello 
hello 
hello 
hello 
hello 
hello 
hello 
hello 
hello 
hello 
hello 
hello 
hello 
hello 
hello 
hello 
hello 
hello 
hello 
hello 
hello 
hello 
hello 
hello 
hello 
hello 
hello 
hello 
hello 
hello 
hello 
hello 
hello 
hello 
hello 
hello 
hello 
hello 
hello 
hello 
hello 
hello 
hello 
hello 
hello 
hello 
hello 
hello 
hello 
hello 
hello 
hello 
hello 
hello 
hello 
hello 
hello 
hello 
hello 
hello 
hello 
hello 
hello 
hello 
hello 
hello 
hello 
hello 
hello 
hello 
hello 
hello 
hello 
hello 
hello 
hello 
hello 
hello 
hello 
hello 
hello 
hello 
hello 
hello 
hello 
hello 
hello 
hello 
hello 
hello 
hello 
hello 
hello 
hello 
hello 
hello 
hello 
hello 
hello 
hello 
hello 
hello 
hello 
hello 
hello 
hello 
hello 
hello 
hello 
hello 
hello 
hello 
hello 
hello 
hello 
hello 
hello 
hello 
hello 
hello 
hello 
hello 
hello 
hello 
hello 
hello 
hello 
hello 
hello 
hello 
hello 
hello 
hello 
hello 
hello 
hello 
hello 
hello 
hello 
hello 
hello 
hello 
hello 
hello 
hello 
hello 
hello 
hello 
hello 
hello 
hello 
hello 
hello 
hello 
hello 
hello 
hello 
hello 
hello 
hello 
hello 
hello 
hello 
hello 
hello 
hello 
hello 
hello 
hello 
hello 
hello 
hello 
hello 
hello 
hello 
hello 
hello 
hello 
hello 
hello 
hello 
hello 
hello 
hello 
hello 
hello 
hello 
hello 
hello 
hello 
hello 
hello 
hello 
hello 
hello 
hello 
hello 
hello 
hello 
hello 
hello 
hello 
hello 
hello 
hello 
hello 
hello 
hello 
hello 
hello 
hello 
hello 
hello 
hello 
hello 
hello 
hello 
hello 
hello 
hello 
hello 
hello 
hello 
hello 
hello 
hello 
hello 
hello 
hello 
hello 
hello 
hello 
hello 
hello 
hello 
hello 
hello 
hello 
hello 
hello 
hello 
hello 
hello 
hello 
hello 
hello 
hello 
hello 
hello 
hello 
hello 
hello 
hello 
hello 
hello 
hello 
hello 
hello 
hello 
hello 
hello 
hello 
hello 
hello 
hello 
hello 
hello 
hello 
hello 
hello 
hello 
hello 
hello 
hello 
hello 
hello 
hello 
hello 
hello 
hello 
hello 
hello 
hello 
hello 
hello 
hello 
hello 
hello 
hello 
hello 
hello 
hello 
hello 
hello 
hello 
hello 
hello 
hello 
hello 
hello 
hello 
hello 
hello 
hello 
hello 
hello 
hello 
hello 
hello 
hello 
hello 
hello 
hello 
hello 
hello 
hello 
hello 
hello 
hello 
hello 
hello 
hello 
hello 
hello 
hello 
hello 
hello 
hello 
hello 
hello 
hello 
hello 
hello 
hello 
hello 
hello 
hello 
hello 
hello 
hello 
hello 
hello 
hello 
hello 
hello 
hello 
hello 
hello 
hello 
hello 
hello 
hello 
hello 
hello 
hello 
hello 
hello 
hello 
hello 
hello 
hello 
hello 
hello 
hello 
hello 
hello 
hello 
hello 
hello 
hello 
hello 
hello 
hello 
hello 
hello 
hello 
hello 
hello 
hello 
hello 
hello 
hello 
hello 
hello 
hello 
hello 
hello 
hello 
hello 
hello 
hello 
hello 
hello 
hello 
hello 
hello 
hello 
hello 
hello 
hello 
hello 
hello 
hello 
hello 
hello 
hello 
hello 
hello 
hello 
hello 
hello 
hello 
hello 
hello 
hello 
hello 
hello 
hello 
hello 
hello 
hello 
hello 
hello 
hello 
hello 
hello 
hello 
hello 
hello 
hello 
hello 
hello 
hello 
hello 
hello 
hello 
hello 
hello 
hello 
hello 
hello 
hello 
hello 
hello 
hello 
hello 
hello 
hello 
hello 
hello 
hello 
hello 
hello 
hello 
hello 
hello 
hello 
hello 
hello 
hello 
hello 
hello 
hello 
hello 
hello 
hello 
hello 
hello 
hello 
hello 
hello 
hello 
hello 
hello 
hello 
hello 
hello 
hello 
hello 
hello 
hello 
hello 
hello 
hello 
hello 
hello 
hello 
hello 
hello 
hello 
hello 
hello 
hello 
hello 
hello 
hello 
hello 
hello 
hello 
hello 
hello 
hello 
hello 
hello 
hello 
hello 
hello 
hello 
hello 
hello 
hello 
hello 
hello 
hello 
hello 
hello 
hello 
hello 
hello 
hello 
hello 
hello 
hello 
hello 
hello 
hello 
hello 
hello 
hello 
hello 
hello 
hello 
hello 
hello 
hello 
hello 
hello 
hello 
hello 
hello 
hello 
hello 
hello 
hello 
hello 
hello 
hello 
hello 
hello 
hello 
hello 
hello 
hello 
hello 
hello 
hello 
hello 
hello 
hello 
hello 
hello 
hello 
hello 
hello 
hello 
hello 
hello 
hello 
hello 
hello 
hello 
hello 
hello 
hello 
hello 
hello 
hello 
hello 
hello 
hello 
hello 
hello 
hello 
hello 
hello 
hello 
hello 
hello 
hello 
hello 
hello 
hello 
hello 
hello 
hello 
hello 
hello 
hello 
hello 
hello 
hello 
hello 
hello 
hello 
hello 
hello 
hello 
hello 
hello 
hello 
hello 
hello 
hello 
hello 
hello 
hello 
hello 
hello 
hello 
hello 
hello 
hello 
hello 
hello 
hello 
hello 
hello 
hello 
hello 
hello 
hello 
hello 
hello 
hello 
hello 
hello 
hello 
hello 
hello 
hello 
hello 
hello 
hello 
hello 
hello 
hello 
hello 
hello 
hello 
hello 
hello 
hello 
hello 
hello 
hello 
hello 
hello 
hello 
hello 
hello 
hello 
hello 
hello 
hello 
hello 
hello 
hello 
hello 
hello 
hello 
hello 
hello 
hello 
hello 
hello 
hello 
hello 
hello 
hello 
hello 
hello 
hello 
hello 
hello 
hello 
hello 
hello 
hello 
hello 
hello 
hello 
hello 
hello 
hello 
hello 
hello 
hello 
hello 
hello 
hello 
hello 
hello 
hello 
hello 
hello 
hello 
hello 
hello 
hello 
hello 
hello 
hello 
hello 
hello 
hello 
hello 
hello 
hello 
hello 
hello 
hello 
hello 
hello 
hello 
hello 
hello 
hello 
hello 
hello 
hello 
hello 
hello 
hello 
hello 
hello 
hello 
hello 
hello 
hello 
hello 
hello 
hello 
hello 
hello 
hello 
hello 
hello 
hello 
hello 
hello 
hello 
hello 
hello 
hello 
hello 
hello 
hello 
hello 
hello 
hello 
hello 
hello 
hello 
hello 
hello 
hello 
hello 
hello 
hello 
hello 
hello 
hello 
hello 
hello 
hello 
hello 
hello 
hello 
hello 
hello 
hello 
hello 
hello 
hello 
hello 
hello 
hello 
hello 
hello 
hello 
hello 
hello 
hello 
hello 
hello 
hello 
hello 
hello 
hello 
hello 
hello 
hello 
hello 
hello 
hello 
hello 
hello 
hello 
hello 
hello 
hello 
hello 
hello 
hello 
hello 
hello 
hello 
hello 
hello 
hello 
hello 
hello 
hello 
hello 
hello 
hello 
hello 
hello 
hello 
hello 
hello 
hello 
hello 
hello 
hello 
hello 
hello 
hello 
hello 
hello 
hello 
hello 
hello 
hello 
hello 
hello 
hello 
hello 
hello 
hello 
hello 
hello 
hello 
hello 
hello 
hello 
hello 
hello 
hello 
hello 
hello 
hello 
hello 
hello 
hello 
hello 
hello 
hello 
hello 
hello 
hello 
hello 
hello 
hello 
hello 
hello 
hello 
hello 
hello 
hello 
hello 
hello 
hello 
hello 
hello 
hello 
hello 
hello 
hello 
hello 
hello 
hello 
hello 
hello 
hello 
hello 
hello 
hello 
hello 
hello 
hello 
hello 
hello 
hello 
hello 
hello 
hello 
hello 
hello 
hello 
hello 
hello 
hello 
hello 
hello 
hello 
hello 
hello 
hello 
hello 
hello 
hello 
hello 
hello 
hello 
hello 
hello 
hello 
hello 
hello 
hello 
hello 
hello 
hello 
hello 
hello 
hello 
hello 
hello 
hello 
hello 
hello 
hello 
hello 
hello 
hello 
hello 
hello 
hello 
hello 
hello 
hello 
hello 
hello 
hello 
hello 
hello 
hello 
hello 
hello 
hello 
hello 
hello 
hello 
hello 
hello 
hello 
hello 
hello 
hello 
hello 
hello 
hello 
hello 
hello 
hello 
hello 
hello 
hello 
hello 
hello 
hello 
hello 
hello 
hello 
hello 
hello 
hello 
hello 
hello 
hello 
hello 
hello 
hello 
hello 
hello 
hello 
hello 
hello 
hello 
hello 
hello 
hello 
hello 
hello 
hello 
hello 
hello 
hello 
hello 
hello 
hello 
hello 
hello 
hello 
hello 
hello 
hello 
hello 
hello 
hello 
hello 
hello 
hello 
hello 
hello 
hello 
hello 
hello 
hello 
hello 
hello 
hello 
hello 
hello 
hello 
hello 
hello 
hello 
hello 
hello 
hello 
hello 
hello 
hello 
hello 
hello 
hello 
hello 
hello 
hello 
hello 
hello 
hello 
hello 
hello 
hello 
hello 
hello 
hello 
hello 
hello 
hello 
hello 
hello 
hello 
hello 
hello 
hello 
hello 
hello 
hello 
hello 
hello 
hello 
hello 
hello 
hello 
hello 
hello 
hello 
hello 
hello 
hello 
hello 
hello 
hello 
hello 
hello 
hello 
hello 
hello 
hello 
hello 
hello 
hello 
hello 
hello 
hello 
hello 
hello 
hello 
hello 
hello 
hello 
hello 
hello 
hello 
hello 
hello 
hello 
hello 
hello 
hello 
hello 
hello 
hello 
hello 
hello 
hello 
hello 
hello 
hello 
hello 
hello 
hello 
hello 
hello 
hello 
hello 
hello 
hello 
hello 
hello 
hello 
hello 
hello 
hello 
hello 
hello 
hello 
hello 
hello 
hello 
hello 
hello 
hello 
hello 
hello 
hello 
hello 
hello 
hello 
hello 
hello 
hello 
hello 
hello 
hello 
hello 
hello 
hello 
hello 
hello 
hello 
hello 
hello 
hello 
hello 
hello 
hello 
hello 
hello 
hello 
hello 
hello 
hello 
hello 
hello 
hello 
hello 
hello 
hello 
hello 
hello 
hello 
hello 
hello 
hello 
hello 
hello 
hello 
hello 
hello 
hello 
hello 
hello 
hello 
hello 
hello 
hello 
hello 
hello 
hello 
hello 
hello 
hello 
hello 
hello 
hello 
hello 
hello 
hello 
hello 
hello 
hello 
hello 
hello 
hello 
hello 
hello 
hello 
hello 
hello 
hello 
hello 
hello 
hello 
hello 
hello 
hello 
hello 
hello 
hello 
hello 
hello 
hello 
hello 
hello 
hello 
hello 
hello 
hello 
hello 
hello 
hello 
hello 
hello 
hello 
hello 
hello 
hello 
hello 
hello 
hello 
hello 
hello 
hello 
hello 
hello 
hello 
hello 
hello 
hello 
hello 
hello 
hello 
hello 
hello 
hello 
hello 
hello 
hello 
hello 
hello 
hello 
hello 
hello 
hello 
hello 
hello 
hello 
hello 
hello 
hello 
hello 
hello 
hello 
hello 
hello 
hello 
hello 
hello 
hello 
hello 
hello 
hello 
hello 
hello 
hello 
hello 
hello 
hello 
hello 
hello 
hello 
hello 
hello 
hello 
hello 
hello 
hello 
hello 
hello 
hello 
hello 
hello 
hello 
hello 
hello 
hello 
hello 
hello 
hello 
hello 
hello 
hello 
hello 
hello 
hello 
hello 
hello 
hello 
hello 
hello 
hello 
hello 
hello 
hello 
hello 
hello 
hello 
hello 
hello 
hello 
hello 
hello 
hello 
hello 
hello 
hello 
hello 
hello 
hello 
hello 
hello 
hello 
hello 
hello 
hello 
hello 
hello 
hello 
hello 
hello 
hello 
hello 
hello 
hello 
hello 
hello 
hello 
hello 
hello 
hello 
hello 
hello 
hello 
hello 
hello 
hello 
hello 
hello 
hello 
hello 
hello 
hello 
hello 
hello 
hello 
hello 
hello 
hello 
hello 
hello 
hello 
hello 
hello 
hello 
hello 
hello 
hello 
hello 
hello 
hello 
hello 
hello 
hello 
hello 
hello 
hello 
hello 
hello 
hello 
hello 
hello 
hello 
hello 
hello 
hello 
hello 
hello 
hello 
hello 
hello 
hello 
hello 
hello 
hello 
hello 
hello 
hello 
hello 
hello 
hello 
hello 
hello 
hello 
hello 
hello 
hello 
hello 
hello 
hello 
hello 
hello 
hello 
hello 
hello 
hello 
hello 
hello 
hello 
hello 
hello 
hello 
hello 
hello 
hello 
hello 
hello 
hello 
hello 
hello 
hello 
hello 
hello 
hello 
hello 
hello 
hello 
hello 
hello 
hello 
hello 
hello 
hello 
hello 
hello 
hello 
hello 
hello 
hello 
hello 
hello 
hello 
hello 
hello 
hello 
hello 
hello 
hello 
hello 
hello 
hello 
hello 
hello 
hello 
hello 
hello 
hello 
hello 
hello 
hello 
hello 
hello 
hello 
hello 
hello 
hello 
hello 
hello 
hello 
hello 
hello 
hello 
hello 
hello 
hello 
hello 
hello 
hello 
hello 
hello 
hello 
hello 
hello 
hello 
hello 
hello 
hello 
hello 
hello 
hello 
hello 
hello 
hello 
hello 
hello 
hello 
hello 
hello 
hello 
hello 
hello 
hello 
hello 
hello 
hello 
hello 
hello 
hello 
hello 
hello 
hello 
hello 
hello 
hello 
hello 
hello 
hello 
hello 
hello 
hello 
hello 
hello 
hello 
hello 
hello 
hello 
hello 
hello 
hello 
hello 
hello 
hello 
hello 
hello 
hello 
hello 
hello 
hello 
hello 
hello 
hello 
hello 
hello 
hello 
hello 
hello 
hello 
hello 
hello 
hello 
hello 
hello 
hello 
hello 
hello 
hello 
hello 
hello 
hello 
hello 
hello 
hello 
hello 
hello 
hello 
hello 
hello 
hello 
hello 
hello 
hello 
hello 
hello 
hello 
hello 
hello 
hello 
hello 
hello 
hello 
hello 
hello 
hello 
hello 
hello 
hello 
hello 
hello 
hello 
hello 
hello 
hello 
hello 
hello 
hello 
hello 
hello 
hello 
hello 
hello 
hello 
hello 
hello 
hello 
hello 
hello 
hello 
hello 
hello 
hello 
hello 
hello 
hello 
hello 
hello 
hello 
hello 
hello 
hello 
hello 
hello 
hello 
hello 
hello 
hello 
hello 
hello 
hello 
hello 
hello 
hello 
hello 
hello 
hello 
hello 
hello 
hello 
hello 
hello 
hello 
hello 
hello 
hello 
hello 
hello 
hello 
hello 
hello 
hello 
hello 
hello 
hello 
hello 
hello 
hello 
hello 
hello 
hello 
hello 
hello 
hello 
hello 
hello 
hello 
hello 
hello 
hello 
hello 
hello 
hello 
hello 
hello 
hello 
hello 
hello 
hello 
hello 
hello 
hello 
hello 
hello 
hello 
hello 
hello 
hello 
hello 
hello 
hello 
hello 
hello 
hello 
hello 
hello 
hello 
hello 
hello 
hello 
hello 
hello 
hello 
hello 
hello 
hello 
hello 
hello 
hello 
hello 
hello 
hello 
hello 
hello 
hello 
hello 
hello 
hello 
hello 
hello 
hello 
hello 
hello 
hello 
hello 
hello 
hello 
hello 
hello 
hello 
hello 
hello 
hello 
hello 
hello 
hello 
hello 
hello 
hello 
hello 
hello 
hello 
hello 
hello 
hello 
hello 
hello 
hello 
hello 
hello 
hello 
hello 
hello 
hello 
hello 
hello 
hello 
hello 
hello 
hello 
hello 
hello 
hello 
hello 
hello 
hello 
hello 
hello 
hello 
hello 
hello 
hello 
hello 
hello 
hello 
hello 
hello 
hello 
hello 
hello 
hello 
hello 
hello 
hello 
hello 
hello 
hello 
hello 
hello 
hello 
hello 
hello 
hello 
hello 
hello 
hello 
hello 
hello 
hello 
hello 
hello 
hello 
hello 
hello 
hello 
hello 
hello 
hello 
hello 
hello 
hello 
hello 
hello 
hello 
hello 
hello 
hello 
hello 
hello 
hello 
hello 
hello 
hello 
hello 
hello 
hello 
hello 
hello 
hello 
hello 
hello 
hello 
hello 
hello 
hello 
hello 
hello 
hello 
hello 
hello 
hello 
hello 
hello 
hello 
hello 
hello 
hello 
hello 
hello 
hello 
hello 
hello 
hello 
hello 
hello 
hello 
hello 
hello 
hello 
hello 
hello 
hello 
hello 
hello 
hello 
hello 
hello 
hello 
hello 
hello 
hello 
hello 
hello 
hello 
hello 
hello 
hello 
hello 
hello 
hello 
hello 
hello 
hello 
hello 
hello 
hello 
hello 
hello 
hello 
hello 
hello 
hello 
hello 
hello 
hello 
hello 
hello 
hello 
hello 
hello 
hello 
hello 
hello 
hello 
hello 
hello 
hello 
hello 
hello 
hello 
hello 
hello 
hello 
hello 
hello 
hello 
hello 
hello 
hello 
hello 
hello 
hello 
hello 
hello 
hello 
hello 
hello 
hello 
hello 
hello 
hello 
hello 
hello 
hello 
hello 
hello 
hello 
hello 
hello 
hello 
hello 
hello 
hello 
hello 
hello 
hello 
hello 
hello 
hello 
hello 
hello 
hello 
hello 
hello 
hello 
hello 
hello 
hello 
hello 
hello 
hello 
hello 
hello 
hello 
hello 
hello 
hello 
hello 
hello 
hello 
hello 
hello 
hello 
hello 
hello 
hello 
hello 
hello 
hello 
hello 
hello 
hello 
hello 
hello 
hello 
hello 
hello 
hello 
hello 
hello 
hello 
hello 
hello 
hello 
hello 
hello 
hello 
hello 
hello 
hello 
hello 
hello 
hello 
hello 
hello 
hello 
hello 
hello 
hello 
hello 
hello 
hello 
hello 
hello 
hello 
hello 
hello 
hello 
hello 
hello 
hello 
hello 
hello 
hello 
hello 
hello 
hello 
hello 
hello 
hello 
hello 
hello 
hello 
hello 
hello 
hello 
hello 
hello 
hello 
hello 
hello 
hello 
hello 
hello 
hello 
hello 
hello 
hello 
hello 
hello 
hello 
hello 
hello 
hello 
hello 
hello 
hello 
hello 
hello 
hello 
hello 
hello 
hello 
hello 
hello 
hello 
hello 
hello 
hello 
hello 
hello 
hello 
hello 
hello 
hello 
hello 
hello 
hello 
hello 
hello 
hello 
hello 
hello 
hello 
hello 
hello 
hello 
hello 
hello 
hello 
hello 
hello 
hello 
hello 
hello 
hello 
hello 
hello 
hello 
hello 
hello 
hello 
hello 
hello 
hello 
hello 
hello 
hello 
hello 
hello 
hello 
hello 
hello 
hello 
hello 
hello 
hello 
hello 
hello 
hello 
hello 
hello 
hello 
hello 
hello 
hello 
hello 
hello 
hello 
hello 
hello 
hello 
hello 
hello 
hello 
hello 
hello 
hello 
hello 
hello 
hello 
hello 
hello 
hello 
hello 
hello 
hello 
hello 
hello 
hello 
hello 
hello 
hello 
hello 
hello 
hello 
hello 
hello 
hello 
hello 
hello 
hello 
hello 
hello 
hello 
hello 
hello 
hello 
hello 
hello 
hello 
hello 
hello 
hello 
hello 
hello 
hello 
hello 
hello 
hello 
hello 
hello 
hello 
hello 
hello 
hello 
hello 
hello 
hello 
hello 
hello 
hello 
hello 
hello 
hello 
hello 
hello 
hello 
hello 
hello 
hello 
hello 
hello 
hello 
hello 
hello 
hello 
hello 
hello 
hello 
hello 
hello 
hello 
hello 
hello 
hello 
hello 
hello 
hello 
hello 
hello 
hello 
hello 
hello 
hello 
hello 
hello 
hello 
hello 
hello 
hello 
hello 
hello 
hello 
hello 
hello 
hello 
hello 
hello 
hello 
hello 
hello 
hello 
hello 
hello 
hello 
hello 
hello 
hello 
hello 
hello 
hello 
hello 
hello 
hello 
hello 
hello 
hello 
hello 
hello 
hello 
hello 
hello 
hello 
hello 
hello 
hello 
hello 
hello 
hello 
hello 
hello 
hello 
hello 
hello 
hello 
hello 
hello 
hello 
hello 
hello 
hello 
hello 
hello 
hello 
hello 
hello 
hello 
hello 
hello 
hello 
hello 
hello 
hello 
hello 
hello 
hello 
hello 
hello 
hello 
hello 
hello 
hello 
hello 
hello 
hello 
hello 
hello 
hello 
hello 
hello 
hello 
hello 
hello 
hello 
hello 
hello 
hello 
hello 
hello 
hello 
hello 
hello 
hello 
hello 
hello 
hello 
hello 
hello 
hello 
hello 
hello 
hello 
hello 
hello 
hello 
hello 
hello 
hello 
hello 
hello 
hello 
hello 
hello 
hello 
hello 
hello 
hello 
hello 
hello 
hello 
hello 
hello 
hello 
hello 
hello 
hello 
hello 
hello 
hello 
hello 
hello 
hello 
hello 
hello 
hello 
hello 
hello 
hello 
hello 
hello 
hello 
hello 
hello 
hello 
hello 
hello 
hello 
hello 
hello 
hello 
hello 
hello 
hello 
hello 
hello 
hello 
hello 
hello 
hello 
hello 
hello 
hello 
hello 
hello 
hello 
hello 
hello 
hello 
hello 
hello 
hello 
hello 
hello 
hello 
hello 
hello 
hello 
hello 
hello 
hello 
hello 
hello 
hello 
hello 
hello 
hello 
hello 
hello 
hello 
hello 
hello 
hello 
hello 
hello 
hello 
hello 
hello 
hello 
hello 
hello 
hello 
hello 
hello 
hello 
hello 
hello 
hello 
hello 
hello 
hello 
hello 
hello 
hello 
hello 
hello 
hello 
hello 
hello 
hello 
hello 
hello 
hello 
hello 
hello 
hello 
hello 
hello 
hello 
hello 
hello 
hello 
hello 
hello 
hello 
hello 
hello 
hello 
hello 
hello 
hello 
hello 
hello 
hello 
hello 
hello 
hello 
hello 
hello 
hello 
hello 
hello 
hello 
hello 
hello 
hello 
hello 
hello 
hello 
hello 
hello 
hello 
hello 
hello 
hello 
hello 
hello 
hello 
hello 
hello 
hello 
hello 
hello 
hello 
hello 
hello 
hello 
hello 
hello 
hello 
hello 
hello 
hello 
hello 
hello 
hello 
hello 
hello 
hello 
hello 
hello 
hello 
hello 
hello 
hello 
hello 
hello 
hello 
hello 
hello 
hello 
hello 
hello 
hello 
hello 
hello 
hello 
hello 
hello 
hello 
hello 
hello 
hello 
hello 
hello 
hello 
hello 
hello 
hello 
hello 
hello 
hello 
hello 
hello 
hello 
hello 
hello 
hello 
hello 
hello 
hello 
hello 
hello 
hello 
hello 
hello 
hello 
hello 
hello 
hello 
hello 
hello 
hello 
hello 
hello 
hello 
hello 
hello 
hello 
hello 
hello 
hello 
hello 
hello 
hello 
hello 
hello 
hello 
hello 
hello 
hello 
hello 
hello 
hello 
hello 
hello 
hello 
hello 
hello 
hello 
hello 
hello 
hello 
hello 
hello 
hello 
hello 
hello 
hello 
hello 
hello 
hello 
hello 
hello 
hello 
hello 
hello 
hello 
hello 
hello 
hello 
hello 
hello 
hello 
hello 
hello 
hello 
hello 
hello 
hello 
hello 
hello 
hello 
hello 
hello 
hello 
hello 
hello 
hello 
hello 
hello 
hello 
hello 
hello 
hello 
hello 
hello 
hello 
hello 
hello 
hello 
hello 
hello 
hello 
hello 
hello 
hello 
hello 
hello 
hello 
hello 
hello 
hello 
hello 
hello 
hello 
hello 
hello 
hello 
hello 
hello 
hello 
hello 
hello 
hello 
hello 
hello 
hello 
hello 
hello 
hello 
hello 
hello 
hello 
hello 
hello 
hello 
hello 
hello 
hello 
hello 
hello 
hello 
hello 
hello 
hello 
hello 
hello 
hello 
hello 
hello 
hello 
hello 
hello 
hello 
hello 
hello 
hello 
hello 
hello 
hello 
hello 
hello 
hello 
hello 
hello 
hello 
hello 
hello 
hello 
hello 
hello 
hello 
hello 
hello 
hello 
hello 
hello 
hello 
hello 
hello 
hello 
hello 
hello 
hello 
hello 
hello 
hello 
hello 
hello 
hello 
hello 
hello 
hello 
hello 
hello 
hello 
hello 
hello 
hello 
hello 
hello 
hello 
hello 
hello 
hello 
hello 
hello 
hello 
hello 
hello 
hello 
hello 
hello 
hello 
hello 
hello 
hello 
hello 
hello 
hello 
hello 
hello 
hello 
hello 
hello 
hello 
hello 
hello 
hello 
hello 
hello 
hello 
hello 
hello 
hello 
hello 
hello 
hello 
hello 
hello 
hello 
hello 
hello 
hello 
hello 
hello 
hello 
hello 
hello 
hello 
hello 
hello 
hello 
hello 
hello 
hello 
hello 
hello 
hello 
hello 
hello 
hello 
hello 
hello 
hello 
hello 
hello 
hello 
hello 
hello 
hello 
hello 
hello 
hello 
hello 
hello 
hello 
hello 
hello 
hello 
hello 
hello 
hello 
hello 
hello 
hello 
hello 
hello 
hello 
hello 
hello 
hello 
hello 
hello 
hello 
hello 
hello 
hello 
hello 
hello 
hello 
hello 
hello 
hello 
hello 
hello 
hello 
hello 
hello 
hello 
hello 
hello 
hello 
hello 
hello 
hello 
hello 
hello 
hello 
hello 
hello 
hello 
hello 
hello 
hello 
hello 
hello 
hello 
hello 
hello 
hello 
hello 
hello 
hello 
hello 
hello 
hello 
hello 
hello 
hello 
hello 
hello 
hello 
hello 
hello 
hello 
hello 
hello 
hello 
hello 
hello 
hello 
hello 
hello 
hello 
hello 
hello 
hello 
hello 
hello 
hello 
hello 
hello 
hello 
hello 
hello 
hello 
hello 
hello 
hello 
hello 
hello 
hello 
hello 
hello 
hello 
hello 
hello 
hello 
hello 
hello 
hello 
hello 
hello 
hello 
hello 
hello 
hello 
hello 
hello 
hello 
hello 
hello 
hello 
hello 
hello 
hello 
hello 
hello 
hello 
hello 
hello 
hello 
hello 
hello 
hello 
hello 
hello 
hello 
hello 
hello 
hello 
hello 
hello 
hello 
hello 
hello 
hello 
hello 
hello 
hello 
hello 
hello 
hello 
hello 
hello 
hello 
hello 
hello 
hello 
hello 
hello 
hello 
hello 
hello 
hello 
hello 
hello 
hello 
hello 
hello 
hello 
hello 
hello 
hello 
hello 
hello 
hello 
hello 
hello 
hello 
hello 
hello 
hello 
hello 
hello 
hello 
hello 
hello 
hello 
hello 
hello 
hello 
hello 
hello 
hello 
hello 
hello 
hello 
hello 
hello 
hello 
hello 
hello 
hello 
hello 
hello 
hello 
hello 
hello 
hello 
hello 
hello 
hello 
hello 
hello 
hello 
hello 
hello 
hello 
hello 
hello 
hello 
hello 
hello 
hello 
hello 
hello 
hello 
hello 
hello 
hello 
hello 
hello 
hello 
hello 
hello 
hello 
hello 
hello 
hello 
hello 
hello 
hello 
hello 
hello 
hello 
hello 
hello 
hello 
hello 
hello 
hello 
hello 
hello 
hello 
hello 
hello 
hello 
hello 
hello 
hello 
hello 
hello 
hello 
hello 
hello 
hello 
hello 
hello 
hello 
hello 
hello 
hello 
hello 
hello 
hello 
hello 
hello 
hello 
hello 
hello 
hello 
hello 
hello 
hello 
hello 
hello 
hello 
hello 
hello 
hello 
hello 
hello 
hello 
hello 
hello 
hello 
hello 
hello 
hello 
hello 
hello 
hello 
hello 
hello 
hello 
hello 
hello 
hello 
hello 
hello 
hello 
hello 
hello 
hello 
hello 
hello 
hello 
hello 
hello 
hello 
hello 
hello 
hello 
hello 
hello 
hello 
hello 
hello 
hello 
hello 
hello 
hello 
hello 
hello 
hello 
hello 
hello 
hello 
hello 
hello 
hello 
hello 
hello 
hello 
hello 
hello 
hello 
hello 
hello 
hello 
hello 
hello 
hello 
hello 
hello 
hello 
hello 
hello 
hello 
hello 
hello 
hello 
hello 
hello 
hello 
hello 
hello 
hello 
hello 
hello 
hello 
hello 
hello 
hello 
hello 
hello 
hello 
hello 
hello 
hello 
hello 
hello 
hello 
hello 
hello 
hello 
hello 
hello 
hello 
hello 
hello 
hello 
hello 
hello 
hello 
hello 
hello 
hello 
hello 
hello 
hello 
hello 
hello 
hello 
hello 
hello 
hello 
hello 
hello 
hello 
hello 
hello 
hello 
hello 
hello 
hello 
hello 
hello 
hello 
hello 
hello 
hello 
hello 
hello 
hello 
hello 
hello 
hello 
hello 
hello 
hello 
hello 
hello 
hello 
hello 
hello 
hello 
hello 
hello 
hello 
hello 
hello 
hello 
hello 
hello 
hello 
hello 
hello 
hello 
hello 
hello 
hello 
hello 
hello 
hello 
hello 
hello 
hello 
hello 
hello 
hello 
hello 
hello 
hello 
hello 
hello 
hello 
hello 
hello 
hello 
hello 
hello 
hello 
hello 
hello 
hello 
hello 
hello 
hello 
hello 
hello 
hello 
hello 
hello 
hello 
hello 
hello 
hello 
hello 
hello 
hello 
hello 
hello 
hello 
hello 
hello 
hello 
hello 
hello 
hello 
hello 
hello 
hello 
hello 
hello 
hello 
hello 
hello 
hello 
hello 
hello 
hello 
hello 
hello 
hello 
hello 
hello 
hello 
hello 
hello 
hello 
hello 
hello 
hello 
hello 
hello 
hello 
hello 
hello 
hello 
hello 
hello 
hello 
hello 
hello 
hello 
hello 
hello 
hello 
hello 
hello 
hello 
hello 
hello 
hello 
hello 
hello 
hello 
hello 
hello 
hello 
hello 
hello 
hello 
hello 
hello 
hello 
hello 
hello 
hello 
hello 
hello 
hello 
hello 
hello 
hello 
hello 
hello 
hello 
hello 
hello 
hello 
hello 
hello 
hello 
hello 
hello 
hello 
hello 
hello 
hello 
hello 
hello 
hello 
hello 
hello 
hello 
hello 
hello 
hello 
hello 
hello 
hello 
hello 
hello 
hello 
hello 
hello 
hello 
hello 
hello 
hello 
hello 
hello 
hello 
hello 
hello 
hello 
hello 
hello 
hello 
hello 
hello 
hello 
hello 
hello 
hello 
hello 
hello 
hello 
hello 
hello 
hello 
hello 
hello 
hello 
hello 
hello 
hello 
hello 
hello 
hello 
hello 
hello 
hello 
hello 
hello 
hello 
hello 
hello 
hello 
hello 
hello 
hello 
hello 
hello 
hello 
hello 
hello 
hello 
hello 
hello 
hello 
hello 
hello 
hello 
hello 
hello 
hello 
hello 
hello 
hello 
hello 
hello 
hello 
hello 
hello 
hello 
hello 
hello 
hello 
hello 
hello 
hello 
hello 
hello 
hello 
hello 
hello 
hello 
hello 
hello 
hello 
hello 
hello 
hello 
hello 
hello 
hello 
hello 
hello 
hello 
hello 
hello 
hello 
hello 
hello 
hello 
hello 
hello 
hello 
hello 
hello 
hello 
hello 
hello 
hello 
hello 
hello 
hello 
hello 
hello 
hello 
hello 
hello 
hello 
hello 
hello 
hello 
hello 
hello 
hello 
hello 
hello 
hello 
hello 
hello 
hello 
hello 
hello 
hello 
hello 
hello 
hello 
hello 
hello 
hello 
hello 
hello 
hello 
hello 
hello 
hello 
hello 
hello 
hello 
hello 
hello 
hello 
hello 
hello 
hello 
hello 
hello 
hello 
hello 
hello 
hello 
hello 
hello 
hello 
hello 
hello 
hello 
hello 
hello 
hello 
hello 
hello 
hello 
hello 
hello 
hello 
hello 
hello 
hello 
hello 
hello 
hello 
hello 
hello 
hello 
hello 
hello 
hello 
hello 
hello 
hello 
hello 
hello 
hello 
hello 
hello 
hello 
hello 
hello 
hello 
hello 
hello 
hello 
hello 
hello 
hello 
hello 
hello 
hello 
hello 
hello 
hello 
hello 
hello 
hello 
hello 
hello 
hello 
hello 
hello 
hello 
hello 
hello 
hello 
hello 
hello 
hello 
hello 
hello 
hello 
hello 
hello 
hello 
hello 
hello 
hello 
hello 
hello 
hello 
hello 
hello 
hello 
hello 
hello 
hello 
hello 
hello 
hello 
hello 
hello 
hello 
hello 
hello 
hello 
hello 
hello 
hello 
hello 
hello 
hello 
hello 
hello 
hello 
hello 
hello 
hello 
hello 
hello 
hello 
hello 
hello 
hello 
hello 
hello 
hello 
hello 
hello 
hello 
hello 
hello 
hello 
hello 
hello 
hello 
hello 
hello 
hello 
hello 
hello 
hello 
hello 
hello 
hello 
hello 
hello 
hello 
hello 
hello 
hello 
hello 
hello 
hello 
hello 
hello 
hello 
hello 
hello 
hello 
hello 
hello 
hello 
hello 
hello 
hello 
hello 
hello 
hello 
hello 
hello 
hello 
hello 
hello 
hello 
hello 
hello 
hello 
hello 
hello 
hello 
hello 
hello 
hello 
hello 
hello 
hello 
hello 
hello 
hello 
hello 
hello 
hello 
hello 
hello 
hello 
hello 
hello 
hello 
hello 
hello 
hello 
hello 
hello 
hello 
hello 
hello 
hello 
hello 
hello 
hello 
hello 
hello 
hello 
hello 
hello 
hello 
hello 
hello 
hello 
hello 
hello 
hello 
hello 
hello 
hello 
hello 
hello 
hello 
hello 
hello 
hello 
hello 
hello 
hello 
hello 
hello 
hello 
hello 
hello 
hello 
hello 
hello 
hello 
hello 
hello 
hello 
hello 
hello 
hello 
hello 
hello 
hello 
hello 
hello 
hello 
hello 
hello 
hello 
hello 
hello 
hello 
hello 
hello 
hello 
hello 
hello 
hello 
hello 
hello 
hello 
hello 
hello 
hello 
hello 
hello 
hello 
hello 
hello 
hello 
hello 
hello 
hello 
hello 
hello 
hello 
hello 
hello 
hello 
hello 
hello 
hello 
hello 
hello 
hello 
hello 
hello 
hello 
hello 
hello 
hello 
hello 
hello 
hello 
hello 
hello 
hello 
hello 
hello 
hello 
hello 
hello 
hello 
hello 
hello 
hello 
hello 
hello 
hello 
hello 
hello 
hello 
hello 
hello 
hello 
hello 
hello 
hello 
hello 
hello 
hello 
hello 
hello 
hello 
hello 
hello 
hello 
hello 
hello 
hello 
hello 
hello 
hello 
hello 
hello 
hello 
hello 
hello 
hello 
hello 
hello 
hello 
hello 
hello 
hello 
hello 
hello 
hello 
hello 
hello 
hello 
hello 
hello 
hello 
hello 
hello 
hello 
hello 
hello 
hello 
hello 
hello 
hello 
hello 
hello 
hello 
hello 
hello 
hello 
hello 
hello 
hello 
hello 
hello 
hello 
hello 
hello 
hello 
hello 
hello 
hello 
hello 
hello 
hello 
hello 
hello 
hello 
hello 
hello 
hello 
hello 
hello 
hello 
hello 
hello 
hello 
hello 
hello 
hello 
hello 
hello 
hello 
hello 
hello 
hello 
hello 
hello 
hello 
hello 
hello 
hello 
hello 
hello 
hello 
hello 
hello 
hello 
hello 
hello 
hello 
hello 
hello 
hello 
hello 
hello 
hello 
hello 
hello 
hello 
hello 
hello 
hello 
hello 
hello 
hello 
hello 
hello 
hello 
hello 
hello 
hello 
hello 
hello 
hello 
hello 
hello 
hello 
hello 
hello 
hello 
hello 
hello 
hello 
hello 
hello 
hello 
hello 
hello 
hello 
hello 
hello 
hello 
hello 
hello 
hello 
hello 
hello 
hello 
hello 
hello 
hello 
hello 
hello 
hello 
hello 
hello 
hello 
hello 
hello 
hello 
hello 
hello 
hello 
hello 
hello 
hello 
hello 
hello 
hello 
hello 
hello 
hello 
hello 
hello 
hello 
hello 
hello 
hello 
hello 
hello 
hello 
hello 
hello 
hello 
hello 
hello 
hello 
hello 
hello 
hello 
hello 
hello 
hello 
hello 
hello 
hello 
hello 
hello 
hello 
hello 
hello 
hello 
hello 
hello 
hello 
hello 
hello 
hello 
hello 
hello 
hello 
hello 
hello 
hello 
hello 
hello 
hello 
hello 
hello 
hello 
hello 
hello 
hello 
hello 
hello 
hello 
hello 
hello 
hello 
hello 
hello 
hello 
hello 
hello 
hello 
hello 
hello 
hello 
hello 
hello 
hello 
hello 
hello 
hello 
hello 
hello 
hello 
hello 
hello 
hello 
hello 
hello 
hello 
hello 
hello 
hello 
hello 
hello 
hello 
hello 
hello 
hello 
hello 
hello 
hello 
hello 
hello 
hello 
hello 
hello 
hello 
hello 
hello 
hello 
hello 
hello 
hello 
hello 
hello 
hello 
hello 
hello 
hello 
hello 
hello 
hello 
hello 
hello 
hello 
hello 
hello 
hello 
hello 
hello 
hello 
hello 
hello 
hello 
hello 
hello 
hello 
hello 
hello 
hello 
hello 
hello 
hello 
hello 
hello 
hello 
hello 
hello 
hello 
hello 
hello 
hello 
hello 
hello 
hello 
hello 
hello 
hello 
hello 
hello 
hello 
hello 
hello 
hello 
hello 
hello 
hello 
hello 
hello 
hello 
hello 
hello 
hello 
hello 
hello 
hello 
hello 
hello 
hello 
hello 
hello 
hello 
hello 
hello 
hello 
hello 
hello 
hello 
hello 
hello 
hello 
hello 
hello 
hello 
hello 
hello 
hello 
hello 
hello 
hello 
hello 
hello 
hello 
hello 
hello 
hello 
hello 
hello 
hello 
hello 
hello 
hello 
hello 
hello 
hello 
hello 
hello 
hello 
hello 
hello 
hello 
hello 
hello 
hello 
hello 
hello 
hello 
hello 
hello 
hello 
hello 
hello 
hello 
hello 
hello 
hello 
hello 
hello 
hello 
hello 
hello 
hello 
hello 
hello 
hello 
hello 
hello 
hello 
hello 
hello 
hello 
hello 
hello 
hello 
hello 
hello 
hello 
hello 
hello 
hello 
hello 
hello 
hello 
hello 
hello 
hello 
hello 
hello 
hello 
hello 
hello 
hello 
hello 
hello 
hello 
hello 
hello 
hello 
hello 
hello 
hello 
hello 
hello 
hello 
hello 
hello 
hello 
hello 
hello 
hello 
hello 
hello 
hello 
hello 
hello 
hello 
hello 
hello 
hello 
hello 
hello 
hello 
hello 
hello 
hello 
hello 
hello 
hello 
hello 
hello 
hello 
hello 
hello 
hello 
hello 
hello 
hello 
hello 
hello 
hello 
hello 
hello 
hello 
hello 
hello 
hello 
hello 
hello 
hello 
hello 
hello 
hello 
hello 
hello 
hello 
hello 
hello 
hello 
hello 
hello 
hello 
hello 
hello 
hello 
hello 
hello 
hello 
hello 
hello 
hello 
hello 
hello 
hello 
hello 
hello 
hello 
hello 
hello 
hello 
hello 
hello 
hello 
hello 
hello 
hello 
hello 
hello 
hello 
hello 
hello 
hello 
hello 
hello 
hello 
hello 
hello 
hello 
hello 
hello 
hello 
hello 
hello 
hello 
hello 
hello 
hello 
hello 
hello 
hello 
hello 
hello 
hello 
hello 
hello 
hello 
hello 
hello 
hello 
hello 
hello 
hello 
hello 
hello 
hello 
hello 
hello 
hello 
hello 
hello 
hello 
hello 
hello 
hello 
hello 
hello 
hello 
hello 
hello 
hello 
hello 
hello 
hello 
hello 
hello 
hello 
hello 
hello 
hello 
hello 
hello 
hello 
hello 
hello 
hello 
hello 
hello 
hello 
hello 
hello 
hello 
hello 
hello 
hello 
hello 
hello 
hello 
hello 
hello 
hello 
hello 
hello 
hello 
hello 
hello 
hello 
hello 
hello 
hello 
hello 
hello 
hello 
hello 
hello 
hello 
hello 
hello 
hello 
hello 
hello 
hello 
hello 
hello 
hello 
hello 
hello 
hello 
hello 
hello 
hello 
hello 
hello 
hello 
hello 
hello 
hello 
hello 
hello 
hello 
hello 
hello 
hello 
hello 
hello 
hello 
hello 
hello 
hello 
hello 
hello 
hello 
hello 
hello 
hello 
hello 
hello 
hello 
hello 
hello 
hello 
hello 
hello 
hello 
hello 
hello 
hello 
hello 
hello 
hello 
hello 
hello 
hello 
hello 
hello 
hello 
hello 
hello 
hello 
hello 
hello 
hello 
hello 
hello 
hello 
hello 
hello 
hello 
hello 
hello 
hello 
hello 
hello 
hello 
hello 
hello 
hello 
hello 
hello 
hello 
hello 
hello 
hello 
hello 
hello 
hello 
hello 
hello 
hello 
hello 
hello 
hello 
hello 
hello 
hello 
hello 
hello 
hello 
hello 
hello 
hello 
hello 
hello 
hello 
hello 
hello 
hello 
hello 
hello 
hello 
hello 
hello 
hello 
hello 
hello 
hello 
hello 
hello 
hello 
hello 
hello 
hello 
hello 
hello 
hello 
hello 
hello 
hello 
hello 
hello 
hello 
hello 
hello 
hello 
hello 
hello 
hello 
hello 
hello 
hello 
hello 
hello 
hello 
hello 
hello 
hello 
hello 
hello 
hello 
hello 
hello 
hello 
hello 
hello 
hello 
hello 
hello 
hello 
hello 
hello 
hello 
hello 
hello 
hello 
hello 
hello 
hello 
hello 
hello 
hello 
hello 
hello 
hello 
hello 
hello 
hello 
hello 
hello 
hello 
hello 
hello 
hello 
hello 
hello 
hello 
hello 
hello 
hello 
hello 
hello 
hello 
hello 
hello 
hello 
hello 
hello 
hello 
hello 
hello 
hello 
hello 
hello 
hello 
hello 
hello 
hello 
hello 
hello 
hello 
hello 
hello 
hello 
hello 
hello 
hello 
hello 
hello 
hello 
hello 
hello 
hello 
hello 
hello 
hello 
hello 
hello 
hello 
hello 
hello 
hello 
hello 
hello 
hello 
hello 
hello 
hello 
hello 
hello 
hello 
hello 
hello 
hello 
hello 
hello 
hello 
hello 
hello 
hello 
hello 
hello 
hello 
hello 
hello 
hello 
hello 
hello 
hello 
hello 
hello 
hello 
hello 
hello 
hello 
hello 
hello 
hello 
hello 
hello 
hello 
hello 
hello 
hello 
hello 
hello 
hello 
hello 
hello 
hello 
hello 
hello 
hello 
hello 
hello 
hello 
hello 
hello 
hello 
hello 
hello 
hello 
hello 
hello 
hello 
hello 
hello 
hello 
hello 
hello 
hello 
hello 
hello 
hello 
hello 
hello 
hello 
hello 
hello 
hello 
hello 
hello 
hello 
hello 
hello 
hello 
hello 
hello 
hello 
hello 
hello 
hello 
hello 
hello 
hello 
hello 
hello 
hello 
hello 
hello 
hello 
hello 
hello 
hello 
hello 
hello 
hello 
hello 
hello 
hello 
hello 
hello 
hello 
hello 
hello 
hello 
hello 
hello 
hello 
hello 
hello 
hello 
hello 
hello 
hello 
hello 
hello 
hello 
hello 
hello 
hello 
hello 
hello 
hello 
hello 
hello 
hello 
hello 
hello 
hello 
hello 
hello 
hello 
hello 
hello 
hello 
hello 
hello 
hello 
hello 
hello 
hello 
hello 
hello 
hello 
hello 
hello 
hello 
hello 
hello 
hello 
hello 
hello 
hello 
hello 
hello 
hello 
hello 
hello 
hello 
hello 
hello 
hello 
hello 
hello 
hello 
hello 
hello 
hello 
hello 
hello 
hello 
hello 
hello 
hello 
hello 
hello 
hello 
hello 
hello 
hello 
hello 
hello 
hello 
hello 
hello 
hello 
hello 
hello 
hello 
hello 
hello 
hello 
hello 
hello 
hello 
hello 
hello 
hello 
hello 
hello 
hello 
hello 
hello 
hello 
hello 
hello 
hello 
hello 
hello 
hello 
hello 
hello 
hello 
hello 
hello 
hello 
hello 
hello 
hello 
hello 
hello 
hello 
hello 
hello 
hello 
hello 
hello 
hello 
hello 
hello 
hello 
hello 
hello 
hello 
hello 
hello 
hello 
hello 
hello 
hello 
hello 
hello 
hello 
hello 
hello 
hello 
hello 
hello 
hello 
hello 
hello 
hello 
hello 
hello 
hello 
hello 
hello 
hello 
hello 
hello 
hello 
hello 
hello 
hello 
hello 
hello 
hello 
hello 
hello 
hello 
hello 
hello 
hello 
hello 
hello 
hello 
hello 
hello 
hello 
hello 
hello 
hello 
hello 
hello 
hello 
hello 
hello 
hello 
hello 
hello 
hello 
hello 
hello 
hello 
hello 
hello 
hello 
hello 
hello 
hello 
hello 
hello 
hello 
hello 
hello 
hello 
hello 
hello 
hello 
hello 
hello 
hello 
hello 
hello 
hello 
hello 
hello 
hello 
hello 
hello 
hello 
hello 
hello 
hello 
hello 
hello 
hello 
hello 
hello 
hello 
hello 
hello 
hello 
hello 
hello 
hello 
hello 
hello 
hello 
hello 
hello 
hello 
hello 
hello 
hello 
hello 
hello 
hello 
hello 
hello 
hello 
hello 
hello 
hello 
hello 
hello 
hello 
hello 
hello 
hello 
hello 
hello 
hello 
hello 
hello 
hello 
hello 
hello 
hello 
hello 
hello 
hello 
hello 
hello 
hello 
hello 
hello 
hello 
hello 
hello 
hello 
hello 
hello 
hello 
hello 
hello 
hello 
hello 
hello 
hello 
hello 
hello 
hello 
hello 
hello 
hello 
hello 
hello 
hello 
hello 
hello 
hello 
hello 
hello 
hello 
hello 
hello 
hello 
hello 
hello 
hello 
hello 
hello 
hello 
hello 
hello 
hello 
hello 
hello 
hello 
hello 
hello 
hello 
hello 
hello 
hello 
hello 
hello 
hello 
hello 
hello 
hello 
hello 
hello 
hello 
hello 
hello 
hello 
hello 
hello 
hello 
hello 
hello 
hello 
hello 
hello 
hello 
hello 
hello 
hello 
hello 
hello 
hello 
hello 
hello 
hello 
hello 
hello 
hello 
hello 
hello 
hello 
hello 
hello 
hello 
hello 
hello 
hello 
hello 
hello 
hello 
hello 
hello 
hello 
hello 
hello 
hello 
hello 
hello 
hello 
hello 
hello 
hello 
hello 
hello 
hello 
hello 
hello 
hello 
hello 
hello 
hello 
hello 
hello 
hello 
hello 
hello 
hello 
hello 
hello 
hello 
hello 
hello 
hello 
hello 
hello 
hello 
hello 
hello 
hello 
hello 
hello 
hello 
hello 
hello 
hello 
hello 
hello 
hello 
hello 
hello 
hello 
hello 
hello 
hello 
hello 
hello 
hello 
hello 
hello 
hello 
hello 
hello 
hello 
hello 
hello 
hello 
hello 
hello 
hello 
hello 
hello 
hello 
hello 
hello 
hello 
hello 
hello 
hello 
hello 
hello 
hello 
hello 
hello 
hello 
hello 
hello 
hello 
hello 
hello 
hello 
hello 
hello 
hello 
hello 
hello 
hello 
hello 
hello 
hello 
hello 
hello 
hello 
hello 
hello 
hello 
hello 
hello 
hello 
hello 
hello 
hello 
hello 
hello 
hello 
hello 
hello 
hello 
hello 
hello 
hello 
hello 
hello 
hello 
hello 
hello 
hello 
hello 
hello 
hello 
hello 
hello 
hello 
hello 
hello 
hello 
hello 
hello 
hello 
hello 
hello 
hello 
hello 
hello 
hello 
hello 
hello 
hello 
hello 
hello 
hello 
hello 
hello 
hello 
hello 
hello 
hello 
hello 
hello 
hello 
hello 
hello 
hello 
hello 
hello 
hello 
hello 
hello 
hello 
hello 
hello 
hello 
hello 
hello 
hello 
hello 
hello 
hello 
hello 
hello 
hello 
hello 
hello 
hello 
hello 
hello 
hello 
hello 
hello 
hello 
hello 
hello 
hello 
hello 
hello 
hello 
hello 
hello 
hello 
hello 
hello 
hello 
hello 
hello 
hello 
hello 
hello 
hello 
hello 
hello 
hello 
hello 
hello 
hello 
hello 
hello 
hello 
hello 
hello 
hello 
hello 
hello 
hello 
hello 
hello 
hello 
hello 
hello 
hello 
hello 
hello 
hello 
hello 
hello 
hello 
hello 
hello 
hello 
hello 
hello 
hello 
hello 
hello 
hello 
hello 
hello 
hello 
hello 
hello 
hello 
hello 
hello 
hello 
hello 
hello 
hello 
hello 
hello 
hello 
hello 
hello 
hello 
hello 
hello 
hello 
hello 
hello 
hello 
hello 
hello 
hello 
hello 
hello 
hello 
hello 
hello 
hello 
hello 
hello 
hello 
hello 
hello 
hello 
hello 
hello 
hello 
hello 
hello 
hello 
hello 
hello 
hello 
hello 
hello 
hello 
hello 
hello 
hello 
hello 
hello 
hello 
hello 
hello 
hello 
hello 
hello 
hello 
hello 
hello 
hello 
hello 
hello 
hello 
hello 
hello 
hello 
hello 
hello 
hello 
hello 
hello 
hello 
hello 
hello 
hello 
hello 
hello 
hello 
hello 
hello 
hello 
hello 
hello 
hello 
hello 
hello 
hello 
hello 
hello 
hello 
hello 
hello 
hello 
hello 
hello 
hello 
hello 
hello 
hello 
hello 
hello 
hello 
hello 
hello 
hello 
hello 
hello 
hello 
hello 
hello 
hello 
hello 
hello 
hello 
hello 
hello 
hello 
hello 
hello 
hello 
hello 
hello 
hello 
hello 
hello 
hello 
hello 
hello 
hello 
hello 
hello 
hello 
hello 
hello 
hello 
hello 
hello 
hello 
hello 
hello 
hello 
hello 
hello 
hello 
hello 
hello 
hello 
hello 
hello 
hello 
hello 
hello 
hello 
hello 
hello 
hello 
hello 
hello 
hello 
hello 
hello 
hello 
hello 
hello 
hello 
hello 
hello 
hello 
hello 
hello 
hello 
hello 
hello 
hello 
hello 
hello 
hello 
hello 
hello 
hello 
hello 
hello 
hello 
hello 
hello 
hello 
hello 
hello 
hello 
hello 
hello 
hello 
hello 
hello 
hello 
hello 
hello 
hello 
hello 
hello 
hello 
hello 
hello 
hello 
hello 
hello 
hello 
hello 
hello 
hello 
hello 
hello 
hello 
hello 
hello 
hello 
hello 
hello 
hello 
hello 
hello 
hello 
hello 
hello 
hello 
hello 
hello 
hello 
hello 
hello 
hello 
hello 
hello 
hello 
hello 
hello 
hello 
hello 
hello 
hello 
hello 
hello 
hello 
hello 
hello 
hello 
hello 
hello 
hello 
hello 
hello 
hello 
hello 
hello 
hello 
hello 
hello 
hello 
hello 
hello 
hello 
hello 
hello 
hello 
hello 
hello 
hello 
hello 
hello 
hello 
hello 
hello 
hello 
hello 
hello 
hello 
hello 
hello 
hello 
hello 
hello 
hello 
hello 
hello 
hello 
hello 
hello 
hello 
hello 
hello 
hello 
hello 
hello 
hello 
hello 
hello 
hello 
hello 
hello 
hello 
hello 
hello 
hello 
hello 
hello 
hello 
hello 
hello 
hello 
hello 
hello 
hello 
hello 
hello 
hello 
hello 
hello 
hello 
hello 
hello 
hello 
hello 
hello 
hello 
hello 
hello 
hello 
hello 
hello 
hello 
hello 
hello 
hello 
hello 
hello 
hello 
hello 
hello 
hello 
hello 
hello 
hello 
hello 
hello 
hello 
hello 
hello 
hello 
hello 
hello 
hello 
hello 
hello 
hello 
hello 
hello 
hello 
hello 
hello 
hello 
hello 
hello 
hello 
hello 
hello 
hello 
hello 
hello 
hello 
hello 
hello 
hello 
hello 
hello 
hello 
hello 
hello 
hello 
hello 
hello 
hello 
hello 
hello 
hello 
hello 
hello 
hello 
hello 
hello 
hello 
hello 
hello 
hello 
hello 
hello 
hello 
hello 
hello 
hello 
hello 
hello 
hello 
hello 
hello 
hello 
hello 
hello 
hello 
hello 
hello 
hello 
hello 
hello 
hello 
hello 
hello 
hello 
hello 
hello 
hello 
hello 
hello 
hello 
hello 
hello 
hello 
hello 
hello 
hello 
hello 
hello 
hello 
hello 
hello 
hello 
hello 
hello 
hello 
hello 
hello 
hello 
hello 
hello 
hello 
hello 
hello 
hello 
hello 
hello 
hello 
hello 
hello 
hello 
hello 
hello 
hello 
hello 
hello 
hello 
hello 
hello 
hello 
hello 
hello 
hello 
hello 
hello 
hello 
hello 
hello 
hello 
hello 
hello 
hello 
hello 
hello 
hello 
hello 
hello 
hello 
hello 
hello 
hello 
hello 
hello 
hello 
hello 
hello 
hello 
hello 
hello 
hello 
hello 
hello 
hello 
hello 
hello 
hello 
hello 
hello 
hello 
hello 
hello 
hello 
hello 
hello 
hello 
hello 
hello 
hello 
hello 
hello 
hello 
hello 
hello 
hello 
hello 
hello 
hello 
hello 
hello 
hello 
hello 
hello 
hello 
hello 
hello 
hello 
hello 
hello 
hello 
hello 
hello 
hello 
hello 
hello 
hello 
hello 
hello 
hello 
hello 
hello 
hello 
hello 
hello 
hello 
hello 
hello 
hello 
hello 
hello 
hello 
hello 
hello 
hello 
hello 
hello 
hello 
hello 
hello 
hello 
hello 
hello 
hello 
hello 
hello 
hello 
hello 
hello 
hello 
hello 
hello 
hello 
hello 
hello 
hello 
hello 
hello 
hello 
hello 
hello 
hello 
hello 
hello 
hello 
hello 
hello 
hello 
hello 
hello 
hello 
hello 
hello 
hello 
hello 
hello 
hello 
hello 
hello 
hello 
hello 
hello 
hello 
hello 
hello 
hello 
hello 
hello 
hello 
hello 
hello 
hello 
hello 
hello 
hello 
hello 
hello 
hello 
hello 
hello 
hello 
hello 
hello 
hello 
hello 
hello 
hello 
hello 
hello 
hello 
hello 
hello 
hello 
hello 
hello 
hello 
hello 
hello 
hello 
hello 
hello 
hello 
hello 
hello 
hello 
hello 
hello 
hello 
hello 
hello 
hello 
hello 
hello 
hello 
hello 
hello 
hello 
hello 
hello 
hello 
hello 
hello 
hello 
hello 
hello 
hello 
hello 
hello 
hello 
hello 
hello 
hello 
hello 
hello 
hello 
hello 
hello 
hello 
hello 
hello 
hello 
hello 
hello 
hello 
hello 
hello 
hello 
hello 
hello 
hello 
hello 
hello 
hello 
hello 
hello 
hello 
hello 
hello 
hello 
hello 
hello 
hello 
hello 
hello 
hello 
hello 
hello 
hello 
hello 
hello 
hello 
hello 
hello 
hello 
hello 
hello 
hello 
hello 
hello 
hello 
hello 
hello 
hello 
hello 
hello 
hello 
hello 
hello 
hello 
hello 
hello 
hello 
hello 
hello 
hello 
hello 
hello 
hello 
hello 
hello 
hello 
hello 
hello 
hello 
hello 
hello 
hello 
hello 
hello 
hello 
hello 
hello 
hello 
hello 
hello 
hello 
hello 
hello 
hello 
hello 
hello 
hello 
hello 
hello 
hello 
hello 
hello 
hello 
hello 
hello 
hello 
hello 
hello 
hello 
hello 
hello 
hello 
hello 
hello 
hello 
hello 
hello 
hello 
hello 
hello 
hello 
hello 
hello 
hello 
hello 
hello 
hello 
hello 
hello 
hello 
hello 
hello 
hello 
hello 
hello 
hello 
hello 
hello 
hello 
hello 
hello 
hello 
hello 
hello 
hello 
hello 
hello 
hello 
hello 
hello 
hello 
hello 
hello 
hello 
hello 
hello 
hello 
hello 
hello 
hello 
hello 
hello 
hello 
hello 
hello 
hello 
hello 
hello 
hello 
hello 
hello 
hello 
hello 
hello 
hello 
hello 
hello 
hello 
hello 
hello 
hello 
hello 
hello 
hello 
hello 
hello 
hello 
hello 
hello 
hello 
hello 
hello 
hello 
hello 
hello 
hello 
hello 
hello 
hello 
hello 
hello 
hello 
hello 
hello 
hello 
hello 
hello 
hello 
hello 
hello 
hello 
hello 
hello 
hello 
hello 
hello 
hello 
hello 
hello 
hello 
hello 
hello 
hello 
hello 
hello 
hello 
hello 
hello 
hello 
hello 
hello 
hello 
hello 
hello 
hello 
hello 
hello 
hello 
hello 
hello 
hello 
hello 
hello 
hello 
hello 
hello 
hello 
hello 
hello 
hello 
hello 
hello 
hello 
hello 
hello 
hello 
hello 
hello 
hello 
hello 
hello 
hello 
hello 
hello 
hello 
hello 
hello 
hello 
hello 
hello 
hello 
hello 
hello 
hello 
hello 
hello 
hello 
hello 
hello 
hello 
hello 
hello 
hello 
hello 
hello 
hello 
hello 
hello 
hello 
hello 
hello 
hello 
hello 
hello 
hello 
hello 
hello 
hello 
hello 
hello 
hello 
hello 
hello 
hello 
hello 
hello 
hello 
hello 
hello 
hello 
hello 
hello 
hello 
hello 
hello 
hello 
hello 
hello 
hello 
hello 
hello 
hello 
hello 
hello 
hello 
hello 
hello 
hello 
hello 
hello 
hello 
hello 
hello 
hello 
hello 
hello 
hello 
hello 
hello 
hello 
hello 
hello 
hello 
hello 
hello 
hello 
hello 
hello 
hello 
hello 
hello 
hello 
hello 
hello 
hello 
hello 
hello 
hello 
hello 
hello 
hello 
hello 
hello 
hello 
hello 
hello 
hello 
hello 
hello 
hello 
hello 
hello 
hello 
hello 
hello 
hello 
hello 
hello 
hello 
hello 
hello 
hello 
hello 
hello 
hello 
hello 
hello 
hello 
hello 
hello 
hello 
hello 
hello 
hello 
hello 
hello 
hello 
hello 
hello 
hello 
hello 
hello 
hello 
hello 
hello 
hello 
hello 
hello 
hello 
hello 
hello 
hello 
hello 
hello 
hello 
hello 
hello 
hello 
hello 
hello 
hello 
hello 
hello 
hello 
hello 
hello 
hello 
hello 
hello 
hello 
hello 
hello 
hello 
hello 
hello 
hello 
hello 
hello 
hello 
hello 
hello 
hello 
hello 
hello 
hello 
hello 
hello 
hello 
hello 
hello 
hello 
hello 
hello 
hello 
hello 
hello 
hello 
hello 
hello 
hello 
hello 
hello 
hello 
hello 
hello 
hello 
hello 
hello 
hello 
hello 
hello 
hello 
hello 
hello 
hello 
hello 
hello 
hello 
hello 
hello 
hello 
hello 
hello 
hello 
hello 
hello 
hello 
hello 
hello 
hello 
hello 
hello 
hello 
hello 
hello 
hello 
hello 
hello 
hello 
hello 
hello 
hello 
hello 
hello 
hello 
hello 
hello 
hello 
hello 
hello 
hello 
hello 
hello 
hello 
hello 
hello 
hello 
hello 
hello 
hello 
hello 
hello 
hello 
hello 
hello 
hello 
hello 
hello 
hello 
hello 
hello 
hello 
hello 
hello 
hello 
hello 
hello 
hello 
hello 
hello 
hello 
hello 
hello 
hello 
hello 
hello 
hello 
hello 
hello 
hello 
hello 
hello 
hello 
hello 
hello 
hello 
hello 
hello 
hello 
hello 
hello 
hello 
hello 
hello 
hello 
hello 
hello 
hello 
hello 
hello 
hello 
hello 
hello 
hello 
hello 
hello 
hello 
hello 
hello 
hello 
hello 
hello 
hello 
hello 
hello 
hello 
hello 
hello 
hello 
hello 
hello 
hello 
hello 
hello 
hello 
hello 
hello 
hello 
hello 
hello 
hello 
hello 
hello 
hello 
hello 
hello 
hello 
hello 
hello 
hello 
hello 
hello 
hello 
hello 
hello 
hello 
hello 
hello 
hello 
hello 
hello 
hello 
hello 
hello 
hello 
hello 
hello 
hello 
hello 
hello 
hello 
hello 
hello 
hello 
hello 
hello 
hello 
hello 
hello 
hello 
hello 
hello 
hello 
hello 
hello 
hello 
hello 
hello 
hello 
hello 
hello 
hello 
hello 
hello 
hello 
hello 
hello 
hello 
hello 
hello 
hello 
hello 
hello 
hello 
hello 
hello 
hello 
hello 
hello 
hello 
hello 
hello 
hello 
hello 
hello 
hello 
hello 
hello 
hello 
hello 
hello 
hello 
hello 
hello 
hello 
hello 
hello 
hello 
hello 
hello 
hello 
hello 
hello 
hello 
hello 
hello 
hello 
hello 
hello 
hello 
hello 
hello 
hello 
hello 
hello 
hello 
hello 
hello 
hello 
hello 
hello 
hello 
hello 
hello 
hello 
hello 
hello 
hello 
hello 
hello 
hello 
hello 
hello 
hello 
hello 
hello 
hello 
hello 
hello 
hello 
hello 
hello 
hello 
hello 
hello 
hello 
hello 
hello 
hello 
hello 
hello 
hello 
hello 
hello 
hello 
hello 
hello 
hello 
hello 
hello 
hello 
hello 
hello 
hello 
hello 
hello 
hello 
hello 
hello 
hello 
hello 
hello 
hello 
hello 
hello 
hello 
hello 
hello 
hello 
hello 
hello 
hello 
hello 
hello 
hello 
hello 
hello 
hello 
hello 
hello 
hello 
hello 
hello 
hello 
hello 
hello 
hello 
hello 
hello 
hello 
hello 
hello 
hello 
hello 
hello 
hello 
hello 
hello 
hello 
hello 
hello 
hello 
hello 
hello 
hello 
hello 
hello 
hello 
hello 
hello 
hello 
hello 
hello 
hello 
hello 
hello 
hello 
hello 
hello 
hello 
hello 
hello 
hello 
hello 
hello 
hello 
hello 
hello 
hello 
hello 
hello 
hello 
hello 
hello 
hello 
hello 
hello 
hello 
hello 
hello 
hello 
hello 
hello 
hello 
hello 
hello 
hello 
hello 
hello 
hello 
hello 
hello 
hello 
hello 
hello 
hello 
hello 
hello 
hello 
hello 
hello 
hello 
hello 
hello 
hello 
hello 
hello 
hello 
hello 
hello 
hello 
hello 
hello 
hello 
hello 
hello 
hello 
hello 
hello 
hello 
hello 
hello 
hello 
hello 
hello 
hello 
hello 
hello 
hello 
hello 
hello 
hello 
hello 
hello 
hello 
hello 
hello 
hello 
hello 
hello 
hello 
hello 
hello 
hello 
hello 
hello 
hello 
hello 
hello 
hello 
hello 
hello 
hello 
hello 
hello 
hello 
hello 
hello 
hello 
hello 
hello 
hello 
hello 
hello 
hello 
hello 
hello 
hello 
hello 
hello 
hello 
hello 
hello 
hello 
hello 
hello 
hello 
hello 
hello 
hello 
hello 
hello 
hello 
hello 
hello 
hello 
hello 
hello 
hello 
hello 
hello 
hello 
hello 
hello 
hello 
hello 
hello 
hello 
hello 
hello 
hello 
hello 
hello 
hello 
hello 
hello 
hello 
hello 
hello 
hello 
hello 
hello 
hello 
hello 
hello 
hello 
hello 
hello 
hello 
hello 
hello 
hello 
hello 
hello 
hello 
hello 
hello 
hello 
hello 
hello 
hello 
hello 
hello 
hello 
hello 
hello 
hello 
hello 
hello 
hello 
hello 
hello 
hello 
hello 
hello 
hello 
hello 
hello 
hello 
hello 
hello 
hello 
hello 
hello 
hello 
hello 
hello 
hello 
hello 
hello 
hello 
hello 
hello 
hello 
hello 
hello 
hello 
hello 
hello 
hello 
hello 
hello 
hello 
hello 
hello 
hello 
hello 
hello 
hello 
hello 
hello 
hello 
hello 
hello 
hello 
hello 
hello 
hello 
hello 
hello 
hello 
hello 
hello 
hello 
hello 
hello 
hello 
hello 
hello 
hello 
hello 
hello 
hello 
hello 
hello 
hello 
hello 
hello 
hello 
hello 
hello 
hello 
hello 
hello 
hello 
hello 
hello 
hello 
hello 
hello 
hello 
hello 
hello 
hello 
hello 
hello 
hello 
hello 
hello 
hello 
hello 
hello 
hello 
hello 
hello 
hello 
hello 
hello 
hello 
hello 
hello 
hello 
hello 
hello 
hello 
hello 
hello 
hello 
hello 
hello 
hello 
hello 
hello 
hello 
hello 
hello 
hello 
hello 
hello 
hello 
hello 
hello 
hello 
hello 
hello 
hello 
hello 
hello 
hello 
hello 
hello 
hello 
hello 
hello 
hello 
hello 
hello 
hello 
hello 
hello 
hello 
hello 
hello 
hello 
hello 
hello 
hello 
hello 
hello 
hello 
hello 
hello 
hello 
hello 
hello 
hello 
hello 
hello 
hello 
hello 
hello 
hello 
hello 
hello 
hello 
hello 
hello 
hello 
hello 
hello 
hello 
hello 
hello 
hello 
hello 
hello 
hello 
hello 
hello 
hello 
hello 
hello 
hello 
hello 
hello 
hello 
hello 
hello 
hello 
hello 
hello 
hello 
hello 
hello 
hello 
hello 
hello 
hello 
hello 
hello 
hello 
hello 
hello 
hello 
hello 
hello 
hello 
hello 
hello 
hello 
hello 
hello 
hello 
hello 
hello 
hello 
hello 
hello 
hello 
hello 
hello 
hello 
hello 
hello 
hello 
hello 
hello 
hello 
hello 
hello 
hello 
hello 
hello 
hello 
hello 
hello 
hello 
hello 
hello 
hello 
hello 
hello 
hello 
hello 
hello 
hello 
hello 
hello 
hello 
hello 
hello 
hello 
hello 
hello 
hello 
hello 
hello 
hello 
hello 
hello 
hello 
hello 
hello 
hello 
hello 
hello 
hello 
hello 
hello 
hello 
hello 
hello 
hello 
hello 
hello 
hello 
hello 
hello 
hello 
hello 
hello 
hello 
hello 
hello 
hello 
hello 
hello 
hello 
hello 
hello 
hello 
hello 
hello 
hello 
hello 
hello 
hello 
hello 
hello 
hello 
hello 
hello 
hello 
hello 
hello 
hello 
hello 
hello 
hello 
hello 
hello 
hello 
hello 
hello 
hello 
hello 
hello 
hello 
hello 
hello 
hello 
hello 
hello 
hello 
hello 
hello 
hello 
hello 
hello 
hello 
hello 
hello 
hello 
hello 
hello 
hello 
hello 
hello 
hello 
hello 
hello 
hello 
hello 
hello 
hello 
hello 
hello 
hello 
hello 
hello 
hello 
hello 
hello 
hello 
hello 
hello 
hello 
hello 
hello 
hello 
hello 
hello 
hello 
hello 
hello 
hello 
hello 
hello 
hello 
hello 
hello 
hello 
hello 
hello 
hello 
hello 
hello 
hello 
hello 
hello 
hello 
hello 
hello 
hello 
hello 
hello 
hello 
hello 
hello 
hello 
hello 
hello 
hello 
hello 
hello 
hello 
hello 
hello 
hello 
hello 
hello 
hello 
hello 
hello 
hello 
hello 
hello 
hello 
hello 
hello 
hello 
hello 
hello 
hello 
hello 
hello 
hello 
hello 
hello 
hello 
hello 
hello 
hello 
hello 
hello 
hello 
hello 
hello 
hello 
hello 
hello 
hello 
hello 
hello 
hello 
hello 
hello 
hello 
hello 
hello 
hello 
hello 
hello 
hello 
hello 
hello 
hello 
hello 
hello 
hello 
hello 
hello 
hello 
hello 
hello 
hello 
hello 
hello 
hello 
hello 
hello 
hello 
hello 
hello 
hello 
hello 
hello 
hello 
hello 
hello 
hello 
hello 
hello 
hello 
hello 
hello 
hello 
hello 
hello 
hello 
hello 
hello 
hello 
hello 
hello 
hello 
hello 
hello 
hello 
hello 
hello 
hello 
hello 
hello 
hello 
hello 
hello 
hello 
hello 
hello 
hello 
hello 
hello 
hello 
hello 
hello 
hello 
hello 
hello 
hello 
hello 
hello 
hello 
hello 
hello 
hello 
hello 
hello 
hello 
hello 
hello 
hello 
hello 
hello 
hello 
hello 
hello 
hello 
hello 
hello 
hello 
hello 
hello 
hello 
hello 
hello 
hello 
hello 
hello 
hello 
hello 
hello 
hello 
hello 
hello 
hello 
hello 
hello 
hello 
hello 
hello 
hello 
hello 
hello 
hello 
hello 
hello 
hello 
hello 
hello 
hello 
hello 
hello 
hello 
hello 
hello 
hello 
hello 
hello 
hello 
hello 
hello 
hello 
hello 
hello 
hello 
hello 
hello 
hello 
hello 
hello 
hello 
hello 
hello 
hello 
hello 
hello 
hello 
hello 
hello 
hello 
hello 
hello 
hello 
hello 
hello 
hello 
hello 
hello 
hello 
hello 
hello 
hello 
hello 
hello 
hello 
hello 
hello 
hello 
hello 
hello 
hello 
hello 
hello 
hello 
hello 
hello 
hello 
hello 
hello 
hello 
hello 
hello 
hello 
hello 
hello 
hello 
hello 
hello 
hello 
hello 
hello 
hello 
hello 
hello 
hello 
hello 
hello 
hello 
hello 
hello 
hello 
hello 
hello 
hello 
hello 
hello 
hello 
hello 
hello 
hello 
hello 
hello 
hello 
hello 
hello 
hello 
hello 
hello 
hello 
hello 
hello 
hello 
hello 
hello 
hello 
hello 
hello 
hello 
hello 
hello 
hello 
hello 
hello 
hello 
hello 
hello 
hello 
hello 
hello 
hello 
hello 
hello 
hello 
hello 
hello 
hello 
hello 
hello 
hello 
hello 
hello 
hello 
hello 
hello 
hello 
hello 
hello 
hello 
hello 
hello 
hello 
hello 
hello 
hello 
hello 
hello 
hello 
hello 
hello 
hello 
hello 
hello 
hello 
hello 
hello 
hello 
hello 
hello 
hello 
hello 
hello 
hello 
hello 
hello 
hello 
hello 
hello 
hello 
hello 
hello 
hello 
hello 
hello 
hello 
hello 
hello 
hello 
hello 
hello 
hello 
hello 
hello 
hello 
hello 
hello 
hello 
hello 
hello 
hello 
hello 
hello 
hello 
hello 
hello 
hello 
hello 
hello 
hello 
hello 
hello 
hello 
hello 
hello 
hello 
hello 
hello 
hello 
hello 
hello 
hello 
hello 
hello 
hello 
hello 
hello 
hello 
hello 
hello 
hello 
hello 
hello 
hello 
hello 
hello 
hello 
hello 
hello 
hello 
hello 
hello 
hello 
hello 
hello 
hello 
hello 
hello 
hello 
hello 
hello 
hello 
hello 
hello 
hello 
hello 
hello 
hello 
hello 
hello 
hello 
hello 
hello 
hello 
hello 
hello 
hello 
hello 
hello 
hello 
hello 
hello 
hello 
hello 
hello 
hello 
hello 
hello 
hello 
hello 
hello 
hello 
hello 
hello 
hello 
hello 
hello 
hello 
hello 
hello 
hello 
hello 
hello 
hello 
hello 
hello 
hello 
hello 
hello 
hello 
hello 
hello 
hello 
hello 
hello 
hello 
hello 
hello 
hello 
hello 
hello 
hello 
hello 
hello 
hello 
hello 
hello 
hello 
hello 
hello 
hello 
hello 
hello 
hello 
hello 
hello 
hello 
hello 
hello 
hello 
hello 
hello 
hello 
hello 
hello 
hello 
hello 
hello 
hello 
hello 
hello 
hello 
hello 
hello 
hello 
hello 
hello 
hello 
hello 
hello 
hello 
hello 
hello 
hello 
hello 
hello 
hello 
hello 
hello 
hello 
hello 
hello 
hello 
hello 
hello 
hello 
hello 
hello 
hello 
hello 
hello 
hello 
hello 
hello 
hello 
hello 
hello 
hello 
hello 
hello 
hello 
hello 
hello 
hello 
hello 
hello 
hello 
hello 
hello 
hello 
hello 
hello 
hello 
hello 
hello 
hello 
hello 
hello 
hello 
hello 
hello 
hello 
hello 
hello 
hello 
hello 
hello 
hello 
hello 
hello 
hello 
hello 
hello 
hello 
hello 
hello 
hello 
hello 
hello 
hello 
hello 
hello 
hello 
hello 
hello 
hello 
hello 
hello 
hello 
hello 
hello 
hello 
hello 
hello 
hello 
hello 
hello 
hello 
hello 
hello 
hello 
hello 
hello 
hello 
hello 
hello 
hello 
hello 
hello 
hello 
hello 
hello 
hello 
hello 
hello 
hello 
hello 
hello 
hello 
hello 
hello 
hello 
hello 
hello 
hello 
hello 
hello 
hello 
hello 
hello 
hello 
hello 
hello 
hello 
hello 
hello 
hello 
hello 
hello 
hello 
hello 
hello 
hello 
hello 
hello 
hello 
hello 
hello 
hello 
hello 
hello 
hello 
hello 
hello 
hello 
hello 
hello 
hello 
hello 
hello 
hello 
hello 
hello 
hello 
hello 
hello 
hello 
hello 
hello 
hello 
hello 
hello 
hello 
hello 
hello 
hello 
hello 
hello 
hello 
hello 
hello 
hello 
hello 
hello 
hello 
hello 
hello 
hello 
hello 
hello 
hello 
hello 
hello 
hello 
hello 
hello 
hello 
hello 
hello 
hello 
hello 
hello 
hello 
hello 
hello 
hello 
hello 
hello 
hello 
hello 
hello 
hello 
hello 
hello 
hello 
hello 
hello 
hello 
hello 
hello 
hello 
hello 
hello 
hello 
hello 
hello 
hello 
hello 
hello 
hello 
hello 
hello 
hello 
hello 
hello 
hello 
hello 
hello 
hello 
hello 
hello 
hello 
hello 
hello 
hello 
hello 
hello 
hello 
hello 
hello 
hello 
hello 
hello 
hello 
hello 
hello 
hello 
hello 
hello 
hello 
hello 
hello 
hello 
hello 
hello 
hello 
hello 
hello 
hello 
hello 
hello 
hello 
hello 
hello 
hello 
hello 
hello 
hello 
hello 
hello 
hello 
hello 
hello 
hello 
hello 
hello 
hello 
hello 
hello 
hello 
hello 
hello 
hello 
hello 
hello 
hello 
hello 
hello 
hello 
hello 
hello 
hello 
hello 
hello 
hello 
hello 
hello 
hello 
hello 
hello 
hello 
hello 
hello 
hello 
hello 
hello 
hello 
hello 
hello 
hello 
hello 
hello 
hello 
hello 
hello 
hello 
hello 
hello 
hello 
hello 
hello 
hello 
hello 
hello 
hello 
hello 
hello 
hello 
hello 
hello 
hello 
hello 
hello 
hello 
hello 
hello 
hello 
hello 
hello 
hello 
hello 
hello 
hello 
hello 
hello 
hello 
hello 
hello 
hello 
hello 
hello 
hello 
hello 
hello 
hello 
hello 
hello 
hello 
hello 
hello 
hello 
hello 
hello 
hello 
hello 
hello 
hello 
hello 
hello 
hello 
hello 
hello 
hello 
hello 
hello 
hello 
hello 
hello 
hello 
hello 
hello 
hello 
hello 
hello 
hello 
hello 
hello 
hello 
hello 
hello 
hello 
hello 
hello 
hello 
hello 
hello 
hello 
hello 
hello 
hello 
hello 
hello 
hello 
hello 
hello 
hello 
hello 
hello 
hello 
hello 
hello 
hello 
hello 
hello 
hello 
hello 
hello 
hello 
hello 
hello 
hello 
hello 
hello 
hello 
hello 
hello 
hello 
hello 
hello 
hello 
hello 
hello 
hello 
hello 
hello 
hello 
hello 
hello 
hello 
hello 
hello 
hello 
hello 
hello 
hello 
hello 
hello 
hello 
hello 
hello 
hello 
hello 
hello 
hello 
hello 
hello 
hello 
hello 
hello 
hello 
hello 
hello 
hello 
hello 
hello 
hello 
hello 
hello 
hello 
hello 
hello 
hello 
hello 
hello 
hello 
hello 
hello 
hello 
hello 
hello 
hello 
hello 
hello 
hello 
hello 
hello 
hello 
hello 
hello 
hello 
hello 
hello 
hello 
hello 
hello 
hello 
hello 
hello 
hello 
hello 
hello 
hello 
hello 
hello 
hello 
hello 
hello 
hello 
hello 
hello 
hello 
hello 
hello 
hello 
hello 
hello 
hello 
hello 
hello 
hello 
hello 
hello 
hello 
hello 
hello 
hello 
hello 
hello 
hello 
hello 
hello 
hello 
hello 
hello 
hello 
hello 
hello 
hello 
hello 
hello 
hello 
hello 
hello 
hello 
hello 
hello 
hello 
hello 
hello 
hello 
hello 
hello 
hello 
hello 
hello 
hello 
hello 
hello 
hello 
hello 
hello 
hello 
hello 
hello 
hello 
hello 
hello 
hello 
hello 
hello 
hello 
hello 
hello 
hello 
hello 
hello 
hello 
hello 
hello 
hello 
hello 
hello 
hello 
hello 
hello 
hello 
hello 
hello 
hello 
hello 
hello 
hello 
hello 
hello 
hello 
hello 
hello 
hello 
hello 
hello 
hello 
hello 
hello 
hello 
hello 
hello 
hello 
hello 
hello 
hello 
hello 
hello 
hello 
hello 
hello 
hello 
hello 
hello 
hello 
hello 
hello 
hello 
hello 
hello 
hello 
hello 
hello 
hello 
hello 
hello 
hello 
hello 
hello 
hello 
hello 
hello 
hello 
hello 
hello 
hello 
hello 
hello 
hello 
hello 
hello 
hello 
hello 
hello 
hello 
hello 
hello 
hello 
hello 
hello 
hello 
hello 
hello 
hello 
hello 
hello 
hello 
hello 
hello 
hello 
hello 
hello 
hello 
hello 
hello 
hello 
hello 
hello 
hello 
hello 
hello 
hello 
hello 
hello 
hello 
hello 
hello 
hello 
hello 
hello 
hello 
hello 
hello 
hello 
hello 
hello 
hello 
hello 
hello 
hello 
hello 
hello 
hello 
hello 
hello 
hello 
hello 
hello 
hello 
hello 
hello 
hello 
hello 
hello 
hello 
hello 
hello 
hello 
hello 
hello 
hello 
hello 
hello 
hello 
hello 
hello 
hello 
hello 
hello 
hello 
hello 
hello 
hello 
hello 
hello 
hello 
hello 
hello 
hello 
hello 
hello 
hello 
hello 
hello 
hello 
hello 
hello 
hello 
hello 
hello 
hello 
hello 
hello 
hello 
hello 
hello 
hello 
hello 
hello 
hello 
hello 
hello 
hello 
hello 
hello 
hello 
hello 
hello 
hello 
hello 
hello 
hello 
hello 
hello 
hello 
hello 
hello 
hello 
hello 
hello 
hello 
hello 
hello 
hello 
hello 
hello 
hello 
hello 
hello 
hello 
hello 
hello 
hello 
hello 
hello 
hello 
hello 
hello 
hello 
hello 
hello 
hello 
hello 
hello 
hello 
hello 
hello 
hello 
hello 
hello 
hello 
hello 
hello 
hello 
hello 
hello 
hello 
hello 
hello 
hello 
hello 
hello 
hello 
hello 
hello 
hello 
hello 
hello 
hello 
hello 
hello 
hello 
hello 
hello 
hello 
hello 
hello 
hello 
hello 
hello 
hello 
hello 
hello 
hello 
hello 
hello 
hello 
hello 
hello 
hello 
hello 
hello 
hello 
hello 
hello 
hello 
hello 
hello 
hello 
hello 
hello 
hello 
hello 
hello 
hello 
hello 
hello 
hello 
hello 
hello 
hello 
hello 
hello 
hello 
hello 
hello 
hello 
hello 
hello 
hello 
hello 
hello 
hello 
hello 
hello 
hello 
hello 
hello 
hello 
hello 
hello 
hello 
hello 
hello 
hello 
hello 
hello 
hello 
hello 
hello 
hello 
hello 
hello 
hello 
hello 
hello 
hello 
hello 
hello 
hello 
hello 
hello 
hello 
hello 
hello 
hello 
hello 
hello 
hello 
hello 
hello 
hello 
hello 
hello 
hello 
hello 
hello 
hello 
hello 
hello 
hello 
hello 
hello 
hello 
hello 
hello 
hello 
hello 
hello 
hello 
hello 
hello 
hello 
hello 
hello 
hello 
hello 
hello 
hello 
hello 
hello 
hello 
hello 
hello 
hello 
hello 
hello 
hello 
hello 
hello 
hello 
hello 
hello 
hello 
hello 
hello 
hello 
hello 
hello 
hello 
hello 
hello 
hello 
hello 
hello 
hello 
hello 
hello 
hello 
hello 
hello 
hello 
hello 
hello 
hello 
hello 
hello 
hello 
hello 
hello 
hello 
hello 
hello 
hello 
hello 
hello 
hello 
hello 
hello 
hello 
hello 
hello 
hello 
hello 
hello 
hello 
hello 
hello 
hello 
hello 
hello 
hello 
hello 
hello 
hello 
hello 
hello 
hello 
hello 
hello 
hello 
hello 
hello 
hello 
hello 
hello 
hello 
hello 
hello 
hello 
hello 
hello 
hello 
hello 
hello 
hello 
hello 
hello 
hello 
hello 
hello 
hello 
hello 
hello 
hello 
hello 
hello 
hello 
hello 
hello 
hello 
hello 
hello 
hello 
hello 
hello 
hello 
hello 
hello 
hello 
hello 
hello 
hello 
hello 
hello 
hello 
hello 
hello 
hello 
hello 
hello 
hello 
hello 
hello 
hello 
hello 
hello 
hello 
hello 
hello 
hello 
hello 
hello 
hello 
hello 
hello 
hello 
hello 
hello 
hello 
hello 
hello 
hello 
hello 
hello 
hello 
hello 
hello 
hello 
hello 
hello 
hello 
hello 
hello 
hello 
hello 
hello 
hello 
hello 
hello 
hello 
hello 
hello 
hello 
hello 
hello 
hello 
hello 
hello 
hello 
hello 
hello 
hello 
hello 
hello 
hello 
hello 
hello 
hello 
hello 
hello 
hello 
hello 
hello 
hello 
hello 
hello 
hello 
hello 
hello 
hello 
hello 
hello 
hello 
hello 
hello 
hello 
hello 
hello 
hello 
hello 
hello 
hello 
hello 
hello 
hello 
hello 
hello 
hello 
hello 
hello 
hello 
hello 
hello 
hello 
hello 
hello 
hello 
hello 
hello 
hello 
hello 
hello 
hello 
hello 
hello 
hello 
hello 
hello 
hello 
hello 
hello 
hello 
hello 
hello 
hello 
hello 
hello 
hello 
hello 
hello 
hello 
hello 
hello 
hello 
hello 
hello 
hello 
hello 
hello 
hello 
hello 
hello 
hello 
hello 
hello 
hello 
hello 
hello 
hello 
hello 
hello 
hello 
hello 
hello 
hello 
hello 
hello 
hello 
hello 
hello 
hello 
hello 
hello 
hello 
hello 
hello 
hello 
hello 
hello 
hello 
hello 
hello 
hello 
hello 
hello 
hello 
hello 
hello 
hello 
hello 
hello 
hello 
hello 
hello 
hello 
hello 
hello 
hello 
hello 
hello 
hello 
hello 
hello 
hello 
hello 
hello 
hello 
hello 
hello 
hello 
hello 
hello 
hello 
hello 
hello 
hello 
hello 
hello 
hello 
hello 
hello 
hello 
hello 
hello 
hello 
hello 
hello 
hello 
hello 
hello 
hello 
hello 
hello 
hello 
hello 
hello 
hello 
hello 
hello 
hello 
hello 
hello 
hello 
hello 
hello 
hello 
hello 
hello 
hello 
hello 
hello 
hello 
hello 
hello 
hello 
hello 
hello 
hello 
hello 
hello 
hello 
hello 
hello 
hello 
hello 
hello 
hello 
hello 
hello 
hello 
hello 
hello 
hello 
hello 
hello 
hello 
hello 
hello 
hello 
hello 
hello 
hello 
hello 
hello 
hello 
hello 
hello 
hello 
hello 
hello 
hello 
hello 
hello 
hello 
hello 
hello 
hello 
hello 
hello 
hello 
hello 
hello 
hello 
hello 
hello 
hello 
hello 
hello 
hello 
hello 
hello 
hello 
hello 
hello 
hello 
hello 
hello 
hello 
hello 
hello 
hello 
hello 
hello 
hello 
hello 
hello 
hello 
hello 
hello 
hello 
hello 
hello 
hello 
hello 
hello 
hello 
hello 
hello 
hello 
hello 
hello 
hello 
hello 
hello 
hello 
hello 
hello 
hello 
hello 
hello 
hello 
hello 
hello 
hello 
hello 
hello 
hello 
hello 
hello 
hello 
hello 
hello 
hello 
hello 
hello 
hello 
hello 
hello 
hello 
hello 
hello 
hello 
hello 
hello 
hello 
hello 
hello 
hello 
hello 
hello 
hello 
hello 
hello 
hello 
hello 
hello 
hello 
hello 
hello 
hello 
hello 
hello 
hello 
hello 
hello 
hello 
hello 
hello 
hello 
hello 
hello 
hello 
hello 
hello 
hello 
hello 
hello 
hello 
hello 
hello 
hello 
hello 
hello 
hello 
hello 
hello 
hello 
hello 
hello 
hello 
hello 
hello 
hello 
hello 
hello 
hello 
hello 
hello 
hello 
hello 
hello 
hello 
hello 
hello 
hello 
hello 
hello 
hello 
hello 
hello 
hello 
hello 
hello 
hello 
hello 
hello 
hello 
hello 
hello 
hello 
hello 
hello 
hello 
hello 
hello 
hello 
hello 
hello 
hello 
hello 
hello 
hello 
hello 
hello 
hello 
hello 
hello 
hello 
hello 
hello 
hello 
hello 
hello 
hello 
hello 
hello 
hello 
hello 
hello 
hello 
hello 
hello 
hello 
hello 
hello 
hello 
hello 
hello 
hello 
hello 
hello 
hello 
hello 
hello 
hello 
hello 
hello 
hello 
hello 
hello 
hello 
hello 
hello 
hello 
hello 
hello 
hello 
hello 
hello 
hello 
hello 
hello 
hello 
hello 
hello 
hello 
hello 
hello 
hello 
hello 
hello 
hello 
hello 
hello 
hello 
hello 
hello 
hello 
hello 
hello 
hello 
hello 
hello 
hello 
hello 
hello 
hello 
hello 
hello 
hello 
hello 
hello 
hello 
hello 
hello 
hello 
hello 
hello 
hello 
hello 
hello 
hello 
hello 
hello 
hello 
hello 
hello 
hello 
hello 
hello 
hello 
hello 
hello 
hello 
hello 
hello 
hello 
hello 
hello 
hello 
hello 
hello 
hello 
hello 
hello 
hello 
hello 
hello 
hello 
hello 
hello 
hello 
hello 
hello 
hello 
hello 
hello 
hello 
hello 
hello 
hello 
hello 
hello 
hello 
hello 
hello 
hello 
hello 
hello 
hello 
hello 
hello 
hello 
hello 
hello 
hello 
hello 
hello 
hello 
hello 
hello 
hello 
hello 
hello 
hello 
hello 
hello 
hello 
hello 
hello 
hello 
hello 
hello 
hello 
hello 
hello 
hello 
hello 
hello 
hello 
hello 
hello 
hello 
hello 
hello 
hello 
hello 
hello 
hello 
hello 
hello 
hello 
hello 
hello 
hello 
hello 
hello 
hello 
hello 
hello 
hello 
hello 
hello 
hello 
hello 
hello 
hello 
hello 
hello 
hello 
hello 
hello 
hello 
hello 
hello 
hello 
hello 
hello 
hello 
hello 
hello 
hello 
hello 
hello 
hello 
hello 
hello 
hello 
hello 
hello 
hello 
hello 
hello 
hello 
hello 
hello 
hello 
hello 
hello 
hello 
hello 
hello 
hello 
hello 
hello 
hello 
hello 
hello 
hello 
hello 
hello 
hello 
hello 
hello 
hello 
hello 
hello 
hello 
hello 
hello 
hello 
hello 
hello 
hello 
hello 
hello 
hello 
hello 
hello 
hello 
hello 
hello 
hello 
hello 
hello 
hello 
hello 
hello 
hello 
hello 
hello 
hello 
hello 
hello 
hello 
hello 
hello 
hello 
hello 
hello 
hello 
hello 
hello 
hello 
hello 
hello 
hello 
hello 
hello 
hello 
hello 
hello 
hello 
hello 
hello 
hello 
hello 
hello 
hello 
hello 
hello 
hello 
hello 
hello 
hello 
hello 
hello 
hello 
hello 
hello 
hello 
hello 
hello 
hello 
hello 
hello 
hello 
hello 
hello 
hello 
hello 
hello 
hello 
hello 
hello 
hello 
hello 
hello 
hello 
hello 
hello 
hello 
hello 
hello 
hello 
hello 
hello 
hello 
hello 
hello 
hello 
hello 
hello 
hello 
hello 
hello 
hello 
hello 
hello 
hello 
hello 
hello 
hello 
hello 
hello 
hello 
hello 
hello 
hello 
hello 
hello 
hello 
hello 
hello 
hello 
hello 
hello 
hello 
hello 
hello 
hello 
hello 
hello 
hello 
hello 
hello 
hello 
hello 
hello 
hello 
hello 
hello 
hello 
hello 
hello 
hello 
hello 
hello 
hello 
hello 
hello 
hello 
hello 
hello 
hello 
hello 
hello 
hello 
hello 
hello 
hello 
hello 
hello 
hello 
hello 
hello 
hello 
hello 
hello 
hello 
hello 
hello 
hello 
hello 
hello 
hello 
hello 
hello 
hello 
hello 
hello 
hello 
hello 
hello 
hello 
hello 
hello 
hello 
hello 
hello 
hello 
hello 
hello 
hello 
hello 
hello 
hello 
hello 
hello 
hello 
hello 
hello 
hello 
hello 
hello 
hello 
hello 
hello 
hello 
hello 
hello 
hello 
hello 
hello 
hello 
hello 
hello 
hello 
hello 
hello 
hello 
hello 
hello 
hello 
hello 
hello 
hello 
hello 
hello 
hello 
hello 
hello 
hello 
hello 
hello 
hello 
hello 
hello 
hello 
hello 
hello 
hello 
hello 
hello 
hello 
hello 
hello 
hello 
hello 
hello 
hello 
hello 
hello 
hello 
hello 
hello 
hello 
hello 
hello 
hello 
hello 
hello 
hello 
hello 
hello 
hello 
hello 
hello 
hello 
hello 
hello 
hello 
hello 
hello 
hello 
hello 
hello 
hello 
hello 
hello 
hello 
hello 
hello 
hello 
hello 
hello 
hello 
hello 
hello 
hello 
hello 
hello 
hello 
hello 
hello 
hello 
hello 
hello 
hello 
hello 
hello 
hello 
hello 
hello 
hello 
hello 
hello 
hello 
hello 
hello 
hello 
hello 
hello 
hello 
hello 
hello 
hello 
hello 
hello 
hello 
hello 
hello 
hello 
hello 
hello 
hello 
hello 
hello 
hello 
hello 
hello 
hello 
hello 
hello 
hello 
hello 
hello 
hello 
hello 
hello 
hello 
hello 
hello 
hello 
hello 
hello 
hello 
hello 
hello 
hello 
hello 
hello 
hello 
hello 
hello 
hello 
hello 
hello 
hello 
hello 
hello 
hello 
hello 
hello 
hello 
hello 
hello 
hello 
hello 
hello 
hello 
hello 
hello 
hello 
hello 
hello 
hello 
hello 
hello 
hello 
hello 
hello 
hello 
hello 
hello 
hello 
hello 
hello 
hello 
hello 
hello 
hello 
hello 
hello 
hello 
hello 
hello 
hello 
hello 
hello 
hello 
hello 
hello 
hello 
hello 
hello 
hello 
hello 
hello 
hello 
hello 
hello 
hello 
hello 
hello 
hello 
hello 
hello 
hello 
hello 
hello 
hello 
hello 
hello 
hello 
hello 
hello 
hello 
hello 
hello 
hello 
hello 
hello 
hello 
hello 
hello 
hello 
hello 
hello 
hello 
hello 
hello 
hello 
hello 
hello 
hello 
hello 
hello 
hello 
hello 
hello 
hello 
hello 
hello 
hello 
hello 
hello 
hello 
hello 
hello 
hello 
hello 
hello 
hello 
hello 
hello 
hello 
hello 
hello 
hello 
hello 
hello 
hello 
hello 
hello 
hello 
hello 
hello 
hello 
hello 
hello 
hello 
hello 
hello 
hello 
hello 
hello 
hello 
hello 
hello 
hello 
hello 
hello 
hello 
hello 
hello 
hello 
hello 
hello 
hello 
hello 
hello 
hello 
hello 
hello 
hello 
hello 
hello 
hello 
hello 
hello 
hello 
hello 
hello 
hello 
hello 
hello 
hello 
hello 
hello 
hello 
hello 
hello 
hello 
hello 
hello 
hello 
hello 
hello 
hello 
hello 
hello 
hello 
hello 
hello 
hello 
hello 
hello 
hello 
hello 
hello 
hello 
hello 
hello 
hello 
hello 
hello 
hello 
hello 
hello 
hello 
hello 
hello 
hello 
hello 
hello 
hello 
hello 
hello 
hello 
hello 
hello 
hello 
hello 
hello 
hello 
hello 
hello 
hello 
hello 
hello 
hello 
hello 
hello 
hello 
hello 
hello 
hello 
hello 
hello 
hello 
hello 
hello 
hello 
hello 
hello 
hello 
hello 
hello 
hello 
hello 
hello 
hello 
hello 
hello 
hello 
hello 
hello 
hello 
hello 
hello 
hello 
hello 
hello 
hello 
hello 
hello 
hello 
hello 
hello 
hello 
hello 
hello 
hello 
hello 
hello 
hello 
hello 
hello 
hello 
hello 
hello 
hello 
hello 
hello 
hello 
hello 
hello 
hello 
hello 
hello 
hello 
hello 
hello 
hello 
hello 
hello 
hello 
hello 
hello 
hello 
hello 
hello 
hello 
hello 
hello 
hello 
hello 
hello 
hello 
hello 
hello 
hello 
hello 
hello 
hello 
hello 
hello 
hello 
hello 
hello 
hello 
hello 
hello 
hello 
hello 
hello 
hello 
hello 
hello 
hello 
hello 
hello 
hello 
hello 
hello 
hello 
hello 
hello 
hello 
hello 
hello 
hello 
hello 
hello 
hello 
hello 
hello 
hello 
hello 
hello 
hello 
hello 
hello 
hello 
hello 
hello 
hello 
hello 
hello 
hello 
hello 
hello 
hello 
hello 
hello 
hello 
hello 
hello 
hello 
hello 
hello 
hello 
hello 
hello 
hello 
hello 
hello 
hello 
hello 
hello 
hello 
hello 
hello 
hello 
hello 
hello 
hello 
hello 
hello 
hello 
hello 
hello 
hello 
hello 
hello 
hello 
hello 
hello 
hello 
hello 
hello 
hello 
hello 
hello 
hello 
hello 
hello 
hello 
hello 
hello 
hello 
hello 
hello 
hello 
hello 
hello 
hello 
hello 
hello 
hello 
hello 
hello 
hello 
hello 
hello 
hello 
hello 
hello 
hello 
hello 
hello 
hello 
hello 
hello 
hello 
hello 
hello 
hello 
hello 
hello 
hello 
hello 
hello 
hello 
hello 
hello 
hello 
hello 
hello 
hello 
hello 
hello 
hello 
hello 
hello 
hello 
hello 
hello 
hello 
hello 
hello 
hello 
hello 
hello 
hello 
hello 
hello 
hello 
hello 
hello 
hello 
hello 
hello 
hello 
hello 
hello 
hello 
hello 
hello 
hello 
hello 
hello 
hello 
hello 
hello 
hello 
hello 
hello 
hello 
hello 
hello 
hello 
hello 
hello 
hello 
hello 
hello 
hello 
hello 
hello 
hello 
hello 
hello 
hello 
hello 
hello 
hello 
hello 
hello 
hello 
hello 
hello 
hello 
hello 
hello 
hello 
hello 
hello 
hello 
hello 
hello 
hello 
hello 
hello 
hello 
hello 
hello 
hello 
hello 
hello 
hello 
hello 
hello 
hello 
hello 
hello 
hello 
hello 
hello 
hello 
hello 
hello 
hello 
hello 
hello 
hello 
hello 
hello 
hello 
hello 
hello 
hello 
hello 
hello 
hello 
hello 
hello 
hello 
hello 
hello 
hello 
hello 
hello 
hello 
hello 
hello 
hello 
hello 
hello 
hello 
hello 
hello 
hello 
hello 
hello 
hello 
hello 
hello 
hello 
hello 
hello 
hello 
hello 
hello 
hello 
hello 
hello 
hello 
hello 
hello 
hello 
hello 
hello 
hello 
hello 
hello 
hello 
hello 
hello 
hello 
hello 
hello 
hello 
hello 
hello 
hello 
hello 
hello 
hello 
hello 
hello 
hello 
hello 
hello 
hello 
hello 
hello 
hello 
hello 
hello 
hello 
hello 
hello 
hello 
hello 
hello 
hello 
hello 
hello 
hello 
hello 
hello 
hello 
hello 
hello 
hello 
hello 
hello 
hello 
hello 
hello 
hello 
hello 
hello 
hello 
hello 
hello 
hello 
hello 
hello 
hello 
hello 
hello 
hello 
hello 
hello 
hello 
hello 
hello 
hello 
hello 
hello 
hello 
hello 
hello 
hello 
hello 
hello 
hello 
hello 
hello 
hello 
hello 
hello 
hello 
hello 
hello 
hello 
hello 
hello 
hello 
hello 
hello 
hello 
hello 
hello 
hello 
hello 
hello 
hello 
hello 
hello 
hello 
hello 
hello 
hello 
hello 
hello 
hello 
hello 
hello 
hello 
hello 
hello 
hello 
hello 
hello 
hello 
hello 
hello 
hello 
hello 
hello 
hello 
hello 
hello 
hello 
hello 
hello 
hello 
hello 
hello 
hello 
hello 
hello 
hello 
hello 
hello 
hello 
hello 
hello 
hello 
hello 
hello 
hello 
hello 
hello 
hello 
hello 
hello 
hello 
hello 
hello 
hello 
hello 
hello 
hello 
hello 
hello 
hello 
hello 
hello 
hello 
hello 
hello 
hello 
hello 
hello 
hello 
hello 
hello 
hello 
hello 
hello 
hello 
hello 
hello 
hello 
hello 
hello 
hello 
hello 
hello 
hello 
hello 
hello 
hello 
hello 
hello 
hello 
hello 
hello 
hello 
hello 
hello 
hello 
hello 
hello 
hello 
hello 
hello 
hello 
hello 
hello 
hello 
hello 
hello 
hello 
hello 
hello 
hello 
hello 
hello 
hello 
hello 
hello 
hello 
hello 
hello 
hello 
hello 
hello 
hello 
hello 
hello 
hello 
hello 
hello 
hello 
hello 
hello 
hello 
hello 
hello 
hello 
hello 
hello 
hello 
hello 
hello 
hello 
hello 
hello 
hello 
hello 
hello 
hello 
hello 
hello 
hello 
hello 
hello 
hello 
hello 
hello 
hello 
hello 
hello 
hello 
hello 
hello 
hello 
hello 
hello 
hello 
hello 
hello 
hello 
hello 
hello 
hello 
hello 
hello 
hello 
hello 
hello 
hello 
hello 
hello 
hello 
hello 
hello 
hello 
hello 
hello 
hello 
hello 
hello 
hello 
hello 
hello 
hello 
hello 
hello 
hello 
hello 
hello 
hello 
hello 
hello 
hello 
hello 
hello 
hello 
hello 
hello 
hello 
hello 
hello 
hello 
hello 
hello 
hello 
hello 
hello 
hello 
hello 
hello 
hello 
hello 
hello 
hello 
hello 
hello 
hello 
hello 
hello 
hello 
hello 
hello 
hello 
hello 
hello 
hello 
hello 
hello 
hello 
hello 
hello 
hello 
hello 
hello 
hello 
hello 
hello 
hello 
hello 
hello 
hello 
hello 
hello 
hello 
hello 
hello 
hello 
hello 
hello 
hello 
hello 
hello 
hello 
hello 
hello 
hello 
hello 
hello 
hello 
hello 
hello 
hello 
hello 
hello 
hello 
hello 
hello 
hello 
hello 
hello 
hello 
hello 
hello 
hello 
hello 
hello 
hello 
hello 
hello 
hello 
hello 
hello 
hello 
hello 
hello 
hello 
hello 
hello 
hello 
hello 
hello 
hello 
hello 
hello 
hello 
hello 
hello 
hello 
hello 
hello 
hello 
hello 
hello 
hello 
hello 
hello 
hello 
hello 
hello 
hello 
hello 
hello 
hello 
hello 
hello 
hello 
hello 
hello 
hello 
hello 
hello 
hello 
hello 
hello 
hello 
hello 
hello 
hello 
hello 
hello 
hello 
hello 
hello 
hello 
hello 
hello 
hello 
hello 
hello 
hello 
hello 
hello 
hello 
hello 
hello 
hello 
hello 
hello 
hello 
hello 
hello 
hello 
hello 
hello 
hello 
hello 
hello 
hello 
hello 
hello 
hello 
hello 
hello 
hello 
hello 
hello 
hello 
hello 
hello 
hello 
hello 
hello 
hello 
hello 
hello 
hello 
hello 
hello 
hello 
hello 
hello 
hello 
hello 
hello 
hello 
hello 
hello 
hello 
hello 
hello 
hello 
hello 
hello 
hello 
hello 
hello 
hello 
hello 
hello 
hello 
hello 
hello 
hello 
hello 
hello 
hello 
hello 
hello 
hello 
hello 
hello 
hello 
hello 
hello 
hello 
hello 
hello 
hello 
hello 
hello 
hello 
hello 
hello 
hello 
hello 
hello 
hello 
hello 
hello 
hello 
hello 
hello 
hello 
hello 
hello 
hello 
hello 
hello 
hello 
hello 
hello 
hello 
hello 
hello 
hello 
hello 
hello 
hello 
hello 
hello 
hello 
hello 
hello 
hello 
hello 
hello 
hello 
hello 
hello 
hello 
hello 
hello 
hello 
hello 
hello 
hello 
hello 
hello 
hello 
hello 
hello 
hello 
hello 
hello 
hello 
hello 
hello 
hello 
hello 
hello 
hello 
hello 
hello 
hello 
hello 
hello 
hello 
hello 
hello 
hello 
hello 
hello 
hello 
hello 
hello 
hello 
hello 
hello 
hello 
hello 
hello 
hello 
hello 
hello 
hello 
hello 
hello 
hello 
hello 
hello 
hello 
hello 
hello 
hello 
hello 
hello 
hello 
hello 
hello 
hello 
hello 
hello 
hello 
hello 
hello 
hello 
hello 
hello 
hello 
hello 
hello 
hello 
hello 
hello 
hello 
hello 
hello 
hello 
hello 
hello 
hello 
hello 
hello 
hello 
hello 
hello 
hello 
hello 
hello 
hello 
hello 
hello 
hello 
hello 
hello 
hello 
hello 
hello 
hello 
hello 
hello 
hello 
hello 
hello 
hello 
hello 
hello 
hello 
hello 
hello 
hello 
hello 
hello 
hello 
hello 
hello 
hello 
hello 
hello 
hello 
hello 
hello 
hello 
hello 
hello 
hello 
hello 
hello 
hello 
hello 
hello 
hello 
hello 
hello 
hello 
hello 
hello 
hello 
hello 
hello 
hello 
hello 
hello 
hello 
hello 
hello 
hello 
hello 
hello 
hello 
hello 
hello 
hello 
hello 
hello 
hello 
hello 
hello 
hello 
hello 
hello 
hello 
hello 
hello 
hello 
hello 
hello 
hello 
hello 
hello 
hello 
hello 
hello 
hello 
hello 
hello 
hello 
hello 
hello 
hello 
hello 
hello 
hello 
hello 
hello 
hello 
hello 
hello 
hello 
hello 
hello 
hello 
hello 
hello 
hello 
hello 
hello 
hello 
hello 
hello 
hello 
hello 
hello 
hello 
hello 
hello 
hello 
hello 
hello 
hello 
hello 
hello 
hello 
hello 
hello 
hello 
hello 
hello 
hello 
hello 
hello 
hello 
hello 
hello 
hello 
hello 
hello 
hello 
hello 
hello 
hello 
hello 
hello 
hello 
hello 
hello 
hello 
hello 
hello 
hello 
hello 
hello 
hello 
hello 
hello 
hello 
hello 
hello 
hello 
hello 
hello 
hello 
hello 
hello 
hello 
hello 
hello 
hello 
hello 
hello 
hello 
hello 
hello 
hello 
hello 
hello 
hello 
hello 
hello 
hello 
hello 
hello 
hello 
hello 
hello 
hello 
hello 
hello 
hello 
hello 
hello 
hello 
hello 
hello 
hello 
hello 
hello 
hello 
hello 
hello 
hello 
hello 
hello 
hello 
hello 
hello 
hello 
hello 
hello 
hello 
hello 
hello 
hello 
hello 
hello 
hello 
hello 
hello 
hello 
hello 
hello 
hello 
hello 
hello 
hello 
hello 
hello 
hello 
hello 
hello 
hello 
hello 
hello 
hello 
hello 
hello 
hello 
hello 
hello 
hello 
hello 
hello 
hello 
hello 
hello 
hello 
hello 
hello 
hello 
hello 
hello 
hello 
hello 
hello 
hello 
hello 
hello 
hello 
hello 
hello 
hello 
hello 
hello 
hello 
hello 
hello 
hello 
hello 
hello 
hello 
hello 
hello 
hello 
hello 
hello 
hello 
hello 
hello 
hello 
hello 
hello 
hello 
hello 
hello 
hello 
hello 
hello 
hello 
hello 
hello 
hello 
hello 
hello 
hello 
hello 
hello 
hello 
hello 
hello 
hello 
hello 
hello 
hello 
hello 
hello 
hello 
hello 
hello 
hello 
hello 
hello 
hello 
hello 
hello 
hello 
hello 
hello 
hello 
hello 
hello 
hello 
hello 
hello 
hello 
hello 
hello 
hello 
hello 
hello 
hello 
hello 
hello 
hello 
hello 
hello 
hello 
hello 
hello 
hello 
hello 
hello 
hello 
hello 
hello 
hello 
hello 
hello 
hello 
hello 
hello 
hello 
hello 
hello 
hello 
hello 
hello 
hello 
hello 
hello 
hello 
hello 
hello 
hello 
hello 
hello 
hello 
hello 
hello 
hello 
hello 
hello 
hello 
hello 
hello 
hello 
hello 
hello 
hello 
hello 
hello 
hello 
hello 
hello 
hello 
hello 
hello 
hello 
hello 
hello 
hello 
hello 
hello 
hello 
hello 
hello 
hello 
hello 
hello 
hello 
hello 
hello 
hello 
hello 
hello 
hello 
hello 
hello 
hello 
hello 
hello 
hello 
hello 
hello 
hello 
hello 
hello 
hello 
hello 
hello 
hello 
hello 
hello 
hello 
hello 
hello 
hello 
hello 
hello 
hello 
hello 
hello 
hello 
hello 
hello 
hello 
hello 
hello 
hello 
hello 
hello 
hello 
hello 
hello 
hello 
hello 
hello 
hello 
hello 
hello 
hello 
hello 
hello 
hello 
hello 
hello 
hello 
hello 
hello 
hello 
hello 
hello 
hello 
hello 
hello 
hello 
hello 
hello 
hello 
hello 
hello 
hello 
hello 
hello 
hello 
hello 
hello 
hello 
hello 
hello 
hello 
hello 
hello 
hello 
hello 
hello 
hello 
hello 
hello 
hello 
hello 
hello 
hello 
hello 
hello 
hello 
hello 
hello 
hello 
hello 
hello 
hello 
hello 
hello 
hello 
hello 
hello 
hello 
hello 
hello 
hello 
hello 
hello 
hello 
hello 
hello 
hello 
hello 
hello 
hello 
hello 
hello 
hello 
hello 
hello 
hello 
hello 
hello 
hello 
hello 
hello 
hello 
hello 
hello 
hello 
hello 
hello 
hello 
hello 
hello 
hello 
hello 
hello 
hello 
hello 
hello 
hello 
hello 
hello 
hello 
hello 
hello 
hello 
hello 
hello 
hello 
hello 
hello 
hello 
hello 
hello 
hello 
hello 
hello 
hello 
hello 
hello 
hello 
hello 
hello 
hello 
hello 
hello 
hello 
hello 
hello 
hello 
hello 
hello 
hello 
hello 
hello 
hello 
hello 
hello 
hello 
hello 
hello 
hello 
hello 
hello 
hello 
hello 
hello 
hello 
hello 
hello 
hello 
hello 
hello 
hello 
hello 
hello 
hello 
hello 
hello 
hello 
hello 
hello 
hello 
hello 
hello 
hello 
hello 
hello 
hello 
hello 
hello 
hello 
hello 
hello 
hello 
hello 
hello 
hello 
hello 
hello 
hello 
hello 
hello 
hello 
hello 
hello 
hello 
hello 
hello 
hello 
hello 
hello 
hello 
hello 
hello 
hello 
hello 
hello 
hello 
hello 
hello 
hello 
hello 
hello 
hello 
hello 
hello 
hello 
hello 
hello 
hello 
hello 
hello 
hello 
hello 
hello 
hello 
hello 
hello 
hello 
hello 
hello 
hello 
hello 
hello 
hello 
hello 
hello 
hello 
hello 
hello 
hello 
hello 
hello 
hello 
hello 
hello 
hello 
hello 
hello 
hello 
hello 
hello 
hello 
hello 
hello 
hello 
hello 
hello 
hello 
hello 
hello 
hello 
hello 
hello 
hello 
hello 
hello 
hello 
hello 
hello 
hello 
hello 
hello 
hello 
hello 
hello 
hello 
hello 
hello 
hello 
hello 
hello 
hello 
hello 
hello 
hello 
hello 
hello 
hello 
hello 
hello 
hello 
hello 
hello 
hello 
hello 
hello 
hello 
hello 
hello 
hello 
hello 
hello 
hello 
hello 
hello 
hello 
hello 
hello 
hello 
hello 
hello 
hello 
hello 
hello 
hello 
hello 
hello 
hello 
hello 
hello 
hello 
hello 
hello 
hello 
hello 
hello 
hello 
hello 
hello 
hello 
hello 
hello 
hello 
hello 
hello 
hello 
hello 
hello 
hello 
hello 
hello 
hello 
hello 
hello 
hello 
hello 
hello 
hello 
hello 
hello 
hello 
hello 
hello 
hello 
hello 
hello 
hello 
hello 
hello 
hello 
hello 
hello 
hello 
hello 
hello 
hello 
hello 
hello 
hello 
hello 
hello 
hello 
hello 
hello 
hello 
hello 
hello 
hello 
hello 
hello 
hello 
hello 
hello 
hello 
hello 
hello 
hello 
hello 
hello 
hello 
hello 
hello 
hello 
hello 
hello 
hello 
hello 
hello 
hello 
hello 
hello 
hello 
hello 
hello 
hello 
hello 
hello 
hello 
hello 
hello 
hello 
hello 
hello 
hello 
hello 
hello 
hello 
hello 
hello 
hello 
hello 
hello 
hello 
hello 
hello 
hello 
hello 
hello 
hello 
hello 
hello 
hello 
hello 
hello 
hello 
hello 
hello 
hello 
hello 
hello 
hello 
hello 
hello 
hello 
hello 
hello 
hello 
hello 
hello 
hello 
hello 
hello 
hello 
hello 
hello 
hello 
hello 
hello 
hello 
hello 
hello 
hello 
hello 
hello 
hello 
hello 
hello 
hello 
hello 
hello 
hello 
hello 
hello 
hello 
hello 
hello 
hello 
hello 
hello 
hello 
hello 
hello 
hello 
hello 
hello 
hello 
hello 
hello 
hello 
hello 
hello 
hello 
hello 
hello 
hello 
hello 
hello 
hello 
hello 
hello 
hello 
hello 
hello 
hello 
hello 
hello 
hello 
hello 
hello 
hello 
hello 
hello 
hello 
hello 
hello 
hello 
hello 
hello 
hello 
hello 
hello 
hello 
hello 
hello 
hello 
hello 
hello 
hello 
hello 
hello 
hello 
hello 
hello 
hello 
hello 
hello 
hello 
hello 
hello 
hello 
hello 
hello 
hello 
hello 
hello 
hello 
hello 
hello 
hello 
hello 
hello 
hello 
hello 
hello 
hello 
hello 
hello 
hello 
hello 
hello 
hello 
hello 
hello 
hello 
hello 
hello 
hello 
hello 
hello 
hello 
hello 
hello 
hello 
hello 
hello 
hello 
hello 
hello 
hello 
hello 
hello 
hello 
hello 
hello 
hello 
hello 
hello 
hello 
hello 
hello 
hello 
hello 
hello 
hello 
hello 
hello 
hello 
hello 
hello 
hello 
hello 
hello 
hello 
hello 
hello 
hello 
hello 
hello 
hello 
hello 
hello 
hello 
hello 
hello 
hello 
hello 
hello 
hello 
hello 
hello 
hello 
hello 
hello 
hello 
hello 
hello 
hello 
hello 
hello 
hello 
hello 
hello 
hello 
hello 
hello 
hello 
hello 
hello 
hello 
hello 
hello 
hello 
hello 
hello 
hello 
hello 
hello 
hello 
hello 
hello 
hello 
hello 
hello 
hello 
hello 
hello 
hello 
hello 
hello 
hello 
hello 
hello 
hello 
hello 
hello 
hello 
hello 
hello 
hello 
hello 
hello 
hello 
hello 
hello 
hello 
hello 
hello 
hello 
hello 
hello 
hello 
hello 
hello 
hello 
hello 
hello 
hello 
hello 
hello 
hello 
hello 
hello 
hello 
hello 
hello 
hello 
hello 
hello 
hello 
hello 
hello 
hello 
hello 
hello 
hello 
hello 
hello 
hello 
hello 
hello 
hello 
hello 
hello 
hello 
hello 
hello 
hello 
hello 
hello 
hello 
hello 
hello 
hello 
hello 
hello 
hello 
hello 
hello 
hello 
hello 
hello 
hello 
hello 
hello 
hello 
hello 
hello 
hello 
hello 
hello 
hello 
hello 
hello 
hello 
hello 
hello 
hello 
hello 
hello 
hello 
hello 
hello 
hello 
hello 
hello 
hello 
hello 
hello 
hello 
hello 
hello 
hello 
hello 
hello 
hello 
hello 
hello 
hello 
hello 
hello 
hello 
hello 
hello 
hello 
hello 
hello 
hello 
hello 
hello 
hello 
hello 
hello 
hello 
hello 
hello 
hello 
hello 
hello 
hello 
hello 
hello 
hello 
hello 
hello 
hello 
hello 
hello 
hello 
hello 
hello 
hello 
hello 
hello 
hello 
hello 
hello 
hello 
hello 
hello 
hello 
hello 
hello 
hello 
hello 
hello 
hello 
hello 
hello 
hello 
hello 
hello 
hello 
hello 
hello 
hello 
hello 
hello 
hello 
hello 
hello 
hello 
hello 
hello 
hello 
hello 
hello 
hello 
hello 
hello 
hello 
hello 
hello 
hello 
hello 
hello 
hello 
hello 
hello 
hello 
hello 
hello 
hello 
hello 
hello 
hello 
hello 
hello 
hello 
hello 
hello 
hello 
hello 
hello 
hello 
hello 
hello 
hello 
hello 
hello 
hello 
hello 
hello 
hello 
hello 
hello 
hello 
hello 
hello 
hello 
hello 
hello 
hello 
hello 
hello 
hello 
hello 
hello 
hello 
hello 
hello 
hello 
hello 
hello 
hello 
hello 
hello 
hello 
hello 
hello 
hello 
hello 
hello 
hello 
hello 
hello 
hello 
hello 
hello 
hello 
hello 
hello 
hello 
hello 
hello 
hello 
hello 
hello 
hello 
hello 
hello 
hello 
hello 
hello 
hello 
hello 
hello 
hello 
hello 
hello 
hello 
hello 
hello 
hello 
hello 
hello 
hello 
hello 
hello 
hello 
hello 
hello 
hello 
hello 
hello 
hello 
hello 
hello 
hello 
hello 
hello 
hello 
hello 
hello 
hello 
hello 
hello 
hello 
hello 
hello 
hello 
hello 
hello 
hello 
hello 
hello 
hello 
hello 
hello 
hello 
hello 
hello 
hello 
hello 
hello 
hello 
hello 
hello 
hello 
hello 
hello 
hello 
hello 
hello 
hello 
hello 
hello 
hello 
hello 
hello 
hello 
hello 
hello 
hello 
hello 
hello 
hello 
hello 
hello 
hello 
hello 
hello 
hello 
hello 
hello 
hello 
hello 
hello 
hello 
hello 
hello 
hello 
hello 
hello 
hello 
hello 
hello 
hello 
hello 
hello 
hello 
hello 
hello 
hello 
hello 
hello 
hello 
hello 
hello 
hello 
hello 
hello 
hello 
hello 
hello 
hello 
hello 
hello 
hello 
hello 
hello 
hello 
hello 
hello 
hello 
hello 
hello 
hello 
hello 
hello 
hello 
hello 
hello 
hello 
hello 
hello 
hello 
hello 
hello 
hello 
hello 
hello 
hello 
hello 
hello 
hello 
hello 
hello 
hello 
hello 
hello 
hello 
hello 
hello 
hello 
hello 
hello 
hello 
hello 
hello 
hello 
hello 
hello 
hello 
hello 
hello 
hello 
hello 
hello 
hello 
hello 
hello 
hello 
hello 
hello 
hello 
hello 
hello 
hello 
hello 
hello 
hello 
hello 
hello 
hello 
hello 
hello 
hello 
hello 
hello 
hello 
hello 
hello 
hello 
hello 
hello 
hello 
hello 
hello 
hello 
hello 
hello 
hello 
hello 
hello 
hello 
hello 
hello 
hello 
hello 
hello 
hello 
hello 
hello 
hello 
hello 
hello 
hello 
hello 
hello 
hello 
hello 
hello 
hello 
hello 
hello 
hello 
hello 
hello 
hello 
hello 
hello 
hello 
hello 
hello 
hello 
hello 
hello 
hello 
hello 
hello 
hello 
hello 
hello 
hello 
hello 
hello 
hello 
hello 
hello 
hello 
hello 
hello 
hello 
hello 
hello 
hello 
hello 
hello 
hello 
hello 
hello 
hello 
hello 
hello 
hello 
hello 
hello 
hello 
hello 
hello 
hello 
hello 
hello 
hello 
hello 
hello 
hello 
hello 
hello 
hello 
hello 
hello 
hello 
hello 
hello 
hello 
hello 
hello 
hello 
hello 
hello 
hello 
hello 
hello 
hello 
hello 
hello 
hello 
hello 
hello 
hello 
hello 
hello 
hello 
hello 
hello 
hello 
hello 
hello 
hello 
hello 
hello 
hello 
hello 
hello 
hello 
hello 
hello 
hello 
hello 
hello 
hello 
hello 
hello 
hello 
hello 
hello 
hello 
hello 
hello 
hello 
hello 
hello 
hello 
hello 
hello 
hello 
hello 
hello 
hello 
hello 
hello 
hello 
hello 
hello 
hello 
hello 
hello 
hello 
hello 
hello 
hello 
hello 
hello 
hello 
hello 
hello 
hello 
hello 
hello 
hello 
hello 
hello 
hello 
hello 
hello 
hello 
hello 
hello 
hello 
hello 
hello 
hello 
hello 
hello 
hello 
hello 
hello 
hello 
hello 
hello 
hello 
hello 
hello 
hello 
hello 
hello 
hello 
hello 
hello 
hello 
hello 
hello 
hello 
hello 
hello 
hello 
hello 
hello 
hello 
hello 
hello 
hello 
hello 
hello 
hello 
hello 
hello 
hello 
hello 
hello 
hello 
hello 
hello 
hello 
hello 
hello 
hello 
hello 
hello 
hello 
hello 
hello 
hello 
hello 
hello 
hello 
hello 
hello 
hello 
hello 
hello 
hello 
hello 
hello 
hello 
hello 
hello 
hello 
hello 
hello 
hello 
hello 
hello 
hello 
hello 
hello 
hello 
hello 
hello 
hello 
hello 
hello 
hello 
hello 
hello 
hello 
hello 
hello 
hello 
hello 
hello 
hello 
hello 
hello 
hello 
hello 
hello 
hello 
hello 
hello 
hello 
hello 
hello 
hello 
hello 
hello 
hello 
hello 
hello 
hello 
hello 
hello 
hello 
hello 
hello 
hello 
hello 
hello 
hello 
hello 
hello 
hello 
hello 
hello 
hello 
hello 
hello 
hello 
hello 
hello 
hello 
hello 
hello 
hello 
hello 
hello 
hello 
hello 
hello 
hello 
hello 
hello 
hello 
hello 
hello 
hello 
hello 
hello 
hello 
hello 
hello 
hello 
hello 
hello 
hello 
hello 
hello 
hello 
hello 
hello 
hello 
hello 
hello 
hello 
hello 
hello 
hello 
hello 
hello 
hello 
hello 
hello 
hello 
hello 
hello 
hello 
hello 
hello 
hello 
hello 
hello 
hello 
hello 
hello 
hello 
hello 
hello 
hello 
hello 
hello 
hello 
hello 
hello 
hello 
hello 
hello 
hello 
hello 
hello 
hello 
hello 
hello 
hello 
hello 
hello 
hello 
hello 
hello 
hello 
hello 
hello 
hello 
hello 
hello 
hello 
hello 
hello 
hello 
hello 
hello 
hello 
hello 
hello 
hello 
hello 
hello 
hello 
hello 
hello 
hello 
hello 
hello 
hello 
hello 
hello 
hello 
hello 
hello 
hello 
hello 
hello 
hello 
hello 
hello 
hello 
hello 
hello 
hello 
hello 
hello 
hello 
hello 
hello 
hello 
hello 
hello 
hello 
hello 
hello 
hello 
hello 
hello 
hello 
hello 
hello 
hello 
hello 
hello 
hello 
hello 
hello 
hello 
hello 
hello 
hello 
hello 
hello 
hello 
hello 
hello 
hello 
hello 
hello 
hello 
hello 
hello 
hello 
hello 
hello 
hello 
hello 
hello 
hello 
hello 
hello 
hello 
hello 
hello 
hello 
hello 
hello 
hello 
hello 
hello 
hello 
hello 
hello 
hello 
hello 
hello 
hello 
hello 
hello 
hello 
hello 
hello 
hello 
hello 
hello 
hello 
hello 
hello 
hello 
hello 
hello 
hello 
hello 
hello 
hello 
hello 
hello 
hello 
hello 
hello 
hello 
hello 
hello 
hello 
hello 
hello 
hello 
hello 
hello 
hello 
hello 
hello 
hello 
hello 
hello 
hello 
hello 
hello 
hello 
hello 
hello 
hello 
hello 
hello 
hello 
hello 
hello 
hello 
hello 
hello 
hello 
hello 
hello 
hello 
hello 
hello 
hello 
hello 
hello 
hello 
hello 
hello 
hello 
hello 
hello 
hello 
hello 
hello 
hello 
hello 
hello 
hello 
hello 
hello 
hello 
hello 
hello 
hello 
hello 
hello 
hello 
hello 
hello 
hello 
hello 
hello 
hello 
hello 
hello 
hello 
hello 
hello 
hello 
hello 
hello 
hello 
hello 
hello 
hello 
hello 
hello 
hello 
hello 
hello 
hello 
hello 
hello 
hello 
hello 
hello 
hello 
hello 
hello 
hello 
hello 
hello 
hello 
hello 
hello 
hello 
hello 
hello 
hello 
hello 
hello 
hello 
hello 
hello 
hello 
hello 
hello 
hello 
hello 
hello 
hello 
hello 
hello 
hello 
hello 
hello 
hello 
hello 
hello 
hello 
hello 
hello 
hello 
hello 
hello 
hello 
hello 
hello 
hello 
hello 
hello 
hello 
hello 
hello 
hello 
hello 
hello 
hello 
hello 
hello 
hello 
hello 
hello 
hello 
hello 
hello 
hello 
hello 
hello 
hello 
hello 
hello 
hello 
hello 
hello 
hello 
hello 
hello 
hello 
hello 
hello 
hello 
hello 
hello 
hello 
hello 
hello 
hello 
hello 
hello 
hello 
hello 
hello 
hello 
hello 
hello 
hello 
hello 
hello 
hello 
hello 
hello 
hello 
hello 
hello 
hello 
hello 
hello 
hello 
hello 
hello 
hello 
hello 
hello 
hello 
hello 
hello 
hello 
hello 
hello 
hello 
hello 
hello 
hello 
hello 
hello 
hello 
hello 
hello 
hello 
hello 
hello 
hello 
hello 
hello 
hello 
hello 
hello 
hello 
hello 
hello 
hello 
hello 
hello 
hello 
hello 
hello 
hello 
hello 
hello 
hello 
hello 
hello 
hello 
hello 
hello 
hello 
hello 
hello 
hello 
hello 
hello 
hello 
hello 
hello 
hello 
hello 
hello 
hello 
hello 
hello 
hello 
hello 
hello 
hello 
hello 
hello 
hello 
hello 
hello 
hello 
hello 
hello 
hello 
hello 
hello 
hello 
hello 
hello 
hello 
hello 
hello 
hello 
hello 
hello 
hello 
hello 
hello 
hello 
hello 
hello 
hello 
hello 
hello 
hello 
hello 
hello 
hello 
hello 
hello 
hello 
hello 
hello 
hello 
hello 
hello 
hello 
hello 
hello 
hello 
hello 
hello 
hello 
hello 
hello 
hello 
hello 
hello 
hello 
hello 
hello 
hello 
hello 
hello 
hello 
hello 
hello 
hello 
hello 
hello 
hello 
hello 
hello 
hello 
hello 
hello 
hello 
hello 
hello 
hello 
hello 
hello 
hello 
hello 
hello 
hello 
hello 
hello 
hello 
hello 
hello 
hello 
hello 
hello 
hello 
hello 
hello 
hello 
hello 
hello 
hello 
hello 
hello 
hello 
hello 
hello 
hello 
hello 
hello 
hello 
hello 
hello 
hello 
hello 
hello 
hello 
hello 
hello 
hello 
hello 
hello 
hello 
hello 
hello 
hello 
hello 
hello 
hello 
hello 
hello 
hello 
hello 
hello 
hello 
hello 
hello 
hello 
hello 
hello 
hello 
hello 
hello 
hello 
hello 
hello 
hello 
hello 
hello 
hello 
hello 
hello 
hello 
hello 
hello 
hello 
hello 
hello 
hello 
hello 
hello 
hello 
hello 
hello 
hello 
hello 
hello 
hello 
hello 
hello 
hello 
hello 
hello 
hello 
hello 
hello 
hello 
hello 
hello 
hello 
hello 
hello 
hello 
hello 
hello 
hello 
hello 
hello 
hello 
hello 
hello 
hello 
hello 
hello 
hello 
hello 
hello 
hello 
hello 
hello 
hello 
hello 
hello 
hello 
hello 
hello 
hello 
hello 
hello 
hello 
hello 
hello 
hello 
hello 
hello 
hello 
hello 
hello 
hello 
hello 
hello 
hello 
hello 
hello 
hello 
hello 
hello 
hello 
hello 
hello 
hello 
hello 
hello 
hello 
hello 
hello 
hello 
hello 
hello 
hello 
hello 
hello 
hello 
hello 
hello 
hello 
hello 
hello 
hello 
hello 
hello 
hello 
hello 
hello 
hello 
hello 
hello 
hello 
hello 
hello 
hello 
hello 
hello 
hello 
hello 
hello 
hello 
hello 
hello 
hello 
hello 
hello 
hello 
hello 
hello 
hello 
hello 
hello 
hello 
hello 
hello 
hello 
hello 
hello 
hello 
hello 
hello 
hello 
hello 
hello 
hello 
hello 
hello 
hello 
hello 
hello 
hello 
hello 
hello 
hello 
hello 
hello 
hello 
hello 
hello 
hello 
hello 
hello 
hello 
hello 
hello 
hello 
hello 
hello 
hello 
hello 
hello 
hello 
hello 
hello 
hello 
hello 
hello 
hello 
hello 
hello 
hello 
hello 
hello 
hello 
hello 
hello 
hello 
hello 
hello 
hello 
hello 
hello 
hello 
hello 
hello 
hello 
hello 
hello 
hello 
hello 
hello 
hello 
hello 
hello 
hello 
hello 
hello 
hello 
hello 
hello 
hello 
hello 
hello 
hello 
hello 
hello 
hello 
hello 
hello 
hello 
hello 
hello 
hello 
hello 
hello 
hello 
hello 
hello 
hello 
hello 
hello 
hello 
hello 
hello 
hello 
hello 
hello 
hello 
hello 
hello 
hello 
hello 
hello 
hello 
hello 
hello 
hello 
hello 
hello 
hello 
hello 
hello 
hello 
hello 
hello 
hello 
hello 
hello 
hello 
hello 
hello 
hello 
hello 
hello 
hello 
hello 
hello 
hello 
hello 
hello 
hello 
hello 
hello 
hello 
hello 
hello 
hello 
hello 
hello 
hello 
hello 
hello 
hello 
hello 
hello 
hello 
hello 
hello 
hello 
hello 
hello 
hello 
hello 
hello 
hello 
hello 
hello 
hello 
hello 
hello 
hello 
hello 
hello 
hello 
hello 
hello 
hello 
hello 
hello 
hello 
hello 
hello 
hello 
hello 
hello 
hello 
hello 
hello 
hello 
hello 
hello 
hello 
hello 
hello 
hello 
hello 
hello 
hello 
hello 
hello 
hello 
hello 
hello 
hello 
hello 
hello 
hello 
hello 
hello 
hello 
hello 
hello 
hello 
hello 
hello 
hello 
hello 
hello 
hello 
hello 
hello 
hello 
hello 
hello 
hello 
hello 
hello 
hello 
hello 
hello 
hello 
hello 
hello 
hello 
hello 
hello 
hello 
hello 
hello 
hello 
hello 
hello 
hello 
hello 
hello 
hello 
hello 
hello 
hello 
hello 
hello 
hello 
hello 
hello 
hello 
hello 
hello 
hello 
hello 
hello 
hello 
hello 
hello 
hello 
hello 
hello 
hello 
hello 
hello 
hello 
hello 
hello 
hello 
hello 
hello 
hello 
hello 
hello 
hello 
hello 
hello 
hello 
hello 
hello 
hello 
hello 
hello 
hello 
hello 
hello 
hello 
hello 
hello 
hello 
hello 
hello 
hello 
hello 
hello 
hello 
hello 
hello 
hello 
hello 
hello 
hello 
hello 
hello 
hello 
hello 
hello 
hello 
hello 
hello 
hello 
hello 
hello 
hello 
hello 
hello 
hello 
hello 
hello 
hello 
hello 
hello 
hello 
hello 
hello 
hello 
hello 
hello 
hello 
hello 
hello 
hello 
hello 
hello 
hello 
hello 
hello 
hello 
hello 
hello 
hello 
hello 
hello 
hello 
hello 
hello 
hello 
hello 
hello 
hello 
hello 
hello 
hello 
hello 
hello 
hello 
hello 
hello 
hello 
hello 
hello 
hello 
hello 
hello 
hello 
hello 
hello 
hello 
hello 
hello 
hello 
hello 
hello 
hello 
hello 
hello 
hello 
hello 
hello 
hello 
hello 
hello 
hello 
hello 
hello 
hello 
hello 
hello 
hello 
hello 
hello 
hello 
hello 
hello 
hello 
hello 
hello 
hello 
hello 
hello 
hello 
hello 
hello 
hello 
hello 
hello 
hello 
hello 
hello 
hello 
hello 
hello 
hello 
hello 
hello 
hello 
hello 
hello 
hello 
hello 
hello 
hello 
hello 
hello 
hello 
hello 
hello 
hello 
hello 
hello 
hello 
hello 
hello 
hello 
hello 
hello 
hello 
hello 
hello 
hello 
hello 
hello 
hello 
hello 
hello 
hello 
hello 
hello 
hello 
hello 
hello 
hello 
hello 
hello 
hello 
hello 
hello 
hello 
hello 
hello 
hello 
hello 
hello 
hello 
hello 
hello 
hello 
hello 
hello 
hello 
hello 
hello 
hello 
hello 
hello 
hello 
hello 
hello 
hello 
hello 
hello 
hello 
hello 
hello 
hello 
hello 
hello 
hello 
hello 
hello 
hello 
hello 
hello 
hello 
hello 
hello 
hello 
hello 
hello 
hello 
hello 
hello 
hello 
hello 
hello 
hello 
hello 
hello 
hello 
hello 
hello 
hello 
hello 
hello 
hello 
hello 
hello 
hello 
hello 
hello 
hello 
hello 
hello 
hello 
hello 
hello 
hello 
hello 
hello 
hello 
hello 
hello 
hello 
hello 
hello 
hello 
hello 
hello 
hello 
hello 
hello 
hello 
hello 
hello 
hello 
hello 
hello 
hello 
hello 
hello 
hello 
hello 
hello 
hello 
hello 
hello 
hello 
hello 
hello 
hello 
hello 
hello 
hello 
hello 
hello 
hello 
hello 
hello 
hello 
hello 
hello 
hello 
hello 
hello 
hello 
hello 
hello 
hello 
hello 
hello 
hello 
hello 
hello 
hello 
hello 
hello 
hello 
hello 
hello 
hello 
hello 
hello 
hello 
hello 
hello 
hello 
hello 
hello 
hello 
hello 
hello 
hello 
hello 
hello 
hello 
hello 
hello 
hello 
hello 
hello 
hello 
hello 
hello 
hello 
hello 
hello 
hello 
hello 
hello 
hello 
hello 
hello 
hello 
hello 
hello 
hello 
hello 
hello 
hello 
hello 
hello 
hello 
hello 
hello 
hello 
hello 
hello 
hello 
hello 
hello 
hello 
hello 
hello 
hello 
hello 
hello 
hello 
hello 
hello 
hello 
hello 
hello 
hello 
hello 
hello 
hello 
hello 
hello 
hello 
hello 
hello 
hello 
hello 
hello 
hello 
hello 
hello 
hello 
hello 
hello 
hello 
hello 
hello 
hello 
hello 
hello 
hello 
hello 
hello 
hello 
hello 
hello 
hello 
hello 
hello 
hello 
hello 
hello 
hello 
hello 
hello 
hello 
hello 
hello 
hello 
hello 
hello 
hello 
hello 
hello 
hello 
hello 
hello 
hello 
hello 
hello 
hello 
hello 
hello 
hello 
hello 
hello 
hello 
hello 
hello 
hello 
hello 
hello 
hello 
hello 
hello 
hello 
hello 
hello 
hello 
hello 
hello 
hello 
hello 
hello 
hello 
hello 
hello 
hello 
hello 
hello 
hello 
hello 
hello 
hello 
hello 
hello 
hello 
hello 
hello 
hello 
hello 
hello 
hello 
hello 
hello 
hello 
hello 
hello 
hello 
hello 
hello 
hello 
hello 
hello 
hello 
hello 
hello 
hello 
hello 
hello 
hello 
hello 
hello 
hello 
hello 
hello 
hello 
hello 
hello 
hello 
hello 
hello 
hello 
hello 
hello 
hello 
hello 
hello 
hello 
hello 
hello 
hello 
hello 
hello 
hello 
hello 
hello 
hello 
hello 
hello 
hello 
hello 
hello 
hello 
hello 
hello 
hello 
hello 
hello 
hello 
hello 
hello 
hello 
hello 
hello 
hello 
hello 
hello 
hello 
hello 
hello 
hello 
hello 
hello 
hello 
hello 
hello 
hello 
hello 
hello 
hello 
hello 
hello 
hello 
hello 
hello 
hello 
hello 
hello 
hello 
hello 
hello 
hello 
hello 
hello 
hello 
hello 
hello 
hello 
hello 
hello 
hello 
hello 
hello 
hello 
hello 
hello 
hello 
hello 
hello 
hello 
hello 
hello 
hello 
hello 
hello 
hello 
hello 
hello 
hello 
hello 
hello 
hello 
hello 
hello 
hello 
hello 
hello 
hello 
hello 
hello 
hello 
hello 
hello 
hello 
hello 
hello 
hello 
hello 
hello 
hello 
hello 
hello 
hello 
hello 
hello 
hello 
hello 
hello 
hello 
hello 
hello 
hello 
hello 
hello 
hello 
hello 
hello 
hello 
hello 
hello 
hello 
hello 
hello 
hello 
hello 
hello 
hello 
hello 
hello 
hello 
hello 
hello 
hello 
hello 
hello 
hello 
hello 
hello 
hello 
hello 
hello 
hello 
hello 
hello 
hello 
hello 
hello 
hello 
hello 
hello 
hello 
hello 
hello 
hello 
hello 
hello 
hello 
hello 
hello 
hello 
hello 
hello 
hello 
hello 
hello 
hello 
hello 
hello 
hello 
hello 
hello 
hello 
hello 
hello 
hello 
hello 
hello 
hello 
hello 
hello 
hello 
hello 
hello 
hello 
hello 
hello 
hello 
hello 
hello 
hello 
hello 
hello 
hello 
hello 
hello 
hello 
hello 
hello 
hello 
hello 
hello 
hello 
hello 
hello 
hello 
hello 
hello 
hello 
hello 
hello 
hello 
hello 
hello 
hello 
hello 
hello 
hello 
hello 
hello 
hello 
hello 
hello 
hello 
hello 
hello 
hello 
hello 
hello 
hello 
hello 
hello 
hello 
hello 
hello 
hello 
hello 
hello 
hello 
hello 
hello 
hello 
hello 
hello 
hello 
hello 
hello 
hello 
hello 
hello 
hello 
hello 
hello 
hello 
hello 
hello 
hello 
hello 
hello 
hello 
hello 
hello 
hello 
hello 
hello 
hello 
hello 
hello 
hello 
hello 
hello 
hello 
hello 
hello 
hello 
hello 
hello 
hello 
hello 
hello 
hello 
hello 
hello 
hello 
hello 
hello 
hello 
hello 
hello 
hello 
hello 
hello 
hello 
hello 
hello 
hello 
hello 
hello 
hello 
hello 
hello 
hello 
hello 
hello 
hello 
hello 
hello 
hello 
hello 
hello 
hello 
hello 
hello 
hello 
hello 
hello 
hello 
hello 
hello 
hello 
hello 
hello 
hello 
hello 
hello 
hello 
hello 
hello 
hello 
hello 
hello 
hello 
hello 
hello 
hello 
hello 
hello 
hello 
hello 
hello 
hello 
hello 
hello 
hello 
hello 
hello 
hello 
hello 
hello 
hello 
hello 
hello 
hello 
hello 
hello 
hello 
hello 
hello 
hello 
hello 
hello 
hello 
hello 
hello 
hello 
hello 
hello 
hello 
hello 
hello 
hello 
hello 
hello 
hello 
hello 
hello 
hello 
hello 
hello 
hello 
hello 
hello 
hello 
hello 
hello 
hello 
hello 
hello 
hello 
hello 
hello 
hello 
hello 
hello 
hello 
hello 
hello 
hello 
hello 
hello 
hello 
hello 
hello 
hello 
hello 
hello 
hello 
hello 
hello 
hello 
hello 
hello 
hello 
hello 
hello 
hello 
hello 
hello 
hello 
hello 
hello 
hello 
hello 
hello 
hello 
hello 
hello 
hello 
hello 
hello 
hello 
hello 
hello 
hello 
hello 
hello 
hello 
hello 
hello 
hello 
hello 
hello 
hello 
hello 
hello 
hello 
hello 
hello 
hello 
hello 
hello 
hello 
hello 
hello 
hello 
hello 
hello 
hello 
hello 
hello 
hello 
hello 
hello 
hello 
hello 
hello 
hello 
hello 
hello 
hello 
hello 
hello 
hello 
hello 
hello 
hello 
hello 
hello 
hello 
hello 
hello 
hello 
hello 
hello 
hello 
hello 
hello 
hello 
hello 
hello 
hello 
hello 
hello 
hello 
hello 
hello 
hello 
hello 
hello 
hello 
hello 
hello 
hello 
hello 
hello 
hello 
hello 
hello 
hello 
hello 
hello 
hello 
hello 
hello 
hello 
hello 
hello 
hello 
hello 
hello 
hello 
hello 
hello 
hello 
hello 
hello 
hello 
hello 
hello 
hello 
hello 
hello 
hello 
hello 
hello 
hello 
hello 
hello 
hello 
hello 
hello 
hello 
hello 
hello 
hello 
hello 
hello 
hello 
hello 
hello 
hello 
hello 
hello 
hello 
hello 
hello 
hello 
hello 
hello 
hello 
hello 
hello 
hello 
hello 
hello 
hello 
hello 
hello 
hello 
hello 
hello 
hello 
hello 
hello 
hello 
hello 
hello 
hello 
hello 
hello 
hello 
hello 
hello 
hello 
hello 
hello 
hello 
hello 
hello 
hello 
hello 
hello 
hello 
hello 
hello 
hello 
hello 
hello 
hello 
hello 
hello 
hello 
hello 
hello 
hello 
hello 
hello 
hello 
hello 
hello 
hello 
hello 
hello 
hello 
hello 
hello 
hello 
hello 
hello 
hello 
hello 
hello 
hello 
hello 
hello 
hello 
hello 
hello 
hello 
hello 
hello 
hello 
hello 
hello 
hello 
hello 
hello 
hello 
hello 
hello 
hello 
hello 
hello 
hello 
hello 
hello 
hello 
hello 
hello 
hello 
hello 
hello 
hello 
hello 
hello 
hello 
hello 
hello 
hello 
hello 
hello 
hello 
hello 
hello 
hello 
hello 
hello 
hello 
hello 
hello 
hello 
hello 
hello 
hello 
hello 
hello 
hello 
hello 
hello 
hello 
hello 
hello 
hello 
hello 
hello 
hello 
hello 
hello 
hello 
hello 
hello 
hello 
hello 
hello 
hello 
hello 
hello 
hello 
hello 
hello 
hello 
hello 
hello 
hello 
hello 
hello 
hello 
hello 
hello 
hello 
hello 
hello 
hello 
hello 
hello 
hello 
hello 
hello 
hello 
hello 
hello 
hello 
hello 
hello 
hello 
hello 
hello 
hello 
hello 
hello 
hello 
hello 
hello 
hello 
hello 
hello 
hello 
hello 
hello 
hello 
hello 
hello 
hello 
hello 
hello 
hello 
hello 
hello 
hello 
hello 
hello 
hello 
hello 
hello 
hello 
hello 
hello 
hello 
hello 
hello 
hello 
hello 
hello 
hello 
hello 
hello 
hello 
hello 
hello 
hello 
hello 
hello 
hello 
hello 
hello 
hello 
hello 
hello 
hello 
hello 
hello 
hello 
hello 
hello 
hello 
hello 
hello 
hello 
hello 
hello 
hello 
hello 
hello 
hello 
hello 
hello 
hello 
hello 
hello 
hello 
hello 
hello 
hello 
hello 
hello 
hello 
hello 
hello 
hello 
hello 
hello 
hello 
hello 
hello 
hello 
hello 
hello 
hello 
hello 
hello 
hello 
hello 
hello 
hello 
hello 
hello 
hello 
hello 
hello 
hello 
hello 
hello 
hello 
hello 
hello 
hello 
hello 
hello 
hello 
hello 
hello 
hello 
hello 
hello 
hello 
hello 
hello 
hello 
hello 
hello 
hello 
hello 
hello 
hello 
hello 
hello 
hello 
hello 
hello 
hello 
hello 
hello 
hello 
hello 
hello 
hello 
hello 
hello 
hello 
hello 
hello 
hello 
hello 
hello 
hello 
hello 
hello 
hello 
hello 
hello 
hello 
hello 
hello 
hello 
hello 
hello 
hello 
hello 
hello 
hello 
hello 
hello 
hello 
hello 
hello 
hello 
hello 
hello 
hello 
hello 
hello 
hello 
hello 
hello 
hello 
hello 
hello 
hello 
hello 
hello 
hello 
hello 
hello 
hello 
hello 
hello 
hello 
hello 
hello 
hello 
hello 
hello 
hello 
hello 
hello 
hello 
hello 
hello 
hello 
hello 
hello 
hello 
hello 
hello 
hello 
hello 
hello 
hello 
hello 
hello 
hello 
hello 
hello 
hello 
hello 
hello 
hello 
hello 
hello 
hello 
hello 
hello 
hello 
hello 
hello 
hello 
hello 
hello 
hello 
hello 
hello 
hello 
hello 
hello 
hello 
hello 
hello 
hello 
hello 
hello 
hello 
hello 
hello 
hello 
hello 
hello 
hello 
hello 
hello 
hello 
hello 
hello 
hello 
hello 
hello 
hello 
hello 
hello 
hello 
hello 
hello 
hello 
hello 
hello 
hello 
hello 
hello 
hello 
hello 
hello 
hello 
hello 
hello 
hello 
hello 
hello 
hello 
hello 
hello 
hello 
hello 
hello 
hello 
hello 
hello 
hello 
hello 
hello 
hello 
hello 
hello 
hello 
hello 
hello 
hello 
hello 
hello 
hello 
hello 
hello 
hello 
hello 
hello 
hello 
hello 
hello 
hello 
hello 
hello 
hello 
hello 
hello 
hello 
hello 
hello 
hello 
hello 
hello 
hello 
hello 
hello 
hello 
hello 
hello 
hello 
hello 
hello 
hello 
hello 
hello 
hello 
hello 
hello 
hello 
hello 
hello 
hello 
hello 
hello 
hello 
hello 
hello 
hello 
hello 
hello 
hello 
hello 
hello 
hello 
hello 
hello 
hello 
hello 
hello 
hello 
hello 
hello 
hello 
hello 
hello 
hello 
hello 
hello 
hello 
hello 
hello 
hello 
hello 
hello 
hello 
hello 
hello 
hello 
hello 
hello 
hello 
hello 
hello 
hello 
hello 
hello 
hello 
hello 
hello 
hello 
hello 
hello 
hello 
hello 
hello 
hello 
hello 
hello 
hello 
hello 
hello 
hello 
hello 
hello 
hello 
hello 
hello 
hello 
hello 
hello 
hello 
hello 
hello 
hello 
hello 
hello 
hello 
hello 
hello 
hello 
hello 
hello 
hello 
hello 
hello 
hello 
hello 
hello 
hello 
hello 
hello 
hello 
hello 
hello 
hello 
hello 
hello 
hello 
hello 
hello 
hello 
hello 
hello 
hello 
hello 
hello 
hello 
hello 
hello 
hello 
hello 
hello 
hello 
hello 
hello 
hello 
hello 
hello 
hello 
hello 
hello 
hello 
hello 
hello 
hello 
hello 
hello 
hello 
hello 
hello 
hello 
hello 
hello 
hello 
hello 
hello 
hello 
hello 
hello 
hello 
hello 
hello 
hello 
hello 
hello 
hello 
hello 
hello 
hello 
hello 
hello 
hello 
hello 
hello 
hello 
hello 
hello 
hello 
hello 
hello 
hello 
hello 
hello 
hello 
hello 
hello 
hello 
hello 
hello 
hello 
hello 
hello 
hello 
hello 
hello 
hello 
hello 
hello 
hello 
hello 
hello 
hello 
hello 
hello 
hello 
hello 
hello 
hello 
hello 
hello 
hello 
hello 
hello 
hello 
hello 
hello 
hello 
hello 
hello 
hello 
hello 
hello 
hello 
hello 
hello 
hello 
hello 
hello 
hello 
hello 
hello 
hello 
hello 
hello 
hello 
hello 
hello 
hello 
hello 
hello 
hello 
hello 
hello 
hello 
hello 
hello 
hello 
hello 
hello 
hello 
hello 
hello 
hello 
hello 
hello 
hello 
hello 
hello 
hello 
hello 
hello 
hello 
hello 
hello 
hello 
hello 
hello 
hello 
hello 
hello 
hello 
hello 
hello 
hello 
hello 
hello 
hello 
hello 
hello 
hello 
hello 
hello 
hello 
hello 
hello 
hello 
hello 
hello 
hello 
hello 
hello 
hello 
hello 
hello 
hello 
hello 
hello 
hello 
hello 
hello 
hello 
hello 
hello 
hello 
hello 
hello 
hello 
hello 
hello 
hello 
hello 
hello 
hello 
hello 
hello 
hello 
hello 
hello 
hello 
hello 
hello 
hello 
hello 
hello 
hello 
hello 
hello 
hello 
hello 
hello 
hello 
hello 
hello 
hello 
hello 
hello 
hello 
hello 
hello 
hello 
hello 
hello 
hello 
hello 
hello 
hello 
hello 
hello 
hello 
hello 
hello 
hello 
hello 
hello 
hello 
hello 
hello 
hello 
hello 
hello 
hello 
hello 
hello 
hello 
hello 
hello 
hello 
hello 
hello 
hello 
hello 
hello 
hello 
hello 
hello 
hello 
hello 
hello 
hello 
hello 
hello 
hello 
hello 
hello 
hello 
hello 
hello 
hello 
hello 
hello 
hello 
hello 
hello 
hello 
hello 
hello 
hello 
hello 
hello 
hello 
hello 
hello 
hello 
hello 
hello 
hello 
hello 
hello 
hello 
hello 
hello 
hello 
hello 
hello 
hello 
hello 
hello 
hello 
hello 
hello 
hello 
hello 
hello 
hello 
hello 
hello 
hello 
hello 
hello 
hello 
hello 
hello 
hello 
hello 
hello 
hello 
hello 
hello 
hello 
hello 
hello 
hello 
hello 
hello 
hello 
hello 
hello 
hello 
hello 
hello 
hello 
hello 
hello 
hello 
hello 
hello 
hello 
hello 
hello 
hello 
hello 
hello 
hello 
hello 
hello 
hello 
hello 
hello 
hello 
hello 
hello 
hello 
hello 
hello 
hello 
hello 
hello 
hello 
hello 
hello 
hello 
hello 
hello 
hello 
hello 
hello 
hello 
hello 
hello 
hello 
hello 
hello 
hello 
hello 
hello 
hello 
hello 
hello 
hello 
hello 
hello 
hello 
hello 
hello 
hello 
hello 
hello 
hello 
hello 
hello 
hello 
hello 
hello 
hello 
hello 
hello 
hello 
hello 
hello 
hello 
hello 
hello 
hello 
hello 
hello 
hello 
hello 
hello 
hello 
hello 
hello 
hello 
hello 
hello 
hello 
hello 
hello 
hello 
hello 
hello 
hello 
hello 
hello 
hello 
hello 
hello 
hello 
hello 
hello 
hello 
hello 
hello 
hello 
hello 
hello 
hello 
hello 
hello 
hello 
hello 
hello 
hello 
hello 
hello 
hello 
hello 
hello 
hello 
hello 
hello 
hello 
hello 
hello 
hello 
hello 
hello 
hello 
hello 
hello 
hello 
hello 
hello 
hello 
hello 
hello 
hello 
hello 
hello 
hello 
hello 
hello 
hello 
hello 
hello 
hello 
hello 
hello 
hello 
hello 
hello 
hello 
hello 
hello 
hello 
hello 
hello 
hello 
hello 
hello 
hello 
hello 
hello 
hello 
hello 
hello 
hello 
hello 
hello 
hello 
hello 
hello 
hello 
hello 
hello 
hello 
hello 
hello 
hello 
hello 
hello 
hello 
hello 
hello 
hello 
hello 
hello 
hello 
hello 
hello 
hello 
hello 
hello 
hello 
hello 
hello 
hello 
hello 
hello 
hello 
hello 
hello 
hello 
hello 
hello 
hello 
hello 
hello 
hello 
hello 
hello 
hello 
hello 
hello 
hello 
hello 
hello 
hello 
hello 
hello 
hello 
hello 
hello 
hello 
hello 
hello 
hello 
hello 
hello 
hello 
hello 
hello 
hello 
hello 
hello 
hello 
hello 
hello 
hello 
hello 
hello 
hello 
hello 
hello 
hello 
hello 
hello 
hello 
hello 
hello 
hello 
hello 
hello 
hello 
hello 
hello 
hello 
hello 
hello 
hello 
hello 
hello 
hello 
hello 
hello 
hello 
hello 
hello 
hello 
hello 
hello 
hello 
hello 
hello 
hello 
hello 
hello 
hello 
hello 
hello 
hello 
hello 
hello 
hello 
hello 
hello 
hello 
hello 
hello 
hello 
hello 
hello 
hello 
hello 
hello 
hello 
hello 
hello 
hello 
hello 
hello 
hello 
hello 
hello 
hello 
hello 
hello 
hello 
hello 
hello 
hello 
hello 
hello 
hello 
hello 
hello 
hello 
hello 
hello 
hello 
hello 
hello 
hello 
hello 
hello 
hello 
hello 
hello 
hello 
hello 
hello 
hello 
hello 
hello 
hello 
hello 
hello 
hello 
hello 
hello 
hello 
hello 
hello 
hello 
hello 
hello 
hello 
hello 
hello 
hello 
hello 
hello 
hello 
hello 
hello 
hello 
hello 
hello 
hello 
hello 
hello 
hello 
hello 
hello 
hello 
hello 
hello 
hello 
hello 
hello 
hello 
hello 
hello 
hello 
hello 
hello 
hello 
hello 
hello 
hello 
hello 
hello 
hello 
hello 
hello 
hello 
hello 
hello 
hello 
hello 
hello 
hello 
hello 
hello 
hello 
hello 
hello 
hello 
hello 
hello 
hello 
hello 
hello 
hello 
hello 
hello 
hello 
hello 
hello 
hello 
hello 
hello 
hello 
hello 
hello 
hello 
hello 
hello 
hello 
hello 
hello 
hello 
hello 
hello 
hello 
hello 
hello 
hello 
hello 
hello 
hello 
hello 
hello 
hello 
hello 
hello 
hello 
hello 
hello 
hello 
hello 
hello 
hello 
hello 
hello 
hello 
hello 
hello 
hello 
hello 
hello 
hello 
hello 
hello 
hello 
hello 
hello 
hello 
hello 
hello 
hello 
hello 
hello 
hello 
hello 
hello 
hello 
hello 
hello 
hello 
hello 
hello 
hello 
hello 
hello 
hello 
hello 
hello 
hello 
hello 
hello 
hello 
hello 
hello 
hello 
hello 
hello 
hello 
hello 
hello 
hello 
hello 
hello 
hello 
hello 
hello 
hello 
hello 
hello 
hello 
hello 
hello 
hello 
hello 
hello 
hello 
hello 
hello 
hello 
hello 
hello 
hello 
hello 
hello 
hello 
hello 
hello 
hello 
hello 
hello 
hello 
hello 
hello 
hello 
hello 
hello 
hello 
hello 
hello 
hello 
hello 
hello 
hello 
hello 
hello 
hello 
hello 
hello 
hello 
hello 
hello 
hello 
hello 
hello 
hello 
hello 
hello 
hello 
hello 
hello 
hello 
hello 
hello 
hello 
hello 
hello 
hello 
hello 
hello 
hello 
hello 
hello 
hello 
hello 
hello 
hello 
hello 
hello 
hello 
hello 
hello 
hello 
hello 
hello 
hello 
hello 
hello 
hello 
hello 
hello 
hello 
hello 
hello 
hello 
hello 
hello 
hello 
hello 
hello 
hello 
hello 
hello 
hello 
hello 
hello 
hello 
hello 
hello 
hello 
hello 
hello 
hello 
hello 
hello 
hello 
hello 
hello 
hello 
hello 
hello 
hello 
hello 
hello 
hello 
hello 
hello 
hello 
hello 
hello 
hello 
hello 
hello 
hello 
hello 
hello 
hello 
hello 
hello 
hello 
hello 
hello 
hello 
hello 
hello 
hello 
hello 
hello 
hello 
hello 
hello 
hello 
hello 
hello 
hello 
hello 
hello 
hello 
hello 
hello 
hello 
hello 
hello 
hello 
hello 
hello 
hello 
hello 
hello 
hello 
hello 
hello 
hello 
hello 
hello 
hello 
hello 
hello 
hello 
hello 
hello 
hello 
hello 
hello 
hello 
hello 
hello 
hello 
hello 
hello 
hello 
hello 
hello 
hello 
hello 
hello 
hello 
hello 
hello 
hello 
hello 
hello 
hello 
hello 
hello 
hello 
hello 
hello 
hello 
hello 
hello 
hello 
hello 
hello 
hello 
hello 
hello 
hello 
hello 
hello 
hello 
hello 
hello 
hello 
hello 
hello 
hello 
hello 
hello 
hello 
hello 
hello 
hello 
hello 
hello 
hello 
hello 
hello 
hello 
hello 
hello 
hello 
hello 
hello 
hello 
hello 
hello 
hello 
hello 
hello 
hello 
hello 
hello 
hello 
hello 
hello 
hello 
hello 
hello 
hello 
hello 
hello 
hello 
hello 
hello 
hello 
hello 
hello 
hello 
hello 
hello 
hello 
hello 
hello 
hello 
hello 
hello 
hello 
hello 
hello 
hello 
hello 
hello 
hello 
hello 
hello 
hello 
hello 
hello 
hello 
hello 
hello 
hello 
hello 
hello 
hello 
hello 
hello 
hello 
hello 
hello 
hello 
hello 
hello 
hello 
hello 
hello 
hello 
hello 
hello 
hello 
hello 
hello 
hello 
hello 
hello 
hello 
hello 
hello 
hello 
hello 
hello 
hello 
hello 
hello 
hello 
hello 
hello 
hello 
hello 
hello 
hello 
hello 
hello 
hello 
hello 
hello 
hello 
hello 
hello 
hello 
hello 
hello 
hello 
hello 
hello 
hello 
hello 
hello 
hello 
hello 
hello 
hello 
hello 
hello 
hello 
hello 
hello 
hello 
hello 
hello 
hello 
hello 
hello 
hello 
hello 
hello 
hello 
hello 
hello 
hello 
hello 
hello 
hello 
hello 
hello 
hello 
hello 
hello 
hello 
hello 
hello 
hello 
hello 
hello 
hello 
hello 
hello 
hello 
hello 
hello 
hello 
hello 
hello 
hello 
hello 
hello 
hello 
hello 
hello 
hello 
hello 
hello 
hello 
hello 
hello 
hello 
hello 
hello 
hello 
hello 
hello 
hello 
hello 
hello 
hello 
hello 
hello 
hello 
hello 
hello 
hello 
hello 
hello 
hello 
hello 
hello 
hello 
hello 
hello 
hello 
hello 
hello 
hello 
hello 
hello 
hello 
hello 
hello 
hello 
hello 
hello 
hello 
hello 
hello 
hello 
hello 
hello 
hello 
hello 
hello 
hello 
hello 
hello 
hello 
hello 
hello 
hello 
hello 
hello 
hello 
hello 
hello 
hello 
hello 
hello 
hello 
hello 
hello 
hello 
hello 
hello 
hello 
hello 
hello 
hello 
hello 
hello 
hello 
hello 
hello 
hello 
hello 
hello 
hello 
hello 
hello 
hello 
hello 
hello 
hello 
hello 
hello 
hello 
hello 
hello 
hello 
hello 
hello 
hello 
hello 
hello 
hello 
hello 
hello 
hello 
hello 
hello 
hello 
hello 
hello 
hello 
hello 
hello 
hello 
hello 
hello 
hello 
hello 
hello 
hello 
hello 
hello 
hello 
hello 
hello 
hello 
hello 
hello 
hello 
hello 
hello 
hello 
hello 
hello 
hello 
hello 
hello 
hello 
hello 
hello 
hello 
hello 
hello 
hello 
hello 
hello 
hello 
hello 
hello 
hello 
hello 
hello 
hello 
hello 
hello 
hello 
hello 
hello 
hello 
hello 
hello 
hello 
hello 
hello 
hello 
hello 
hello 
hello 
hello 
hello 
hello 
hello 
hello 
hello 
hello 
hello 
hello 
hello 
hello 
hello 
hello 
hello 
hello 
hello 
hello 
hello 
hello 
hello 
hello 
hello 
hello 
hello 
hello 
hello 
hello 
hello 
hello 
hello 
hello 
hello 
hello 
hello 
hello 
hello 
hello 
hello 
hello 
hello 
hello 
hello 
hello 
hello 
hello 
hello 
hello 
hello 
hello 
hello 
hello 
hello 
hello 
hello 
hello 
hello 
hello 
hello 
hello 
hello 
hello 
hello 
hello 
hello 
hello 
hello 
hello 
hello 
hello 
hello 
hello 
hello 
hello 
hello 
hello 
hello 
hello 
hello 
hello 
hello 
hello 
hello 
hello 
hello 
hello 
hello 
hello 
hello 
hello 
hello 
hello 
hello 
hello 
hello 
hello 
hello 
hello 
hello 
hello 
hello 
hello 
hello 
hello 
hello 
hello 
hello 
hello 
hello 
hello 
hello 
hello 
hello 
hello 
hello 
hello 
hello 
hello 
hello 
hello 
hello 
hello 
hello 
hello 
hello 
hello 
hello 
hello 
hello 
hello 
hello 
hello 
hello 
hello 
hello 
hello 
hello 
hello 
hello 
hello 
hello 
hello 
hello 
hello 
hello 
hello 
hello 
hello 
hello 
hello 
hello 
hello 
hello 
hello 
hello 
hello 
hello 
hello 
hello 
hello 
hello 
hello 
hello 
hello 
hello 
hello 
hello 
hello 
hello 
hello 
hello 
hello 
hello 
hello 
hello 
hello 
hello 
hello 
hello 
hello 
hello 
hello 
hello 
hello 
hello 
hello 
hello 
hello 
hello 
hello 
hello 
hello 
hello 
hello 
hello 
hello 
hello 
hello 
hello 
hello 
hello 
hello 
hello 
hello 
hello 
hello 
hello 
hello 
hello 
hello 
hello 
hello 
hello 
hello 
hello 
hello 
hello 
hello 
hello 
hello 
hello 
hello 
hello 
hello 
hello 
hello 
hello 
hello 
hello 
hello 
hello 
hello 
hello 
hello 
hello 
hello 
hello 
hello 
hello 
hello 
hello 
hello 
hello 
hello 
hello 
hello 
hello 
hello 
hello 
hello 
hello 
hello 
hello 
hello 
hello 
hello 
hello 
hello 
hello 
hello 
hello 
hello 
hello 
hello 
hello 
hello 
hello 
hello 
hello 
hello 
hello 
hello 
hello 
hello 
hello 
hello 
hello 
hello 
hello 
hello 
hello 
hello 
hello 
hello 
hello 
hello 
hello 
hello 
hello 
hello 
hello 
hello 
hello 
hello 
hello 
hello 
hello 
hello 
hello 
hello 
hello 
hello 
hello 
hello 
hello 
hello 
hello 
hello 
hello 
hello 
hello 
hello 
hello 
hello 
hello 
hello 
hello 
hello 
hello 
hello 
hello 
hello 
hello 
hello 
hello 
hello 
hello 
hello 
hello 
hello 
hello 
hello 
hello 
hello 
hello 
hello 
hello 
hello 
hello 
hello 
hello 
hello 
hello 
hello 
hello 
hello 
hello 
hello 
hello 
hello 
hello 
hello 
hello 
hello 
hello 
hello 
hello 
hello 
hello 
hello 
hello 
hello 
hello 
hello 
hello 
hello 
hello 
hello 
hello 
hello 
hello 
hello 
hello 
hello 
hello 
hello 
hello 
hello 
hello 
hello 
hello 
hello 
hello 
hello 
hello 
hello 
hello 
hello 
hello 
hello 
hello 
hello 
hello 
hello 
hello 
hello 
hello 
hello 
hello 
hello 
hello 
hello 
hello 
hello 
hello 
hello 
hello 
hello 
hello 
hello 
hello 
hello 
hello 
hello 
hello 
hello 
hello 
hello 
hello 
hello 
hello 
hello 
hello 
hello 
hello 
hello 
hello 
hello 
hello 
hello 
hello 
hello 
hello 
hello 
hello 
hello 
hello 
hello 
hello 
hello 
hello 
hello 
hello 
hello 
hello 
hello 
hello 
hello 
hello 
hello 
hello 
hello 
hello 
hello 
hello 
hello 
hello 
hello 
hello 
hello 
hello 
hello 
hello 
hello 
hello 
hello 
hello 
hello 
hello 
hello 
hello 
hello 
hello 
hello 
hello 
hello 
hello 
hello 
hello 
hello 
hello 
hello 
hello 
hello 
hello 
hello 
hello 
hello 
hello 
hello 
hello 
hello 
hello 
hello 
hello 
hello 
hello 
hello 
hello 
hello 
hello 
hello 
hello 
hello 
hello 
hello 
hello 
hello 
hello 
hello 
hello 
hello 
hello 
hello 
hello 
hello 
hello 
hello 
hello 
hello 
hello 
hello 
hello 
hello 
hello 
hello 
hello 
hello 
hello 
hello 
hello 
hello 
hello 
hello 
hello 
hello 
hello 
hello 
hello 
hello 
hello 
hello 
hello 
hello 
hello 
hello 
hello 
hello 
hello 
hello 
hello 
hello 
hello 
hello 
hello 
hello 
hello 
hello 
hello 
hello 
hello 
hello 
hello 
hello 
hello 
hello 
hello 
hello 
hello 
hello 
hello 
hello 
hello 
hello 
hello 
hello 
hello 
hello 
hello 
hello 
hello 
hello 
hello 
hello 
hello 
hello 
hello 
hello 
hello 
hello 
hello 
hello 
hello 
hello 
hello 
hello 
hello 
hello 
hello 
hello 
hello 
hello 
hello 
hello 
hello 
hello 
hello 
hello 
hello 
hello 
hello 
hello 
hello 
hello 
hello 
hello 
hello 
hello 
hello 
hello 
hello 
hello 
hello 
hello 
hello 
hello 
hello 
hello 
hello 
hello 
hello 
hello 
hello 
hello 
hello 
hello 
hello 
hello 
hello 
hello 
hello 
hello 
hello 
hello 
hello 
hello 
hello 
hello 
hello 
hello 
hello 
hello 
hello 
hello 
hello 
hello 
hello 
hello 
hello 
hello 
hello 
hello 
hello 
hello 
hello 
hello 
hello 
hello 
hello 
hello 
hello 
hello 
hello 
hello 
hello 
hello 
hello 
hello 
hello 
hello 
hello 
hello 
hello 
hello 
hello 
hello 
hello 
hello 
hello 
hello 
hello 
hello 
hello 
hello 
hello 
hello 
hello 
hello 
hello 
hello 
hello 
hello 
hello 
hello 
hello 
hello 
hello 
hello 
hello 
hello 
hello 
hello 
hello 
hello 
hello 
hello 
hello 
hello 
hello 
hello 
hello 
hello 
hello 
hello 
hello 
hello 
hello 
hello 
hello 
hello 
hello 
hello 
hello 
hello 
hello 
hello 
hello 
hello 
hello 
hello 
hello 
hello 
hello 
hello 
hello 
hello 
hello 
hello 
hello 
hello 
hello 
hello 
hello 
hello 
hello 
hello 
hello 
hello 
hello 
hello 
hello 
hello 
hello 
hello 
hello 
hello 
hello 
hello 
hello 
hello 
hello 
hello 
hello 
hello 
hello 
hello 
hello 
hello 
hello 
hello 
hello 
hello 
hello 
hello 
hello 
hello 
hello 
hello 
hello 
hello 
hello 
hello 
hello 
hello 
hello 
hello 
hello 
hello 
hello 
hello 
hello 
hello 
hello 
hello 
hello 
hello 
hello 
hello 
hello 
hello 
hello 
hello 
hello 
hello 
hello 
hello 
hello 
hello 
hello 
hello 
hello 
hello 
hello 
hello 
hello 
hello 
hello 
hello 
hello 
hello 
hello 
hello 
hello 
hello 
hello 
hello 
hello 
hello 
hello 
hello 
hello 
hello 
hello 
hello 
hello 
hello 
hello 
hello 
hello 
hello 
hello 
hello 
hello 
hello 
hello 
hello 
hello 
hello 
hello 
hello 
hello 
hello 
hello 
hello 
hello 
hello 
hello 
hello 
hello 
hello 
hello 
hello 
hello 
hello 
hello 
hello 
hello 
hello 
hello 
hello 
hello 
hello 
hello 
hello 
hello 
hello 
hello 
hello 
hello 
hello 
hello 
hello 
hello 
hello 
hello 
hello 
hello 
hello 
hello 
hello 
hello 
hello 
hello 
hello 
hello 
hello 
hello 
hello 
hello 
hello 
hello 
hello 
hello 
hello 
hello 
hello 
hello 
hello 
hello 
hello 
hello 
hello 
hello 
hello 
hello 
hello 
hello 
hello 
hello 
hello 
hello 
hello 
hello 
hello 
hello 
hello 
hello 
hello 
hello 
hello 
hello 
hello 
hello 
hello 
hello 
hello 
hello 
hello 
hello 
hello 
hello 
hello 
hello 
hello 
hello 
hello 
hello 
hello 
hello 
hello 
hello 
hello 
hello 
hello 
hello 
hello 
hello 
hello 
hello 
hello 
hello 
hello 
hello 
hello 
hello 
hello 
hello 
hello 
hello 
hello 
hello 
hello 
hello 
hello 
hello 
hello 
hello 
hello 
hello 
hello 
hello 
hello 
hello 
hello 
hello 
hello 
hello 
hello 
hello 
hello 
hello 
hello 
hello 
hello 
hello 
hello 
hello 
hello 
hello 
hello 
hello 
hello 
hello 
hello 
hello 
hello 
hello 
hello 
hello 
hello 
hello 
hello 
hello 
hello 
hello 
hello 
hello 
hello 
hello 
hello 
hello 
hello 
hello 
hello 
hello 
hello 
hello 
hello 
hello 
hello 
hello 
hello 
hello 
hello 
hello 
hello 
hello 
hello 
hello 
hello 
hello 
hello 
hello 
hello 
hello 
hello 
hello 
hello 
hello 
hello 
hello 
hello 
hello 
hello 
hello 
hello 
hello 
hello 
hello 
hello 
hello 
hello 
hello 
hello 
hello 
hello 
hello 
hello 
hello 
hello 
hello 
hello 
hello 
hello 
hello 
hello 
hello 
hello 
hello 
hello 
hello 
hello 
hello 
hello 
hello 
hello 
hello 
hello 
hello 
hello 
hello 
hello 
hello 
hello 
hello 
hello 
hello 
hello 
hello 
hello 
hello 
hello 
hello 
hello 
hello 
hello 
hello 
hello 
hello 
hello 
hello 
hello 
hello 
hello 
hello 
hello 
hello 
hello 
hello 
hello 
hello 
hello 
hello 
hello 
hello 
hello 
hello 
hello 
hello 
hello 
hello 
hello 
hello 
hello 
hello 
hello 
hello 
hello 
hello 
hello 
hello 
hello 
hello 
hello 
hello 
hello 
hello 
hello 
hello 
hello 
hello 
hello 
hello 
hello 
hello 
hello 
hello 
hello 
hello 
hello 
hello 
hello 
hello 
hello 
hello 
hello 
hello 
hello 
hello 
hello 
hello 
hello 
hello 
hello 
hello 
hello 
hello 
hello 
hello 
hello 
hello 
hello 
hello 
hello 
hello 
hello 
hello 
hello 
hello 
hello 
hello 
hello 
hello 
hello 
hello 
hello 
hello 
hello 
hello 
hello 
hello 
hello 
hello 
hello 
hello 
hello 
hello 
hello 
hello 
hello 
hello 
hello 
hello 
hello 
hello 
hello 
hello 
hello 
hello 
hello 
hello 
hello 
hello 
hello 
hello 
hello 
hello 
hello 
hello 
hello 
hello 
hello 
hello 
hello 
hello 
hello 
hello 
hello 
hello 
hello 
hello 
hello 
hello 
hello 
hello 
hello 
hello 
hello 
hello 
hello 
hello 
hello 
hello 
hello 
hello 
hello 
hello 
hello 
hello 
hello 
hello 
hello 
hello 
hello 
hello 
hello 
hello 
hello 
hello 
hello 
hello 
hello 
hello 
hello 
hello 
hello 
hello 
hello 
hello 
hello 
hello 
hello 
hello 
hello 
hello 
hello 
hello 
hello 
hello 
hello 
hello 
hello 
hello 
hello 
hello 
hello 
hello 
hello 
hello 
hello 
hello 
hello 
hello 
hello 
hello 
hello 
hello 
hello 
hello 
hello 
hello 
hello 
hello 
hello 
hello 
hello 
hello 
hello 
hello 
hello 
hello 
hello 
hello 
hello 
hello 
hello 
hello 
hello 
hello 
hello 
hello 
hello 
hello 
hello 
hello 
hello 
hello 
hello 
hello 
hello 
hello 
hello 
hello 
hello 
hello 
hello 
hello 
hello 
hello 
hello 
hello 
hello 
hello 
hello 
hello 
hello 
hello 
hello 
hello 
hello 
hello 
hello 
hello 
hello 
hello 
hello 
hello 
hello 
hello 
hello 
hello 
hello 
hello 
hello 
hello 
hello 
hello 
hello 
hello 
hello 
hello 
hello 
hello 
hello 
hello 
hello 
hello 
hello 
hello 
hello 
hello 
hello 
hello 
hello 
hello 
hello 
hello 
hello 
hello 
hello 
hello 
hello 
hello 
hello 
hello 
hello 
hello 
hello 
hello 
hello 
hello 
hello 
hello 
hello 
hello 
hello 
hello 
hello 
hello 
hello 
hello 
hello 
hello 
hello 
hello 
hello 
hello 
hello 
hello 
hello 
hello 
hello 
hello 
hello 
hello 
hello 
hello 
hello 
hello 
hello 
hello 
hello 
hello 
hello 
hello 
hello 
hello 
hello 
hello 
hello 
hello 
hello 
hello 
hello 
hello 
hello 
hello 
hello 
hello 
hello 
hello 
hello 
hello 
hello 
hello 
hello 
hello 
hello 
hello 
hello 
hello 
hello 
hello 
hello 
hello 
hello 
hello 
hello 
hello 
hello 
hello 
hello 
hello 
hello 
hello 
hello 
hello 
hello 
hello 
hello 
hello 
hello 
hello 
hello 
hello 
hello 
hello 
hello 
hello 
hello 
hello 
hello 
hello 
hello 
hello 
hello 
hello 
hello 
hello 
hello 
hello 
hello 
hello 
hello 
hello 
hello 
hello 
hello 
hello 
hello 
hello 
hello 
hello 
hello 
hello 
hello 
hello 
hello 
hello 
hello 
hello 
hello 
hello 
hello 
hello 
hello 
hello 
hello 
hello 
hello 
hello 
hello 
hello 
hello 
hello 
hello 
hello 
hello 
hello 
hello 
hello 
hello 
hello 
hello 
hello 
hello 
hello 
hello 
hello 
hello 
hello 
hello 
hello 
hello 
hello 
hello 
hello 
hello 
hello 
hello 
hello 
hello 
hello 
hello 
hello 
hello 
hello 
hello 
hello 
hello 
hello 
hello 
hello 
hello 
hello 
hello 
hello 
hello 
hello 
hello 
hello 
hello 
hello 
hello 
hello 
hello 
hello 
hello 
hello 
hello 
hello 
hello 
hello 
hello 
hello 
hello 
hello 
hello 
hello 
hello 
hello 
hello 
hello 
hello 
hello 
hello 
hello 
hello 
hello 
hello 
hello 
hello 
hello 
hello 
hello 
hello 
hello 
hello 
hello 
hello 
hello 
hello 
hello 
hello 
hello 
hello 
hello 
hello 
hello 
hello 
hello 
hello 
hello 
hello 
hello 
hello 
hello 
hello 
hello 
hello 
hello 
hello 
hello 
hello 
hello 
hello 
hello 
hello 
hello 
hello 
hello 
hello 
hello 
hello 
hello 
hello 
hello 
hello 
hello 
hello 
hello 
hello 
hello 
hello 
hello 
hello 
hello 
hello 
hello 
hello 
hello 
hello 
hello 
hello 
hello 
hello 
hello 
hello 
hello 
hello 
hello 
hello 
hello 
hello 
hello 
hello 
hello 
hello 
hello 
hello 
hello 
hello 
hello 
hello 
hello 
hello 
hello 
hello 
hello 
hello 
hello 
hello 
hello 
hello 
hello 
hello 
hello 
hello 
hello 
hello 
hello 
hello 
hello 
hello 
hello 
hello 
hello 
hello 
hello 
hello 
hello 
hello 
hello 
hello 
hello 
hello 
hello 
hello 
hello 
hello 
hello 
hello 
hello 
hello 
hello 
hello 
hello 
hello 
hello 
hello 
hello 
hello 
hello 
hello 
hello 
hello 
hello 
hello 
hello 
hello 
hello 
hello 
hello 
hello 
hello 
hello 
hello 
hello 
hello 
hello 
hello 
hello 
hello 
hello 
hello 
hello 
hello 
hello 
hello 
hello 
hello 
hello 
hello 
hello 
hello 
hello 
hello 
hello 
hello 
hello 
hello 
hello 
hello 
hello 
hello 
hello 
hello 
hello 
hello 
hello 
hello 
hello 
hello 
hello 
hello 
hello 
hello 
hello 
hello 
hello 
hello 
hello 
hello 
hello 
hello 
hello 
hello 
hello 
hello 
hello 
hello 
hello 
hello 
hello 
hello 
hello 
hello 
hello 
hello 
hello 
hello 
hello 
hello 
hello 
hello 
hello 
hello 
hello 
hello 
hello 
hello 
hello 
hello 
hello 
hello 
hello 
hello 
hello 
hello 
hello 
hello 
hello 
hello 
hello 
hello 
hello 
hello 
hello 
hello 
hello 
hello 
hello 
hello 
hello 
hello 
hello 
hello 
hello 
hello 
hello 
hello 
hello 
hello 
hello 
hello 
hello 
hello 
hello 
hello 
hello 
hello 
hello 
hello 
hello 
hello 
hello 
hello 
hello 
hello 
hello 
hello 
hello 
hello 
hello 
hello 
hello 
hello 
hello 
hello 
hello 
hello 
hello 
hello 
hello 
hello 
hello 
hello 
hello 
hello 
hello 
hello 
hello 
hello 
hello 
hello 
hello 
hello 
hello 
hello 
hello 
hello 
hello 
hello 
hello 
hello 
hello 
hello 
hello 
hello 
hello 
hello 
hello 
hello 
hello 
hello 
hello 
hello 
hello 
hello 
hello 
hello 
hello 
hello 
hello 
hello 
hello 
hello 
hello 
hello 
hello 
hello 
hello 
hello 
hello 
hello 
hello 
hello 
hello 
hello 
hello 
hello 
hello 
hello 
hello 
hello 
hello 
hello 
hello 
hello 
hello 
hello 
hello 
hello 
hello 
hello 
hello 
hello 
hello 
hello 
hello 
hello 
hello 
hello 
hello 
hello 
hello 
hello 
hello 
hello 
hello 
hello 
hello 
hello 
hello 
hello 
hello 
hello 
hello 
hello 
hello 
hello 
hello 
hello 
hello 
hello 
hello 
hello 
hello 
hello 
hello 
hello 
hello 
hello 
hello 
hello 
hello 
hello 
hello 
hello 
hello 
hello 
hello 
hello 
hello 
hello 
hello 
hello 
hello 
hello 
hello 
hello 
hello 
hello 
hello 
hello 
hello 
hello 
hello 
hello 
hello 
hello 
hello 
hello 
hello 
hello 
hello 
hello 
hello 
hello 
hello 
hello 
hello 
hello 
hello 
hello 
hello 
hello 
hello 
hello 
hello 
hello 
hello 
hello 
hello 
hello 
hello 
hello 
hello 
hello 
hello 
hello 
hello 
hello 
hello 
hello 
hello 
hello 
hello 
hello 
hello 
hello 
hello 
hello 
hello 
hello 
hello 
hello 
hello 
hello 
hello 
hello 
hello 
hello 
hello 
hello 
hello 
hello 
hello 
hello 
hello 
hello 
hello 
hello 
hello 
hello 
hello 
hello 
hello 
hello 
hello 
hello 
hello 
hello 
hello 
hello 
hello 
hello 
hello 
hello 
hello 
hello 
hello 
hello 
hello 
hello 
hello 
hello 
hello 
hello 
hello 
hello 
hello 
hello 
hello 
hello 
hello 
hello 
hello 
hello 
hello 
hello 
hello 
hello 
hello 
hello 
hello 
hello 
hello 
hello 
hello 
hello 
hello 
hello 
hello 
hello 
hello 
hello 
hello 
hello 
hello 
hello 
hello 
hello 
hello 
hello 
hello 
hello 
hello 
hello 
hello 
hello 
hello 
hello 
hello 
hello 
hello 
hello 
hello 
hello 
hello 
hello 
hello 
hello 
hello 
hello 
hello 
hello 
hello 
hello 
hello 
hello 
hello 
hello 
hello 
hello 
hello 
hello 
hello 
hello 
hello 
hello 
hello 
hello 
hello 
hello 
hello 
hello 
hello 
hello 
hello 
hello 
hello 
hello 
hello 
hello 
hello 
hello 
hello 
hello 
hello 
hello 
hello 
hello 
hello 
hello 
hello 
hello 
hello 
hello 
hello 
hello 
hello 
hello 
hello 
hello 
hello 
hello 
hello 
hello 
hello 
hello 
hello 
hello 
hello 
hello 
hello 
hello 
hello 
hello 
hello 
hello 
hello 
hello 
hello 
hello 
hello 
hello 
hello 
hello 
hello 
hello 
hello 
hello 
hello 
hello 
hello 
hello 
hello 
hello 
hello 
hello 
hello 
hello 
hello 
hello 
hello 
hello 
hello 
hello 
hello 
hello 
hello 
hello 
hello 
hello 
hello 
hello 
hello 
hello 
hello 
hello 
hello 
hello 
hello 
hello 
hello 
hello 
hello 
hello 
hello 
hello 
hello 
hello 
hello 
hello 
hello 
hello 
hello 
hello 
hello 
hello 
hello 
hello 
hello 
hello 
hello 
hello 
hello 
hello 
hello 
hello 
hello 
hello 
hello 
hello 
hello 
hello 
hello 
hello 
hello 
hello 
hello 
hello 
hello 
hello 
hello 
hello 
hello 
hello 
hello 
hello 
hello 
hello 
hello 
hello 
hello 
hello 
hello 
hello 
hello 
hello 
hello 
hello 
hello 
hello 
hello 
hello 
hello 
hello 
hello 
hello 
hello 
hello 
hello 
hello 
hello 
hello 
hello 
hello 
hello 
hello 
hello 
hello 
hello 
hello 
hello 
hello 
hello 
hello 
hello 
hello 
hello 
hello 
hello 
hello 
hello 
hello 
hello 
hello 
hello 
hello 
hello 
hello 
hello 
hello 
hello 
hello 
hello 
hello 
hello 
hello 
hello 
hello 
hello 
hello 
hello 
hello 
hello 
hello 
hello 
hello 
hello 
hello 
hello 
hello 
hello 
hello 
hello 
hello 
hello 
hello 
hello 
hello 
hello 
hello 
hello 
hello 
hello 
hello 
hello 
hello 
hello 
hello 
hello 
hello 
hello 
hello 
hello 
hello 
hello 
hello 
hello 
hello 
hello 
hello 
hello 
hello 
hello 
hello 
hello 
hello 
hello 
hello 
hello 
hello 
hello 
hello 
hello 
hello 
hello 
hello 
hello 
hello 
hello 
hello 
hello 
hello 
hello 
hello 
hello 
hello 
hello 
hello 
hello 
hello 
hello 
hello 
hello 
hello 
hello 
hello 
hello 
hello 
hello 
hello 
hello 
hello 
hello 
hello 
hello 
hello 
hello 
hello 
hello 
hello 
hello 
hello 
hello 
hello 
hello 
hello 
hello 
hello 
hello 
hello 
hello 
hello 
hello 
hello 
hello 
hello 
hello 
hello 
hello 
hello 
hello 
hello 
hello 
hello 
hello 
hello 
hello 
hello 
hello 
hello 
hello 
hello 
hello 
hello 
hello 
hello 
hello 
hello 
hello 
hello 
hello 
hello 
hello 
hello 
hello 
hello 
hello 
hello 
hello 
hello 
hello 
hello 
hello 
hello 
hello 
hello 
hello 
hello 
hello 
hello 
hello 
hello 
hello 
hello 
hello 
hello 
hello 
hello 
hello 
hello 
hello 
hello 
hello 
hello 
hello 
hello 
hello 
hello 
hello 
hello 
hello 
hello 
hello 
hello 
hello 
hello 
hello 
hello 
hello 
hello 
hello 
hello 
hello 
hello 
hello 
hello 
hello 
hello 
hello 
hello 
hello 
hello 
hello 
hello 
hello 
hello 
hello 
hello 
hello 
hello 
hello 
hello 
hello 
hello 
hello 
hello 
hello 
hello 
hello 
hello 
hello 
hello 
hello 
hello 
hello 
hello 
hello 
hello 
hello 
hello 
hello 
hello 
hello 
hello 
hello 
hello 
hello 
hello 
hello 
hello 
hello 
hello 
hello 
hello 
hello 
hello 
hello 
hello 
hello 
hello 
hello 
hello 
hello 
hello 
hello 
hello 
hello 
hello 
hello 
hello 
hello 
hello 
hello 
hello 
hello 
hello 
hello 
hello 
hello 
hello 
hello 
hello 
hello 
hello 
hello 
hello 
hello 
hello 
hello 
hello 
hello 
hello 
hello 
hello 
hello 
hello 
hello 
hello 
hello 
hello 
hello 
hello 
hello 
hello 
hello 
hello 
hello 
hello 
hello 
hello 
hello 
hello 
hello 
hello 
hello 
hello 
hello 
hello 
hello 
hello 
hello 
hello 
hello 
hello 
hello 
hello 
hello 
hello 
hello 
hello 
hello 
hello 
hello 
hello 
hello 
hello 
hello 
hello 
hello 
hello 
hello 
hello 
hello 
hello 
hello 
hello 
hello 
hello 
hello 
hello 
hello 
hello 
hello 
hello 
hello 
hello 
hello 
hello 
hello 
hello 
hello 
hello 
hello 
hello 
hello 
hello 
hello 
hello 
hello 
hello 
hello 
hello 
hello 
hello 
hello 
hello 
hello 
hello 
hello 
hello 
hello 
hello 
hello 
hello 
hello 
hello 
hello 
hello 
hello 
hello 
hello 
hello 
hello 
hello 
hello 
hello 
hello 
hello 
hello 
hello 
hello 
hello 
hello 
hello 
hello 
hello 
hello 
hello 
hello 
hello 
hello 
hello 
hello 
hello 
hello 
hello 
hello 
hello 
hello 
hello 
hello 
hello 
hello 
hello 
hello 
hello 
hello 
hello 
hello 
hello 
hello 
hello 
hello 
hello 
hello 
hello 
hello 
hello 
hello 
hello 
hello 
hello 
hello 
hello 
hello 
hello 
hello 
hello 
hello 
hello 
hello 
hello 
hello 
hello 
hello 
hello 
hello 
hello 
hello 
hello 
hello 
hello 
hello 
hello 
hello 
hello 
hello 
hello 
hello 
hello 
hello 
hello 
hello 
hello 
hello 
hello 
hello 
hello 
hello 
hello 
hello 
hello 
hello 
hello 
hello 
hello 
hello 
hello 
hello 
hello 
hello 
hello 
hello 
hello 
hello 
hello 
hello 
hello 
hello 
hello 
hello 
hello 
hello 
hello 
hello 
hello 
hello 
hello 
hello 
hello 
hello 
hello 
hello 
hello 
hello 
hello 
hello 
hello 
hello 
hello 
hello 
hello 
hello 
hello 
hello 
hello 
hello 
hello 
hello 
hello 
hello 
hello 
hello 
hello 
hello 
hello 
hello 
hello 
hello 
hello 
hello 
hello 
hello 
hello 
hello 
hello 
hello 
hello 
hello 
hello 
hello 
hello 
hello 
hello 
hello 
hello 
hello 
hello 
hello 
hello 
hello 
hello 
hello 
hello 
hello 
hello 
hello 
hello 
hello 
hello 
hello 
hello 
hello 
hello 
hello 
hello 
hello 
hello 
hello 
hello 
hello 
hello 
hello 
hello 
hello 
hello 
hello 
hello 
hello 
hello 
hello 
hello 
hello 
hello 
hello 
hello 
hello 
hello 
hello 
hello 
hello 
hello 
hello 
hello 
hello 
hello 
hello 
hello 
hello 
hello 
hello 
hello 
hello 
hello 
hello 
hello 
hello 
hello 
hello 
hello 
hello 
hello 
hello 
hello 
hello 
hello 
hello 
hello 
hello 
hello 
hello 
hello 
hello 
hello 
hello 
hello 
hello 
hello 
hello 
hello 
hello 
hello 
hello 
hello 
hello 
hello 
hello 
hello 
hello 
hello 
hello 
hello 
hello 
hello 
hello 
hello 
hello 
hello 
hello 
hello 
hello 
hello 
hello 
hello 
hello 
hello 
hello 
hello 
hello 
hello 
hello 
hello 
hello 
hello 
hello 
hello 
hello 
hello 
hello 
hello 
hello 
hello 
hello 
hello 
hello 
hello 
hello 
hello 
hello 
hello 
hello 
hello 
hello 
hello 
hello 
hello 
hello 
hello 
hello 
hello 
hello 
hello 
hello 
hello 
hello 
hello 
hello 
hello 
hello 
hello 
hello 
hello 
hello 
hello 
hello 
hello 
hello 
hello 
hello 
hello 
hello 
hello 
hello 
hello 
hello 
hello 
hello 
hello 
hello 
hello 
hello 
hello 
hello 
hello 
hello 
hello 
hello 
hello 
hello 
hello 
hello 
hello 
hello 
hello 
hello 
hello 
hello 
hello 
hello 
hello 
hello 
hello 
hello 
hello 
hello 
hello 
hello 
hello 
hello 
hello 
hello 
hello 
hello 
hello 
hello 
hello 
hello 
hello 
hello 
hello 
hello 
hello 
hello 
hello 
hello 
hello 
hello 
hello 
hello 
hello 
hello 
hello 
hello 
hello 
hello 
hello 
hello 
hello 
hello 
hello 
hello 
hello 
hello 
hello 
hello 
hello 
hello 
hello 
hello 
hello 
hello 
hello 
hello 
hello 
hello 
hello 
hello 
hello 
hello 
hello 
hello 
hello 
hello 
hello 
hello 
hello 
hello 
hello 
hello 
hello 
hello 
hello 
hello 
hello 
hello 
hello 
hello 
hello 
hello 
hello 
hello 
hello 
hello 
hello 
hello 
hello 
hello 
hello 
hello 
hello 
hello 
hello 
hello 
hello 
hello 
hello 
hello 
hello 
hello 
hello 
hello 
hello 
hello 
hello 
hello 
hello 
hello 
hello 
hello 
hello 
hello 
hello 
hello 
hello 
hello 
hello 
hello 
hello 
hello 
hello 
hello 
hello 
hello 
hello 
hello 
hello 
hello 
hello 
hello 
hello 
hello 
hello 
hello 
hello 
hello 
hello 
hello 
hello 
hello 
hello 
hello 
hello 
hello 
hello 
hello 
hello 
hello 
hello 
hello 
hello 
hello 
hello 
hello 
hello 
hello 
hello 
hello 
hello 
hello 
hello 
hello 
hello 
hello 
hello 
hello 
hello 
hello 
hello 
hello 
hello 
hello 
hello 
hello 
hello 
hello 
hello 
hello 
hello 
hello 
hello 
hello 
hello 
hello 
hello 
hello 
hello 
hello 
hello 
hello 
hello 
hello 
hello 
hello 
hello 
hello 
hello 
hello 
hello 
hello 
hello 
hello 
hello 
hello 
hello 
hello 
hello 
hello 
hello 
hello 
hello 
hello 
hello 
hello 
hello 
hello 
hello 
hello 
hello 
hello 
hello 
hello 
hello 
hello 
hello 
hello 
hello 
hello 
hello 
hello 
hello 
hello 
hello 
hello 
hello 
hello 
hello 
hello 
hello 
hello 
hello 
hello 
hello 
hello 
hello 
hello 
hello 
hello 
hello 
hello 
hello 
hello 
hello 
hello 
hello 
hello 
hello 
hello 
hello 
hello 
hello 
hello 
hello 
hello 
hello 
hello 
hello 
hello 
hello 
hello 
hello 
hello 
hello 
hello 
hello 
hello 
hello 
hello 
hello 
hello 
hello 
hello 
hello 
hello 
hello 
hello 
hello 
hello 
hello 
hello 
hello 
hello 
hello 
hello 
hello 
hello 
hello 
hello 
hello 
hello 
hello 
hello 
hello 
hello 
hello 
hello 
hello 
hello 
hello 
hello 
hello 
hello 
hello 
hello 
hello 
hello 
hello 
hello 
hello 
hello 
hello 
hello 
hello 
hello 
hello 
hello 
hello 
hello 
hello 
hello 
hello 
hello 
hello 
hello 
hello 
hello 
hello 
hello 
hello 
hello 
hello 
hello 
hello 
hello 
hello 
hello 
hello 
hello 
hello 
hello 
hello 
hello 
hello 
hello 
hello 
hello 
hello 
hello 
hello 
hello 
hello 
hello 
hello 
hello 
hello 
hello 
hello 
hello 
hello 
hello 
hello 
hello 
hello 
hello 
hello 
hello 
hello 
hello 
hello 
hello 
hello 
hello 
hello 
hello 
hello 
hello 
hello 
hello 
hello 
hello 
hello 
hello 
hello 
hello 
hello 
hello 
hello 
hello 
hello 
hello 
hello 
hello 
hello 
hello 
hello 
hello 
hello 
hello 
hello 
hello 
hello 
hello 
hello 
hello 
hello 
hello 
hello 
hello 
hello 
hello 
hello 
hello 
hello 
hello 
hello 
hello 
hello 
hello 
hello 
hello 
hello 
hello 
hello 
hello 
hello 
hello 
hello 
hello 
hello 
hello 
hello 
hello 
hello 
hello 
hello 
hello 
hello 
hello 
hello 
hello 
hello 
hello 
hello 
hello 
hello 
hello 
hello 
hello 
hello 
hello 
hello 
hello 
hello 
hello 
hello 
hello 
hello 
hello 
hello 
hello 
hello 
hello 
hello 
hello 
hello 
hello 
hello 
hello 
hello 
hello 
hello 
hello 
hello 
hello 
hello 
hello 
hello 
hello 
hello 
hello 
hello 
hello 
hello 
hello 
hello 
hello 
hello 
hello 
hello 
hello 
hello 
hello 
hello 
hello 
hello 
hello 
hello 
hello 
hello 
hello 
hello 
hello 
hello 
hello 
hello 
hello 
hello 
hello 
hello 
hello 
hello 
hello 
hello 
hello 
hello 
hello 
hello 
hello 
hello 
hello 
hello 
hello 
hello 
hello 
hello 
hello 
hello 
hello 
hello 
hello 
hello 
hello 
hello 
hello 
hello 
hello 
hello 
hello 
hello 
hello 
hello 
hello 
hello 
hello 
hello 
hello 
hello 
hello 
hello 
hello 
hello 
hello 
hello 
hello 
hello 
hello 
hello 
hello 
hello 
hello 
hello 
hello 
hello 
hello 
hello 
hello 
hello 
hello 
hello 
hello 
hello 
hello 
hello 
hello 
hello 
hello 
hello 
hello 
hello 
hello 
hello 
hello 
hello 
hello 
hello 
hello 
hello 
hello 
hello 
hello 
hello 
hello 
hello 
hello 
hello 
hello 
hello 
hello 
hello 
hello 
hello 
hello 
hello 
hello 
hello 
hello 
hello 
hello 
hello 
hello 
hello 
hello 
hello 
hello 
hello 
hello 
hello 
hello 
hello 
hello 
hello 
hello 
hello 
hello 
hello 
hello 
hello 
hello 
hello 
hello 
hello 
hello 
hello 
hello 
hello 
hello 
hello 
hello 
hello 
hello 
hello 
hello 
hello 
hello 
hello 
hello 
hello 
hello 
hello 
hello 
hello 
hello 
hello 
hello 
hello 
hello 
hello 
hello 
hello 
hello 
hello 
hello 
hello 
hello 
hello 
hello 
hello 
hello 
hello 
hello 
hello 
hello 
hello 
hello 
hello 
hello 
hello 
hello 
hello 
hello 
hello 
hello 
hello 
hello 
hello 
hello 
hello 
hello 
hello 
hello 
hello 
hello 
hello 
hello 
hello 
hello 
hello 
hello 
hello 
hello 
hello 
hello 
hello 
hello 
hello 
hello 
hello 
hello 
hello 
hello 
hello 
hello 
hello 
hello 
hello 
hello 
hello 
hello 
hello 
hello 
hello 
hello 
hello 
hello 
hello 
hello 
hello 
hello 
hello 
hello 
hello 
hello 
hello 
hello 
hello 
hello 
hello 
hello 
hello 
hello 
hello 
hello 
hello 
hello 
hello 
hello 
hello 
hello 
hello 
hello 
hello 
hello 
hello 
hello 
hello 
hello 
hello 
hello 
hello 
hello 
hello 
hello 
hello 
hello 
hello 
hello 
hello 
hello 
hello 
hello 
hello 
hello 
hello 
hello 
hello 
hello 
hello 
hello 
hello 
hello 
hello 
hello 
hello 
hello 
hello 
hello 
hello 
hello 
hello 
hello 
hello 
hello 
hello 
hello 
hello 
hello 
hello 
hello 
hello 
hello 
hello 
hello 
hello 
hello 
hello 
hello 
hello 
hello 
hello 
hello 
hello 
hello 
hello 
hello 
hello 
hello 
hello 
hello 
hello 
hello 
hello 
hello 
hello 
hello 
hello 
hello 
hello 
hello 
hello 
hello 
hello 
hello 
hello 
hello 
hello 
hello 
hello 
hello 
hello 
hello 
hello 
hello 
hello 
hello 
hello 
hello 
hello 
hello 
hello 
hello 
hello 
hello 
hello 
hello 
hello 
hello 
hello 
hello 
hello 
hello 
hello 
hello 
hello 
hello 
hello 
hello 
hello 
hello 
hello 
hello 
hello 
hello 
hello 
hello 
hello 
hello 
hello 
hello 
hello 
hello 
hello 
hello 
hello 
hello 
hello 
hello 
hello 
hello 
hello 
hello 
hello 
hello 
hello 
hello 
hello 
hello 
hello 
hello 
hello 
hello 
hello 
hello 
hello 
hello 
hello 
hello 
hello 
hello 
hello 
hello 
hello 
hello 
hello 
hello 
hello 
hello 
hello 
hello 
hello 
hello 
hello 
hello 
hello 
hello 
hello 
hello 
hello 
hello 
hello 
hello 
hello 
hello 
hello 
hello 
hello 
hello 
hello 
hello 
hello 
hello 
hello 
hello 
hello 
hello 
hello 
hello 
hello 
hello 
hello 
hello 
hello 
hello 
hello 
hello 
hello 
hello 
hello 
hello 
hello 
hello 
hello 
hello 
hello 
hello 
hello 
hello 
hello 
hello 
hello 
hello 
hello 
hello 
hello 
hello 
hello 
hello 
hello 
hello 
hello 
hello 
hello 
hello 
hello 
hello 
hello 
hello 
hello 
hello 
hello 
hello 
hello 
hello 
hello 
hello 
hello 
hello 
hello 
hello 
hello 
hello 
hello 
hello 
hello 
hello 
hello 
hello 
hello 
hello 
hello 
hello 
hello 
hello 
hello 
hello 
hello 
hello 
hello 
hello 
hello 
hello 
hello 
hello 
hello 
hello 
hello 
hello 
hello 
hello 
hello 
hello 
hello 
hello 
hello 
hello 
hello 
hello 
hello 
hello 
hello 
hello 
hello 
hello 
hello 
hello 
hello 
hello 
hello 
hello 
hello 
hello 
hello 
hello 
hello 
hello 
hello 
hello 
hello 
hello 
hello 
hello 
hello 
hello 
hello 
hello 
hello 
hello 
hello 
hello 
hello 
hello 
hello 
hello 
hello 
hello 
hello 
hello 
hello 
hello 
hello 
hello 
hello 
hello 
hello 
hello 
hello 
hello 
hello 
hello 
hello 
hello 
hello 
hello 
hello 
hello 
hello 
hello 
hello 
hello 
hello 
hello 
hello 
hello 
hello 
hello 
hello 
hello 
hello 
hello 
hello 
hello 
hello 
hello 
hello 
hello 
hello 
hello 
hello 
hello 
hello 
hello 
hello 
hello 
hello 
hello 
hello 
hello 
hello 
hello 
hello 
hello 
hello 
hello 
hello 
hello 
hello 
hello 
hello 
hello 
hello 
hello 
hello 
hello 
hello 
hello 
hello 
hello 
hello 
hello 
hello 
hello 
hello 
hello 
hello 
hello 
hello 
hello 
hello 
hello 
hello 
hello 
hello 
hello 
hello 
hello 
hello 
hello 
hello 
hello 
hello 
hello 
hello 
hello 
hello 
hello 
hello 
hello 
hello 
hello 
hello 
hello 
hello 
hello 
hello 
hello 
hello 
hello 
hello 
hello 
hello 
hello 
hello 
hello 
hello 
hello 
hello 
hello 
hello 
hello 
hello 
hello 
hello 
hello 
hello 
hello 
hello 
hello 
hello 
hello 
hello 
hello 
hello 
hello 
hello 
hello 
hello 
hello 
hello 
hello 
hello 
hello 
hello 
hello 
hello 
hello 
hello 
hello 
hello 
hello 
hello 
hello 
hello 
hello 
hello 
hello 
hello 
hello 
hello 
hello 
hello 
hello 
hello 
hello 
hello 
hello 
hello 
hello 
hello 
hello 
hello 
hello 
hello 
hello 
hello 
hello 
hello 
hello 
hello 
hello 
hello 
hello 
hello 
hello 
hello 
hello 
hello 
hello 
hello 
hello 
hello 
hello 
hello 
hello 
hello 
hello 
hello 
hello 
hello 
hello 
hello 
hello 
hello 
hello 
hello 
hello 
hello 
hello 
hello 
hello 
hello 
hello 
hello 
hello 
hello 
hello 
hello 
hello 
hello 
hello 
hello 
hello 
hello 
hello 
hello 
hello 
hello 
hello 
hello 
hello 
hello 
hello 
hello 
hello 
hello 
hello 
hello 
hello 
hello 
hello 
hello 
hello 
hello 
hello 
hello 
hello 
hello 
hello 
hello 
hello 
hello 
hello 
hello 
hello 
hello 
hello 
hello 
hello 
hello 
hello 
hello 
hello 
hello 
hello 
hello 
hello 
hello 
hello 
hello 
hello 
hello 
hello 
hello 
hello 
hello 
hello 
hello 
hello 
hello 
hello 
hello 
hello 
hello 
hello 
hello 
hello 
hello 
hello 
hello 
hello 
hello 
hello 
hello 
hello 
hello 
hello 
hello 
hello 
hello 
hello 
hello 
hello 
hello 
hello 
hello 
hello 
hello 
hello 
hello 
hello 
hello 
hello 
hello 
hello 
hello 
hello 
hello 
hello 
hello 
hello 
hello 
hello 
hello 
hello 
hello 
hello 
hello 
hello 
hello 
hello 
hello 
hello 
hello 
hello 
hello 
hello 
hello 
hello 
hello 
hello 
hello 
hello 
hello 
hello 
hello 
hello 
hello 
hello 
hello 
hello 
hello 
hello 
hello 
hello 
hello 
hello 
hello 
hello 
hello 
hello 
hello 
hello 
hello 
hello 
hello 
hello 
hello 
hello 
hello 
hello 
hello 
hello 
hello 
hello 
hello 
hello 
hello 
hello 
hello 
hello 
hello 
hello 
hello 
hello 
hello 
hello 
hello 
hello 
hello 
hello 
hello 
hello 
hello 
hello 
hello 
hello 
hello 
hello 
hello 
hello 
hello 
hello 
hello 
hello 
hello 
hello 
hello 
hello 
hello 
hello 
hello 
hello 
hello 
hello 
hello 
hello 
hello 
hello 
hello 
hello 
hello 
hello 
hello 
hello 
hello 
hello 
hello 
hello 
hello 
hello 
hello 
hello 
hello 
hello 
hello 
hello 
hello 
hello 
hello 
hello 
hello 
hello 
hello 
hello 
hello 
hello 
hello 
hello 
hello 
hello 
hello 
hello 
hello 
hello 
hello 
hello 
hello 
hello 
hello 
hello 
hello 
hello 
hello 
hello 
hello 
hello 
hello 
hello 
hello 
hello 
hello 
hello 
hello 
hello 
hello 
hello 
hello 
hello 
hello 
hello 
hello 
hello 
hello 
hello 
hello 
hello 
hello 
hello 
hello 
hello 
hello 
hello 
hello 
hello 
hello 
hello 
hello 
hello 
hello 
hello 
hello 
hello 
hello 
hello 
hello 
hello 
hello 
hello 
hello 
hello 
hello 
hello 
hello 
hello 
hello 
hello 
hello 
hello 
hello 
hello 
hello 
hello 
hello 
hello 
hello 
hello 
hello 
hello 
hello 
hello 
hello 
hello 
hello 
hello 
hello 
hello 
hello 
hello 
hello 
hello 
hello 
hello 
hello 
hello 
hello 
hello 
hello 
hello 
hello 
hello 
hello 
hello 
hello 
hello 
hello 
hello 
hello 
hello 
hello 
hello 
hello 
hello 
hello 
hello 
hello 
hello 
hello 
hello 
hello 
hello 
hello 
hello 
hello 
hello 
hello 
hello 
hello 
hello 
hello 
hello 
hello 
hello 
hello 
hello 
hello 
hello 
hello 
hello 
hello 
hello 
hello 
hello 
hello 
hello 
hello 
hello 
hello 
hello 
hello 
hello 
hello 
hello 
hello 
hello 
hello 
hello 
hello 
hello 
hello 
hello 
hello 
hello 
hello 
hello 
hello 
hello 
hello 
hello 
hello 
hello 
hello 
hello 
hello 
hello 
hello 
hello 
hello 
hello 
hello 
hello 
hello 
hello 
hello 
hello 
hello 
hello 
hello 
hello 
hello 
hello 
hello 
hello 
hello 
hello 
hello 
hello 
hello 
hello 
hello 
hello 
hello 
hello 
hello 
hello 
hello 
hello 
hello 
hello 
hello 
hello 
hello 
hello 
hello 
hello 
hello 
hello 
hello 
hello 
hello 
hello 
hello 
hello 
hello 
hello 
hello 
hello 
hello 
hello 
hello 
hello 
hello 
hello 
hello 
hello 
hello 
hello 
hello 
hello 
hello 
hello 
hello 
hello 
hello 
hello 
hello 
hello 
hello 
hello 
hello 
hello 
hello 
hello 
hello 
hello 
hello 
hello 
hello 
hello 
hello 
hello 
hello 
hello 
hello 
hello 
hello 
hello 
hello 
hello 
hello 
hello 
hello 
hello 
hello 
hello 
hello 
hello 
hello 
hello 
hello 
hello 
hello 
hello 
hello 
hello 
hello 
hello 
hello 
hello 
hello 
hello 
hello 
hello 
hello 
hello 
hello 
hello 
hello 
hello 
hello 
hello 
hello 
hello 
hello 
hello 
hello 
hello 
hello 
hello 
hello 
hello 
hello 
hello 
hello 
hello 
hello 
hello 
hello 
hello 
hello 
hello 
hello 
hello 
hello 
hello 
hello 
hello 
hello 
hello 
hello 
hello 
hello 
hello 
hello 
hello 
hello 
hello 
hello 
hello 
hello 
hello 
hello 
hello 
hello 
hello 
hello 
hello 
hello 
hello 
hello 
hello 
hello 
hello 
hello 
hello 
hello 
hello 
hello 
hello 
hello 
hello 
hello 
hello 
hello 
hello 
hello 
hello 
hello 
hello 
hello 
hello 
hello 
hello 
hello 
hello 
hello 
hello 
hello 
hello 
hello 
hello 
hello 
hello 
hello 
hello 
hello 
hello 
hello 
hello 
hello 
hello 
hello 
hello 
hello 
hello 
hello 
hello 
hello 
hello 
hello 
hello 
hello 
hello 
hello 
hello 
hello 
hello 
hello 
hello 
hello 
hello 
hello 
hello 
hello 
hello 
hello 
hello 
hello 
hello 
hello 
hello 
hello 
hello 
hello 
hello 
hello 
hello 
hello 
hello 
hello 
hello 
hello 
hello 
hello 
hello 
hello 
hello 
hello 
hello 
hello 
hello 
hello 
hello 
hello 
hello 
hello 
hello 
hello 
hello 
hello 
hello 
hello 
hello 
hello 
hello 
hello 
hello 
hello 
hello 
hello 
hello 
hello 
hello 
hello 
hello 
hello 
hello 
hello 
hello 
hello 
hello 
hello 
hello 
hello 
hello 
hello 
hello 
hello 
hello 
hello 
hello 
hello 
hello 
hello 
hello 
hello 
hello 
hello 
hello 
hello 
hello 
hello 
hello 
hello 
hello 
hello 
hello 
hello 
hello 
hello 
hello 
hello 
hello 
hello 
hello 
hello 
hello 
hello 
hello 
hello 
hello 
hello 
hello 
hello 
hello 
hello 
hello 
hello 
hello 
hello 
hello 
hello 
hello 
hello 
hello 
hello 
hello 
hello 
hello 
hello 
hello 
hello 
hello 
hello 
hello 
hello 
hello 
hello 
hello 
hello 
hello 
hello 
hello 
hello 
hello 
hello 
hello 
hello 
hello 
hello 
hello 
hello 
hello 
hello 
hello 
hello 
hello 
hello 
hello 
hello 
hello 
hello 
hello 
hello 
hello 
hello 
hello 
hello 
hello 
hello 
hello 
hello 
hello 
hello 
hello 
hello 
hello 
hello 
hello 
hello 
hello 
hello 
hello 
hello 
hello 
hello 
hello 
hello 
hello 
hello 
hello 
hello 
hello 
hello 
hello 
hello 
hello 
hello 
hello 
hello 
hello 
hello 
hello 
hello 
hello 
hello 
hello 
hello 
hello 
hello 
hello 
hello 
hello 
hello 
hello 
hello 
hello 
hello 
hello 
hello 
hello 
hello 
hello 
hello 
hello 
hello 
hello 
hello 
hello 
hello 
hello 
hello 
hello 
hello 
hello 
hello 
hello 
hello 
hello 
hello 
hello 
hello 
hello 
hello 
hello 
hello 
hello 
hello 
hello 
hello 
hello 
hello 
hello 
hello 
hello 
hello 
hello 
hello 
hello 
hello 
hello 
hello 
hello 
hello 
hello 
hello 
hello 
hello 
hello 
hello 
hello 
hello 
hello 
hello 
hello 
hello 
hello 
hello 
hello 
hello 
hello 
hello 
hello 
hello 
hello 
hello 
hello 
hello 
hello 
hello 
hello 
hello 
hello 
hello 
hello 
hello 
hello 
hello 
hello 
hello 
hello 
hello 
hello 
hello 
hello 
hello 
hello 
hello 
hello 
hello 
hello 
hello 
hello 
hello 
hello 
hello 
hello 
hello 
hello 
hello 
hello 
hello 
hello 
hello 
hello 
hello 
hello 
hello 
hello 
hello 
hello 
hello 
hello 
hello 
hello 
hello 
hello 
hello 
hello 
hello 
hello 
hello 
hello 
hello 
hello 
hello 
hello 
hello 
hello 
hello 
hello 
hello 
hello 
hello 
hello 
hello 
hello 
hello 
hello 
hello 
hello 
hello 
hello 
hello 
hello 
hello 
hello 
hello 
hello 
hello 
hello 
hello 
hello 
hello 
hello 
hello 
hello 
hello 
hello 
hello 
hello 
hello 
hello 
hello 
hello 
hello 
hello 
hello 
hello 
hello 
hello 
hello 
hello 
hello 
hello 
hello 
hello 
hello 
hello 
hello 
hello 
hello 
hello 
hello 
hello 
hello 
hello 
hello 
hello 
hello 
hello 
hello 
hello 
hello 
hello 
hello 
hello 
hello 
hello 
hello 
hello 
hello 
hello 
hello 
hello 
hello 
hello 
hello 
hello 
hello 
hello 
hello 
hello 
hello 
hello 
hello 
hello 
hello 
hello 
hello 
hello 
hello 
hello 
hello 
hello 
hello 
hello 
hello 
hello 
hello 
hello 
hello 
hello 
hello 
hello 
hello 
hello 
hello 
hello 
hello 
hello 
hello 
hello 
hello 
hello 
hello 
hello 
hello 
hello 
hello 
hello 
hello 
hello 
hello 
hello 
hello 
hello 
hello 
hello 
hello 
hello 
hello 
hello 
hello 
hello 
hello 
hello 
hello 
hello 
hello 
hello 
hello 
hello 
hello 
hello 
hello 
hello 
hello 
hello 
hello 
hello 
hello 
hello 
hello 
hello 
hello 
hello 
hello 
hello 
hello 
hello 
hello 
hello 
hello 
hello 
hello 
hello 
hello 
hello 
hello 
hello 
hello 
hello 
hello 
hello 
hello 
hello 
hello 
hello 
hello 
hello 
hello 
hello 
hello 
hello 
hello 
hello 
hello 
hello 
hello 
hello 
hello 
hello 
hello 
hello 
hello 
hello 
hello 
hello 
hello 
hello 
hello 
hello 
hello 
hello 
hello 
hello 
hello 
hello 
hello 
hello 
hello 
hello 
hello 
hello 
hello 
hello 
hello 
hello 
hello 
hello 
hello 
hello 
hello 
hello 
hello 
hello 
hello 
hello 
hello 
hello 
hello 
hello 
hello 
hello 
hello 
hello 
hello 
hello 
hello 
hello 
hello 
hello 
hello 
hello 
hello 
hello 
hello 
hello 
hello 
hello 
hello 
hello 
hello 
hello 
hello 
hello 
hello 
hello 
hello 
hello 
hello 
hello 
hello 
hello 
hello 
hello 
hello 
hello 
hello 
hello 
hello 
hello 
hello 
hello 
hello 
hello 
hello 
hello 
hello 
hello 
hello 
hello 
hello 
hello 
hello 
hello 
hello 
hello 
hello 
hello 
hello 
hello 
hello 
hello 
hello 
hello 
hello 
hello 
hello 
hello 
hello 
hello 
hello 
hello 
hello 
hello 
hello 
hello 
hello 
hello 
hello 
hello 
hello 
hello 
hello 
hello 
hello 
hello 
hello 
hello 
hello 
hello 
hello 
hello 
hello 
hello 
hello 
hello 
hello 
hello 
hello 
hello 
hello 
hello 
hello 
hello 
hello 
hello 
hello 
hello 
hello 
hello 
hello 
hello 
hello 
hello 
hello 
hello 
hello 
hello 
hello 
hello 
hello 
hello 
hello 
hello 
hello 
hello 
hello 
hello 
hello 
hello 
hello 
hello 
hello 
hello 
hello 
hello 
hello 
hello 
hello 
hello 
hello 
hello 
hello 
hello 
hello 
hello 
hello 
hello 
hello 
hello 
hello 
hello 
hello 
hello 
hello 
hello 
hello 
hello 
hello 
hello 
hello 
hello 
hello 
hello 
hello 
hello 
hello 
hello 
hello 
hello 
hello 
hello 
hello 
hello 
hello 
hello 
hello 
hello 
hello 
hello 
hello 
hello 
hello 
hello 
hello 
hello 
hello 
hello 
hello 
hello 
hello 
hello 
hello 
hello 
hello 
hello 
hello 
hello 
hello 
hello 
hello 
hello 
hello 
hello 
hello 
hello 
hello 
hello 
hello 
hello 
hello 
hello 
hello 
hello 
hello 
hello 
hello 
hello 
hello 
hello 
hello 
hello 
hello 
hello 
hello 
hello 
hello 
hello 
hello 
hello 
hello 
hello 
hello 
hello 
hello 
hello 
hello 
hello 
hello 
hello 
hello 
hello 
hello 
hello 
hello 
hello 
hello 
hello 
hello 
hello 
hello 
hello 
hello 
hello 
hello 
hello 
hello 
hello 
hello 
hello 
hello 
hello 
hello 
hello 
hello 
hello 
hello 
hello 
hello 
hello 
hello 
hello 
hello 
hello 
hello 
hello 
hello 
hello 
hello 
hello 
hello 
hello 
hello 
hello 
hello 
hello 
hello 
hello 
hello 
hello 
hello 
hello 
hello 
hello 
hello 
hello 
hello 
hello 
hello 
hello 
hello 
hello 
hello 
hello 
hello 
hello 
hello 
hello 
hello 
hello 
hello 
hello 
hello 
hello 
hello 
hello 
hello 
hello 
hello 
hello 
hello 
hello 
hello 
hello 
hello 
hello 
hello 
hello 
hello 
hello 
hello 
hello 
hello 
hello 
hello 
hello 
hello 
hello 
hello 
hello 
hello 
hello 
hello 
hello 
hello 
hello 
hello 
hello 
hello 
hello 
hello 
hello 
hello 
hello 
hello 
hello 
hello 
hello 
hello 
hello 
hello 
hello 
hello 
hello 
hello 
hello 
hello 
hello 
hello 
hello 
hello 
hello 
hello 
hello 
hello 
hello 
hello 
hello 
hello 
hello 
hello 
hello 
hello 
hello 
hello 
hello 
hello 
hello 
hello 
hello 
hello 
hello 
hello 
hello 
hello 
hello 
hello 
hello 
hello 
hello 
hello 
hello 
hello 
hello 
hello 
hello 
hello 
hello 
hello 
hello 
hello 
hello 
hello 
hello 
hello 
hello 
hello 
hello 
hello 
hello 
hello 
hello 
hello 
hello 
hello 
hello 
hello 
hello 
hello 
hello 
hello 
hello 
hello 
hello 
hello 
hello 
hello 
hello 
hello 
hello 
hello 
hello 
hello 
hello 
hello 
hello 
hello 
hello 
hello 
hello 
hello 
hello 
hello 
hello 
hello 
hello 
hello 
hello 
hello 
hello 
hello 
hello 
hello 
hello 
hello 
hello 
hello 
hello 
hello 
hello 
hello 
hello 
hello 
hello 
hello 
hello 
hello 
hello 
hello 
hello 
hello 
hello 
hello 
hello 
hello 
hello 
hello 
hello 
hello 
hello 
hello 
hello 
hello 
hello 
hello 
hello 
hello 
hello 
hello 
hello 
hello 
hello 
hello 
hello 
hello 
hello 
hello 
hello 
hello 
hello 
hello 
hello 
hello 
hello 
hello 
hello 
hello 
hello 
hello 
hello 
hello 
hello 
hello 
hello 
hello 
hello 
hello 
hello 
hello 
hello 
hello 
hello 
hello 
hello 
hello 
hello 
hello 
hello 
hello 
hello 
hello 
hello 
hello 
hello 
hello 
hello 
hello 
hello 
hello 
hello 
hello 
hello 
hello 
hello 
hello 
hello 
hello 
hello 
hello 
hello 
hello 
hello 
hello 
hello 
hello 
hello 
hello 
hello 
hello 
hello 
hello 
hello 
hello 
hello 
hello 
hello 
hello 
hello 
hello 
hello 
hello 
hello 
hello 
hello 
hello 
hello 
hello 
hello 
hello 
hello 
hello 
hello 
hello 
hello 
hello 
hello 
hello 
hello 
hello 
hello 
hello 
hello 
hello 
hello 
hello 
hello 
hello 
hello 
hello 
hello 
hello 
hello 
hello 
hello 
hello 
hello 
hello 
hello 
hello 
hello 
hello 
hello 
hello 
hello 
hello 
hello 
hello 
hello 
hello 
hello 
hello 
hello 
hello 
hello 
hello 
hello 
hello 
hello 
hello 
hello 
hello 
hello 
hello 
hello 
hello 
hello 
hello 
hello 
hello 
hello 
hello 
hello 
hello 
hello 
hello 
hello 
hello 
hello 
hello 
hello 
hello 
hello 
hello 
hello 
hello 
hello 
hello 
hello 
hello 
hello 
hello 
hello 
hello 
hello 
hello 
hello 
hello 
hello 
hello 
hello 
hello 
hello 
hello 
hello 
hello 
hello 
hello 
hello 
hello 
hello 
hello 
hello 
hello 
hello 
hello 
hello 
hello 
hello 
hello 
hello 
hello 
hello 
hello 
hello 
hello 
hello 
hello 
hello 
hello 
hello 
hello 
hello 
hello 
hello 
hello 
hello 
hello 
hello 
hello 
hello 
hello 
hello 
hello 
hello 
hello 
hello 
hello 
hello 
hello 
hello 
hello 
hello 
hello 
hello 
hello 
hello 
hello 
hello 
hello 
hello 
hello 
hello 
hello 
hello 
hello 
hello 
hello 
hello 
hello 
hello 
hello 
hello 
hello 
hello 
hello 
hello 
hello 
hello 
hello 
hello 
hello 
hello 
hello 
hello 
hello 
hello 
hello 
hello 
hello 
hello 
hello 
hello 
hello 
hello 
hello 
hello 
hello 
hello 
hello 
hello 
hello 
hello 
hello 
hello 
hello 
hello 
hello 
hello 
hello 
hello 
hello 
hello 
hello 
hello 
hello 
hello 
hello 
hello 
hello 
hello 
hello 
hello 
hello 
hello 
hello 
hello 
hello 
hello 
hello 
hello 
hello 
hello 
hello 
hello 
hello 
hello 
hello 
hello 
hello 
hello 
hello 
hello 
hello 
hello 
hello 
hello 
hello 
hello 
hello 
hello 
hello 
hello 
hello 
hello 
hello 
hello 
hello 
hello 
hello 
hello 
hello 
hello 
hello 
hello 
hello 
hello 
hello 
hello 
hello 
hello 
hello 
hello 
hello 
hello 
hello 
hello 
hello 
hello 
hello 
hello 
hello 
hello 
hello 
hello 
hello 
hello 
hello 
hello 
hello 
hello 
hello 
hello 
hello 
hello 
hello 
hello 
hello 
hello 
hello 
hello 
hello 
hello 
hello 
hello 
hello 
hello 
hello 
hello 
hello 
hello 
hello 
hello 
hello 
hello 
hello 
hello 
hello 
hello 
hello 
hello 
hello 
hello 
hello 
hello 
hello 
hello 
hello 
hello 
hello 
hello 
hello 
hello 
hello 
hello 
hello 
hello 
hello 
hello 
hello 
hello 
hello 
hello 
hello 
hello 
hello 
hello 
hello 
hello 
hello 
hello 
hello 
hello 
hello 
hello 
hello 
hello 
hello 
hello 
hello 
hello 
hello 
hello 
hello 
hello 
hello 
hello 
hello 
hello 
hello 
hello 
hello 
hello 
hello 
hello 
hello 
hello 
hello 
hello 
hello 
hello 
hello 
hello 
hello 
hello 
hello 
hello 
hello 
hello 
hello 
hello 
hello 
hello 
hello 
hello 
hello 
hello 
hello 
hello 
hello 
hello 
hello 
hello 
hello 
hello 
hello 
hello 
hello 
hello 
hello 
hello 
hello 
hello 
hello 
hello 
hello 
hello 
hello 
hello 
hello 
hello 
hello 
hello 
hello 
hello 
hello 
hello 
hello 
hello 
hello 
hello 
hello 
hello 
hello 
hello 
hello 
hello 
hello 
hello 
hello 
hello 
hello 
hello 
hello 
hello 
hello 
hello 
hello 
hello 
hello 
hello 
hello 
hello 
hello 
hello 
hello 
hello 
hello 
hello 
hello 
hello 
hello 
hello 
hello 
hello 
hello 
hello 
hello 
hello 
hello 
hello 
hello 
hello 
hello 
hello 
hello 
hello 
hello 
hello 
hello 
hello 
hello 
hello 
hello 
hello 
hello 
hello 
hello 
hello 
hello 
hello 
hello 
hello 
hello 
hello 
hello 
hello 
hello 
hello 
hello 
hello 
hello 
hello 
hello 
hello 
hello 
hello 
hello 
hello 
hello 
hello 
hello 
hello 
hello 
hello 
hello 
hello 
hello 
hello 
hello 
hello 
hello 
hello 
hello 
hello 
hello 
hello 
hello 
hello 
hello 
hello 
hello 
hello 
hello 
hello 
hello 
hello 
hello 
hello 
hello 
hello 
hello 
hello 
hello 
hello 
hello 
hello 
hello 
hello 
hello 
hello 
hello 
hello 
hello 
hello 
hello 
hello 
hello 
hello 
hello 
hello 
hello 
hello 
hello 
hello 
hello 
hello 
hello 
hello 
hello 
hello 
hello 
hello 
hello 
hello 
hello 
hello 
hello 
hello 
hello 
hello 
hello 
hello 
hello 
hello 
hello 
hello 
hello 
hello 
hello 
hello 
hello 
hello 
hello 
hello 
hello 
hello 
hello 
hello 
hello 
hello 
hello 
hello 
hello 
hello 
hello 
hello 
hello 
hello 
hello 
hello 
hello 
hello 
hello 
hello 
hello 
hello 
hello 
hello 
hello 
hello 
hello 
hello 
hello 
hello 
hello 
hello 
hello 
hello 
hello 
hello 
hello 
hello 
hello 
hello 
hello 
hello 
hello 
hello 
hello 
hello 
hello 
hello 
hello 
hello 
hello 
hello 
hello 
hello 
hello 
hello 
hello 
hello 
hello 
hello 
hello 
hello 
hello 
hello 
hello 
hello 
hello 
hello 
hello 
hello 
hello 
hello 
hello 
hello 
hello 
hello 
hello 
hello 
hello 
hello 
hello 
hello 
hello 
hello 
hello 
hello 
hello 
hello 
hello 
hello 
hello 
hello 
hello 
hello 
hello 
hello 
hello 
hello 
hello 
hello 
hello 
hello 
hello 
hello 
hello 
hello 
hello 
hello 
hello 
hello 
hello 
hello 
hello 
hello 
hello 
hello 
hello 
hello 
hello 
hello 
hello 
hello 
hello 
hello 
hello 
hello 
hello 
hello 
hello 
hello 
hello 
hello 
hello 
hello 
hello 
hello 
hello 
hello 
hello 
hello 
hello 
hello 
hello 
hello 
hello 
hello 
hello 
hello 
hello 
hello 
hello 
hello 
hello 
hello 
hello 
hello 
hello 
hello 
hello 
hello 
hello 
hello 
hello 
hello 
hello 
hello 
hello 
hello 
hello 
hello 
hello 
hello 
hello 
hello 
hello 
hello 
hello 
hello 
hello 
hello 
hello 
hello 
hello 
hello 
hello 
hello 
hello 
hello 
hello 
hello 
hello 
hello 
hello 
hello 
hello 
hello 
hello 
hello 
hello 
hello 
hello 
hello 
hello 
hello 
hello 
hello 
hello 
hello 
hello 
hello 
hello 
hello 
hello 
hello 
hello 
hello 
hello 
hello 
hello 
hello 
hello 
hello 
hello 
hello 
hello 
hello 
hello 
hello 
hello 
hello 
hello 
hello 
hello 
hello 
hello 
hello 
hello 
hello 
hello 
hello 
hello 
hello 
hello 
hello 
hello 
hello 
hello 
hello 
hello 
hello 
hello 
hello 
hello 
hello 
hello 
hello 
hello 
hello 
hello 
hello 
hello 
hello 
hello 
hello 
hello 
hello 
hello 
hello 
hello 
hello 
hello 
hello 
hello 
hello 
hello 
hello 
hello 
hello 
hello 
hello 
hello 
hello 
hello 
hello 
hello 
hello 
hello 
hello 
hello 
hello 
hello 
hello 
hello 
hello 
hello 
hello 
hello 
hello 
hello 
hello 
hello 
hello 
hello 
hello 
hello 
hello 
hello 
hello 
hello 
hello 
hello 
hello 
hello 
hello 
hello 
hello 
hello 
hello 
hello 
hello 
hello 
hello 
hello 
hello 
hello 
hello 
hello 
hello 
hello 
hello 
hello 
hello 
hello 
hello 
hello 
hello 
hello 
hello 
hello 
hello 
hello 
hello 
hello 
hello 
hello 
hello 
hello 
hello 
hello 
hello 
hello 
hello 
hello 
hello 
hello 
hello 
hello 
hello 
hello 
hello 
hello 
hello 
hello 
hello 
hello 
hello 
hello 
hello 
hello 
hello 
hello 
hello 
hello 
hello 
hello 
hello 
hello 
hello 
hello 
hello 
hello 
hello 
hello 
hello 
hello 
hello 
hello 
hello 
hello 
hello 
hello 
hello 
hello 
hello 
hello 
hello 
hello 
hello 
hello 
hello 
hello 
hello 
hello 
hello 
hello 
hello 
hello 
hello 
hello 
hello 
hello 
hello 
hello 
hello 
hello 
hello 
hello 
hello 
hello 
hello 
hello 
hello 
hello 
hello 
hello 
hello 
hello 
hello 
hello 
hello 
hello 
hello 
hello 
hello 
hello 
hello 
hello 
hello 
hello 
hello 
hello 
hello 
hello 
hello 
hello 
hello 
hello 
hello 
hello 
hello 
hello 
hello 
hello 
hello 
hello 
hello 
hello 
hello 
hello 
hello 
hello 
hello 
hello 
hello 
hello 
hello 
hello 
hello 
hello 
hello 
hello 
hello 
hello 
hello 
hello 
hello 
hello 
hello 
hello 
hello 
hello 
hello 
hello 
hello 
hello 
hello 
hello 
hello 
hello 
hello 
hello 
hello 
hello 
hello 
hello 
hello 
hello 
hello 
hello 
hello 
hello 
hello 
hello 
hello 
hello 
hello 
hello 
hello 
hello 
hello 
hello 
hello 
hello 
hello 
hello 
hello 
hello 
hello 
hello 
hello 
hello 
hello 
hello 
hello 
hello 
hello 
hello 
hello 
hello 
hello 
hello 
hello 
hello 
hello 
hello 
hello 
hello 
hello 
hello 
hello 
hello 
hello 
hello 
hello 
hello 
hello 
hello 
hello 
hello 
hello 
hello 
hello 
hello 
hello 
hello 
hello 
hello 
hello 
hello 
hello 
hello 
hello 
hello 
hello 
hello 
hello 
hello 
hello 
hello 
hello 
hello 
hello 
hello 
hello 
hello 
hello 
hello 
hello 
hello 
hello 
hello 
hello 
hello 
hello 
hello 
hello 
hello 
hello 
hello 
hello 
hello 
hello 
hello 
hello 
hello 
hello 
hello 
hello 
hello 
hello 
hello 
hello 
hello 
hello 
hello 
hello 
hello 
hello 
hello 
hello 
hello 
hello 
hello 
hello 
hello 
hello 
hello 
hello 
hello 
hello 
hello 
hello 
hello 
hello 
hello 
hello 
hello 
hello 
hello 
hello 
hello 
hello 
hello 
hello 
hello 
hello 
hello 
hello 
hello 
hello 
hello 
hello 
hello 
hello 
hello 
hello 
hello 
hello 
hello 
hello 
hello 
hello 
hello 
hello 
hello 
hello 
hello 
hello 
hello 
hello 
hello 
hello 
hello 
hello 
hello 
hello 
hello 
hello 
hello 
hello 
hello 
hello 
hello 
hello 
hello 
hello 
hello 
hello 
hello 
hello 
hello 
hello 
hello 
hello 
hello 
hello 
hello 
hello 
hello 
hello 
hello 
hello 
hello 
hello 
hello 
hello 
hello 
hello 
hello 
hello 
hello 
hello 
hello 
hello 
hello 
hello 
hello 
hello 
hello 
hello 
hello 
hello 
hello 
hello 
hello 
hello 
hello 
hello 
hello 
hello 
hello 
hello 
hello 
hello 
hello 
hello 
hello 
hello 
hello 
hello 
hello 
hello 
hello 
hello 
hello 
hello 
hello 
hello 
hello 
hello 
hello 
hello 
hello 
hello 
hello 
hello 
hello 
hello 
hello 
hello 
hello 
hello 
hello 
hello 
hello 
hello 
hello 
hello 
hello 
hello 
hello 
hello 
hello 
hello 
hello 
hello 
hello 
hello 
hello 
hello 
hello 
hello 
hello 
hello 
hello 
hello 
hello 
hello 
hello 
hello 
hello 
hello 
hello 
hello 
hello 
hello 
hello 
hello 
hello 
hello 
hello 
hello 
hello 
hello 
hello 
hello 
hello 
hello 
hello 
hello 
hello 
hello 
hello 
hello 
hello 
hello 
hello 
hello 
hello 
hello 
hello 
hello 
hello 
hello 
hello 
hello 
hello 
hello 
hello 
hello 
hello 
hello 
hello 
hello 
hello 
hello 
hello 
hello 
hello 
hello 
hello 
hello 
hello 
hello 
hello 
hello 
hello 
hello 
hello 
hello 
hello 
hello 
hello 
hello 
hello 
hello 
hello 
hello 
hello 
hello 
hello 
hello 
hello 
hello 
hello 
hello 
hello 
hello 
hello 
hello 
hello 
hello 
hello 
hello 
hello 
hello 
hello 
hello 
hello 
hello 
hello 
hello 
hello 
hello 
hello 
hello 
hello 
hello 
hello 
hello 
hello 
hello 
hello 
hello 
hello 
hello 
hello 
hello 
hello 
hello 
hello 
hello 
hello 
hello 
hello 
hello 
hello 
hello 
hello 
hello 
hello 
hello 
hello 
hello 
hello 
hello 
hello 
hello 
hello 
hello 
hello 
hello 
hello 
hello 
hello 
hello 
hello 
hello 
hello 
hello 
hello 
hello 
hello 
hello 
hello 
hello 
hello 
hello 
hello 
hello 
hello 
hello 
hello 
hello 
hello 
hello 
hello 
hello 
hello 
hello 
hello 
hello 
hello 
hello 
hello 
hello 
hello 
hello 
hello 
hello 
hello 
hello 
hello 
hello 
hello 
hello 
hello 
hello 
hello 
hello 
hello 
hello 
hello 
hello 
hello 
hello 
hello 
hello 
hello 
hello 
hello 
hello 
hello 
hello 
hello 
hello 
hello 
hello 
hello 
hello 
hello 
hello 
hello 
hello 
hello 
hello 
hello 
hello 
hello 
hello 
hello 
hello 
hello 
hello 
hello 
hello 
hello 
hello 
hello 
hello 
hello 
hello 
hello 
hello 
hello 
hello 
hello 
hello 
hello 
hello 
hello 
hello 
hello 
hello 
hello 
hello 
hello 
hello 
hello 
hello 
hello 
hello 
hello 
hello 
hello 
hello 
hello 
hello 
hello 
hello 
hello 
hello 
hello 
hello 
hello 
hello 
hello 
hello 
hello 
hello 
hello 
hello 
hello 
hello 
hello 
hello 
hello 
hello 
hello 
hello 
hello 
hello 
hello 
hello 
hello 
hello 
hello 
hello 
hello 
hello 
hello 
hello 
hello 
hello 
hello 
hello 
hello 
hello 
hello 
hello 
hello 
hello 
hello 
hello 
hello 
hello 
hello 
hello 
hello 
hello 
hello 
hello 
hello 
hello 
hello 
hello 
hello 
hello 
hello 
hello 
hello 
hello 
hello 
hello 
hello 
hello 
hello 
hello 
hello 
hello 
hello 
hello 
hello 
hello 
hello 
hello 
hello 
hello 
hello 
hello 
hello 
hello 
hello 
hello 
hello 
hello 
hello 
hello 
hello 
hello 
hello 
hello 
hello 
hello 
hello 
hello 
hello 
hello 
hello 
hello 
hello 
hello 
hello 
hello 
hello 
hello 
hello 
hello 
hello 
hello 
hello 
hello 
hello 
hello 
hello 
hello 
hello 
hello 
hello 
hello 
hello 
hello 
hello 
hello 
hello 
hello 
hello 
hello 
hello 
hello 
hello 
hello 
hello 
hello 
hello 
hello 
hello 
hello 
hello 
hello 
hello 
hello 
hello 
hello 
hello 
hello 
hello 
hello 
hello 
hello 
hello 
hello 
hello 
hello 
hello 
hello 
hello 
hello 
hello 
hello 
hello 
hello 
hello 
hello 
hello 
hello 
hello 
hello 
hello 
hello 
hello 
hello 
hello 
hello 
hello 
hello 
hello 
hello 
hello 
hello 
hello 
hello 
hello 
hello 
hello 
hello 
hello 
hello 
hello 
hello 
hello 
hello 
hello 
hello 
hello 
hello 
hello 
hello 
hello 
hello 
hello 
hello 
hello 
hello 
hello 
hello 
hello 
hello 
hello 
hello 
hello 
hello 
hello 
hello 
hello 
hello 
hello 
hello 
hello 
hello 
hello 
hello 
hello 
hello 
hello 
hello 
hello 
hello 
hello 
hello 
hello 
hello 
hello 
hello 
hello 
hello 
hello 
hello 
hello 
hello 
hello 
hello 
hello 
hello 
hello 
hello 
hello 
hello 
hello 
hello 
hello 
hello 
hello 
hello 
hello 
hello 
hello 
hello 
hello 
hello 
hello 
hello 
hello 
hello 
hello 
hello 
hello 
hello 
hello 
hello 
hello 
hello 
hello 
hello 
hello 
hello 
hello 
hello 
hello 
hello 
hello 
hello 
hello 
hello 
hello 
hello 
hello 
hello 
hello 
hello 
hello 
hello 
hello 
hello 
hello 
hello 
hello 
hello 
hello 
hello 
hello 
hello 
hello 
hello 
hello 
hello 
hello 
hello 
hello 
hello 
hello 
hello 
hello 
hello 
hello 
hello 
hello 
hello 
hello 
hello 
hello 
hello 
hello 
hello 
hello 
hello 
hello 
hello 
hello 
hello 
hello 
hello 
hello 
hello 
hello 
hello 
hello 
hello 
hello 
hello 
hello 
hello 
hello 
hello 
hello 
hello 
hello 
hello 
hello 
hello 
hello 
hello 
hello 
hello 
hello 
hello 
hello 
hello 
hello 
hello 
hello 
hello 
hello 
hello 
hello 
hello 
hello 
hello 
hello 
hello 
hello 
hello 
hello 
hello 
hello 
hello 
hello 
hello 
hello 
hello 
hello 
hello 
hello 
hello 
hello 
hello 
hello 
hello 
hello 
hello 
hello 
hello 
hello 
hello 
hello 
hello 
hello 
hello 
hello 
hello 
hello 
hello 
hello 
hello 
hello 
hello 
hello 
hello 
hello 
hello 
hello 
hello 
hello 
hello 
hello 
hello 
hello 
hello 
hello 
hello 
hello 
hello 
hello 
hello 
hello 
hello 
hello 
hello 
hello 
hello 
hello 
hello 
hello 
hello 
hello 
hello 
hello 
hello 
hello 
hello 
hello 
hello 
hello 
hello 
hello 
hello 
hello 
hello 
hello 
hello 
hello 
hello 
hello 
hello 
hello 
hello 
hello 
hello 
hello 
hello 
hello 
hello 
hello 
hello 
hello 
hello 
hello 
hello 
hello 
hello 
hello 
hello 
hello 
hello 
hello 
hello 
hello 
hello 
hello 
hello 
hello 
hello 
hello 
hello 
hello 
hello 
hello 
hello 
hello 
hello 
hello 
hello 
hello 
hello 
hello 
hello 
hello 
hello 
hello 
hello 
hello 
hello 
hello 
hello 
hello 
hello 
hello 
hello 
hello 
hello 
hello 
hello 
hello 
hello 
hello 
hello 
hello 
hello 
hello 
hello 
hello 
hello 
hello 
hello 
hello 
hello 
hello 
hello 
hello 
hello 
hello 
hello 
hello 
hello 
hello 
hello 
hello 
hello 
hello 
hello 
hello 
hello 
hello 
hello 
hello 
hello 
hello 
hello 
hello 
hello 
hello 
hello 
hello 
hello 
hello 
hello 
hello 
hello 
hello 
hello 
hello 
hello 
hello 
hello 
hello 
hello 
hello 
hello 
hello 
hello 
hello 
hello 
hello 
hello 
hello 
hello 
hello 
hello 
hello 
hello 
hello 
hello 
hello 
hello 
hello 
hello 
hello 
hello 
hello 
hello 
hello 
hello 
hello 
hello 
hello 
hello 
hello 
hello 
hello 
hello 
hello 
hello 
hello 
hello 
hello 
hello 
hello 
hello 
hello 
hello 
hello 
hello 
hello 
hello 
hello 
hello 
hello 
hello 
hello 
hello 
hello 
hello 
hello 
hello 
hello 
hello 
hello 
hello 
hello 
hello 
hello 
hello 
hello 
hello 
hello 
hello 
hello 
hello 
hello 
hello 
hello 
hello 
hello 
hello 
hello 
hello 
hello 
hello 
hello 
hello 
hello 
hello 
hello 
hello 
hello 
hello 
hello 
hello 
hello 
hello 
hello 
hello 
hello 
hello 
hello 
hello 
hello 
hello 
hello 
hello 
hello 
hello 
hello 
hello 
hello 
hello 
hello 
hello 
hello 
hello 
hello 
hello 
hello 
hello 
hello 
hello 
hello 
hello 
hello 
hello 
hello 
hello 
hello 
hello 
hello 
hello 
hello 
hello 
hello 
hello 
hello 
hello 
hello 
hello 
hello 
hello 
hello 
hello 
hello 
hello 
hello 
hello 
hello 
hello 
hello 
hello 
hello 
hello 
hello 
hello 
hello 
hello 
hello 
hello 
hello 
hello 
hello 
hello 
hello 
hello 
hello 
hello 
hello 
hello 
hello 
hello 
hello 
hello 
hello 
hello 
hello 
hello 
hello 
hello 
hello 
hello 
hello 
hello 
hello 
hello 
hello 
hello 
hello 
hello 
hello 
hello 
hello 
hello 
hello 
hello 
hello 
hello 
hello 
hello 
hello 
hello 
hello 
hello 
hello 
hello 
hello 
hello 
hello 
hello 
hello 
hello 
hello 
hello 
hello 
hello 
hello 
hello 
hello 
hello 
hello 
hello 
hello 
hello 
hello 
hello 
hello 
hello 
hello 
hello 
hello 
hello 
hello 
hello 
hello 
hello 
hello 
hello 
hello 
hello 
hello 
hello 
hello 
hello 
hello 
hello 
hello 
hello 
hello 
hello 
hello 
hello 
hello 
hello 
hello 
hello 
hello 
hello 
hello 
hello 
hello 
hello 
hello 
hello 
hello 
hello 
hello 
hello 
hello 
hello 
hello 
hello 
hello 
hello 
hello 
hello 
hello 
hello 
hello 
hello 
hello 
hello 
hello 
hello 
hello 
hello 
hello 
hello 
hello 
hello 
hello 
hello 
hello 
hello 
hello 
hello 
hello 
hello 
hello 
hello 
hello 
hello 
hello 
hello 
hello 
hello 
hello 
hello 
hello 
hello 
hello 
hello 
hello 
hello 
hello 
hello 
hello 
hello 
hello 
hello 
hello 
hello 
hello 
hello 
hello 
hello 
hello 
hello 
hello 
hello 
hello 
hello 
hello 
hello 
hello 
hello 
hello 
hello 
hello 
hello 
hello 
hello 
hello 
hello 
hello 
hello 
hello 
hello 
hello 
hello 
hello 
hello 
hello 
hello 
hello 
hello 
hello 
hello 
hello 
hello 
hello 
hello 
hello 
hello 
hello 
hello 
hello 
hello 
hello 
hello 
hello 
hello 
hello 
hello 
hello 
hello 
hello 
hello 
hello 
hello 
hello 
hello 
hello 
hello 
hello 
hello 
hello 
hello 
hello 
hello 
hello 
hello 
hello 
hello 
hello 
hello 
hello 
hello 
hello 
hello 
hello 
hello 
hello 
hello 
hello 
hello 
hello 
hello 
hello 
hello 
hello 
hello 
hello 
hello 
hello 
hello 
hello 
hello 
hello 
hello 
hello 
hello 
hello 
hello 
hello 
hello 
hello 
hello 
hello 
hello 
hello 
hello 
hello 
hello 
hello 
hello 
hello 
hello 
hello 
hello 
hello 
hello 
hello 
hello 
hello 
hello 
hello 
hello 
hello 
hello 
hello 
hello 
hello 
hello 
hello 
hello 
hello 
hello 
hello 
hello 
hello 
hello 
hello 
hello 
hello 
hello 
hello 
hello 
hello 
hello 
hello 
hello 
hello 
hello 
hello 
hello 
hello 
hello 
hello 
hello 
hello 
hello 
hello 
hello 
hello 
hello 
hello 
hello 
hello 
hello 
hello 
hello 
hello 
hello 
hello 
hello 
hello 
hello 
hello 
hello 
hello 
hello 
hello 
hello 
hello 
hello 
hello 
hello 
hello 
hello 
hello 
hello 
hello 
hello 
hello 
hello 
hello 
hello 
hello 
hello 
hello 
hello 
hello 
hello 
hello 
hello 
hello 
hello 
hello 
hello 
hello 
hello 
hello 
hello 
hello 
hello 
hello 
hello 
hello 
hello 
hello 
hello 
hello 
hello 
hello 
hello 
hello 
hello 
hello 
hello 
hello 
hello 
hello 
hello 
hello 
hello 
hello 
hello 
hello 
hello 
hello 
hello 
hello 
hello 
hello 
hello 
hello 
hello 
hello 
hello 
hello 
hello 
hello 
hello 
hello 
hello 
hello 
hello 
hello 
hello 
hello 
hello 
hello 
hello 
hello 
hello 
hello 
hello 
hello 
hello 
hello 
hello 
hello 
hello 
hello 
hello 
hello 
hello 
hello 
hello 
hello 
hello 
hello 
hello 
hello 
hello 
hello 
hello 
hello 
hello 
hello 
hello 
hello 
hello 
hello 
hello 
hello 
hello 
hello 
hello 
hello 
hello 
hello 
hello 
hello 
hello 
hello 
hello 
hello 
hello 
hello 
hello 
hello 
hello 
hello 
hello 
hello 
hello 
hello 
hello 
hello 
hello 
hello 
hello 
hello 
hello 
hello 
hello 
hello 
hello 
hello 
hello 
hello 
hello 
hello 
hello 
hello 
hello 
hello 
hello 
hello 
hello 
hello 
hello 
hello 
hello 
hello 
hello 
hello 
hello 
hello 
hello 
hello 
hello 
hello 
hello 
hello 
hello 
hello 
hello 
hello 
hello 
hello 
hello 
hello 
hello 
hello 
hello 
hello 
hello 
hello 
hello 
hello 
hello 
hello 
hello 
hello 
hello 
hello 
hello 
hello 
hello 
hello 
hello 
hello 
hello 
hello 
hello 
hello 
hello 
hello 
hello 
hello 
hello 
hello 
hello 
hello 
hello 
hello 
hello 
hello 
hello 
hello 
hello 
hello 
hello 
hello 
hello 
hello 
hello 
hello 
hello 
hello 
hello 
hello 
hello 
hello 
hello 
hello 
hello 
hello 
hello 
hello 
hello 
hello 
hello 
hello 
hello 
hello 
hello 
hello 
hello 
hello 
hello 
hello 
hello 
hello 
hello 
hello 
hello 
hello 
hello 
hello 
hello 
hello 
hello 
hello 
hello 
hello 
hello 
hello 
hello 
hello 
hello 
hello 
hello 
hello 
hello 
hello 
hello 
hello 
hello 
hello 
hello 
hello 
hello 
hello 
hello 
hello 
hello 
hello 
hello 
hello 
hello 
hello 
hello 
hello 
hello 
hello 
hello 
hello 
hello 
hello 
hello 
hello 
hello 
hello 
hello 
hello 
hello 
hello 
hello 
hello 
hello 
hello 
hello 
hello 
hello 
hello 
hello 
hello 
hello 
hello 
hello 
hello 
hello 
hello 
hello 
hello 
hello 
hello 
hello 
hello 
hello 
hello 
hello 
hello 
hello 
hello 
hello 
hello 
hello 
hello 
hello 
hello 
hello 
hello 
hello 
hello 
hello 
hello 
hello 
hello 
hello 
hello 
hello 
hello 
hello 
hello 
hello 
hello 
hello 
hello 
hello 
hello 
hello 
hello 
hello 
hello 
hello 
hello 
hello 
hello 
hello 
hello 
hello 
hello 
hello 
hello 
hello 
hello 
hello 
hello 
hello 
hello 
hello 
hello 
hello 
hello 
hello 
hello 
hello 
hello 
hello 
hello 
hello 
hello 
hello 
hello 
hello 
hello 
hello 
hello 
hello 
hello 
hello 
hello 
hello 
hello 
hello 
hello 
hello 
hello 
hello 
hello 
hello 
hello 
hello 
hello 
hello 
hello 
hello 
hello 
hello 
hello 
hello 
hello 
hello 
hello 
hello 
hello 
hello 
hello 
hello 
hello 
hello 
hello 
hello 
hello 
hello 
hello 
hello 
hello 
hello 
hello 
hello 
hello 
hello 
hello 
hello 
hello 
hello 
hello 
hello 
hello 
hello 
hello 
hello 
hello 
hello 
hello 
hello 
hello 
hello 
hello 
hello 
hello 
hello 
hello 
hello 
hello 
hello 
hello 
hello 
hello 
hello 
hello 
hello 
hello 
hello 
hello 
hello 
hello 
hello 
hello 
hello 
hello 
hello 
hello 
hello 
hello 
hello 
hello 
hello 
hello 
hello 
hello 
hello 
hello 
hello 
hello 
hello 
hello 
hello 
hello 
hello 
hello 
hello 
hello 
hello 
hello 
hello 
hello 
hello 
hello 
hello 
hello 
hello 
hello 
hello 
hello 
hello 
hello 
hello 
hello 
hello 
hello 
hello 
hello 
hello 
hello 
hello 
hello 
hello 
hello 
hello 
hello 
hello 
hello 
hello 
hello 
hello 
hello 
hello 
hello 
hello 
hello 
hello 
hello 
hello 
hello 
hello 
hello 
hello 
hello 
hello 
hello 
hello 
hello 
hello 
hello 
hello 
hello 
hello 
hello 
hello 
hello 
hello 
hello 
hello 
hello 
hello 
hello 
hello 
hello 
hello 
hello 
hello 
hello 
hello 
hello 
hello 
hello 
hello 
hello 
hello 
hello 
hello 
hello 
hello 
hello 
hello 
hello 
hello 
hello 
hello 
hello 
hello 
hello 
hello 
hello 
hello 
hello 
hello 
hello 
hello 
hello 
hello 
hello 
hello 
hello 
hello 
hello 
hello 
hello 
hello 
hello 
hello 
hello 
hello 
hello 
hello 
hello 
hello 
hello 
hello 
hello 
hello 
hello 
hello 
hello 
hello 
hello 
hello 
hello 
hello 
hello 
hello 
hello 
hello 
hello 
hello 
hello 
hello 
hello 
hello 
hello 
hello 
hello 
hello 
hello 
hello 
hello 
hello 
hello 
hello 
hello 
hello 
hello 
hello 
hello 
hello 
hello 
hello 
hello 
hello 
hello 
hello 
hello 
hello 
hello 
hello 
hello 
hello 
hello 
hello 
hello 
hello 
hello 
hello 
hello 
hello 
hello 
hello 
hello 
hello 
hello 
hello 
hello 
hello 
hello 
hello 
hello 
hello 
hello 
hello 
hello 
hello 
hello 
hello 
hello 
hello 
hello 
hello 
hello 
hello 
hello 
hello 
hello 
hello 
hello 
hello 
hello 
hello 
hello 
hello 
hello 
hello 
hello 
hello 
hello 
hello 
hello 
hello 
hello 
hello 
hello 
hello 
hello 
hello 
hello 
hello 
hello 
hello 
hello 
hello 
hello 
hello 
hello 
hello 
hello 
hello 
hello 
hello 
hello 
hello 
hello 
hello 
hello 
hello 
hello 
hello 
hello 
hello 
hello 
hello 
hello 
hello 
hello 
hello 
hello 
hello 
hello 
hello 
hello 
hello 
hello 
hello 
hello 
hello 
hello 
hello 
hello 
hello 
hello 
hello 
hello 
hello 
hello 
hello 
hello 
hello 
hello 
hello 
hello 
hello 
hello 
hello 
hello 
hello 
hello 
hello 
hello 
hello 
hello 
hello 
hello 
hello 
hello 
hello 
hello 
hello 
hello 
hello 
hello 
hello 
hello 
hello 
hello 
hello 
hello 
hello 
hello 
hello 
hello 
hello 
hello 
hello 
hello 
hello 
hello 
hello 
hello 
hello 
hello 
hello 
hello 
hello 
hello 
hello 
hello 
hello 
hello 
hello 
hello 
hello 
hello 
hello 
hello 
hello 
hello 
hello 
hello 
hello 
hello 
hello 
hello 
hello 
hello 
hello 
hello 
hello 
hello 
hello 
hello 
hello 
hello 
hello 
hello 
hello 
hello 
hello 
hello 
hello 
hello 
hello 
hello 
hello 
hello 
hello 
hello 
hello 
hello 
hello 
hello 
hello 
hello 
hello 
hello 
hello 
hello 
hello 
hello 
hello 
hello 
hello 
hello 
hello 
hello 
hello 
hello 
hello 
hello 
hello 
hello 
hello 
hello 
hello 
hello 
hello 
hello 
hello 
hello 
hello 
hello 
hello 
hello 
hello 
hello 
hello 
hello 
hello 
hello 
hello 
hello 
hello 
hello 
hello 
hello 
hello 
hello 
hello 
hello 
hello 
hello 
hello 
hello 
hello 
hello 
hello 
hello 
hello 
hello 
hello 
hello 
hello 
hello 
hello 
hello 
hello 
hello 
hello 
hello 
hello 
hello 
hello 
hello 
hello 
hello 
hello 
hello 
hello 
hello 
hello 
hello 
hello 
hello 
hello 
hello 
hello 
hello 
hello 
hello 
hello 
hello 
hello 
hello 
hello 
hello 
hello 
hello 
hello 
hello 
hello 
hello 
hello 
hello 
hello 
hello 
hello 
hello 
hello 
hello 
hello 
hello 
hello 
hello 
hello 
hello 
hello 
hello 
hello 
hello 
hello 
hello 
hello 
hello 
hello 
hello 
hello 
hello 
hello 
hello 
hello 
hello 
hello 
hello 
hello 
hello 
hello 
hello 
hello 
hello 
hello 
hello 
hello 
hello 
hello 
hello 
hello 
hello 
hello 
hello 
hello 
hello 
hello 
hello 
hello 
hello 
hello 
hello 
hello 
hello 
hello 
hello 
hello 
hello 
hello 
hello 
hello 
hello 
hello 
hello 
hello 
hello 
hello 
hello 
hello 
hello 
hello 
hello 
hello 
hello 
hello 
hello 
hello 
hello 
hello 
hello 
hello 
hello 
hello 
hello 
hello 
hello 
hello 
hello 
hello 
hello 
hello 
hello 
hello 
hello 
hello 
hello 
hello 
hello 
hello 
hello 
hello 
hello 
hello 
hello 
hello 
hello 
hello 
hello 
hello 
hello 
hello 
hello 
hello 
hello 
hello 
hello 
hello 
hello 
hello 
hello 
hello 
hello 
hello 
hello 
hello 
hello 
hello 
hello 
hello 
hello 
hello 
hello 
hello 
hello 
hello 
hello 
hello 
hello 
hello 
hello 
hello 
hello 
hello 
hello 
hello 
hello 
hello 
hello 
hello 
hello 
hello 
hello 
hello 
hello 
hello 
hello 
hello 
hello 
hello 
hello 
hello 
hello 
hello 
hello 
hello 
hello 
hello 
hello 
hello 
hello 
hello 
hello 
hello 
hello 
hello 
hello 
hello 
hello 
hello 
hello 
hello 
hello 
hello 
hello 
hello 
hello 
hello 
hello 
hello 
hello 
hello 
hello 
hello 
hello 
hello 
hello 
hello 
hello 
hello 
hello 
hello 
hello 
hello 
hello 
hello 
hello 
hello 
hello 
hello 
hello 
hello 
hello 
hello 
hello 
hello 
hello 
hello 
hello 
hello 
hello 
hello 
hello 
hello 
hello 
hello 
hello 
hello 
hello 
hello 
hello 
hello 
hello 
hello 
hello 
hello 
hello 
hello 
hello 
hello 
hello 
hello 
hello 
hello 
hello 
hello 
hello 
hello 
hello 
hello 
hello 
hello 
hello 
hello 
hello 
hello 
hello 
hello 
hello 
hello 
hello 
hello 
hello 
hello 
hello 
hello 
hello 
hello 
hello 
hello 
hello 
hello 
hello 
hello 
hello 
hello 
hello 
hello 
hello 
hello 
hello 
hello 
hello 
hello 
hello 
hello 
hello 
hello 
hello 
hello 
hello 
hello 
hello 
hello 
hello 
hello 
hello 
hello 
hello 
hello 
hello 
hello 
hello 
hello 
hello 
hello 
hello 
hello 
hello 
hello 
hello 
hello 
hello 
hello 
hello 
hello 
hello 
hello 
hello 
hello 
hello 
hello 
hello 
hello 
hello 
hello 
hello 
hello 
hello 
hello 
hello 
hello 
hello 
hello 
hello 
hello 
hello 
hello 
hello 
hello 
hello 
hello 
hello 
hello 
hello 
hello 
hello 
hello 
hello 
hello 
hello 
hello 
hello 
hello 
hello 
hello 
hello 
hello 
hello 
hello 
hello 
hello 
hello 
hello 
hello 
hello 
hello 
hello 
hello 
hello 
hello 
hello 
hello 
hello 
hello 
hello 
hello 
hello 
hello 
hello 
hello 
hello 
hello 
hello 
hello 
hello 
hello 
hello 
hello 
hello 
hello 
hello 
hello 
hello 
hello 
hello 
hello 
hello 
hello 
hello 
hello 
hello 
hello 
hello 
hello 
hello 
hello 
hello 
hello 
hello 
hello 
hello 
hello 
hello 
hello 
hello 
hello 
hello 
hello 
hello 
hello 
hello 
hello 
hello 
hello 
hello 
hello 
hello 
hello 
hello 
hello 
hello 
hello 
hello 
hello 
hello 
hello 
hello 
hello 
hello 
hello 
hello 
hello 
hello 
hello 
hello 
hello 
hello 
hello 
hello 
hello 
hello 
hello 
hello 
hello 
hello 
hello 
hello 
hello 
hello 
hello 
hello 
hello 
hello 
hello 
hello 
hello 
hello 
hello 
hello 
hello 
hello 
hello 
hello 
hello 
hello 
hello 
hello 
hello 
hello 
hello 
hello 
hello 
hello 
hello 
hello 
hello 
hello 
hello 
hello 
hello 
hello 
hello 
hello 
hello 
hello 
hello 
hello 
hello 
hello 
hello 
hello 
hello 
hello 
hello 
hello 
hello 
hello 
hello 
hello 
hello 
hello 
hello 
hello 
hello 
hello 
hello 
hello 
hello 
hello 
hello 
hello 
hello 
hello 
hello 
hello 
hello 
hello 
hello 
hello 
hello 
hello 
hello 
hello 
hello 
hello 
hello 
hello 
hello 
hello 
hello 
hello 
hello 
hello 
hello 
hello 
hello 
hello 
hello 
hello 
hello 
hello 
hello 
hello 
hello 
hello 
hello 
hello 
hello 
hello 
hello 
hello 
hello 
hello 
hello 
hello 
hello 
hello 
hello 
hello 
hello 
hello 
hello 
hello 
hello 
hello 
hello 
hello 
hello 
hello 
hello 
hello 
hello 
hello 
hello 
hello 
hello 
hello 
hello 
hello 
hello 
hello 
hello 
hello 
hello 
hello 
hello 
hello 
hello 
hello 
hello 
hello 
hello 
hello 
hello 
hello 
hello 
hello 
hello 
hello 
hello 
hello 
hello 
hello 
hello 
hello 
hello 
hello 
hello 
hello 
hello 
hello 
hello 
hello 
hello 
hello 
hello 
hello 
hello 
hello 
hello 
hello 
hello 
hello 
hello 
hello 
hello 
hello 
hello 
hello 
hello 
hello 
hello 
hello 
hello 
hello 
hello 
hello 
hello 
hello 
hello 
hello 
hello 
hello 
hello 
hello 
hello 
hello 
hello 
hello 
hello 
hello 
hello 
hello 
hello 
hello 
hello 
hello 
hello 
hello 
hello 
hello 
hello 
hello 
hello 
hello 
hello 
hello 
hello 
hello 
hello 
hello 
hello 
hello 
hello 
hello 
hello 
hello 
hello 
hello 
hello 
hello 
hello 
hello 
hello 
hello 
hello 
hello 
hello 
hello 
hello 
hello 
hello 
hello 
hello 
hello 
hello 
hello 
hello 
hello 
hello 
hello 
hello 
hello 
hello 
hello 
hello 
hello 
hello 
hello 
hello 
hello 
hello 
hello 
hello 
hello 
hello 
hello 
hello 
hello 
hello 
hello 
hello 
hello 
hello 
hello 
hello 
hello 
hello 
hello 
hello 
hello 
hello 
hello 
hello 
hello 
hello 
hello 
hello 
hello 
hello 
hello 
hello 
hello 
hello 
hello 
hello 
hello 
hello 
hello 
hello 
hello 
hello 
hello 
hello 
hello 
hello 
hello 
hello 
hello 
hello 
hello 
hello 
hello 
hello 
hello 
hello 
hello 
hello 
hello 
hello 
hello 
hello 
hello 
hello 
hello 
hello 
hello 
hello 
hello 
hello 
hello 
hello 
hello 
hello 
hello 
hello 
hello 
hello 
hello 
hello 
hello 
hello 
hello 
hello 
hello 
hello 
hello 
hello 
hello 
hello 
hello 
hello 
hello 
hello 
hello 
hello 
hello 
hello 
hello 
hello 
hello 
hello 
hello 
hello 
hello 
hello 
hello 
hello 
hello 
hello 
hello 
hello 
hello 
hello 
hello 
hello 
hello 
hello 
hello 
hello 
hello 
hello 
hello 
hello 
hello 
hello 
hello 
hello 
hello 
hello 
hello 
hello 
hello 
hello 
hello 
hello 
hello 
hello 
hello 
hello 
hello 
hello 
hello 
hello 
hello 
hello 
hello 
hello 
hello 
hello 
hello 
hello 
hello 
hello 
hello 
hello 
hello 
hello 
hello 
hello 
hello 
hello 
hello 
hello 
hello 
hello 
hello 
hello 
hello 
hello 
hello 
hello 
hello 
hello 
hello 
hello 
hello 
hello 
hello 
hello 
hello 
hello 
hello 
hello 
hello 
hello 
hello 
hello 
hello 
hello 
hello 
hello 
hello 
hello 
hello 
hello 
hello 
hello 
hello 
hello 
hello 
hello 
hello 
hello 
hello 
hello 
hello 
hello 
hello 
hello 
hello 
hello 
hello 
hello 
hello 
hello 
hello 
hello 
hello 
hello 
hello 
hello 
hello 
hello 
hello 
hello 
hello 
hello 
hello 
hello 
hello 
hello 
hello 
hello 
hello 
hello 
hello 
hello 
hello 
hello 
hello 
hello 
hello 
hello 
hello 
hello 
hello 
hello 
hello 
hello 
hello 
hello 
hello 
hello 
hello 
hello 
hello 
hello 
hello 
hello 
hello 
hello 
hello 
hello 
hello 
hello 
hello 
hello 
hello 
hello 
hello 
hello 
hello 
hello 
hello 
hello 
hello 
hello 
hello 
hello 
hello 
hello 
hello 
hello 
hello 
hello 
hello 
hello 
hello 
hello 
hello 
hello 
hello 
hello 
hello 
hello 
hello 
hello 
hello 
hello 
hello 
hello 
hello 
hello 
hello 
hello 
hello 
hello 
hello 
hello 
hello 
hello 
hello 
hello 
hello 
hello 
hello 
hello 
hello 
hello 
hello 
hello 
hello 
hello 
hello 
hello 
hello 
hello 
hello 
hello 
hello 
hello 
hello 
hello 
hello 
hello 
hello 
hello 
hello 
hello 
hello 
hello 
hello 
hello 
hello 
hello 
hello 
hello 
hello 
hello 
hello 
hello 
hello 
hello 
hello 
hello 
hello 
hello 
hello 
hello 
hello 
hello 
hello 
hello 
hello 
hello 
hello 
hello 
hello 
hello 
hello 
hello 
hello 
hello 
hello 
hello 
hello 
hello 
hello 
hello 
hello 
hello 
hello 
hello 
hello 
hello 
hello 
hello 
hello 
hello 
hello 
hello 
hello 
hello 
hello 
hello 
hello 
hello 
hello 
hello 
hello 
hello 
hello 
hello 
hello 
hello 
hello 
hello 
hello 
hello 
hello 
hello 
hello 
hello 
hello 
hello 
hello 
hello 
hello 
hello 
hello 
hello 
hello 
hello 
hello 
hello 
hello 
hello 
hello 
hello 
hello 
hello 
hello 
hello 
hello 
hello 
hello 
hello 
hello 
hello 
hello 
hello 
hello 
hello 
hello 
hello 
hello 
hello 
hello 
hello 
hello 
hello 
hello 
hello 
hello 
hello 
hello 
hello 
hello 
hello 
hello 
hello 
hello 
hello 
hello 
hello 
hello 
hello 
hello 
hello 
hello 
hello 
hello 
hello 
hello 
hello 
hello 
hello 
hello 
hello 
hello 
hello 
hello 
hello 
hello 
hello 
hello 
hello 
hello 
hello 
hello 
hello 
hello 
hello 
hello 
hello 
hello 
hello 
hello 
hello 
hello 
hello 
hello 
hello 
hello 
hello 
hello 
hello 
hello 
hello 
hello 
hello 
hello 
hello 
hello 
hello 
hello 
hello 
hello 
hello 
hello 
hello 
hello 
hello 
hello 
hello 
hello 
hello 
hello 
hello 
hello 
hello 
hello 
hello 
hello 
hello 
hello 
hello 
hello 
hello 
hello 
hello 
hello 
hello 
hello 
hello 
hello 
hello 
hello 
hello 
hello 
hello 
hello 
hello 
hello 
hello 
hello 
hello 
hello 
hello 
hello 
hello 
hello 
hello 
hello 
hello 
hello 
hello 
hello 
hello 
hello 
hello 
hello 
hello 
hello 
hello 
hello 
hello 
hello 
hello 
hello 
hello 
hello 
hello 
hello 
hello 
hello 
hello 
hello 
hello 
hello 
hello 
hello 
hello 
hello 
hello 
hello 
hello 
hello 
hello 
hello 
hello 
hello 
hello 
hello 
hello 
hello 
hello 
hello 
hello 
hello 
hello 
hello 
hello 
hello 
hello 
hello 
hello 
hello 
hello 
hello 
hello 
hello 
hello 
hello 
hello 
hello 
hello 
hello 
hello 
hello 
hello 
hello 
hello 
hello 
hello 
hello 
hello 
hello 
hello 
hello 
hello 
hello 
hello 
hello 
hello 
hello 
hello 
hello 
hello 
hello 
hello 
hello 
hello 
hello 
hello 
hello 
hello 
hello 
hello 
hello 
hello 
hello 
hello 
hello 
hello 
hello 
hello 
hello 
hello 
hello 
hello 
hello 
hello 
hello 
hello 
hello 
hello 
hello 
hello 
hello 
hello 
hello 
hello 
hello 
hello 
hello 
hello 
hello 
hello 
hello 
hello 
hello 
hello 
hello 
hello 
hello 
hello 
hello 
hello 
hello 
hello 
hello 
hello 
hello 
hello 
hello 
hello 
hello 
hello 
hello 
hello 
hello 
hello 
hello 
hello 
hello 
hello 
hello 
hello 
hello 
hello 
hello 
hello 
hello 
hello 
hello 
hello 
hello 
hello 
hello 
hello 
hello 
hello 
hello 
hello 
hello 
hello 
hello 
hello 
hello 
hello 
hello 
hello 
hello 
hello 
hello 
hello 
hello 
hello 
hello 
hello 
hello 
hello 
hello 
hello 
hello 
hello 
hello 
hello 
hello 
hello 
hello 
hello 
hello 
hello 
hello 
hello 
hello 
hello 
hello 
hello 
hello 
hello 
hello 
hello 
hello 
hello 
hello 
hello 
hello 
hello 
hello 
hello 
hello 
hello 
hello 
hello 
hello 
hello 
hello 
hello 
hello 
hello 
hello 
hello 
hello 
hello 
hello 
hello 
hello 
hello 
hello 
hello 
hello 
hello 
hello 
hello 
hello 
hello 
hello 
hello 
hello 
hello 
hello 
hello 
hello 
hello 
hello 
hello 
hello 
hello 
hello 
hello 
hello 
hello 
hello 
hello 
hello 
hello 
hello 
hello 
hello 
hello 
hello 
hello 
hello 
hello 
hello 
hello 
hello 
hello 
hello 
hello 
hello 
hello 
hello 
hello 
hello 
hello 
hello 
hello 
hello 
hello 
hello 
hello 
hello 
hello 
hello 
hello 
hello 
hello 
hello 
hello 
hello 
hello 
hello 
hello 
hello 
hello 
hello 
hello 
hello 
hello 
hello 
hello 
hello 
hello 
hello 
hello 
hello 
hello 
hello 
hello 
hello 
hello 
hello 
hello 
hello 
hello 
hello 
hello 
hello 
hello 
hello 
hello 
hello 
hello 
hello 
hello 
hello 
hello 
hello 
hello 
hello 
hello 
hello 
hello 
hello 
hello 
hello 
hello 
hello 
hello 
hello 
hello 
hello 
hello 
hello 
hello 
hello 
hello 
hello 
hello 
hello 
hello 
hello 
hello 
hello 
hello 
hello 
hello 
hello 
hello 
hello 
hello 
hello 
hello 
hello 
hello 
hello 
hello 
hello 
hello 
hello 
hello 
hello 
hello 
hello 
hello 
hello 
hello 
hello 
hello 
hello 
hello 
hello 
hello 
hello 
hello 
hello 
hello 
hello 
hello 
hello 
hello 
hello 
hello 
hello 
hello 
hello 
hello 
hello 
hello 
hello 
hello 
hello 
hello 
hello 
hello 
hello 
hello 
hello 
hello 
hello 
hello 
hello 
hello 
hello 
hello 
hello 
hello 
hello 
hello 
hello 
hello 
hello 
hello 
hello 
hello 
hello 
hello 
hello 
hello 
hello 
hello 
hello 
hello 
hello 
hello 
hello 
hello 
hello 
hello 
hello 
hello 
hello 
hello 
hello 
hello 
hello 
hello 
hello 
hello 
hello 
hello 
hello 
hello 
hello 
hello 
hello 
hello 
hello 
hello 
hello 
hello 
hello 
hello 
hello 
hello 
hello 
hello 
hello 
hello 
hello 
hello 
hello 
hello 
hello 
hello 
hello 
hello 
hello 
hello 
hello 
hello 
hello 
hello 
hello 
hello 
hello 
hello 
hello 
hello 
hello 
hello 
hello 
hello 
hello 
hello 
hello 
hello 
hello 
hello 
hello 
hello 
hello 
hello 
hello 
hello 
hello 
hello 
hello 
hello 
hello 
hello 
hello 
hello 
hello 
hello 
hello 
hello 
hello 
hello 
hello 
hello 
hello 
hello 
hello 
hello 
hello 
hello 
hello 
hello 
hello 
hello 
hello 
hello 
hello 
hello 
hello 
hello 
hello 
hello 
hello 
hello 
hello 
hello 
hello 
hello 
hello 
hello 
hello 
hello 
hello 
hello 
hello 
hello 
hello 
hello 
hello 
hello 
hello 
hello 
hello 
hello 
hello 
hello 
hello 
hello 
hello 
hello 
hello 
hello 
hello 
hello 
hello 
hello 
hello 
hello 
hello 
hello 
hello 
hello 
hello 
hello 
hello 
hello 
hello 
hello 
hello 
hello 
hello 
hello 
hello 
hello 
hello 
hello 
hello 
hello 
hello 
hello 
hello 
hello 
hello 
hello 
hello 
hello 
hello 
hello 
hello 
hello 
hello 
hello 
hello 
hello 
hello 
hello 
hello 
hello 
hello 
hello 
hello 
hello 
hello 
hello 
hello 
hello 
hello 
hello 
hello 
hello 
hello 
hello 
hello 
hello 
hello 
hello 
hello 
hello 
hello 
hello 
hello 
hello 
hello 
hello 
hello 
hello 
hello 
hello 
hello 
hello 
hello 
hello 
hello 
hello 
hello 
hello 
hello 
hello 
hello 
hello 
hello 
hello 
hello 
hello 
hello 
hello 
hello 
hello 
hello 
hello 
hello 
hello 
hello 
hello 
hello 
hello 
hello 
hello 
hello 
hello 
hello 
hello 
hello 
hello 
hello 
hello 
hello 
hello 
hello 
hello 
hello 
hello 
hello 
hello 
hello 
hello 
hello 
hello 
hello 
hello 
hello 
hello 
hello 
hello 
hello 
hello 
hello 
hello 
hello 
hello 
hello 
hello 
hello 
hello 
hello 
hello 
hello 
hello 
hello 
hello 
hello 
hello 
hello 
hello 
hello 
hello 
hello 
hello 
hello 
hello 
hello 
hello 
hello 
hello 
hello 
hello 
hello 
hello 
hello 
hello 
hello 
hello 
hello 
hello 
hello 
hello 
hello 
hello 
hello 
hello 
hello 
hello 
hello 
hello 
hello 
hello 
hello 
hello 
hello 
hello 
hello 
hello 
hello 
hello 
hello 
hello 
hello 
hello 
hello 
hello 
hello 
hello 
hello 
hello 
hello 
hello 
hello 
hello 
hello 
hello 
hello 
hello 
hello 
hello 
hello 
hello 
hello 
hello 
hello 
hello 
hello 
hello 
hello 
hello 
hello 
hello 
hello 
hello 
hello 
hello 
hello 
hello 
hello 
hello 
hello 
hello 
hello 
hello 
hello 
hello 
hello 
hello 
hello 
hello 
hello 
hello 
hello 
hello 
hello 
hello 
hello 
hello 
hello 
hello 
hello 
hello 
hello 
hello 
hello 
hello 
hello 
hello 
hello 
hello 
hello 
hello 
hello 
hello 
hello 
hello 
hello 
hello 
hello 
hello 
hello 
hello 
hello 
hello 
hello 
hello 
hello 
hello 
hello 
hello 
hello 
hello 
hello 
hello 
hello 
hello 
hello 
hello 
hello 
hello 
hello 
hello 
hello 
hello 
hello 
hello 
hello 
hello 
hello 
hello 
hello 
hello 
hello 
hello 
hello 
hello 
hello 
hello 
hello 
hello 
hello 
hello 
hello 
hello 
hello 
hello 
hello 
hello 
hello 
hello 
hello 
hello 
hello 
hello 
hello 
hello 
hello 
hello 
hello 
hello 
hello 
hello 
hello 
hello 
hello 
hello 
hello 
hello 
hello 
hello 
hello 
hello 
hello 
hello 
hello 
hello 
hello 
hello 
hello 
hello 
hello 
hello 
hello 
hello 
hello 
hello 
hello 
hello 
hello 
hello 
hello 
hello 
hello 
hello 
hello 
hello 
hello 
hello 
hello 
hello 
hello 
hello 
hello 
hello 
hello 
hello 
hello 
hello 
hello 
hello 
hello 
hello 
hello 
hello 
hello 
hello 
hello 
hello 
hello 
hello 
hello 
hello 
hello 
hello 
hello 
hello 
hello 
hello 
hello 
hello 
hello 
hello 
hello 
hello 
hello 
hello 
hello 
hello 
hello 
hello 
hello 
hello 
hello 
hello 
hello 
hello 
hello 
hello 
hello 
hello 
hello 
hello 
hello 
hello 
hello 
hello 
hello 
hello 
hello 
hello 
hello 
hello 
hello 
hello 
hello 
hello 
hello 
hello 
hello 
hello 
hello 
hello 
hello 
hello 
hello 
hello 
hello 
hello 
hello 
hello 
hello 
hello 
hello 
hello 
hello 
hello 
hello 
hello 
hello 
hello 
hello 
hello 
hello 
hello 
hello 
hello 
hello 
hello 
hello 
hello 
hello 
hello 
hello 
hello 
hello 
hello 
hello 
hello 
hello 
hello 
hello 
hello 
hello 
hello 
hello 
hello 
hello 
hello 
hello 
hello 
hello 
hello 
hello 
hello 
hello 
hello 
hello 
hello 
hello 
hello 
hello 
hello 
hello 
hello 
hello 
hello 
hello 
hello 
hello 
hello 
hello 
hello 
hello 
hello 
hello 
hello 
hello 
hello 
hello 
hello 
hello 
hello 
hello 
hello 
hello 
hello 
hello 
hello 
hello 
hello 
hello 
hello 
hello 
hello 
hello 
hello 
hello 
hello 
hello 
hello 
hello 
hello 
hello 
hello 
hello 
hello 
hello 
hello 
hello 
hello 
hello 
hello 
hello 
hello 
hello 
hello 
hello 
hello 
hello 
hello 
hello 
hello 
hello 
hello 
hello 
hello 
hello 
hello 
hello 
hello 
hello 
hello 
hello 
hello 
hello 
hello 
hello 
hello 
hello 
hello 
hello 
hello 
hello 
hello 
hello 
hello 
hello 
hello 
hello 
hello 
hello 
hello 
hello 
hello 
hello 
hello 
hello 
hello 
hello 
hello 
hello 
hello 
hello 
hello 
hello 
hello 
hello 
hello 
hello 
hello 
hello 
hello 
hello 
hello 
hello 
hello 
hello 
hello 
hello 
hello 
hello 
hello 
hello 
hello 
hello 
hello 
hello 
hello 
hello 
hello 
hello 
hello 
hello 
hello 
hello 
hello 
hello 
hello 
hello 
hello 
hello 
hello 
hello 
hello 
hello 
hello 
hello 
hello 
hello 
hello 
hello 
hello 
hello 
hello 
hello 
hello 
hello 
hello 
hello 
hello 
hello 
hello 
hello 
hello 
hello 
hello 
hello 
hello 
hello 
hello 
hello 
hello 
hello 
hello 
hello 
hello 
hello 
hello 
hello 
hello 
hello 
hello 
hello 
hello 
hello 
hello 
hello 
hello 
hello 
hello 
hello 
hello 
hello 
hello 
hello 
hello 
hello 
hello 
hello 
hello 
hello 
hello 
hello 
hello 
hello 
hello 
hello 
hello 
hello 
hello 
hello 
hello 
hello 
hello 
hello 
hello 
hello 
hello 
hello 
hello 
hello 
hello 
hello 
hello 
hello 
hello 
hello 
hello 
hello 
hello 
hello 
hello 
hello 
hello 
hello 
hello 
hello 
hello 
hello 
hello 
hello 
hello 
hello 
hello 
hello 
hello 
hello 
hello 
hello 
hello 
hello 
hello 
hello 
hello 
hello 
hello 
hello 
hello 
hello 
hello 
hello 
hello 
hello 
hello 
hello 
hello 
hello 
hello 
hello 
hello 
hello 
hello 
hello 
hello 
hello 
hello 
hello 
hello 
hello 
hello 
hello 
hello 
hello 
hello 
hello 
hello 
hello 
hello 
hello 
hello 
hello 
hello 
hello 
hello 
hello 
hello 
hello 
hello 
hello 
hello 
hello 
hello 
hello 
hello 
hello 
hello 
hello 
hello 
hello 
hello 
hello 
hello 
hello 
hello 
hello 
hello 
hello 
hello 
hello 
hello 
hello 
hello 
hello 
hello 
hello 
hello 
hello 
hello 
hello 
hello 
hello 
hello 
hello 
hello 
hello 
hello 
hello 
hello 
hello 
hello 
hello 
hello 
hello 
hello 
hello 
hello 
hello 
hello 
hello 
hello 
hello 
hello 
hello 
hello 
hello 
hello 
hello 
hello 
hello 
hello 
hello 
hello 
hello 
hello 
hello 
hello 
hello 
hello 
hello 
hello 
hello 
hello 
hello 
hello 
hello 
hello 
hello 
hello 
hello 
hello 
hello 
hello 
hello 
hello 
hello 
hello 
hello 
hello 
hello 
hello 
hello 
hello 
hello 
hello 
hello 
hello 
hello 
hello 
hello 
hello 
hello 
hello 
hello 
hello 
hello 
hello 
hello 
hello 
hello 
hello 
hello 
hello 
hello 
hello 
hello 
hello 
hello 
hello 
hello 
hello 
hello 
hello 
hello 
hello 
hello 
hello 
hello 
hello 
hello 
hello 
hello 
hello 
hello 
hello 
hello 
hello 
hello 
hello 
hello 
hello 
hello 
hello 
hello 
hello 
hello 
hello 
hello 
hello 
hello 
hello 
hello 
hello 
hello 
hello 
hello 
hello 
hello 
hello 
hello 
hello 
hello 
hello 
hello 
hello 
hello 
hello 
hello 
hello 
hello 
hello 
hello 
hello 
hello 
hello 
hello 
hello 
hello 
hello 
hello 
hello 
hello 
hello 
hello 
hello 
hello 
hello 
hello 
hello 
hello 
hello 
hello 
hello 
hello 
hello 
hello 
hello 
hello 
hello 
hello 
hello 
hello 
hello 
hello 
hello 
hello 
hello 
hello 
hello 
hello 
hello 
hello 
hello 
hello 
hello 
hello 
hello 
hello 
hello 
hello 
hello 
hello 
hello 
hello 
hello 
hello 
hello 
hello 
hello 
hello 
hello 
hello 
hello 
hello 
hello 
hello 
hello 
hello 
hello 
hello 
hello 
hello 
hello 
hello 
hello 
hello 
hello 
hello 
hello 
hello 
hello 
hello 
hello 
hello 
hello 
hello 
hello 
hello 
hello 
hello 
hello 
hello 
hello 
hello 
hello 
hello 
hello 
hello 
hello 
hello 
hello 
hello 
hello 
hello 
hello 
hello 
hello 
hello 
hello 
hello 
hello 
hello 
hello 
hello 
hello 
hello 
hello 
hello 
hello 
hello 
hello 
hello 
hello 
hello 
hello 
hello 
hello 
hello 
hello 
hello 
hello 
hello 
hello 
hello 
hello 
hello 
hello 
hello 
hello 
hello 
hello 
hello 
hello 
hello 
hello 
hello 
hello 
hello 
hello 
hello 
hello 
hello 
hello 
hello 
hello 
hello 
hello 
hello 
hello 
hello 
hello 
hello 
hello 
hello 
hello 
hello 
hello 
hello 
hello 
hello 
hello 
hello 
hello 
hello 
hello 
hello 
hello 
hello 
hello 
hello 
hello 
hello 
hello 
hello 
hello 
hello 
hello 
hello 
hello 
hello 
hello 
hello 
hello 
hello 
hello 
hello 
hello 
hello 
hello 
hello 
hello 
hello 
hello 
hello 
hello 
hello 
hello 
hello 
hello 
hello 
hello 
hello 
hello 
hello 
hello 
hello 
hello 
hello 
hello 
hello 
hello 
hello 
hello 
hello 
hello 
hello 
hello 
hello 
hello 
hello 
hello 
hello 
hello 
hello 
hello 
hello 
hello 
hello 
hello 
hello 
hello 
hello 
hello 
hello 
hello 
hello 
hello 
hello 
hello 
hello 
hello 
hello 
hello 
hello 
hello 
hello 
hello 
hello 
hello 
hello 
hello 
hello 
hello 
hello 
hello 
hello 
hello 
hello 
hello 
hello 
hello 
hello 
hello 
hello 
hello 
hello 
hello 
hello 
hello 
hello 
hello 
hello 
hello 
hello 
hello 
hello 
hello 
hello 
hello 
hello 
hello 
hello 
hello 
hello 
hello 
hello 
hello 
hello 
hello 
hello 
hello 
hello 
hello 
hello 
hello 
hello 
hello 
hello 
hello 
hello 
hello 
hello 
hello 
hello 
hello 
hello 
hello 
hello 
hello 
hello 
hello 
hello 
hello 
hello 
hello 
hello 
hello 
hello 
hello 
hello 
hello 
hello 
hello 
hello 
hello 
hello 
hello 
hello 
hello 
hello 
hello 
hello 
hello 
hello 
hello 
hello 
hello 
hello 
hello 
hello 
hello 
hello 
hello 
hello 
hello 
hello 
hello 
hello 
hello 
hello 
hello 
hello 
hello 
hello 
hello 
hello 
hello 
hello 
hello 
hello 
hello 
hello 
hello 
hello 
hello 
hello 
hello 
hello 
hello 
hello 
hello 
hello 
hello 
hello 
hello 
hello 
hello 
hello 
hello 
hello 
hello 
hello 
hello 
hello 
hello 
hello 
hello 
hello 
hello 
hello 
hello 
hello 
hello 
hello 
hello 
hello 
hello 
hello 
hello 
hello 
hello 
hello 
hello 
hello 
hello 
hello 
hello 
hello 
hello 
hello 
hello 
hello 
hello 
hello 
hello 
hello 
hello 
hello 
hello 
hello 
hello 
hello 
hello 
hello 
hello 
hello 
hello 
hello 
hello 
hello 
hello 
hello 
hello 
hello 
hello 
hello 
hello 
hello 
hello 
hello 
hello 
hello 
hello 
hello 
hello 
hello 
hello 
hello 
hello 
hello 
hello 
hello 
hello 
hello 
hello 
hello 
hello 
hello 
hello 
hello 
hello 
hello 
hello 
hello 
hello 
hello 
hello 
hello 
hello 
hello 
hello 
hello 
hello 
hello 
hello 
hello 
hello 
hello 
hello 
hello 
hello 
hello 
hello 
hello 
hello 
hello 
hello 
hello 
hello 
hello 
hello 
hello 
hello 
hello 
hello 
hello 
hello 
hello 
hello 
hello 
hello 
hello 
hello 
hello 
hello 
hello 
hello 
hello 
hello 
hello 
hello 
hello 
hello 
hello 
hello 
hello 
hello 
hello 
hello 
hello 
hello 
hello 
hello 
hello 
hello 
hello 
hello 
hello 
hello 
hello 
hello 
hello 
hello 
hello 
hello 
hello 
hello 
hello 
hello 
hello 
hello 
hello 
hello 
hello 
hello 
hello 
hello 
hello 
hello 
hello 
hello 
hello 
hello 
hello 
hello 
hello 
hello 
hello 
hello 
hello 
hello 
hello 
hello 
hello 
hello 
hello 
hello 
hello 
hello 
hello 
hello 
hello 
hello 
hello 
hello 
hello 
hello 
hello 
hello 
hello 
hello 
hello 
hello 
hello 
hello 
hello 
hello 
hello 
hello 
hello 
hello 
hello 
hello 
hello 
hello 
hello 
hello 
hello 
hello 
hello 
hello 
hello 
hello 
hello 
hello 
hello 
hello 
hello 
hello 
hello 
hello 
hello 
hello 
hello 
hello 
hello 
hello 
hello 
hello 
hello 
hello 
hello 
hello 
hello 
hello 
hello 
hello 
hello 
hello 
hello 
hello 
hello 
hello 
hello 
hello 
hello 
hello 
hello 
hello 
hello 
hello 
hello 
hello 
hello 
hello 
hello 
hello 
hello 
hello 
hello 
hello 
hello 
hello 
hello 
hello 
hello 
hello 
hello 
hello 
hello 
hello 
hello 
hello 
hello 
hello 
hello 
hello 
hello 
hello 
hello 
hello 
hello 
hello 
hello 
hello 
hello 
hello 
hello 
hello 
hello 
hello 
hello 
hello 
hello 
hello 
hello 
hello 
hello 
hello 
hello 
hello 
hello 
hello 
hello 
hello 
hello 
hello 
hello 
hello 
hello 
hello 
hello 
hello 
hello 
hello 
hello 
hello 
hello 
hello 
hello 
hello 
hello 
hello 
hello 
hello 
hello 
hello 
hello 
hello 
hello 
hello 
hello 
hello 
hello 
hello 
hello 
hello 
hello 
hello 
hello 
hello 
hello 
hello 
hello 
hello 
hello 
hello 
hello 
hello 
hello 
hello 
hello 
hello 
hello 
hello 
hello 
hello 
hello 
hello 
hello 
hello 
hello 
hello 
hello 
hello 
hello 
hello 
hello 
hello 
hello 
hello 
hello 
hello 
hello 
hello 
hello 
hello 
hello 
hello 
hello 
hello 
hello 
hello 
hello 
hello 
hello 
hello 
hello 
hello 
hello 
hello 
hello 
hello 
hello 
hello 
hello 
hello 
hello 
hello 
hello 
hello 
hello 
hello 
hello 
hello 
hello 
hello 
hello 
hello 
hello 
hello 
hello 
hello 
hello 
hello 
hello 
hello 
hello 
hello 
hello 
hello 
hello 
hello 
hello 
hello 
hello 
hello 
hello 
hello 
hello 
hello 
hello 
hello 
hello 
hello 
hello 
hello 
hello 
hello 
hello 
hello 
hello 
hello 
hello 
hello 
hello 
hello 
hello 
hello 
hello 
hello 
hello 
hello 
hello 
hello 
hello 
hello 
hello 
hello 
hello 
hello 
hello 
hello 
hello 
hello 
hello 
hello 
hello 
hello 
hello 
hello 
hello 
hello 
hello 
hello 
hello 
hello 
hello 
hello 
hello 
hello 
hello 
hello 
hello 
hello 
hello 
hello 
hello 
hello 
hello 
hello 
hello 
hello 
hello 
hello 
hello 
hello 
hello 
hello 
hello 
hello 
hello 
hello 
hello 
hello 
hello 
hello 
hello 
hello 
hello 
hello 
hello 
hello 
hello 
hello 
hello 
hello 
hello 
hello 
hello 
hello 
hello 
hello 
hello 
hello 
hello 
hello 
hello 
hello 
hello 
hello 
hello 
hello 
hello 
hello 
hello 
hello 
hello 
hello 
hello 
hello 
hello 
hello 
hello 
hello 
hello 
hello 
hello 
hello 
hello 
hello 
hello 
hello 
hello 
hello 
hello 
hello 
hello 
hello 
hello 
hello 
hello 
hello 
hello 
hello 
hello 
hello 
hello 
hello 
hello 
hello 
hello 
hello 
hello 
hello 
hello 
hello 
hello 
hello 
hello 
hello 
hello 
hello 
hello 
hello 
hello 
hello 
hello 
hello 
hello 
hello 
hello 
hello 
hello 
hello 
hello 
hello 
hello 
hello 
hello 
hello 
hello 
hello 
hello 
hello 
hello 
hello 
hello 
hello 
hello 
hello 
hello 
hello 
hello 
hello 
hello 
hello 
hello 
hello 
hello 
hello 
hello 
hello 
hello 
hello 
hello 
hello 
hello 
hello 
hello 
hello 
hello 
hello 
hello 
hello 
hello 
hello 
hello 
hello 
hello 
hello 
hello 
hello 
hello 
hello 
hello 
hello 
hello 
hello 
hello 
hello 
hello 
hello 
hello 
hello 
hello 
hello 
hello 
hello 
hello 
hello 
hello 
hello 
hello 
hello 
hello 
hello 
hello 
hello 
hello 
hello 
hello 
hello 
hello 
hello 
hello 
hello 
hello 
hello 
hello 
hello 
hello 
hello 
hello 
hello 
hello 
hello 
hello 
hello 
hello 
hello 
hello 
hello 
hello 
hello 
hello 
hello 
hello 
hello 
hello 
hello 
hello 
hello 
hello 
hello 
hello 
hello 
hello 
hello 
hello 
hello 
hello 
hello 
hello 
hello 
hello 
hello 
hello 
hello 
hello 
hello 
hello 
hello 
hello 
hello 
hello 
hello 
hello 
hello 
hello 
hello 
hello 
hello 
hello 
hello 
hello 
hello 
hello 
hello 
hello 
hello 
hello 
hello 
hello 
hello 
hello 
hello 
hello 
hello 
hello 
hello 
hello 
hello 
hello 
hello 
hello 
hello 
hello 
hello 
hello 
hello 
hello 
hello 
hello 
hello 
hello 
hello 
hello 
hello 
hello 
hello 
hello 
hello 
hello 
hello 
hello 
hello 
hello 
hello 
hello 
hello 
hello 
hello 
hello 
hello 
hello 
hello 
hello 
hello 
hello 
hello 
hello 
hello 
hello 
hello 
hello 
hello 
hello 
hello 
hello 
hello 
hello 
hello 
hello 
hello 
hello 
hello 
hello 
hello 
hello 
hello 
hello 
hello 
hello 
hello 
hello 
hello 
hello 
hello 
hello 
hello 
hello 
hello 
hello 
hello 
hello 
hello 
hello 
hello 
hello 
hello 
hello 
hello 
hello 
hello 
hello 
hello 
hello 
hello 
hello 
hello 
hello 
hello 
hello 
hello 
hello 
hello 
hello 
hello 
hello 
hello 
hello 
hello 
hello 
hello 
hello 
hello 
hello 
hello 
hello 
hello 
hello 
hello 
hello 
hello 
hello 
hello 
hello 
hello 
hello 
hello 
hello 
hello 
hello 
hello 
hello 
hello 
hello 
hello 
hello 
hello 
hello 
hello 
hello 
hello 
hello 
hello 
hello 
hello 
hello 
hello 
hello 
hello 
hello 
hello 
hello 
hello 
hello 
hello 
hello 
hello 
hello 
hello 
hello 
hello 
hello 
hello 
hello 
hello 
hello 
hello 
hello 
hello 
hello 
hello 
hello 
hello 
hello 
hello 
hello 
hello 
hello 
hello 
hello 
hello 
hello 
hello 
hello 
hello 
hello 
hello 
hello 
hello 
hello 
hello 
hello 
hello 
hello 
hello 
hello 
hello 
hello 
hello 
hello 
hello 
hello 
hello 
hello 
hello 
hello 
hello 
hello 
hello 
hello 
hello 
hello 
hello 
hello 
hello 
hello 
hello 
hello 
hello 
hello 
hello 
hello 
hello 
hello 
hello 
hello 
hello 
hello 
hello 
hello 
hello 
hello 
hello 
hello 
hello 
hello 
hello 
hello 
hello 
hello 
hello 
hello 
hello 
hello 
hello 
hello 
hello 
hello 
hello 
hello 
hello 
hello 
hello 
hello 
hello 
hello 
hello 
hello 
hello 
hello 
hello 
hello 
hello 
hello 
hello 
hello 
hello 
hello 
hello 
hello 
hello 
hello 
hello 
hello 
hello 
hello 
hello 
hello 
hello 
hello 
hello 
hello 
hello 
hello 
hello 
hello 
hello 
hello 
hello 
hello 
hello 
hello 
hello 
hello 
hello 
hello 
hello 
hello 
hello 
hello 
hello 
hello 
hello 
hello 
hello 
hello 
hello 
hello 
hello 
hello 
hello 
hello 
hello 
hello 
hello 
hello 
hello 
hello 
hello 
hello 
hello 
hello 
hello 
hello 
hello 
hello 
hello 
hello 
hello 
hello 
hello 
hello 
hello 
hello 
hello 
hello 
hello 
hello 
hello 
hello 
hello 
hello 
hello 
hello 
hello 
hello 
hello 
hello 
hello 
hello 
hello 
hello 
hello 
hello 
hello 
hello 
hello 
hello 
hello 
hello 
hello 
hello 
hello 
hello 
hello 
hello 
hello 
hello 
hello 
hello 
hello 
hello 
hello 
hello 
hello 
hello 
hello 
hello 
hello 
hello 
hello 
hello 
hello 
hello 
hello 
hello 
hello 
hello 
hello 
hello 
hello 
hello 
hello 
hello 
hello 
hello 
hello 
hello 
hello 
hello 
hello 
hello 
hello 
hello 
hello 
hello 
hello 
hello 
hello 
hello 
hello 
hello 
hello 
hello 
hello 
hello 
hello 
hello 
hello 
hello 
hello 
hello 
hello 
hello 
hello 
hello 
hello 
hello 
hello 
hello 
hello 
hello 
hello 
hello 
hello 
hello 
hello 
hello 
hello 
hello 
hello 
hello 
hello 
hello 
hello 
hello 
hello 
hello 
hello 
hello 
hello 
hello 
hello 
hello 
hello 
hello 
hello 
hello 
hello 
hello 
hello 
hello 
hello 
hello 
hello 
hello 
hello 
hello 
hello 
hello 
hello 
hello 
hello 
hello 
hello 
hello 
hello 
hello 
hello 
hello 
hello 
hello 
hello 
hello 
hello 
hello 
hello 
hello 
hello 
hello 
hello 
hello 
hello 
hello 
hello 
hello 
hello 
hello 
hello 
hello 
hello 
hello 
hello 
hello 
hello 
hello 
hello 
hello 
hello 
hello 
hello 
hello 
hello 
hello 
hello 
hello 
hello 
hello 
hello 
hello 
hello 
hello 
hello 
hello 
hello 
hello 
hello 
hello 
hello 
hello 
hello 
hello 
hello 
hello 
hello 
hello 
hello 
hello 
hello 
hello 
hello 
hello 
hello 
hello 
hello 
hello 
hello 
hello 
hello 
hello 
hello 
hello 
hello 
hello 
hello 
hello 
hello 
hello 
hello 
hello 
hello 
hello 
hello 
hello 
hello 
hello 
hello 
hello 
hello 
hello 
hello 
hello 
hello 
hello 
hello 
hello 
hello 
hello 
hello 
hello 
hello 
hello 
hello 
hello 
hello 
hello 
hello 
hello 
hello 
hello 
hello 
hello 
hello 
hello 
hello 
hello 
hello 
hello 
hello 
hello 
hello 
hello 
hello 
hello 
hello 
hello 
hello 
hello 
hello 
hello 
hello 
hello 
hello 
hello 
hello 
hello 
hello 
hello 
hello 
hello 
hello 
hello 
hello 
hello 
hello 
hello 
hello 
hello 
hello 
hello 
hello 
hello 
hello 
hello 
hello 
hello 
hello 
hello 
hello 
hello 
hello 
hello 
hello 
hello 
hello 
hello 
hello 
hello 
hello 
hello 
hello 
hello 
hello 
hello 
hello 
hello 
hello 
hello 
hello 
hello 
hello 
hello 
hello 
hello 
hello 
hello 
hello 
hello 
hello 
hello 
hello 
hello 
hello 
hello 
hello 
hello 
hello 
hello 
hello 
hello 
hello 
hello 
hello 
hello 
hello 
hello 
hello 
hello 
hello 
hello 
hello 
hello 
hello 
hello 
hello 
hello 
hello 
hello 
hello 
hello 
hello 
hello 
hello 
hello 
hello 
hello 
hello 
hello 
hello 
hello 
hello 
hello 
hello 
hello 
hello 
hello 
hello 
hello 
hello 
hello 
hello 
hello 
hello 
hello 
hello 
hello 
hello 
hello 
hello 
hello 
hello 
hello 
hello 
hello 
hello 
hello 
hello 
hello 
hello 
hello 
hello 
hello 
hello 
hello 
hello 
hello 
hello 
hello 
hello 
hello 
hello 
hello 
hello 
hello 
hello 
hello 
hello 
hello 
hello 
hello 
hello 
hello 
hello 
hello 
hello 
hello 
hello 
hello 
hello 
hello 
hello 
hello 
hello 
hello 
hello 
hello 
hello 
hello 
hello 
hello 
hello 
hello 
hello 
hello 
hello 
hello 
hello 
hello 
hello 
hello 
hello 
hello 
hello 
hello 
hello 
hello 
hello 
hello 
hello 
hello 
hello 
hello 
hello 
hello 
hello 
hello 
hello 
hello 
hello 
hello 
hello 
hello 
hello 
hello 
hello 
hello 
hello 
hello 
hello 
hello 
hello 
hello 
hello 
hello 
hello 
hello 
hello 
hello 
hello 
hello 
hello 
hello 
hello 
hello 
hello 
hello 
hello 
hello 
hello 
hello 
hello 
hello 
hello 
hello 
hello 
hello 
hello 
hello 
hello 
hello 
hello 
hello 
hello 
hello 
hello 
hello 
hello 
hello 
hello 
hello 
hello 
hello 
hello 
hello 
hello 
hello 
hello 
hello 
hello 
hello 
hello 
hello 
hello 
hello 
hello 
hello 
hello 
hello 
hello 
hello 
hello 
hello 
hello 
hello 
hello 
hello 
hello 
hello 
hello 
hello 
hello 
hello 
hello 
hello 
hello 
hello 
hello 
hello 
hello 
hello 
hello 
hello 
hello 
hello 
hello 
hello 
hello 
hello 
hello 
hello 
hello 
hello 
hello 
hello 
hello 
hello 
hello 
hello 
hello 
hello 
hello 
hello 
hello 
hello 
hello 
hello 
hello 
hello 
hello 
hello 
hello 
hello 
hello 
hello 
hello 
hello 
hello 
hello 
hello 
hello 
hello 
hello 
hello 
hello 
hello 
hello 
hello 
hello 
hello 
hello 
hello 
hello 
hello 
hello 
hello 
hello 
hello 
hello 
hello 
hello 
hello 
hello 
hello 
hello 
hello 
hello 
hello 
hello 
hello 
hello 
hello 
hello 
hello 
hello 
hello 
hello 
hello 
hello 
hello 
hello 
hello 
hello 
hello 
hello 
hello 
hello 
hello 
hello 
hello 
hello 
hello 
hello 
hello 
hello 
hello 
hello 
hello 
hello 
hello 
hello 
hello 
hello 
hello 
hello 
hello 
hello 
hello 
hello 
hello 
hello 
hello 
hello 
hello 
hello 
hello 
hello 
hello 
hello 
hello 
hello 
hello 
hello 
hello 
hello 
hello 
hello 
hello 
hello 
hello 
hello 
hello 
hello 
hello 
hello 
hello 
hello 
hello 
hello 
hello 
hello 
hello 
hello 
hello 
hello 
hello 
hello 
hello 
hello 
hello 
hello 
hello 
hello 
hello 
hello 
hello 
hello 
hello 
hello 
hello 
hello 
hello 
hello 
hello 
hello 
hello 
hello 
hello 
hello 
hello 
hello 
hello 
hello 
hello 
hello 
hello 
hello 
hello 
hello 
hello 
hello 
hello 
hello 
hello 
hello 
hello 
hello 
hello 
hello 
hello 
hello 
hello 
hello 
hello 
hello 
hello 
hello 
hello 
hello 
hello 
hello 
hello 
hello 
hello 
hello 
hello 
hello 
hello 
hello 
hello 
hello 
hello 
hello 
hello 
hello 
hello 
hello 
hello 
hello 
hello 
hello 
hello 
hello 
hello 
hello 
hello 
hello 
hello 
hello 
hello 
hello 
hello 
hello 
hello 
hello 
hello 
hello 
hello 
hello 
hello 
hello 
hello 
hello 
hello 
hello 
hello 
hello 
hello 
hello 
hello 
hello 
hello 
hello 
hello 
hello 
hello 
hello 
hello 
hello 
hello 
hello 
hello 
hello 
hello 
hello 
hello 
hello 
hello 
hello 
hello 
hello 
hello 
hello 
hello 
hello 
hello 
hello 
hello 
hello 
hello 
hello 
hello 
hello 
hello 
hello 
hello 
hello 
hello 
hello 
hello 
hello 
hello 
hello 
hello 
hello 
hello 
hello 
hello 
hello 
hello 
hello 
hello 
hello 
hello 
hello 
hello 
hello 
hello 
hello 
hello 
hello 
hello 
hello 
hello 
hello 
hello 
hello 
hello 
hello 
hello 
hello 
hello 
hello 
hello 
hello 
hello 
hello 
hello 
hello 
hello 
hello 
hello 
hello 
hello 
hello 
hello 
hello 
hello 
hello 
hello 
hello 
hello 
hello 
hello 
hello 
hello 
hello 
hello 
hello 
hello 
hello 
hello 
hello 
hello 
hello 
hello 
hello 
hello 
hello 
hello 
hello 
hello 
hello 
hello 
hello 
hello 
hello 
hello 
hello 
hello 
hello 
hello 
hello 
hello 
hello 
hello 
hello 
hello 
hello 
hello 
hello 
hello 
hello 
hello 
hello 
hello 
hello 
hello 
hello 
hello 
hello 
hello 
hello 
hello 
hello 
hello 
hello 
hello 
hello 
hello 
hello 
hello 
hello 
hello 
hello 
hello 
hello 
hello 
hello 
hello 
hello 
hello 
hello 
hello 
hello 
hello 
hello 
hello 
hello 
hello 
hello 
hello 
hello 
hello 
hello 
hello 
hello 
hello 
hello 
hello 
hello 
hello 
hello 
hello 
hello 
hello 
hello 
hello 
hello 
hello 
hello 
hello 
hello 
hello 
hello 
hello 
hello 
hello 
hello 
hello 
hello 
hello 
hello 
hello 
hello 
hello 
hello 
hello 
hello 
hello 
hello 
hello 
hello 
hello 
hello 
hello 
hello 
hello 
hello 
hello 
hello 
hello 
hello 
hello 
hello 
hello 
hello 
hello 
hello 
hello 
hello 
hello 
hello 
hello 
hello 
hello 
hello 
hello 
hello 
hello 
hello 
hello 
hello 
hello 
hello 
hello 
hello 
hello 
hello 
hello 
hello 
hello 
hello 
hello 
hello 
hello 
hello 
hello 
hello 
hello 
hello 
hello 
hello 
hello 
hello 
hello 
hello 
hello 
hello 
hello 
hello 
hello 
hello 
hello 
hello 
hello 
hello 
hello 
hello 
hello 
hello 
hello 
hello 
hello 
hello 
hello 
hello 
hello 
hello 
hello 
hello 
hello 
hello 
hello 
hello 
hello 
hello 
hello 
hello 
hello 
hello 
hello 
hello 
hello 
hello 
hello 
hello 
hello 
hello 
hello 
hello 
hello 
hello 
hello 
hello 
hello 
hello 
hello 
hello 
hello 
hello 
hello 
hello 
hello 
hello 
hello 
hello 
hello 
hello 
hello 
hello 
hello 
hello 
hello 
hello 
hello 
hello 
hello 
hello 
hello 
hello 
hello 
hello 
hello 
hello 
hello 
hello 
hello 
hello 
hello 
hello 
hello 
hello 
hello 
hello 
hello 
hello 
hello 
hello 
hello 
hello 
hello 
hello 
hello 
hello 
hello 
hello 
hello 
hello 
hello 
hello 
hello 
hello 
hello 
hello 
hello 
hello 
hello 
hello 
hello 
hello 
hello 
hello 
hello 
hello 
hello 
hello 
hello 
hello 
hello 
hello 
hello 
hello 
hello 
hello 
hello 
hello 
hello 
hello 
hello 
hello 
hello 
hello 
hello 
hello 
hello 
hello 
hello 
hello 
hello 
hello 
hello 
hello 
hello 
hello 
hello 
hello 
hello 
hello 
hello 
hello 
hello 
hello 
hello 
hello 
hello 
hello 
hello 
hello 
hello 
hello 
hello 
hello 
hello 
hello 
hello 
hello 
hello 
hello 
hello 
hello 
hello 
hello 
hello 
hello 
hello 
hello 
hello 
hello 
hello 
hello 
hello 
hello 
hello 
hello 
hello 
hello 
hello 
hello 
hello 
hello 
hello 
hello 
hello 
hello 
hello 
hello 
hello 
hello 
hello 
hello 
hello 
hello 
hello 
hello 
hello 
hello 
hello 
hello 
hello 
hello 
hello 
hello 
hello 
hello 
hello 
hello 
hello 
hello 
hello 
hello 
hello 
hello 
hello 
hello 
hello 
hello 
hello 
hello 
hello 
hello 
hello 
hello 
hello 
hello 
hello 
hello 
hello 
hello 
hello 
hello 
hello 
hello 
hello 
hello 
hello 
hello 
hello 
hello 
hello 
hello 
hello 
hello 
hello 
hello 
hello 
hello 
hello 
hello 
hello 
hello 
hello 
hello 
hello 
hello 
hello 
hello 
hello 
hello 
hello 
hello 
hello 
hello 
hello 
hello 
hello 
hello 
hello 
hello 
hello 
hello 
hello 
hello 
hello 
hello 
hello 
hello 
hello 
hello 
hello 
hello 
hello 
hello 
hello 
hello 
hello 
hello 
hello 
hello 
hello 
hello 
hello 
hello 
hello 
hello 
hello 
hello 
hello 
hello 
hello 
hello 
hello 
hello 
hello 
hello 
hello 
hello 
hello 
hello 
hello 
hello 
hello 
hello 
hello 
hello 
hello 
hello 
hello 
hello 
hello 
hello 
hello 
hello 
hello 
hello 
hello 
hello 
hello 
hello 
hello 
hello 
hello 
hello 
hello 
hello 
hello 
hello 
hello 
hello 
hello 
hello 
hello 
hello 
hello 
hello 
hello 
hello 
hello 
hello 
hello 
hello 
hello 
hello 
hello 
hello 
hello 
hello 
hello 
hello 
hello 
hello 
hello 
hello 
hello 
hello 
hello 
hello 
hello 
hello 
hello 
hello 
hello 
hello 
hello 
hello 
hello 
hello 
hello 
hello 
hello 
hello 
hello 
hello 
hello 
hello 
hello 
hello 
hello 
hello 
hello 
hello 
hello 
hello 
hello 
hello 
hello 
hello 
hello 
hello 
hello 
hello 
hello 
hello 
hello 
hello 
hello 
hello 
hello 
hello 
hello 
hello 
hello 
hello 
hello 
hello 
hello 
hello 
hello 
hello 
hello 
hello 
hello 
hello 
hello 
hello 
hello 
hello 
hello 
hello 
hello 
hello 
hello 
hello 
hello 
hello 
hello 
hello 
hello 
hello 
hello 
hello 
hello 
hello 
hello 
hello 
hello 
hello 
hello 
hello 
hello 
hello 
hello 
hello 
hello 
hello 
hello 
hello 
hello 
hello 
hello 
hello 
hello 
hello 
hello 
hello 
hello 
hello 
hello 
hello 
hello 
hello 
hello 
hello 
hello 
hello 
hello 
hello 
hello 
hello 
hello 
hello 
hello 
hello 
hello 
hello 
hello 
hello 
hello 
hello 
hello 
hello 
hello 
hello 
hello 
hello 
hello 
hello 
hello 
hello 
hello 
hello 
hello 
hello 
hello 
hello 
hello 
hello 
hello 
hello 
hello 
hello 
hello 
hello 
hello 
hello 
hello 
hello 
hello 
hello 
hello 
hello 
hello 
hello 
hello 
hello 
hello 
hello 
hello 
hello 
hello 
hello 
hello 
hello 
hello 
hello 
hello 
hello 
hello 
hello 
hello 
hello 
hello 
hello 
hello 
hello 
hello 
hello 
hello 
hello 
hello 
hello 
hello 
hello 
hello 
hello 
hello 
hello 
hello 
hello 
hello 
hello 
hello 
hello 
hello 
hello 
hello 
hello 
hello 
hello 
hello 
hello 
hello 
hello 
hello 
hello 
hello 
hello 
hello 
hello 
hello 
hello 
hello 
hello 
hello 
hello 
hello 
hello 
hello 
hello 
hello 
hello 
hello 
hello 
hello 
hello 
hello 
hello 
hello 
hello 
hello 
hello 
hello 
hello 
hello 
hello 
hello 
hello 
hello 
hello 
hello 
hello 
hello 
hello 
hello 
hello 
hello 
hello 
hello 
hello 
hello 
hello 
hello 
hello 
hello 
hello 
hello 
hello 
hello 
hello 
hello 
hello 
hello 
hello 
hello 
hello 
hello 
hello 
hello 
hello 
hello 
hello 
hello 
hello 
hello 
hello 
hello 
hello 
hello 
hello 
hello 
hello 
hello 
hello 
hello 
hello 
hello 
hello 
hello 
hello 
hello 
hello 
hello 
hello 
hello 
hello 
hello 
hello 
hello 
hello 
hello 
hello 
hello 
hello 
hello 
hello 
hello 
hello 
hello 
hello 
hello 
hello 
hello 
hello 
hello 
hello 
hello 
hello 
hello 
hello 
hello 
hello 
hello 
hello 
hello 
hello 
hello 
hello 
hello 
hello 
hello 
hello 
hello 
hello 
hello 
hello 
hello 
hello 
hello 
hello 
hello 
hello 
hello 
hello 
hello 
hello 
hello 
hello 
hello 
hello 
hello 
hello 
hello 
hello 
hello 
hello 
hello 
hello 
hello 
hello 
hello 
hello 
hello 
hello 
hello 
hello 
hello 
hello 
hello 
hello 
hello 
hello 
hello 
hello 
hello 
hello 
hello 
hello 
hello 
hello 
hello 
hello 
hello 
hello 
hello 
hello 
hello 
hello 
hello 
hello 
hello 
hello 
hello 
hello 
hello 
hello 
hello 
hello 
hello 
hello 
hello 
hello 
hello 
hello 
hello 
hello 
hello 
hello 
hello 
hello 
hello 
hello 
hello 
hello 
hello 
hello 
hello 
hello 
hello 
hello 
hello 
hello 
hello 
hello 
hello 
hello 
hello 
hello 
hello 
hello 
hello 
hello 
hello 
hello 
hello 
hello 
hello 
hello 
hello 
hello 
hello 
hello 
hello 
hello 
hello 
hello 
hello 
hello 
hello 
hello 
hello 
hello 
hello 
hello 
hello 
hello 
hello 
hello 
hello 
hello 
hello 
hello 
hello 
hello 
hello 
hello 
hello 
hello 
hello 
hello 
hello 
hello 
hello 
hello 
hello 
hello 
hello 
hello 
hello 
hello 
hello 
hello 
hello 
hello 
hello 
hello 
hello 
hello 
hello 
hello 
hello 
hello 
hello 
hello 
hello 
hello 
hello 
hello 
hello 
hello 
hello 
hello 
hello 
hello 
hello 
hello 
hello 
hello 
hello 
hello 
hello 
hello 
hello 
hello 
hello 
hello 
hello 
hello 
hello 
hello 
hello 
hello 
hello 
hello 
hello 
hello 
hello 
hello 
hello 
hello 
hello 
hello 
hello 
hello 
hello 
hello 
hello 
hello 
hello 
hello 
hello 
hello 
hello 
hello 
hello 
hello 
hello 
hello 
hello 
hello 
hello 
hello 
hello 
hello 
hello 
hello 
hello 
hello 
hello 
hello 
hello 
hello 
hello 
hello 
hello 
hello 
hello 
hello 
hello 
hello 
hello 
hello 
hello 
hello 
hello 
hello 
hello 
hello 
hello 
hello 
hello 
hello 
hello 
hello 
hello 
hello 
hello 
hello 
hello 
hello 
hello 
hello 
hello 
hello 
hello 
hello 
hello 
hello 
hello 
hello 
hello 
hello 
hello 
hello 
hello 
hello 
hello 
hello 
hello 
hello 
hello 
hello 
hello 
hello 
hello 
hello 
hello 
hello 
hello 
hello 
hello 
hello 
hello 
hello 
hello 
hello 
hello 
hello 
hello 
hello 
hello 
hello 
hello 
hello 
hello 
hello 
hello 
hello 
hello 
hello 
hello 
hello 
hello 
hello 
hello 
hello 
hello 
hello 
hello 
hello 
hello 
hello 
hello 
hello 
hello 
hello 
hello 
hello 
hello 
hello 
hello 
hello 
hello 
hello 
hello 
hello 
hello 
hello 
hello 
hello 
hello 
hello 
hello 
hello 
hello 
hello 
hello 
hello 
hello 
hello 
hello 
hello 
hello 
hello 
hello 
hello 
hello 
hello 
hello 
hello 
hello 
hello 
hello 
hello 
hello 
hello 
hello 
hello 
hello 
hello 
hello 
hello 
hello 
hello 
hello 
hello 
hello 
hello 
hello 
hello 
hello 
hello 
hello 
hello 
hello 
hello 
hello 
hello 
hello 
hello 
hello 
hello 
hello 
hello 
hello 
hello 
hello 
hello 
hello 
hello 
hello 
hello 
hello 
hello 
hello 
hello 
hello 
hello 
hello 
hello 
hello 
hello 
hello 
hello 
hello 
hello 
hello 
hello 
hello 
hello 
hello 
hello 
hello 
hello 
hello 
hello 
hello 
hello 
hello 
hello 
hello 
hello 
hello 
hello 
hello 
hello 
hello 
hello 
hello 
hello 
hello 
hello 
hello 
hello 
hello 
hello 
hello 
hello 
hello 
hello 
hello 
hello 
hello 
hello 
hello 
hello 
hello 
hello 
hello 
hello 
hello 
hello 
hello 
hello 
hello 
hello 
hello 
hello 
hello 
hello 
hello 
hello 
hello 
hello 
hello 
hello 
hello 
hello 
hello 
hello 
hello 
hello 
hello 
hello 
hello 
hello 
hello 
hello 
hello 
hello 
hello 
hello 
hello 
hello 
hello 
hello 
hello 
hello 
hello 
hello 
hello 
hello 
hello 
hello 
hello 
hello 
hello 
hello 
hello 
hello 
hello 
hello 
hello 
hello 
hello 
hello 
hello 
hello 
hello 
hello 
hello 
hello 
hello 
hello 
hello 
hello 
hello 
hello 
hello 
hello 
hello 
hello 
hello 
hello 
hello 
hello 
hello 
hello 
hello 
hello 
hello 
hello 
hello 
hello 
hello 
hello 
hello 
hello 
hello 
hello 
hello 
hello 
hello 
hello 
hello 
hello 
hello 
hello 
hello 
hello 
hello 
hello 
hello 
hello 
hello 
hello 
hello 
hello 
hello 
hello 
hello 
hello 
hello 
hello 
hello 
hello 
hello 
hello 
hello 
hello 
hello 
hello 
hello 
hello 
hello 
hello 
hello 
hello 
hello 
hello 
hello 
hello 
hello 
hello 
hello 
hello 
hello 
hello 
hello 
hello 
hello 
hello 
hello 
hello 
hello 
hello 
hello 
hello 
hello 
hello 
hello 
hello 
hello 
hello 
hello 
hello 
hello 
hello 
hello 
hello 
hello 
hello 
hello 
hello 
hello 
hello 
hello 
hello 
hello 
hello 
hello 
hello 
hello 
hello 
hello 
hello 
hello 
hello 
hello 
hello 
hello 
hello 
hello 
hello 
hello 
hello 
hello 
hello 
hello 
hello 
hello 
hello 
hello 
hello 
hello 
hello 
hello 
hello 
hello 
hello 
hello 
hello 
hello 
hello 
hello 
hello 
hello 
hello 
hello 
hello 
hello 
hello 
hello 
hello 
hello 
hello 
hello 
hello 
hello 
hello 
hello 
hello 
hello 
hello 
hello 
hello 
hello 
hello 
hello 
hello 
hello 
hello 
hello 
hello 
hello 
hello 
hello 
hello 
hello 
hello 
hello 
hello 
hello 
hello 
hello 
hello 
hello 
hello 
hello 
hello 
hello 
hello 
hello 
hello 
hello 
hello 
hello 
hello 
hello 
hello 
hello 
hello 
hello 
hello 
hello 
hello 
hello 
hello 
hello 
hello 
hello 
hello 
hello 
hello 
hello 
hello 
hello 
hello 
hello 
hello 
hello 
hello 
hello 
hello 
hello 
hello 
hello 
hello 
hello 
hello 
hello 
hello 
hello 
hello 
hello 
hello 
hello 
hello 
hello 
hello 
hello 
hello 
hello 
hello 
hello 
hello 
hello 
hello 
hello 
hello 
hello 
hello 
hello 
hello 
hello 
hello 
hello 
hello 
hello 
hello 
hello 
hello 
hello 
hello 
hello 
hello 
hello 
hello 
hello 
hello 
hello 
hello 
hello 
hello 
hello 
hello 
hello 
hello 
hello 
hello 
hello 
hello 
hello 
hello 
hello 
hello 
hello 
hello 
hello 
hello 
hello 
hello 
hello 
hello 
hello 
hello 
hello 
hello 
hello 
hello 
hello 
hello 
hello 
hello 
hello 
hello 
hello 
hello 
hello 
hello 
hello 
hello 
hello 
hello 
hello 
hello 
hello 
hello 
hello 
hello 
hello 
hello 
hello 
hello 
hello 
hello 
hello 
hello 
hello 
hello 
hello 
hello 
hello 
hello 
hello 
hello 
hello 
hello 
hello 
hello 
hello 
hello 
hello 
hello 
hello 
hello 
hello 
hello 
hello 
hello 
hello 
hello 
hello 
hello 
hello 
hello 
hello 
hello 
hello 
hello 
hello 
hello 
hello 
hello 
hello 
hello 
hello 
hello 
hello 
hello 
hello 
hello 
hello 
hello 
hello 
hello 
hello 
hello 
hello 
hello 
hello 
hello 
hello 
hello 
hello 
hello 
hello 
hello 
hello 
hello 
hello 
hello 
hello 
hello 
hello 
hello 
hello 
hello 
hello 
hello 
hello 
hello 
hello 
hello 
hello 
hello 
hello 
hello 
hello 
hello 
hello 
hello 
hello 
hello 
hello 
hello 
hello 
hello 
hello 
hello 
hello 
hello 
hello 
hello 
hello 
hello 
hello 
hello 
hello 
hello 
hello 
hello 
hello 
hello 
hello 
hello 
hello 
hello 
hello 
hello 
hello 
hello 
hello 
hello 
hello 
hello 
hello 
hello 
hello 
hello 
hello 
hello 
hello 
hello 
hello 
hello 
hello 
hello 
hello 
hello 
hello 
hello 
hello 
hello 
hello 
hello 
hello 
hello 
hello 
hello 
hello 
hello 
hello 
hello 
hello 
hello 
hello 
hello 
hello 
hello 
hello 
hello 
hello 
hello 
hello 
hello 
hello 
hello 
hello 
hello 
hello 
hello 
hello 
hello 
hello 
hello 
hello 
hello 
hello 
hello 
hello 
hello 
hello 
hello 
hello 
hello 
hello 
hello 
hello 
hello 
hello 
hello 
hello 
hello 
hello 
hello 
hello 
hello 
hello 
hello 
hello 
hello 
hello 
hello 
hello 
hello 
hello 
hello 
hello 
hello 
hello 
hello 
hello 
hello 
hello 
hello 
hello 
hello 
hello 
hello 
hello 
hello 
hello 
hello 
hello 
hello 
hello 
hello 
hello 
hello 
hello 
hello 
hello 
hello 
hello 
hello 
hello 
hello 
hello 
hello 
hello 
hello 
hello 
hello 
hello 
hello 
hello 
hello 
hello 
hello 
hello 
hello 
hello 
hello 
hello 
hello 
hello 
hello 
hello 
hello 
hello 
hello 
hello 
hello 
hello 
hello 
hello 
hello 
hello 
hello 
hello 
hello 
hello 
hello 
hello 
hello 
hello 
hello 
hello 
hello 
hello 
hello 
hello 
hello 
hello 
hello 
hello 
hello 
hello 
hello 
hello 
hello 
hello 
hello 
hello 
hello 
hello 
hello 
hello 
hello 
hello 
hello 
hello 
hello 
hello 
hello 
hello 
hello 
hello 
hello 
hello 
hello 
hello 
hello 
hello 
hello 
hello 
hello 
hello 
hello 
hello 
hello 
hello 
hello 
hello 
hello 
hello 
hello 
hello 
hello 
hello 
hello 
hello 
hello 
hello 
hello 
hello 
hello 
hello 
hello 
hello 
hello 
hello 
hello 
hello 
hello 
hello 
hello 
hello 
hello 
hello 
hello 
hello 
hello 
hello 
hello 
hello 
hello 
hello 
hello 
hello 
hello 
hello 
hello 
hello 
hello 
hello 
hello 
hello 
hello 
hello 
hello 
hello 
hello 
hello 
hello 
hello 
hello 
hello 
hello 
hello 
hello 
hello 
hello 
hello 
hello 
hello 
hello 
hello 
hello 
hello 
hello 
hello 
hello 
hello 
hello 
hello 
hello 
hello 
hello 
hello 
hello 
hello 
hello 
hello 
hello 
hello 
hello 
hello 
hello 
hello 
hello 
hello 
hello 
hello 
hello 
hello 
hello 
hello 
hello 
hello 
hello 
hello 
hello 
hello 
hello 
hello 
hello 
hello 
hello 
hello 
hello 
hello 
hello 
hello 
hello 
hello 
hello 
hello 
hello 
hello 
hello 
hello 
hello 
hello 
hello 
hello 
hello 
hello 
hello 
hello 
hello 
hello 
hello 
hello 
hello 
hello 
hello 
hello 
hello 
hello 
hello 
hello 
hello 
hello 
hello 
hello 
hello 
hello 
hello 
hello 
hello 
hello 
hello 
hello 
hello 
hello 
hello 
hello 
hello 
hello 
hello 
hello 
hello 
hello 
hello 
hello 
hello 
hello 
hello 
hello 
hello 
hello 
hello 
hello 
hello 
hello 
hello 
hello 
hello 
hello 
hello 
hello 
hello 
hello 
hello 
hello 
hello 
hello 
hello 
hello 
hello 
hello 
hello 
hello 
hello 
hello 
hello 
hello 
hello 
hello 
hello 
hello 
hello 
hello 
hello 
hello 
hello 
hello 
hello 
hello 
hello 
hello 
hello 
hello 
hello 
hello 
hello 
hello 
hello 
hello 
hello 
hello 
hello 
hello 
hello 
hello 
hello 
hello 
hello 
hello 
hello 
hello 
hello 
hello 
hello 
hello 
hello 
hello 
hello 
hello 
hello 
hello 
hello 
hello 
hello 
hello 
hello 
hello 
hello 
hello 
hello 
hello 
hello 
hello 
hello 
hello 
hello 
hello 
hello 
hello 
hello 
hello 
hello 
hello 
hello 
hello 
hello 
hello 
hello 
hello 
hello 
hello 
hello 
hello 
hello 
hello 
hello 
hello 
hello 
hello 
hello 
hello 
hello 
hello 
hello 
hello 
hello 
hello 
hello 
hello 
hello 
hello 
hello 
hello 
hello 
hello 
hello 
hello 
hello 
hello 
hello 
hello 
hello 
hello 
hello 
hello 
hello 
hello 
hello 
hello 
hello 
hello 
hello 
hello 
hello 
hello 
hello 
hello 
hello 
hello 
hello 
hello 
hello 
hello 
hello 
hello 
hello 
hello 
hello 
hello 
hello 
hello 
hello 
hello 
hello 
hello 
hello 
hello 
hello 
hello 
hello 
hello 
hello 
hello 
hello 
hello 
hello 
hello 
hello 
hello 
hello 
hello 
hello 
hello 
hello 
hello 
hello 
hello 
hello 
hello 
hello 
hello 
hello 
hello 
hello 
hello 
hello 
hello 
hello 
hello 
hello 
hello 
hello 
hello 
hello 
hello 
hello 
hello 
hello 
hello 
hello 
hello 
hello 
hello 
hello 
hello 
hello 
hello 
hello 
hello 
hello 
hello 
hello 
hello 
hello 
hello 
hello 
hello 
hello 
hello 
hello 
hello 
hello 
hello 
hello 
hello 
hello 
hello 
hello 
hello 
hello 
hello 
hello 
hello 
hello 
hello 
hello 
hello 
hello 
hello 
hello 
hello 
hello 
hello 
hello 
hello 
hello 
hello 
hello 
hello 
hello 
hello 
hello 
hello 
hello 
hello 
hello 
hello 
hello 
hello 
hello 
hello 
hello 
hello 
hello 
hello 
hello 
hello 
hello 
hello 
hello 
hello 
hello 
hello 
hello 
hello 
hello 
hello 
hello 
hello 
hello 
hello 
hello 
hello 
hello 
hello 
hello 
hello 
hello 
hello 
hello 
hello 
hello 
hello 
hello 
hello 
hello 
hello 
hello 
hello 
hello 
hello 
hello 
hello 
hello 
hello 
hello 
hello 
hello 
hello 
hello 
hello 
hello 
hello 
hello 
hello 
hello 
hello 
hello 
hello 
hello 
hello 
hello 
hello 
hello 
hello 
hello 
hello 
hello 
hello 
hello 
hello 
hello 
hello 
hello 
hello 
hello 
hello 
hello 
hello 
hello 
hello 
hello 
hello 
hello 
hello 
hello 
hello 
hello 
hello 
hello 
hello 
hello 
hello 
hello 
hello 
hello 
hello 
hello 
hello 
hello 
hello 
hello 
hello 
hello 
hello 
hello 
hello 
hello 
hello 
hello 
hello 
hello 
hello 
hello 
hello 
hello 
hello 
hello 
hello 
hello 
hello 
hello 
hello 
hello 
hello 
hello 
hello 
hello 
hello 
hello 
hello 
hello 
hello 
hello 
hello 
hello 
hello 
hello 
hello 
hello 
hello 
hello 
hello 
hello 
hello 
hello 
hello 
hello 
hello 
hello 
hello 
hello 
hello 
hello 
hello 
hello 
hello 
hello 
hello 
hello 
hello 
hello 
hello 
hello 
hello 
hello 
hello 
hello 
hello 
hello 
hello 
hello 
hello 
hello 
hello 
hello 
hello 
hello 
hello 
hello 
hello 
hello 
hello 
hello 
hello 
hello 
hello 
hello 
hello 
hello 
hello 
hello 
hello 
hello 
hello 
hello 
hello 
hello 
hello 
hello 
hello 
hello 
hello 
hello 
hello 
hello 
hello 
hello 
hello 
hello 
hello 
hello 
hello 
hello 
hello 
hello 
hello 
hello 
hello 
hello 
hello 
hello 
hello 
hello 
hello 
hello 
hello 
hello 
hello 
hello 
hello 
hello 
hello 
hello 
hello 
hello 
hello 
hello 
hello 
hello 
hello 
hello 
hello 
hello 
hello 
hello 
hello 
hello 
hello 
hello 
hello 
hello 
hello 
hello 
hello 
hello 
hello 
hello 
hello 
hello 
hello 
hello 
hello 
hello 
hello 
hello 
hello 
hello 
hello 
hello 
hello 
hello 
hello 
hello 
hello 
hello 
hello 
hello 
hello 
hello 
hello 
hello 
hello 
hello 
hello 
hello 
hello 
hello 
hello 
hello 
hello 
hello 
hello 
hello 
hello 
hello 
hello 
hello 
hello 
hello 
hello 
hello 
hello 
hello 
hello 
hello 
hello 
hello 
hello 
hello 
hello 
hello 
hello 
hello 
hello 
hello 
hello 
hello 
hello 
hello 
hello 
hello 
hello 
hello 
hello 
hello 
hello 
hello 
hello 
hello 
hello 
hello 
hello 
hello 
hello 
hello 
hello 
hello 
hello 
hello 
hello 
hello 
hello 
hello 
hello 
hello 
hello 
hello 
hello 
hello 
hello 
hello 
hello 
hello 
hello 
hello 
hello 
hello 
hello 
hello 
hello 
hello 
hello 
hello 
hello 
hello 
hello 
hello 
hello 
hello 
hello 
hello 
hello 
hello 
hello 
hello 
hello 
hello 
hello 
hello 
hello 
hello 
hello 
hello 
hello 
hello 
hello 
hello 
hello 
hello 
hello 
hello 
hello 
hello 
hello 
hello 
hello 
hello 
hello 
hello 
hello 
hello 
hello 
hello 
hello 
hello 
hello 
hello 
hello 
hello 
hello 
hello 
hello 
hello 
hello 
hello 
hello 
hello 
hello 
hello 
hello 
hello 
hello 
hello 
hello 
hello 
hello 
hello 
hello 
hello 
hello 
hello 
hello 
hello 
hello 
hello 
hello 
hello 
hello 
hello 
hello 
hello 
hello 
hello 
hello 
hello 
hello 
hello 
hello 
hello 
hello 
hello 
hello 
hello 
hello 
hello 
hello 
hello 
hello 
hello 
hello 
hello 
hello 
hello 
hello 
hello 
hello 
hello 
hello 
hello 
hello 
hello 
hello 
hello 
hello 
hello 
hello 
hello 
hello 
hello 
hello 
hello 
hello 
hello 
hello 
hello 
hello 
hello 
hello 
hello 
hello 
hello 
hello 
hello 
hello 
hello 
hello 
hello 
hello 
hello 
hello 
hello 
hello 
hello 
hello 
hello 
hello 
hello 
hello 
hello 
hello 
hello 
hello 
hello 
hello 
hello 
hello 
hello 
hello 
hello 
hello 
hello 
hello 
hello 
hello 
hello 
hello 
hello 
hello 
hello 
hello 
hello 
hello 
hello 
hello 
hello 
hello 
hello 
hello 
hello 
hello 
hello 
hello 
hello 
hello 
hello 
hello 
hello 
hello 
hello 
hello 
hello 
hello 
hello 
hello 
hello 
hello 
hello 
hello 
hello 
hello 
hello 
hello 
hello 
hello 
hello 
hello 
hello 
hello 
hello 
hello 
hello 
hello 
hello 
hello 
hello 
hello 
hello 
hello 
hello 
hello 
hello 
hello 
hello 
hello 
hello 
hello 
hello 
hello 
hello 
hello 
hello 
hello 
hello 
hello 
hello 
hello 
hello 
hello 
hello 
hello 
hello 
hello 
hello 
hello 
hello 
hello 
hello 
hello 
hello 
hello 
hello 
hello 
hello 
hello 
hello 
hello 
hello 
hello 
hello 
hello 
hello 
hello 
hello 
hello 
hello 
hello 
hello 
hello 
hello 
hello 
hello 
hello 
hello 
hello 
hello 
hello 
hello 
hello 
hello 
hello 
hello 
hello 
hello 
hello 
hello 
hello 
hello 
hello 
hello 
hello 
hello 
hello 
hello 
hello 
hello 
hello 
hello 
hello 
hello 
hello 
hello 
hello 
hello 
hello 
hello 
hello 
hello 
hello 
hello 
hello 
hello 
hello 
hello 
hello 
hello 
hello 
hello 
hello 
hello 
hello 
hello 
hello 
hello 
hello 
hello 
hello 
hello 
hello 
hello 
hello 
hello 
hello 
hello 
hello 
hello 
hello 
hello 
hello 
hello 
hello 
hello 
hello 
hello 
hello 
hello 
hello 
hello 
hello 
hello 
hello 
hello 
hello 
hello 
hello 
hello 
hello 
hello 
hello 
hello 
hello 
hello 
hello 
hello 
hello 
hello 
hello 
hello 
hello 
hello 
hello 
hello 
hello 
hello 
hello 
hello 
hello 
hello 
hello 
hello 
hello 
hello 
hello 
hello 
hello 
hello 
hello 
hello 
hello 
hello 
hello 
hello 
hello 
hello 
hello 
hello 
hello 
hello 
hello 
hello 
hello 
hello 
hello 
hello 
hello 
hello 
hello 
hello 
hello 
hello 
hello 
hello 
hello 
hello 
hello 
hello 
hello 
hello 
hello 
hello 
hello 
hello 
hello 
hello 
hello 
hello 
hello 
hello 
hello 
hello 
hello 
hello 
hello 
hello 
hello 
hello 
hello 
hello 
hello 
hello 
hello 
hello 
hello 
hello 
hello 
hello 
hello 
hello 
hello 
hello 
hello 
hello 
hello 
hello 
hello 
hello 
hello 
hello 
hello 
hello 
hello 
hello 
hello 
hello 
hello 
hello 
hello 
hello 
hello 
hello 
hello 
hello 
hello 
hello 
hello 
hello 
hello 
hello 
hello 
hello 
hello 
hello 
hello 
hello 
hello 
hello 
hello 
hello 
hello 
hello 
hello 
hello 
hello 
hello 
hello 
hello 
hello 
hello 
hello 
hello 
hello 
hello 
hello 
hello 
hello 
hello 
hello 
hello 
hello 
hello 
hello 
hello 
hello 
hello 
hello 
hello 
hello 
hello 
hello 
hello 
hello 
hello 
hello 
hello 
hello 
hello 
hello 
hello 
hello 
hello 
hello 
hello 
hello 
hello 
hello 
hello 
hello 
hello 
hello 
hello 
hello 
hello 
hello 
hello 
hello 
hello 
hello 
hello 
hello 
hello 
hello 
hello 
hello 
hello 
hello 
hello 
hello 
hello 
hello 
hello 
hello 
hello 
hello 
hello 
hello 
hello 
hello 
hello 
hello 
hello 
hello 
hello 
hello 
hello 
hello 
hello 
hello 
hello 
hello 
hello 
hello 
hello 
hello 
hello 
hello 
hello 
hello 
hello 
hello 
hello 
hello 
hello 
hello 
hello 
hello 
hello 
hello 
hello 
hello 
hello 
hello 
hello 
hello 
hello 
hello 
hello 
hello 
hello 
hello 
hello 
hello 
hello 
hello 
hello 
hello 
hello 
hello 
hello 
hello 
hello 
hello 
hello 
hello 
hello 
hello 
hello 
hello 
hello 
hello 
hello 
hello 
hello 
hello 
hello 
hello 
hello 
hello 
hello 
hello 
hello 
hello 
hello 
hello 
hello 
hello 
hello 
hello 
hello 
hello 
hello 
hello 
hello 
hello 
hello 
hello 
hello 
hello 
hello 
hello 
hello 
hello 
hello 
hello 
hello 
hello 
hello 
hello 
hello 
hello 
hello 
hello 
hello 
hello 
hello 
hello 
hello 
hello 
hello 
hello 
hello 
hello 
hello 
hello 
hello 
hello 
hello 
hello 
hello 
hello 
hello 
hello 
hello 
hello 
hello 
hello 
hello 
hello 
hello 
hello 
hello 
hello 
hello 
hello 
hello 
hello 
hello 
hello 
hello 
hello 
hello 
hello 
hello 
hello 
hello 
hello 
hello 
hello 
hello 
hello 
hello 
hello 
hello 
hello 
hello 
hello 
hello 
hello 
hello 
hello 
hello 
hello 
hello 
hello 
hello 
hello 
hello 
hello 
hello 
hello 
hello 
hello 
hello 
hello 
hello 
hello 
hello 
hello 
hello 
hello 
hello 
hello 
hello 
hello 
hello 
hello 
hello 
hello 
hello 
hello 
hello 
hello 
hello 
hello 
hello 
hello 
hello 
hello 
hello 
hello 
hello 
hello 
hello 
hello 
hello 
hello 
hello 
hello 
hello 
hello 
hello 
hello 
hello 
hello 
hello 
hello 
hello 
hello 
hello 
hello 
hello 
hello 
hello 
hello 
hello 
hello 
hello 
hello 
hello 
hello 
hello 
hello 
hello 
hello 
hello 
hello 
hello 
hello 
hello 
hello 
hello 
hello 
hello 
hello 
hello 
hello 
hello 
hello 
hello 
hello 
hello 
hello 
hello 
hello 
hello 
hello 
hello 
hello 
hello 
hello 
hello 
hello 
hello 
hello 
hello 
hello 
hello 
hello 
hello 
hello 
hello 
hello 
hello 
hello 
hello 
hello 
hello 
hello 
hello 
hello 
hello 
hello 
hello 
hello 
hello 
hello 
hello 
hello 
hello 
hello 
hello 
hello 
hello 
hello 
hello 
hello 
hello 
hello 
hello 
hello 
hello 
hello 
hello 
hello 
hello 
hello 
hello 
hello 
hello 
hello 
hello 
hello 
hello 
hello 
hello 
hello 
hello 
hello 
hello 
hello 
hello 
hello 
hello 
hello 
hello 
hello 
hello 
hello 
hello 
hello 
hello 
hello 
hello 
hello 
hello 
hello 
hello 
hello 
hello 
hello 
hello 
hello 
hello 
hello 
hello 
hello 
hello 
hello 
hello 
hello 
hello 
hello 
hello 
hello 
hello 
hello 
hello 
hello 
hello 
hello 
hello 
hello 
hello 
hello 
hello 
hello 
hello 
hello 
hello 
hello 
hello 
hello 
hello 
hello 
hello 
hello 
hello 
hello 
hello 
hello 
hello 
hello 
hello 
hello 
hello 
hello 
hello 
hello 
hello 
hello 
hello 
hello 
hello 
hello 
hello 
hello 
hello 
hello 
hello 
hello 
hello 
hello 
hello 
hello 
hello 
hello 
hello 
hello 
hello 
hello 
hello 
hello 
hello 
hello 
hello 
hello 
hello 
hello 
hello 
hello 
hello 
hello 
hello 
hello 
hello 
hello 
hello 
hello 
hello 
hello 
hello 
hello 
hello 
hello 
hello 
hello 
hello 
hello 
hello 
hello 
hello 
hello 
hello 
hello 
hello 
hello 
hello 
hello 
hello 
hello 
hello 
hello 
hello 
hello 
hello 
hello 
hello 
hello 
hello 
hello 
hello 
hello 
hello 
hello 
hello 
hello 
hello 
hello 
hello 
hello 
hello 
hello 
hello 
hello 
hello 
hello 
hello 
hello 
hello 
hello 
hello 
hello 
hello 
hello 
hello 
hello 
hello 
hello 
hello 
hello 
hello 
hello 
hello 
hello 
hello 
hello 
hello 
hello 
hello 
hello 
hello 
hello 
hello 
hello 
hello 
hello 
hello 
hello 
hello 
hello 
hello 
hello 
hello 
hello 
hello 
hello 
hello 
hello 
hello 
hello 
hello 
hello 
hello 
hello 
hello 
hello 
hello 
hello 
hello 
hello 
hello 
hello 
hello 
hello 
hello 
hello 
hello 
hello 
hello 
hello 
hello 
hello 
hello 
hello 
hello 
hello 
hello 
hello 
hello 
hello 
hello 
hello 
hello 
hello 
hello 
hello 
hello 
hello 
hello 
hello 
hello 
hello 
hello 
hello 
hello 
hello 
hello 
hello 
hello 
hello 
hello 
hello 
hello 
hello 
hello 
hello 
hello 
hello 
hello 
hello 
hello 
hello 
hello 
hello 
hello 
hello 
hello 
hello 
hello 
hello 
hello 
hello 
hello 
hello 
hello 
hello 
hello 
hello 
hello 
hello 
hello 
hello 
hello 
hello 
hello 
hello 
hello 
hello 
hello 
hello 
hello 
hello 
hello 
hello 
hello 
hello 
hello 
hello 
hello 
hello 
hello 
hello 
hello 
hello 
hello 
hello 
hello 
hello 
hello 
hello 
hello 
hello 
hello 
hello 
hello 
hello 
hello 
hello 
hello 
hello 
hello 
hello 
hello 
hello 
hello 
hello 
hello 
hello 
hello 
hello 
hello 
hello 
hello 
hello 
hello 
hello 
hello 
hello 
hello 
hello 
hello 
hello 
hello 
hello 
hello 
hello 
hello 
hello 
hello 
hello 
hello 
hello 
hello 
hello 
hello 
hello 
hello 
hello 
hello 
hello 
hello 
hello 
hello 
hello 
hello 
hello 
hello 
hello 
hello 
hello 
hello 
hello 
hello 
hello 
hello 
hello 
hello 
hello 
hello 
hello 
hello 
hello 
hello 
hello 
hello 
hello 
hello 
hello 
hello 
hello 
hello 
hello 
hello 
hello 
hello 
hello 
hello 
hello 
hello 
hello 
hello 
hello 
hello 
hello 
hello 
hello 
hello 
hello 
hello 
hello 
hello 
hello 
hello 
hello 
hello 
hello 
hello 
hello 
hello 
hello 
hello 
hello 
hello 
hello 
hello 
hello 
hello 
hello 
hello 
hello 
hello 
hello 
hello 
hello 
hello 
hello 
hello 
hello 
hello 
hello 
hello 
hello 
hello 
hello 
hello 
hello 
hello 
hello 
hello 
hello 
hello 
hello 
hello 
hello 
hello 
hello 
hello 
hello 
hello 
hello 
hello 
hello 
hello 
hello 
hello 
hello 
hello 
hello 
hello 
hello 
hello 
hello 
hello 
hello 
hello 
hello 
hello 
hello 
hello 
hello 
hello 
hello 
hello 
hello 
hello 
hello 
hello 
hello 
hello 
hello 
hello 
hello 
hello 
hello 
hello 
hello 
hello 
hello 
hello 
hello 
hello 
hello 
hello 
hello 
hello 
hello 
hello 
hello 
hello 
hello 
hello 
hello 
hello 
hello 
hello 
hello 
hello 
hello 
hello 
hello 
hello 
hello 
hello 
hello 
hello 
hello 
hello 
hello 
hello 
hello 
hello 
hello 
hello 
hello 
hello 
hello 
hello 
hello 
hello 
hello 
hello 
hello 
hello 
hello 
hello 
hello 
hello 
hello 
hello 
hello 
hello 
hello 
hello 
hello 
hello 
hello 
hello 
hello 
hello 
hello 
hello 
hello 
hello 
hello 
hello 
hello 
hello 
hello 
hello 
hello 
hello 
hello 
hello 
hello 
hello 
hello 
hello 
hello 
hello 
hello 
hello 
hello 
hello 
hello 
hello 
hello 
hello 
hello 
hello 
hello 
hello 
hello 
hello 
hello 
hello 
hello 
hello 
hello 
hello 
hello 
hello 
hello 
hello 
hello 
hello 
hello 
hello 
hello 
hello 
hello 
hello 
hello 
hello 
hello 
hello 
hello 
hello 
hello 
hello 
hello 
hello 
hello 
hello 
hello 
hello 
hello 
hello 
hello 
hello 
hello 
hello 
hello 
hello 
hello 
hello 
hello 
hello 
hello 
hello 
hello 
hello 
hello 
hello 
hello 
hello 
hello 
hello 
hello 
hello 
hello 
hello 
hello 
hello 
hello 
hello 
hello 
hello 
hello 
hello 
hello 
hello 
hello 
hello 
hello 
hello 
hello 
hello 
hello 
hello 
hello 
hello 
hello 
hello 
hello 
hello 
hello 
hello 
hello 
hello 
hello 
hello 
hello 
hello 
hello 
hello 
hello 
hello 
hello 
hello 
hello 
hello 
hello 
hello 
hello 
hello 
hello 
hello 
hello 
hello 
hello 
hello 
hello 
hello 
hello 
hello 
hello 
hello 
hello 
hello 
hello 
hello 
hello 
hello 
hello 
hello 
hello 
hello 
hello 
hello 
hello 
hello 
hello 
hello 
hello 
hello 
hello 
hello 
hello 
hello 
hello 
hello 
hello 
hello 
hello 
hello 
hello 
hello 
hello 
hello 
hello 
hello 
hello 
hello 
hello 
hello 
hello 
hello 
hello 
hello 
hello 
hello 
hello 
hello 
hello 
hello 
hello 
hello 
hello 
hello 
hello 
hello 
hello 
hello 
hello 
hello 
hello 
hello 
hello 
hello 
hello 
hello 
hello 
hello 
hello 
hello 
hello 
hello 
hello 
hello 
hello 
hello 
hello 
hello 
hello 
hello 
hello 
hello 
hello 
hello 
hello 
hello 
hello 
hello 
hello 
hello 
hello 
hello 
hello 
hello 
hello 
hello 
hello 
hello 
hello 
hello 
hello 
hello 
hello 
hello 
hello 
hello 
hello 
hello 
hello 
hello 
hello 
hello 
hello 
hello 
hello 
hello 
hello 
hello 
hello 
hello 
hello 
hello 
hello 
hello 
hello 
hello 
hello 
hello 
hello 
hello 
hello 
hello 
hello 
hello 
hello 
hello 
hello 
hello 
hello 
hello 
hello 
hello 
hello 
hello 
hello 
hello 
hello 
hello 
hello 
hello 
hello 
hello 
hello 
hello 
hello 
hello 
hello 
hello 
hello 
hello 
hello 
hello 
hello 
hello 
hello 
hello 
hello 
hello 
hello 
hello 
hello 
hello 
hello 
hello 
hello 
hello 
hello 
hello 
hello 
hello 
hello 
hello 
hello 
hello 
hello 
hello 
hello 
hello 
hello 
hello 
hello 
hello 
hello 
hello 
hello 
hello 
hello 
hello 
hello 
hello 
hello 
hello 
hello 
hello 
hello 
hello 
hello 
hello 
hello 
hello 
hello 
hello 
hello 
hello 
hello 
hello 
hello 
hello 
hello 
hello 
hello 
hello 
hello 
hello 
hello 
hello 
hello 
hello 
hello 
hello 
hello 
hello 
hello 
hello 
hello 
hello 
hello 
hello 
hello 
hello 
hello 
hello 
hello 
hello 
hello 
hello 
hello 
hello 
hello 
hello 
hello 
hello 
hello 
hello 
hello 
hello 
hello 
hello 
hello 
hello 
hello 
hello 
hello 
hello 
hello 
hello 
hello 
hello 
hello 
hello 
hello 
hello 
hello 
hello 
hello 
hello 
hello 
hello 
hello 
hello 
hello 
hello 
hello 
hello 
hello 
hello 
hello 
hello 
hello 
hello 
hello 
hello 
hello 
hello 
hello 
hello 
hello 
hello 
hello 
hello 
hello 
hello 
hello 
hello 
hello 
hello 
hello 
hello 
hello 
hello 
hello 
hello 
hello 
hello 
hello 
hello 
hello 
hello 
hello 
hello 
hello 
hello 
hello 
hello 
hello 
hello 
hello 
hello 
hello 
hello 
hello 
hello 
hello 
hello 
hello 
hello 
hello 
hello 
hello 
hello 
hello 
hello 
hello 
hello 
hello 
hello 
hello 
hello 
hello 
hello 
hello 
hello 
hello 
hello 
hello 
hello 
hello 
hello 
hello 
hello 
hello 
hello 
hello 
hello 
hello 
hello 
hello 
hello 
hello 
hello 
hello 
hello 
hello 
hello 
hello 
hello 
hello 
hello 
hello 
hello 
hello 
hello 
hello 
hello 
hello 
hello 
hello 
hello 
hello 
hello 
hello 
hello 
hello 
hello 
hello 
hello 
hello 
hello 
hello 
hello 
hello 
hello 
hello 
hello 
hello 
hello 
hello 
hello 
hello 
hello 
hello 
hello 
hello 
hello 
hello 
hello 
hello 
hello 
hello 
hello 
hello 
hello 
hello 
hello 
hello 
hello 
hello 
hello 
hello 
hello 
hello 
hello 
hello 
hello 
hello 
hello 
hello 
hello 
hello 
hello 
hello 
hello 
hello 
hello 
hello 
hello 
hello 
hello 
hello 
hello 
hello 
hello 
hello 
hello 
hello 
hello 
hello 
hello 
hello 
hello 
hello 
hello 
hello 
hello 
hello 
hello 
hello 
hello 
hello 
hello 
hello 
hello 
hello 
hello 
hello 
hello 
hello 
hello 
hello 
hello 
hello 
hello 
hello 
hello 
hello 
hello 
hello 
hello 
hello 
hello 
hello 
hello 
hello 
hello 
hello 
hello 
hello 
hello 
hello 
hello 
hello 
hello 
hello 
hello 
hello 
hello 
hello 
hello 
hello 
hello 
hello 
hello 
hello 
hello 
hello 
hello 
hello 
hello 
hello 
hello 
hello 
hello 
hello 
hello 
hello 
hello 
hello 
hello 
hello 
hello 
hello 
hello 
hello 
hello 
hello 
hello 
hello 
hello 
hello 
hello 
hello 
hello 
hello 
hello 
hello 
hello 
hello 
hello 
hello 
hello 
hello 
hello 
hello 
hello 
hello 
hello 
hello 
hello 
hello 
hello 
hello 
hello 
hello 
hello 
hello 
hello 
hello 
hello 
hello 
hello 
hello 
hello 
hello 
hello 
hello 
hello 
hello 
hello 
hello 
hello 
hello 
hello 
hello 
hello 
hello 
hello 
hello 
hello 
hello 
hello 
hello 
hello 
hello 
hello 
hello 
hello 
hello 
hello 
hello 
hello 
hello 
hello 
hello 
hello 
hello 
hello 
hello 
hello 
hello 
hello 
hello 
hello 
hello 
hello 
hello 
hello 
hello 
hello 
hello 
hello 
hello 
hello 
hello 
hello 
hello 
hello 
hello 
hello 
hello 
hello 
hello 
hello 
hello 
hello 
hello 
hello 
hello 
hello 
hello 
hello 
hello 
hello 
hello 
hello 
hello 
hello 
hello 
hello 
hello 
hello 
hello 
hello 
hello 
hello 
hello 
hello 
hello 
hello 
hello 
hello 
hello 
hello 
hello 
hello 
hello 
hello 
hello 
hello 
hello 
hello 
hello 
hello 
hello 
hello 
hello 
hello 
hello 
hello 
hello 
hello 
hello 
hello 
hello 
hello 
hello 
hello 
hello 
hello 
hello 
hello 
hello 
hello 
hello 
hello 
hello 
hello 
hello 
hello 
hello 
hello 
hello 
hello 
hello 
hello 
hello 
hello 
hello 
hello 
hello 
hello 
hello 
hello 
hello 
hello 
hello 
hello 
hello 
hello 
hello 
hello 
hello 
hello 
hello 
hello 
hello 
hello 
hello 
hello 
hello 
hello 
hello 
hello 
hello 
hello 
hello 
hello 
hello 
hello 
hello 
hello 
hello 
hello 
hello 
hello 
hello 
hello 
hello 
hello 
hello 
hello 
hello 
hello 
hello 
hello 
hello 
hello 
hello 
hello 
hello 
hello 
hello 
hello 
hello 
hello 
hello 
hello 
hello 
hello 
hello 
hello 
hello 
hello 
hello 
hello 
hello 
hello 
hello 
hello 
hello 
hello 
hello 
hello 
hello 
hello 
hello 
hello 
hello 
hello 
hello 
hello 
hello 
hello 
hello 
hello 
hello 
hello 
hello 
hello 
hello 
hello 
hello 
hello 
hello 
hello 
hello 
hello 
hello 
hello 
hello 
hello 
hello 
hello 
hello 
hello 
hello 
hello 
hello 
hello 
hello 
hello 
hello 
hello 
hello 
hello 
hello 
hello 
hello 
hello 
hello 
hello 
hello 
hello 
hello 
hello 
hello 
hello 
hello 
hello 
hello 
hello 
hello 
hello 
hello 
hello 
hello 
hello 
hello 
hello 
hello 
hello 
hello 
hello 
hello 
hello 
hello 
hello 
hello 
hello 
hello 
hello 
hello 
hello 
hello 
hello 
hello 
hello 
hello 
hello 
hello 
hello 
hello 
hello 
hello 
hello 
hello 
hello 
hello 
hello 
hello 
hello 
hello 
hello 
hello 
hello 
hello 
hello 
hello 
hello 
hello 
hello 
hello 
hello 
hello 
hello 
hello 
hello 
hello 
hello 
hello 
hello 
hello 
hello 
hello 
hello 
hello 
hello 
hello 
hello 
hello 
hello 
hello 
hello 
hello 
hello 
hello 
hello 
hello 
hello 
hello 
hello 
hello 
hello 
hello 
hello 
hello 
hello 
hello 
hello 
hello 
hello 
hello 
hello 
hello 
hello 
hello 
hello 
hello 
hello 
hello 
hello 
hello 
hello 
hello 
hello 
hello 
hello 
hello 
hello 
hello 
hello 
hello 
hello 
hello 
hello 
hello 
hello 
hello 
hello 
hello 
hello 
hello 
hello 
hello 
hello 
hello 
hello 
hello 
hello 
hello 
hello 
hello 
hello 
hello 
hello 
hello 
hello 
hello 
hello 
hello 
hello 
hello 
hello 
hello 
hello 
hello 
hello 
hello 
hello 
hello 
hello 
hello 
hello 
hello 
hello 
hello 
hello 
hello 
hello 
hello 
hello 
hello 
hello 
hello 
hello 
hello 
hello 
hello 
hello 
hello 
hello 
hello 
hello 
hello 
hello 
hello 
hello 
hello 
hello 
hello 
hello 
hello 
hello 
hello 
hello 
hello 
hello 
hello 
hello 
hello 
hello 
hello 
hello 
hello 
hello 
hello 
hello 
hello 
hello 
hello 
hello 
hello 
hello 
hello 
hello 
hello 
hello 
hello 
hello 
hello 
hello 
hello 
hello 
hello 
hello 
hello 
hello 
hello 
hello 
hello 
hello 
hello 
hello 
hello 
hello 
hello 
hello 
hello 
hello 
hello 
hello 
hello 
hello 
hello 
hello 
hello 
hello 
hello 
hello 
hello 
hello 
hello 
hello 
hello 
hello 
hello 
hello 
hello 
hello 
hello 
hello 
hello 
hello 
hello 
hello 
hello 
hello 
hello 
hello 
hello 
hello 
hello 
hello 
hello 
hello 
hello 
hello 
hello 
hello 
hello 
hello 
hello 
hello 
hello 
hello 
hello 
hello 
hello 
hello 
hello 
hello 
hello 
hello 
hello 
hello 
hello 
hello 
hello 
hello 
hello 
hello 
hello 
hello 
hello 
hello 
hello 
hello 
hello 
hello 
hello 
hello 
hello 
hello 
hello 
hello 
hello 
hello 
hello 
hello 
hello 
hello 
hello 
hello 
hello 
hello 
hello 
hello 
hello 
hello 
hello 
hello 
hello 
hello 
hello 
hello 
hello 
hello 
hello 
hello 
hello 
hello 
hello 
hello 
hello 
hello 
hello 
hello 
hello 
hello 
hello 
hello 
hello 
hello 
hello 
hello 
hello 
hello 
hello 
hello 
hello 
hello 
hello 
hello 
hello 
hello 
hello 
hello 
hello 
hello 
hello 
hello 
hello 
hello 
hello 
hello 
hello 
hello 
hello 
hello 
hello 
hello 
hello 
hello 
hello 
hello 
hello 
hello 
hello 
hello 
hello 
hello 
hello 
hello 
hello 
hello 
hello 
hello 
hello 
hello 
hello 
hello 
hello 
hello 
hello 
hello 
hello 
hello 
hello 
hello 
hello 
hello 
hello 
hello 
hello 
hello 
hello 
hello 
hello 
hello 
hello 
hello 
hello 
hello 
hello 
hello 
hello 
hello 
hello 
hello 
hello 
hello 
hello 
hello 
hello 
hello 
hello 
hello 
hello 
hello 
hello 
hello 
hello 
hello 
hello 
hello 
hello 
hello 
hello 
hello 
hello 
hello 
hello 
hello 
hello 
hello 
hello 
hello 
hello 
hello 
hello 
hello 
hello 
hello 
hello 
hello 
hello 
hello 
hello 
hello 
hello 
hello 
hello 
hello 
hello 
hello 
hello 
hello 
hello 
hello 
hello 
hello 
hello 
hello 
hello 
hello 
hello 
hello 
hello 
hello 
hello 
hello 
hello 
hello 
hello 
hello 
hello 
hello 
hello 
hello 
hello 
hello 
hello 
hello 
hello 
hello 
hello 
hello 
hello 
hello 
hello 
hello 
hello 
hello 
hello 
hello 
hello 
hello 
hello 
hello 
hello 
hello 
hello 
hello 
hello 
hello 
hello 
hello 
hello 
hello 
hello 
hello 
hello 
hello 
hello 
hello 
hello 
hello 
hello 
hello 
hello 
hello 
hello 
hello 
hello 
hello 
hello 
hello 
hello 
hello 
hello 
hello 
hello 
hello 
hello 
hello 
hello 
hello 
hello 
hello 
hello 
hello 
hello 
hello 
hello 
hello 
hello 
hello 
hello 
hello 
hello 
hello 
hello 
hello 
hello 
hello 
hello 
hello 
hello 
hello 
hello 
hello 
hello 
hello 
hello 
hello 
hello 
hello 
hello 
hello 
hello 
hello 
hello 
hello 
hello 
hello 
hello 
hello 
hello 
hello 
hello 
hello 
hello 
hello 
hello 
hello 
hello 
hello 
hello 
hello 
hello 
hello 
hello 
hello 
hello 
hello 
hello 
hello 
hello 
hello 
hello 
hello 
hello 
hello 
hello 
hello 
hello 
hello 
hello 
hello 
hello 
hello 
hello 
hello 
hello 
hello 
hello 
hello 
hello 
hello 
hello 
hello 
hello 
hello 
hello 
hello 
hello 
hello 
hello 
hello 
hello 
hello 
hello 
hello 
hello 
hello 
hello 
hello 
hello 
hello 
hello 
hello 
hello 
hello 
hello 
hello 
hello 
hello 
hello 
hello 
hello 
hello 
hello 
hello 
hello 
hello 
hello 
hello 
hello 
hello 
hello 
hello 
hello 
hello 
hello 
hello 
hello 
hello 
hello 
hello 
hello 
hello 
hello 
hello 
hello 
hello 
hello 
hello 
hello 
hello 
hello 
hello 
hello 
hello 
hello 
hello 
hello 
hello 
hello 
hello 
hello 
hello 
hello 
hello 
hello 
hello 
hello 
hello 
hello 
hello 
hello 
hello 
hello 
hello 
hello 
hello 
hello 
hello 
hello 
hello 
hello 
hello 
hello 
hello 
hello 
hello 
hello 
hello 
hello 
hello 
hello 
hello 
hello 
hello 
hello 
hello 
hello 
hello 
hello 
hello 
hello 
hello 
hello 
hello 
hello 
hello 
hello 
hello 
hello 
hello 
hello 
hello 
hello 
hello 
hello 
hello 
hello 
hello 
hello 
hello 
hello 
hello 
hello 
hello 
hello 
hello 
hello 
hello 
hello 
hello 
hello 
hello 
hello 
hello 
hello 
hello 
hello 
hello 
hello 
hello 
hello 
hello 
hello 
hello 
hello 
hello 
hello 
hello 
hello 
hello 
hello 
hello 
hello 
hello 
hello 
hello 
hello 
hello 
hello 
hello 
hello 
hello 
hello 
hello 
hello 
hello 
hello 
hello 
hello 
hello 
hello 
hello 
hello 
hello 
hello 
hello 
hello 
hello 
hello 
hello 
hello 
hello 
hello 
hello 
hello 
hello 
hello 
hello 
hello 
hello 
hello 
hello 
hello 
hello 
hello 
hello 
hello 
hello 
hello 
hello 
hello 
hello 
hello 
hello 
hello 
hello 
hello 
hello 
hello 
hello 
hello 
hello 
hello 
hello 
hello 
hello 
hello 
hello 
hello 
hello 
hello 
hello 
hello 
hello 
hello 
hello 
hello 
hello 
hello 
hello 
hello 
hello 
hello 
hello 
hello 
hello 
hello 
hello 
hello 
hello 
hello 
hello 
hello 
hello 
hello 
hello 
hello 
hello 
hello 
hello 
hello 
hello 
hello 
hello 
hello 
hello 
hello 
hello 
hello 
hello 
hello 
hello 
hello 
hello 
hello 
hello 
hello 
hello 
hello 
hello 
hello 
hello 
hello 
hello 
hello 
hello 
hello 
hello 
hello 
hello 
hello 
hello 
hello 
hello 
hello 
hello 
hello 
hello 
hello 
hello 
hello 
hello 
hello 
hello 
hello 
hello 
hello 
hello 
hello 
hello 
hello 
hello 
hello 
hello 
hello 
hello 
hello 
hello 
hello 
hello 
hello 
hello 
hello 
hello 
hello 
hello 
hello 
hello 
hello 
hello 
hello 
hello 
hello 
hello 
hello 
hello 
hello 
hello 
hello 
hello 
hello 
hello 
hello 
hello 
hello 
hello 
hello 
hello 
hello 
hello 
hello 
hello 
hello 
hello 
hello 
hello 
hello 
hello 
hello 
hello 
hello 
hello 
hello 
hello 
hello 
hello 
hello 
hello 
hello 
hello 
hello 
hello 
hello 
hello 
hello 
hello 
hello 
hello 
hello 
hello 
hello 
hello 
hello 
hello 
hello 
hello 
hello 
hello 
hello 
hello 
hello 
hello 
hello 
hello 
hello 
hello 
hello 
hello 
hello 
hello 
hello 
hello 
hello 
hello 
hello 
hello 
hello 
hello 
hello 
hello 
hello 
hello 
hello 
hello 
hello 
hello 
hello 
hello 
hello 
hello 
hello 
hello 
hello 
hello 
hello 
hello 
hello 
hello 
hello 
hello 
hello 
hello 
hello 
hello 
hello 
hello 
hello 
hello 
hello 
hello 
hello 
hello 
hello 
hello 
hello 
hello 
hello 
hello 
hello 
hello 
hello 
hello 
hello 
hello 
hello 
hello 
hello 
hello 
hello 
hello 
hello 
hello 
hello 
hello 
hello 
hello 
hello 
hello 
hello 
hello 
hello 
hello 
hello 
hello 
hello 
hello 
hello 
hello 
hello 
hello 
hello 
hello 
hello 
hello 
hello 
hello 
hello 
hello 
hello 
hello 
hello 
hello 
hello 
hello 
hello 
hello 
hello 
hello 
hello 
hello 
hello 
hello 
hello 
hello 
hello 
hello 
hello 
hello 
hello 
hello 
hello 
hello 
hello 
hello 
hello 
hello 
hello 
hello 
hello 
hello 
hello 
hello 
hello 
hello 
hello 
hello 
hello 
hello 
hello 
hello 
hello 
hello 
hello 
hello 
hello 
hello 
hello 
hello 
hello 
hello 
hello 
hello 
hello 
hello 
hello 
hello 
hello 
hello 
hello 
hello 
hello 
hello 
hello 
hello 
hello 
hello 
hello 
hello 
hello 
hello 
hello 
hello 
hello 
hello 
hello 
hello 
hello 
hello 
hello 
hello 
hello 
hello 
hello 
hello 
hello 
hello 
hello 
hello 
hello 
hello 
hello 
hello 
hello 
hello 
hello 
hello 
hello 
hello 
hello 
hello 
hello 
hello 
hello 
hello 
hello 
hello 
hello 
hello 
hello 
hello 
hello 
hello 
hello 
hello 
hello 
hello 
hello 
hello 
hello 
hello 
hello 
hello 
hello 
hello 
hello 
hello 
hello 
hello 
hello 
hello 
hello 
hello 
hello 
hello 
hello 
hello 
hello 
hello 
hello 
hello 
hello 
hello 
hello 
hello 
hello 
hello 
hello 
hello 
hello 
hello 
hello 
hello 
hello 
hello 
hello 
hello 
hello 
hello 
hello 
hello 
hello 
hello 
hello 
hello 
hello 
hello 
hello 
hello 
hello 
hello 
hello 
hello 
hello 
hello 
hello 
hello 
hello 
hello 
hello 
hello 
hello 
hello 
hello 
hello 
hello 
hello 
hello 
hello 
hello 
hello 
hello 
hello 
hello 
hello 
hello 
hello 
hello 
hello 
hello 
hello 
hello 
hello 
hello 
hello 
hello 
hello 
hello 
hello 
hello 
hello 
hello 
hello 
hello 
hello 
hello 
hello 
hello 
hello 
hello 
hello 
hello 
hello 
hello 
hello 
hello 
hello 
hello 
hello 
hello 
hello 
hello 
hello 
hello 
hello 
hello 
hello 
hello 
hello 
hello 
hello 
hello 
hello 
hello 
hello 
hello 
hello 
hello 
hello 
hello 
hello 
hello 
hello 
hello 
hello 
hello 
hello 
hello 
hello 
hello 
hello 
hello 
hello 
hello 
hello 
hello 
hello 
hello 
hello 
hello 
hello 
hello 
hello 
hello 
hello 
hello 
hello 
hello 
hello 
hello 
hello 
hello 
hello 
hello 
hello 
hello 
hello 
hello 
hello 
hello 
hello 
hello 
hello 
hello 
hello 
hello 
hello 
hello 
hello 
hello 
hello 
hello 
hello 
hello 
hello 
hello 
hello 
hello 
hello 
hello 
hello 
hello 
hello 
hello 
hello 
hello 
hello 
hello 
hello 
hello 
hello 
hello 
hello 
hello 
hello 
hello 
hello 
hello 
hello 
hello 
hello 
hello 
hello 
hello 
hello 
hello 
hello 
hello 
hello 
hello 
hello 
hello 
hello 
hello 
hello 
hello 
hello 
hello 
hello 
hello 
hello 
hello 
hello 
hello 
hello 
hello 
hello 
hello 
hello 
hello 
hello 
hello 
hello 
hello 
hello 
hello 
hello 
hello 
hello 
hello 
hello 
hello 
hello 
hello 
hello 
hello 
hello 
hello 
hello 
hello 
hello 
hello 
hello 
hello 
hello 
hello 
hello 
hello 
hello 
hello 
hello 
hello 
hello 
hello 
hello 
hello 
hello 
hello 
hello 
hello 
hello 
hello 
hello 
hello 
hello 
hello 
hello 
hello 
hello 
hello 
hello 
hello 
hello 
hello 
hello 
hello 
hello 
hello 
hello 
hello 
hello 
hello 
hello 
hello 
hello 
hello 
hello 
hello 
hello 
hello 
hello 
hello 
hello 
hello 
hello 
hello 
hello 
hello 
hello 
hello 
hello 
hello 
hello 
hello 
hello 
hello 
hello 
hello 
hello 
hello 
hello 
hello 
hello 
hello 
hello 
hello 
hello 
hello 
hello 
hello 
hello 
hello 
hello 
hello 
hello 
hello 
hello 
hello 
hello 
hello 
hello 
hello 
hello 
hello 
hello 
hello 
hello 
hello 
hello 
hello 
hello 
hello 
hello 
hello 
hello 
hello 
hello 
hello 
hello 
hello 
hello 
hello 
hello 
hello 
hello 
hello 
hello 
hello 
hello 
hello 
hello 
hello 
hello 
hello 
hello 
hello 
hello 
hello 
hello 
hello 
hello 
hello 
hello 
hello 
hello 
hello 
hello 
hello 
hello 
hello 
hello 
hello 
hello 
hello 
hello 
hello 
hello 
hello 
hello 
hello 
hello 
hello 
hello 
hello 
hello 
hello 
hello 
hello 
hello 
hello 
hello 
hello 
hello 
hello 
hello 
hello 
hello 
hello 
hello 
hello 
hello 
hello 
hello 
hello 
hello 
hello 
hello 
hello 
hello 
hello 
hello 
hello 
hello 
hello 
hello 
hello 
hello 
hello 
hello 
hello 
hello 
hello 
hello 
hello 
hello 
hello 
hello 
hello 
hello 
hello 
hello 
hello 
hello 
hello 
hello 
hello 
hello 
hello 
hello 
hello 
hello 
hello 
hello 
hello 
hello 
hello 
hello 
hello 
hello 
hello 
hello 
hello 
hello 
hello 
hello 
hello 
hello 
hello 
hello 
hello 
hello 
hello 
hello 
hello 
hello 
hello 
hello 
hello 
hello 
hello 
hello 
hello 
hello 
hello 
hello 
hello 
hello 
hello 
hello 
hello 
hello 
hello 
hello 
hello 
hello 
hello 
hello 
hello 
hello 
hello 
hello 
hello 
hello 
hello 
hello 
hello 
hello 
hello 
hello 
hello 
hello 
hello 
hello 
hello 
hello 
hello 
hello 
hello 
hello 
hello 
hello 
hello 
hello 
hello 
hello 
hello 
hello 
hello 
hello 
hello 
hello 
hello 
hello 
hello 
hello 
hello 
hello 
hello 
hello 
hello 
hello 
hello 
hello 
hello 
hello 
hello 
hello 
hello 
hello 
hello 
hello 
hello 
hello 
hello 
hello 
hello 
hello 
hello 
hello 
hello 
hello 
hello 
hello 
hello 
hello 
hello 
hello 
hello 
hello 
hello 
hello 
hello 
hello 
hello 
hello 
hello 
hello 
hello 
hello 
hello 
hello 
hello 
hello 
hello 
hello 
hello 
hello 
hello 
hello 
hello 
hello 
hello 
hello 
hello 
hello 
hello 
hello 
hello 
hello 
hello 
hello 
hello 
hello 
hello 
hello 
hello 
hello 
hello 
hello 
hello 
hello 
hello 
hello 
hello 
hello 
hello 
hello 
hello 
hello 
hello 
hello 
hello 
hello 
hello 
hello 
hello 
hello 
hello 
hello 
hello 
hello 
hello 
hello 
hello 
hello 
hello 
hello 
hello 
hello 
hello 
hello 
hello 
hello 
hello 
hello 
hello 
hello 
hello 
hello 
hello 
hello 
hello 
hello 
hello 
hello 
hello 
hello 
hello 
hello 
hello 
hello 
hello 
hello 
hello 
hello 
hello 
hello 
hello 
hello 
hello 
hello 
hello 
hello 
hello 
hello 
hello 
hello 
hello 
hello 
hello 
hello 
hello 
hello 
hello 
hello 
hello 
hello 
hello 
hello 
hello 
hello 
hello 
hello 
hello 
hello 
hello 
hello 
hello 
hello 
hello 
hello 
hello 
hello 
hello 
hello 
hello 
hello 
hello 
hello 
hello 
hello 
hello 
hello 
hello 
hello 
hello 
hello 
hello 
hello 
hello 
hello 
hello 
hello 
hello 
hello 
hello 
hello 
hello 
hello 
hello 
hello 
hello 
hello 
hello 
hello 
hello 
hello 
hello 
hello 
hello 
hello 
hello 
hello 
hello 
hello 
hello 
hello 
hello 
hello 
hello 
hello 
hello 
hello 
hello 
hello 
hello 
hello 
hello 
hello 
hello 
hello 
hello 
hello 
hello 
hello 
hello 
hello 
hello 
hello 
hello 
hello 
hello 
hello 
hello 
hello 
hello 
hello 
hello 
hello 
hello 
hello 
hello 
hello 
hello 
hello 
hello 
hello 
hello 
hello 
hello 
hello 
hello 
hello 
hello 
hello 
hello 
hello 
hello 
hello 
hello 
hello 
hello 
hello 
hello 
hello 
hello 
hello 
hello 
hello 
hello 
hello 
hello 
hello 
hello 
hello 
hello 
hello 
hello 
hello 
hello 
hello 
hello 
hello 
hello 
hello 
hello 
hello 
hello 
hello 
hello 
hello 
hello 
hello 
hello 
hello 
hello 
hello 
hello 
hello 
hello 
hello 
hello 
hello 
hello 
hello 
hello 
hello 
hello 
hello 
hello 
hello 
hello 
hello 
hello 
hello 
hello 
hello 
hello 
hello 
hello 
hello 
hello 
hello 
hello 
hello 
hello 
hello 
hello 
hello 
hello 
hello 
hello 
hello 
hello 
hello 
hello 
hello 
hello 
hello 
hello 
hello 
hello 
hello 
hello 
hello 
hello 
hello 
hello 
hello 
hello 
hello 
hello 
hello 
hello 
hello 
hello 
hello 
hello 
hello 
hello 
hello 
hello 
hello 
hello 
hello 
hello 
hello 
hello 
hello 
hello 
hello 
hello 
hello 
hello 
hello 
hello 
hello 
hello 
hello 
hello 
hello 
hello 
hello 
hello 
hello 
hello 
hello 
hello 
hello 
hello 
hello 
hello 
hello 
hello 
hello 
hello 
hello 
hello 
hello 
hello 
hello 
hello 
hello 
hello 
hello 
hello 
hello 
hello 
hello 
hello 
hello 
hello 
hello 
hello 
hello 
hello 
hello 
hello 
hello 
hello 
hello 
hello 
hello 
hello 
hello 
hello 
hello 
hello 
hello 
hello 
hello 
hello 
hello 
hello 
hello 
hello 
hello 
hello 
hello 
hello 
hello 
hello 
hello 
hello 
hello 
hello 
hello 
hello 
hello 
hello 
hello 
hello 
hello 
hello 
hello 
hello 
hello 
hello 
hello 
hello 
hello 
hello 
hello 
hello 
hello 
hello 
hello 
hello 
hello 
hello 
hello 
hello 
hello 
hello 
hello 
hello 
hello 
hello 
hello 
hello 
hello 
hello 
hello 
hello 
hello 
hello 
hello 
hello 
hello 
hello 
hello 
hello 
hello 
hello 
hello 
hello 
hello 
hello 
hello 
hello 
hello 
hello 
hello 
hello 
hello 
hello 
hello 
hello 
hello 
hello 
hello 
hello 
hello 
hello 
hello 
hello 
hello 
hello 
hello 
hello 
hello 
hello 
hello 
hello 
hello 
hello 
hello 
hello 
hello 
hello 
hello 
hello 
hello 
hello 
hello 
hello 
hello 
hello 
hello 
hello 
hello 
hello 
hello 
hello 
hello 
hello 
hello 
hello 
hello 
hello 
hello 
hello 
hello 
hello 
hello 
hello 
hello 
hello 
hello 
hello 
hello 
hello 
hello 
hello 
hello 
hello 
hello 
hello 
hello 
hello 
hello 
hello 
hello 
hello 
hello 
hello 
hello 
hello 
hello 
hello 
hello 
hello 
hello 
hello 
hello 
hello 
hello 
hello 
hello 
hello 
hello 
hello 
hello 
hello 
hello 
hello 
hello 
hello 
hello 
hello 
hello 
hello 
hello 
hello 
hello 
hello 
hello 
hello 
hello 
hello 
hello 
hello 
hello 
hello 
hello 
hello 
hello 
hello 
hello 
hello 
hello 
hello 
hello 
hello 
hello 
hello 
hello 
hello 
hello 
hello 
hello 
hello 
hello 
hello 
hello 
hello 
hello 
hello 
hello 
hello 
hello 
hello 
hello 
hello 
hello 
hello 
hello 
hello 
hello 
hello 
hello 
hello 
hello 
hello 
hello 
hello 
hello 
hello 
hello 
hello 
hello 
hello 
hello 
hello 
hello 
hello 
hello 
hello 
hello 
hello 
hello 
hello 
hello 
hello 
hello 
hello 
hello 
hello 
hello 
hello 
hello 
hello 
hello 
hello 
hello 
hello 
hello 
hello 
hello 
hello 
hello 
hello 
hello 
hello 
hello 
hello 
hello 
hello 
hello 
hello 
hello 
hello 
hello 
hello 
hello 
hello 
hello 
hello 
hello 
hello 
hello 
hello 
hello 
hello 
hello 
hello 
hello 
hello 
hello 
hello 
hello 
hello 
hello 
hello 
hello 
hello 
hello 
hello 
hello 
hello 
hello 
hello 
hello 
hello 
hello 
hello 
hello 
hello 
hello 
hello 
hello 
hello 
hello 
hello 
hello 
hello 
hello 
hello 
hello 
hello 
hello 
hello 
hello 
hello 
hello 
hello 
hello 
hello 
hello 
hello 
hello 
hello 
hello 
hello 
hello 
hello 
hello 
hello 
hello 
hello 
hello 
hello 
hello 
hello 
hello 
hello 
hello 
hello 
hello 
hello 
hello 
hello 
hello 
hello 
hello 
hello 
hello 
hello 
hello 
hello 
hello 
hello 
hello 
hello 
hello 
hello 
hello 
hello 
hello 
hello 
hello 
hello 
hello 
hello 
hello 
hello 
hello 
hello 
hello 
hello 
hello 
hello 
hello 
hello 
hello 
hello 
hello 
hello 
hello 
hello 
hello 
hello 
hello 
hello 
hello 
hello 
hello 
hello 
hello 
hello 
hello 
hello 
hello 
hello 
hello 
hello 
hello 
hello 
hello 
hello 
hello 
hello 
hello 
hello 
hello 
hello 
hello 
hello 
hello 
hello 
hello 
hello 
hello 
hello 
hello 
hello 
hello 
hello 
hello 
hello 
hello 
hello 
hello 
hello 
hello 
hello 
hello 
hello 
hello 
hello 
hello 
hello 
hello 
hello 
hello 
hello 
hello 
hello 
hello 
hello 
hello 
hello 
hello 
hello 
hello 
hello 
hello 
hello 
hello 
hello 
hello 
hello 
hello 
hello 
hello 
hello 
hello 
hello 
hello 
hello 
hello 
hello 
hello 
hello 
hello 
hello 
hello 
hello 
hello 
hello 
hello 
hello 
hello 
hello 
hello 
hello 
hello 
hello 
hello 
hello 
hello 
hello 
hello 
hello 
hello 
hello 
hello 
hello 
hello 
hello 
hello 
hello 
hello 
hello 
hello 
hello 
hello 
hello 
hello 
hello 
hello 
hello 
hello 
hello 
hello 
hello 
hello 
hello 
hello 
hello 
hello 
hello 
hello 
hello 
hello 
hello 
hello 
hello 
hello 
hello 
hello 
hello 
hello 
hello 
hello 
hello 
hello 
hello 
hello 
hello 
hello 
hello 
hello 
hello 
hello 
hello 
hello 
hello 
hello 
hello 
hello 
hello 
hello 
hello 
hello 
hello 
hello 
hello 
hello 
hello 
hello 
hello 
hello 
hello 
hello 
hello 
hello 
hello 
hello 
hello 
hello 
hello 
hello 
hello 
hello 
hello 
hello 
hello 
hello 
hello 
hello 
hello 
hello 
hello 
hello 
hello 
hello 
hello 
hello 
hello 
hello 
hello 
hello 
hello 
hello 
hello 
hello 
hello 
hello 
hello 
hello 
hello 
hello 
hello 
hello 
hello 
hello 
hello 
hello 
hello 
hello 
hello 
hello 
hello 
hello 
hello 
hello 
hello 
hello 
hello 
hello 
hello 
hello 
hello 
hello 
hello 
hello 
hello 
hello 
hello 
hello 
hello 
hello 
hello 
hello 
hello 
hello 
hello 
hello 
hello 
hello 
hello 
hello 
hello 
hello 
hello 
hello 
hello 
hello 
hello 
hello 
hello 
hello 
hello 
hello 
hello 
hello 
hello 
hello 
hello 
hello 
hello 
hello 
hello 
hello 
hello 
hello 
hello 
hello 
hello 
hello 
hello 
hello 
hello 
hello 
hello 
hello 
hello 
hello 
hello 
hello 
hello 
hello 
hello 
hello 
hello 
hello 
hello 
hello 
hello 
hello 
hello 
hello 
hello 
hello 
hello 
hello 
hello 
hello 
hello 
hello 
hello 
hello 
hello 
hello 
hello 
hello 
hello 
hello 
hello 
hello 
hello 
hello 
hello 
hello 
hello 
hello 
hello 
hello 
hello 
hello 
hello 
hello 
hello 
hello 
hello 
hello 
hello 
hello 
hello 
hello 
hello 
hello 
hello 
hello 
hello 
hello 
hello 
hello 
hello 
hello 
hello 
hello 
hello 
hello 
hello 
hello 
hello 
hello 
hello 
hello 
hello 
hello 
hello 
hello 
hello 
hello 
hello 
hello 
hello 
hello 
hello 
hello 
hello 
hello 
hello 
hello 
hello 
hello 
hello 
hello 
hello 
hello 
hello 
hello 
hello 
hello 
hello 
hello 
hello 
hello 
hello 
hello 
hello 
hello 
hello 
hello 
hello 
hello 
hello 
hello 
hello 
hello 
hello 
hello 
hello 
hello 
hello 
hello 
hello 
hello 
hello 
hello 
hello 
hello 
hello 
hello 
hello 
hello 
hello 
hello 
hello 
hello 
hello 
hello 
hello 
hello 
hello 
hello 
hello 
hello 
hello 
hello 
hello 
hello 
hello 
hello 
hello 
hello 
hello 
hello 
hello 
hello 
hello 
hello 
hello 
hello 
hello 
hello 
hello 
hello 
hello 
hello 
hello 
hello 
hello 
hello 
hello 
hello 
hello 
hello 
hello 
hello 
hello 
hello 
hello 
hello 
hello 
hello 
hello 
hello 
hello 
hello 
hello 
hello 
hello 
hello 
hello 
hello 
hello 
hello 
hello 
hello 
hello 
hello 
hello 
hello 
hello 
hello 
hello 
hello 
hello 
hello 
hello 
hello 
hello 
hello 
hello 
hello 
hello 
hello 
hello 
hello 
hello 
hello 
hello 
hello 
hello 
hello 
hello 
hello 
hello 
hello 
hello 
hello 
hello 
hello 
hello 
hello 
hello 
hello 
hello 
hello 
hello 
hello 
hello 
hello 
hello 
hello 
hello 
hello 
hello 
hello 
hello 
hello 
hello 
hello 
hello 
hello 
hello 
hello 
hello 
hello 
hello 
hello 
hello 
hello 
hello 
hello 
hello 
hello 
hello 
hello 
hello 
hello 
hello 
hello 
hello 
hello 
hello 
hello 
hello 
hello 
hello 
hello 
hello 
hello 
hello 
hello 
hello 
hello 
hello 
hello 
hello 
hello 
hello 
hello 
hello 
hello 
hello 
hello 
hello 
hello 
hello 
hello 
hello 
hello 
hello 
hello 
hello 
hello 
hello 
hello 
hello 
hello 
hello 
hello 
hello 
hello 
hello 
hello 
hello 
hello 
hello 
hello 
hello 
hello 
hello 
hello 
hello 
hello 
hello 
hello 
hello 
hello 
hello 
hello 
hello 
hello 
hello 
hello 
hello 
hello 
hello 
hello 
hello 
hello 
hello 
hello 
hello 
hello 
hello 
hello 
hello 
hello 
hello 
hello 
hello 
hello 
hello 
hello 
hello 
hello 
hello 
hello 
hello 
hello 
hello 
hello 
hello 
hello 
hello 
hello 
hello 
hello 
hello 
hello 
hello 
hello 
hello 
hello 
hello 
hello 
hello 
hello 
hello 
hello 
hello 
hello 
hello 
hello 
hello 
hello 
hello 
hello 
hello 
hello 
hello 
hello 
hello 
hello 
hello 
hello 
hello 
hello 
hello 
hello 
hello 
hello 
hello 
hello 
hello 
hello 
hello 
hello 
hello 
hello 
hello 
hello 
hello 
hello 
hello 
hello 
hello 
hello 
hello 
hello 
hello 
hello 
hello 
hello 
hello 
hello 
hello 
hello 
hello 
hello 
hello 
hello 
hello 
hello 
hello 
hello 
hello 
hello 
hello 
hello 
hello 
hello 
hello 
hello 
hello 
hello 
hello 
hello 
hello 
hello 
hello 
hello 
hello 
hello 
hello 
hello 
hello 
hello 
hello 
hello 
hello 
hello 
hello 
hello 
hello 
hello 
hello 
hello 
hello 
hello 
hello 
hello 
hello 
hello 
hello 
hello 
hello 
hello 
hello 
hello 
hello 
hello 
hello 
hello 
hello 
hello 
hello 
hello 
hello 
hello 
hello 
hello 
hello 
hello 
hello 
hello 
hello 
hello 
hello 
hello 
hello 
hello 
hello 
hello 
hello 
hello 
hello 
hello 
hello 
hello 
hello 
hello 
hello 
hello 
hello 
hello 
hello 
hello 
hello 
hello 
hello 
hello 
hello 
hello 
hello 
hello 
hello 
hello 
hello 
hello 
hello 
hello 
hello 
hello 
hello 
hello 
hello 
hello 
hello 
hello 
hello 
hello 
hello 
hello 
hello 
hello 
hello 
hello 
hello 
hello 
hello 
hello 
hello 
hello 
hello 
hello 
hello 
hello 
hello 
hello 
hello 
hello 
hello 
hello 
hello 
hello 
hello 
hello 
hello 
hello 
hello 
hello 
hello 
hello 
hello 
hello 
hello 
hello 
hello 
hello 
hello 
hello 
hello 
hello 
hello 
hello 
hello 
hello 
hello 
hello 
hello 
hello 
hello 
hello 
hello 
hello 
hello 
hello 
hello 
hello 
hello 
hello 
hello 
hello 
hello 
hello 
hello 
hello 
hello 
hello 
hello 
hello 
hello 
hello 
hello 
hello 
hello 
hello 
hello 
hello 
hello 
hello 
hello 
hello 
hello 
hello 
hello 
hello 
hello 
hello 
hello 
hello 
hello 
hello 
hello 
hello 
hello 
hello 
hello 
hello 
hello 
hello 
hello 
hello 
hello 
hello 
hello 
hello 
hello 
hello 
hello 
hello 
hello 
hello 
hello 
hello 
hello 
hello 
hello 
hello 
hello 
hello 
hello 
hello 
hello 
hello 
hello 
hello 
hello 
hello 
hello 
hello 
hello 
hello 
hello 
hello 
hello 
hello 
hello 
hello 
hello 
hello 
hello 
hello 
hello 
hello 
hello 
hello 
hello 
hello 
hello 
hello 
hello 
hello 
hello 
hello 
hello 
hello 
hello 
hello 
hello 
hello 
hello 
hello 
hello 
hello 
hello 
hello 
hello 
hello 
hello 
hello 
hello 
hello 
hello 
hello 
hello 
hello 
hello 
hello 
hello 
hello 
hello 
hello 
hello 
hello 
hello 
hello 
hello 
hello 
hello 
hello 
hello 
hello 
hello 
hello 
hello 
hello 
hello 
hello 
hello 
hello 
hello 
hello 
hello 
hello 
hello 
hello 
hello 
hello 
hello 
hello 
hello 
hello 
hello 
hello 
hello 
hello 
hello 
hello 
hello 
hello 
hello 
hello 
hello 
hello 
hello 
hello 
hello 
hello 
hello 
hello 
hello 
hello 
hello 
hello 
hello 
hello 
hello 
hello 
hello 
hello 
hello 
hello 
hello 
hello 
hello 
hello 
hello 
hello 
hello 
hello 
hello 
hello 
hello 
hello 
hello 
hello 
hello 
hello 
hello 
hello 
hello 
hello 
hello 
hello 
hello 
hello 
hello 
hello 
hello 
hello 
hello 
hello 
hello 
hello 
hello 
hello 
hello 
hello 
hello 
hello 
hello 
hello 
hello 
hello 
hello 
hello 
hello 
hello 
hello 
hello 
hello 
hello 
hello 
hello 
hello 
hello 
hello 
hello 
hello 
hello 
hello 
hello 
hello 
hello 
hello 
hello 
hello 
hello 
hello 
hello 
hello 
hello 
hello 
hello 
hello 
hello 
hello 
hello 
hello 
hello 
hello 
hello 
hello 
hello 
hello 
hello 
hello 
hello 
hello 
hello 
hello 
hello 
hello 
hello 
hello 
hello 
hello 
hello 
hello 
hello 
hello 
hello 
hello 
hello 
hello 
hello 
hello 
hello 
hello 
hello 
hello 
hello 
hello 
hello 
hello 
hello 
hello 
hello 
hello 
hello 
hello 
hello 
hello 
hello 
hello 
hello 
hello 
hello 
hello 
hello 
hello 
hello 
hello 
hello 
hello 
hello 
hello 
hello 
hello 
hello 
hello 
hello 
hello 
hello 
hello 
hello 
hello 
hello 
hello 
hello 
hello 
hello 
hello 
hello 
hello 
hello 
hello 
hello 
hello 
hello 
hello 
hello 
hello 
hello 
hello 
hello 
hello 
hello 
hello 
hello 
hello 
hello 
hello 
hello 
hello 
hello 
hello 
hello 
hello 
hello 
hello 
hello 
hello 
hello 
hello 
hello 
hello 
hello 
hello 
hello 
hello 
hello 
hello 
hello 
hello 
hello 
hello 
hello 
hello 
hello 
hello 
hello 
hello 
hello 
hello 
hello 
hello 
hello 
hello 
hello 
hello 
hello 
hello 
hello 
hello 
hello 
hello 
hello 
hello 
hello 
hello 
hello 
hello 
hello 
hello 
hello 
hello 
hello 
hello 
hello 
hello 
hello 
hello 
hello 
hello 
hello 
hello 
hello 
hello 
hello 
hello 
hello 
hello 
hello 
hello 
hello 
hello 
hello 
hello 
hello 
hello 
hello 
hello 
hello 
hello 
hello 
hello 
hello 
hello 
hello 
hello 
hello 
hello 
hello 
hello 
hello 
hello 
hello 
hello 
hello 
hello 
hello 
hello 
hello 
hello 
hello 
hello 
hello 
hello 
hello 
hello 
hello 
hello 
hello 
hello 
hello 
hello 
hello 
hello 
hello 
hello 
hello 
hello 
hello 
hello 
hello 
hello 
hello 
hello 
hello 
hello 
hello 
hello 
hello 
hello 
hello 
hello 
hello 
hello 
hello 
hello 
hello 
hello 
hello 
hello 
hello 
hello 
hello 
hello 
hello 
hello 
hello 
hello 
hello 
hello 
hello 
hello 
hello 
hello 
hello 
hello 
hello 
hello 
hello 
hello 
hello 
hello 
hello 
hello 
hello 
hello 
hello 
hello 
hello 
hello 
hello 
hello 
hello 
hello 
hello 
hello 
hello 
hello 
hello 
hello 
hello 
hello 
hello 
hello 
hello 
hello 
hello 
hello 
hello 
hello 
hello 
hello 
hello 
hello 
hello 
hello 
hello 
hello 
hello 
hello 
hello 
hello 
hello 
hello 
hello 
hello 
hello 
hello 
hello 
hello 
hello 
hello 
hello 
hello 
hello 
hello 
hello 
hello 
hello 
hello 
hello 
hello 
hello 
hello 
hello 
hello 
hello 
hello 
hello 
hello 
hello 
hello 
hello 
hello 
hello 
hello 
hello 
hello 
hello 
hello 
hello 
hello 
hello 
hello 
hello 
hello 
hello 
hello 
hello 
hello 
hello 
hello 
hello 
hello 
hello 
hello 
hello 
hello 
hello 
hello 
hello 
hello 
hello 
hello 
hello 
hello 
hello 
hello 
hello 
hello 
hello 
hello 
hello 
hello 
hello 
hello 
hello 
hello 
hello 
hello 
hello 
hello 
hello 
hello 
hello 
hello 
hello 
hello 
hello 
hello 
hello 
hello 
hello 
hello 
hello 
hello 
hello 
hello 
hello 
hello 
hello 
hello 
hello 
hello 
hello 
hello 
hello 
hello 
hello 
hello 
hello 
hello 
hello 
hello 
hello 
hello 
hello 
hello 
hello 
hello 
hello 
hello 
hello 
hello 
hello 
hello 
hello 
hello 
hello 
hello 
hello 
hello 
hello 
hello 
hello 
hello 
hello 
hello 
hello 
hello 
hello 
hello 
hello 
hello 
hello 
hello 
hello 
hello 
hello 
hello 
hello 
hello 
hello 
hello 
hello 
hello 
hello 
hello 
hello 
hello 
hello 
hello 
hello 
hello 
hello 
hello 
hello 
hello 
hello 
hello 
hello 
hello 
hello 
hello 
hello 
hello 
hello 
hello 
hello 
hello 
hello 
hello 
hello 
hello 
hello 
hello 
hello 
hello 
hello 
hello 
hello 
hello 
hello 
hello 
hello 
hello 
hello 
hello 
hello 
hello 
hello 
hello 
hello 
hello 
hello 
hello 
hello 
hello 
hello 
hello 
hello 
hello 
hello 
hello 
hello 
hello 
hello 
hello 
hello 
hello 
hello 
hello 
hello 
hello 
hello 
hello 
hello 
hello 
hello 
hello 
hello 
hello 
hello 
hello 
hello 
hello 
hello 
hello 
hello 
hello 
hello 
hello 
hello 
hello 
hello 
hello 
hello 
hello 
hello 
hello 
hello 
hello 
hello 
hello 
hello 
hello 
hello 
hello 
hello 
hello 
hello 
hello 
hello 
hello 
hello 
hello 
hello 
hello 
hello 
hello 
hello 
hello 
hello 
hello 
hello 
hello 
hello 
hello 
hello 
hello 
hello 
hello 
hello 
hello 
hello 
hello 
hello 
hello 
hello 
hello 
hello 
hello 
hello 
hello 
hello 
hello 
hello 
hello 
hello 
hello 
hello 
hello 
hello 
hello 
hello 
hello 
hello 
hello 
hello 
hello 
hello 
hello 
hello 
hello 
hello 
hello 
hello 
hello 
hello 
hello 
hello 
hello 
hello 
hello 
hello 
hello 
hello 
hello 
hello 
hello 
hello 
hello 
hello 
hello 
hello 
hello 
hello 
hello 
hello 
hello 
hello 
hello 
hello 
hello 
hello 
hello 
hello 
hello 
hello 
hello 
hello 
hello 
hello 
hello 
hello 
hello 
hello 
hello 
hello 
hello 
hello 
hello 
hello 
hello 
hello 
hello 
hello 
hello 
hello 
hello 
hello 
hello 
hello 
hello 
hello 
hello 
hello 
hello 
hello 
hello 
hello 
hello 
hello 
hello 
hello 
hello 
hello 
hello 
hello 
hello 
hello 
hello 
hello 
hello 
hello 
hello 
hello 
hello 
hello 
hello 
hello 
hello 
hello 
hello 
hello 
hello 
hello 
hello 
hello 
hello 
hello 
hello 
hello 
hello 
hello 
hello 
hello 
hello 
hello 
hello 
hello 
hello 
hello 
hello 
hello 
hello 
hello 
hello 
hello 
hello 
hello 
hello 
hello 
hello 
hello 
hello 
hello 
hello 
hello 
hello 
hello 
hello 
hello 
hello 
hello 
hello 
hello 
hello 
hello 
hello 
hello 
hello 
hello 
hello 
hello 
hello 
hello 
hello 
hello 
hello 
hello 
hello 
hello 
hello 
hello 
hello 
hello 
hello 
hello 
hello 
hello 
hello 
hello 
hello 
hello 
hello 
hello 
hello 
hello 
hello 
hello 
hello 
hello 
hello 
hello 
hello 
hello 
hello 
hello 
hello 
hello 
hello 
hello 
hello 
hello 
hello 
hello 
hello 
hello 
hello 
hello 
hello 
hello 
hello 
hello 
hello 
hello 
hello 
hello 
hello 
hello 
hello 
hello 
hello 
hello 
hello 
hello 
hello 
hello 
hello 
hello 
hello 
hello 
hello 
hello 
hello 
hello 
hello 
hello 
hello 
hello 
hello 
hello 
hello 
hello 
hello 
hello 
hello 
hello 
hello 
hello 
hello 
hello 
hello 
hello 
hello 
hello 
hello 
hello 
hello 
hello 
hello 
hello 
hello 
hello 
hello 
hello 
hello 
hello 
hello 
hello 
hello 
hello 
hello 
hello 
hello 
hello 
hello 
hello 
hello 
hello 
hello 
hello 
hello 
hello 
hello 
hello 
hello 
hello 
hello 
hello 
hello 
hello 
hello 
hello 
hello 
hello 
hello 
hello 
hello 
hello 
hello 
hello 
hello 
hello 
hello 
hello 
hello 
hello 
hello 
hello 
hello 
hello 
hello 
hello 
hello 
hello 
hello 
hello 
hello 
hello 
hello 
hello 
hello 
hello 
hello 
hello 
hello 
hello 
hello 
hello 
hello 
hello 
hello 
hello 
hello 
hello 
hello 
hello 
hello 
hello 
hello 
hello 
hello 
hello 
hello 
hello 
hello 
hello 
hello 
hello 
hello 
hello 
hello 
hello 
hello 
hello 
hello 
hello 
hello 
hello 
hello 
hello 
hello 
hello 
hello 
hello 
hello 
hello 
hello 
hello 
hello 
hello 
hello 
hello 
hello 
hello 
hello 
hello 
hello 
hello 
hello 
hello 
hello 
hello 
hello 
hello 
hello 
hello 
hello 
hello 
hello 
hello 
hello 
hello 
hello 
hello 
hello 
hello 
hello 
hello 
hello 
hello 
hello 
hello 
hello 
hello 
hello 
hello 
hello 
hello 
hello 
hello 
hello 
hello 
hello 
hello 
hello 
hello 
hello 
hello 
hello 
hello 
hello 
hello 
hello 
hello 
hello 
hello 
hello 
hello 
hello 
hello 
hello 
hello 
hello 
hello 
hello 
hello 
hello 
hello 
hello 
hello 
hello 
hello 
hello 
hello 
hello 
hello 
hello 
hello 
hello 
hello 
hello 
hello 
hello 
hello 
hello 
hello 
hello 
hello 
hello 
hello 
hello 
hello 
hello 
hello 
hello 
hello 
hello 
hello 
hello 
hello 
hello 
hello 
hello 
hello 
hello 
hello 
hello 
hello 
hello 
hello 
hello 
hello 
hello 
hello 
hello 
hello 
hello 
hello 
hello 
hello 
hello 
hello 
hello 
hello 
hello 
hello 
hello 
hello 
hello 
hello 
hello 
hello 
hello 
hello 
hello 
hello 
hello 
hello 
hello 
hello 
hello 
hello 
hello 
hello 
hello 
hello 
hello 
hello 
hello 
hello 
hello 
hello 
hello 
hello 
hello 
hello 
hello 
hello 
hello 
hello 
hello 
hello 
hello 
hello 
hello 
hello 
hello 
hello 
hello 
hello 
hello 
hello 
hello 
hello 
hello 
hello 
hello 
hello 
hello 
hello 
hello 
hello 
hello 
hello 
hello 
hello 
hello 
hello 
hello 
hello 
hello 
hello 
hello 
hello 
hello 
hello 
hello 
hello 
hello 
hello 
hello 
hello 
hello 
hello 
hello 
hello 
hello 
hello 
hello 
hello 
hello 
hello 
hello 
hello 
hello 
hello 
hello 
hello 
hello 
hello 
hello 
hello 
hello 
hello 
hello 
hello 
hello 
hello 
hello 
hello 
hello 
hello 
hello 
hello 
hello 
hello 
hello 
hello 
hello 
hello 
hello 
hello 
hello 
hello 
hello 
hello 
hello 
hello 
hello 
hello 
hello 
hello 
hello 
hello 
hello 
hello 
hello 
hello 
hello 
hello 
hello 
hello 
hello 
hello 
hello 
hello 
hello 
hello 
hello 
hello 
hello 
hello 
hello 
hello 
hello 
hello 
hello 
hello 
hello 
hello 
hello 
hello 
hello 
hello 
hello 
hello 
hello 
hello 
hello 
hello 
hello 
hello 
hello 
hello 
hello 
hello 
hello 
hello 
hello 
hello 
hello 
hello 
hello 
hello 
hello 
hello 
hello 
hello 
hello 
hello 
hello 
hello 
hello 
hello 
hello 
hello 
hello 
hello 
hello 
hello 
hello 
hello 
hello 
hello 
hello 
hello 
hello 
hello 
hello 
hello 
hello 
hello 
hello 
hello 
hello 
hello 
hello 
hello 
hello 
hello 
hello 
hello 
hello 
hello 
hello 
hello 
hello 
hello 
hello 
hello 
hello 
hello 
hello 
hello 
hello 
hello 
hello 
hello 
hello 
hello 
hello 
hello 
hello 
hello 
hello 
hello 
hello 
hello 
hello 
hello 
hello 
hello 
hello 
hello 
hello 
hello 
hello 
hello 
hello 
hello 
hello 
hello 
hello 
hello 
hello 
hello 
hello 
hello 
hello 
hello 
hello 
hello 
hello 
hello 
hello 
hello 
hello 
hello 
hello 
hello 
hello 
hello 
hello 
hello 
hello 
hello 
hello 
hello 
hello 
hello 
hello 
hello 
hello 
hello 
hello 
hello 
hello 
hello 
hello 
hello 
hello 
hello 
hello 
hello 
hello 
hello 
hello 
hello 
hello 
hello 
hello 
hello 
hello 
hello 
hello 
hello 
hello 
hello 
hello 
hello 
hello 
hello 
hello 
hello 
hello 
hello 
hello 
hello 
hello 
hello 
hello 
hello 
hello 
hello 
hello 
hello 
hello 
hello 
hello 
hello 
hello 
hello 
hello 
hello 
hello 
hello 
hello 
hello 
hello 
hello 
hello 
hello 
hello 
hello 
hello 
hello 
hello 
hello 
hello 
hello 
hello 
hello 
hello 
hello 
hello 
hello 
hello 
hello 
hello 
hello 
hello 
hello 
hello 
hello 
hello 
hello 
hello 
hello 
hello 
hello 
hello 
hello 
hello 
hello 
hello 
hello 
hello 
hello 
hello 
hello 
hello 
hello 
hello 
hello 
hello 
hello 
hello 
hello 
hello 
hello 
hello 
hello 
hello 
hello 
hello 
hello 
hello 
hello 
hello 
hello 
hello 
hello 
hello 
hello 
hello 
hello 
hello 
hello 
hello 
hello 
hello 
hello 
hello 
hello 
hello 
hello 
hello 
hello 
hello 
hello 
hello 
hello 
hello 
hello 
hello 
hello 
hello 
hello 
hello 
hello 
hello 
hello 
hello 
hello 
hello 
hello 
hello 
hello 
hello 
hello 
hello 
hello 
hello 
hello 
hello 
hello 
hello 
hello 
hello 
hello 
hello 
hello 
hello 
hello 
hello 
hello 
hello 
hello 
hello 
hello 
hello 
hello 
hello 
hello 
hello 
hello 
hello 
hello 
hello 
hello 
hello 
hello 
hello 
hello 
hello 
hello 
hello 
hello 
hello 
hello 
hello 
hello 
hello 
hello 
hello 
hello 
hello 
hello 
hello 
hello 
hello 
hello 
hello 
hello 
hello 
hello 
hello 
hello 
hello 
hello 
hello 
hello 
hello 
hello 
hello 
hello 
hello 
hello 
hello 
hello 
hello 
hello 
hello 
hello 
hello 
hello 
hello 
hello 
hello 
hello 
hello 
hello 
hello 
hello 
hello 
hello 
hello 
hello 
hello 
hello 
hello 
hello 
hello 
hello 
hello 
hello 
hello 
hello 
hello 
hello 
hello 
hello 
hello 
hello 
hello 
hello 
hello 
hello 
hello 
hello 
hello 
hello 
hello 
hello 
hello 
hello 
hello 
hello 
hello 
hello 
hello 
hello 
hello 
hello 
hello 
hello 
hello 
hello 
hello 
hello 
hello 
hello 
hello 
hello 
hello 
hello 
hello 
hello 
hello 
hello 
hello 
hello 
hello 
hello 
hello 
hello 
hello 
hello 
hello 
hello 
hello 
hello 
hello 
hello 
hello 
hello 
hello 
hello 
hello 
hello 
hello 
hello 
hello 
hello 
hello 
hello 
hello 
hello 
hello 
hello 
hello 
hello 
hello 
hello 
hello 
hello 
hello 
hello 
hello 
hello 
hello 
hello 
hello 
hello 
hello 
hello 
hello 
hello 
hello 
hello 
hello 
hello 
hello 
hello 
hello 
hello 
hello 
hello 
hello 
hello 
hello 
hello 
hello 
hello 
hello 
hello 
hello 
hello 
hello 
hello 
hello 
hello 
hello 
hello 
hello 
hello 
hello 
hello 
hello 
hello 
hello 
hello 
hello 
hello 
hello 
hello 
hello 
hello 
hello 
hello 
hello 
hello 
hello 
hello 
hello 
hello 
hello 
hello 
hello 
hello 
hello 
hello 
hello 
hello 
hello 
hello 
hello 
hello 
hello 
hello 
hello 
hello 
hello 
hello 
hello 
hello 
hello 
hello 
hello 
hello 
hello 
hello 
hello 
hello 
hello 
hello 
hello 
hello 
hello 
hello 
hello 
hello 
hello 
hello 
hello 
hello 
hello 
hello 
hello 
hello 
hello 
hello 
hello 
hello 
hello 
hello 
hello 
hello 
hello 
hello 
hello 
hello 
hello 
hello 
hello 
hello 
hello 
hello 
hello 
hello 
hello 
hello 
hello 
hello 
hello 
hello 
hello 
hello 
hello 
hello 
hello 
hello 
hello 
hello 
hello 
hello 
hello 
hello 
hello 
hello 
hello 
hello 
hello 
hello 
hello 
hello 
hello 
hello 
hello 
hello 
hello 
hello 
hello 
hello 
hello 
hello 
hello 
hello 
hello 
hello 
hello 
hello 
hello 
hello 
hello 
hello 
hello 
hello 
hello 
hello 
hello 
hello 
hello 
hello 
hello 
hello 
hello 
hello 
hello 
hello 
hello 
hello 
hello 
hello 
hello 
hello 
hello 
hello 
hello 
hello 
hello 
hello 
hello 
hello 
hello 
hello 
hello 
hello 
hello 
hello 
hello 
hello 
hello 
hello 
hello 
hello 
hello 
hello 
hello 
hello 
hello 
hello 
hello 
hello 
hello 
hello 
hello 
hello 
hello 
hello 
hello 
hello 
hello 
hello 
hello 
hello 
hello 
hello 
hello 
hello 
hello 
hello 
hello 
hello 
hello 
hello 
hello 
hello 
hello 
hello 
hello 
hello 
hello 
hello 
hello 
hello 
hello 
hello 
hello 
hello 
hello 
hello 
hello 
hello 
hello 
hello 
hello 
hello 
hello 
hello 
hello 
hello 
hello 
hello 
hello 
hello 
hello 
hello 
hello 
hello 
hello 
hello 
hello 
hello 
hello 
hello 
hello 
hello 
hello 
hello 
hello 
hello 
hello 
hello 
hello 
hello 
hello 
hello 
hello 
hello 
hello 
hello 
hello 
hello 
hello 
hello 
hello 
hello 
hello 
hello 
hello 
hello 
hello 
hello 
hello 
hello 
hello 
hello 
hello 
hello 
hello 
hello 
hello 
hello 
hello 
hello 
hello 
hello 
hello 
hello 
hello 
hello 
hello 
hello 
hello 
hello 
hello 
hello 
hello 
hello 
hello 
hello 
hello 
hello 
hello 
hello 
hello 
hello 
hello 
hello 
hello 
hello 
hello 
hello 
hello 
hello 
hello 
hello 
hello 
hello 
hello 
hello 
hello 
hello 
hello 
hello 
hello 
hello 
hello 
hello 
hello 
hello 
hello 
hello 
hello 
hello 
hello 
hello 
hello 
hello 
hello 
hello 
hello 
hello 
hello 
hello 
hello 
hello 
hello 
hello 
hello 
hello 
hello 
hello 
hello 
hello 
hello 
hello 
hello 
hello 
hello 
hello 
hello 
hello 
hello 
hello 
hello 
hello 
hello 
hello 
hello 
hello 
hello 
hello 
hello 
hello 
hello 
hello 
hello 
hello 
hello 
hello 
hello 
hello 
hello 
hello 
hello 
hello 
hello 
hello 
hello 
hello 
hello 
hello 
hello 
hello 
hello 
hello 
hello 
hello 
hello 
hello 
hello 
hello 
hello 
hello 
hello 
hello 
hello 
hello 
hello 
hello 
hello 
hello 
hello 
hello 
hello 
hello 
hello 
hello 
hello 
hello 
hello 
hello 
hello 
hello 
hello 
hello 
hello 
hello 
hello 
hello 
hello 
hello 
hello 
hello 
hello 
hello 
hello 
hello 
hello 
hello 
hello 
hello 
hello 
hello 
hello 
hello 
hello 
hello 
hello 
hello 
hello 
hello 
hello 
hello 
hello 
hello 
hello 
hello 
hello 
hello 
hello 
hello 
hello 
hello 
hello 
hello 
hello 
hello 
hello 
hello 
hello 
hello 
hello 
hello 
hello 
hello 
hello 
hello 
hello 
hello 
hello 
hello 
hello 
hello 
hello 
hello 
hello 
hello 
hello 
hello 
hello 
hello 
hello 
hello 
hello 
hello 
hello 
hello 
hello 
hello 
hello 
hello 
hello 
hello 
hello 
hello 
hello 
hello 
hello 
hello 
hello 
hello 
hello 
hello 
hello 
hello 
hello 
hello 
hello 
hello 
hello 
hello 
hello 
hello 
hello 
hello 
hello 
hello 
hello 
hello 
hello 
hello 
hello 
hello 
hello 
hello 
hello 
hello 
hello 
hello 
hello 
hello 
hello 
hello 
hello 
hello 
hello 
hello 
hello 
hello 
hello 
hello 
hello 
hello 
hello 
hello 
hello 
hello 
hello 
hello 
hello 
hello 
hello 
hello 
hello 
hello 
hello 
hello 
hello 
hello 
hello 
hello 
hello 
hello 
hello 
hello 
hello 
hello 
hello 
hello 
hello 
hello 
hello 
hello 
hello 
hello 
hello 
hello 
hello 
hello 
hello 
hello 
hello 
hello 
hello 
hello 
hello 
hello 
hello 
hello 
hello 
hello 
hello 
hello 
hello 
hello 
hello 
hello 
hello 
hello 
hello 
hello 
hello 
hello 
hello 
hello 
hello 
hello 
hello 
hello 
hello 
hello 
hello 
hello 
hello 
hello 
hello 
hello 
hello 
hello 
hello 
hello 
hello 
hello 
hello 
hello 
hello 
hello 
hello 
hello 
hello 
hello 
hello 
hello 
hello 
hello 
hello 
hello 
hello 
hello 
hello 
hello 
hello 
hello 
hello 
hello 
hello 
hello 
hello 
hello 
hello 
hello 
hello 
hello 
hello 
hello 
hello 
hello 
hello 
hello 
hello 
hello 
hello 
hello 
hello 
hello 
hello 
hello 
hello 
hello 
hello 
hello 
hello 
hello 
hello 
hello 
hello 
hello 
hello 
hello 
hello 
hello 
hello 
hello 
hello 
hello 
hello 
hello 
hello 
hello 
hello 
hello 
hello 
hello 
hello 
hello 
hello 
hello 
hello 
hello 
hello 
hello 
hello 
hello 
hello 
hello 
hello 
hello 
hello 
hello 
hello 
hello 
hello 
hello 
hello 
hello 
hello 
hello 
hello 
hello 
hello 
hello 
hello 
hello 
hello 
hello 
hello 
hello 
hello 
hello 
hello 
hello 
hello 
hello 
hello 
hello 
hello 
hello 
hello 
hello 
hello 
hello 
hello 
hello 
hello 
hello 
hello 
hello 
hello 
hello 
hello 
hello 
hello 
hello 
hello 
hello 
hello 
hello 
hello 
hello 
hello 
hello 
hello 
hello 
hello 
hello 
hello 
hello 
hello 
hello 
hello 
hello 
hello 
hello 
hello 
hello 
hello 
hello 
hello 
hello 
hello 
hello 
hello 
hello 
hello 
hello 
hello 
hello 
hello 
hello 
hello 
hello 
hello 
hello 
hello 
hello 
hello 
hello 
hello 
hello 
hello 
hello 
hello 
hello 
hello 
hello 
hello 
hello 
hello 
hello 
hello 
hello 
hello 
hello 
hello 
hello 
hello 
hello 
hello 
hello 
hello 
hello 
hello 
hello 
hello 
hello 
hello 
hello 
hello 
hello 
hello 
hello 
hello 
hello 
hello 
hello 
hello 
hello 
hello 
hello 
hello 
hello 
hello 
hello 
hello 
hello 
hello 
hello 
hello 
hello 
hello 
hello 
hello 
hello 
hello 
hello 
hello 
hello 
hello 
hello 
hello 
hello 
hello 
hello 
hello 
hello 
hello 
hello 
hello 
hello 
hello 
hello 
hello 
hello 
hello 
hello 
hello 
hello 
hello 
hello 
hello 
hello 
hello 
hello 
hello 
hello 
hello 
hello 
hello 
hello 
hello 
hello 
hello 
hello 
hello 
hello 
hello 
hello 
hello 
hello 
hello 
hello 
hello 
hello 
hello 
hello 
hello 
hello 
hello 
hello 
hello 
hello 
hello 
hello 
hello 
hello 
hello 
hello 
hello 
hello 
hello 
hello 
hello 
hello 
hello 
hello 
hello 
hello 
hello 
hello 
hello 
hello 
hello 
hello 
hello 
hello 
hello 
hello 
hello 
hello 
hello 
hello 
hello 
hello 
hello 
hello 
hello 
hello 
hello 
hello 
hello 
hello 
hello 
hello 
hello 
hello 
hello 
hello 
hello 
hello 
hello 
hello 
hello 
hello 
hello 
hello 
hello 
hello 
hello 
hello 
hello 
hello 
hello 
hello 
hello 
hello 
hello 
hello 
hello 
hello 
hello 
hello 
hello 
hello 
hello 
hello 
hello 
hello 
hello 
hello 
hello 
hello 
hello 
hello 
hello 
hello 
hello 
hello 
hello 
hello 
hello 
hello 
hello 
hello 
hello 
hello 
hello 
hello 
hello 
hello 
hello 
hello 
hello 
hello 
hello 
hello 
hello 
hello 
hello 
hello 
hello 
hello 
hello 
hello 
hello 
hello 
hello 
hello 
hello 
hello 
hello 
hello 
hello 
hello 
hello 
hello 
hello 
hello 
hello 
hello 
hello 
hello 
hello 
hello 
hello 
hello 
hello 
hello 
hello 
hello 
hello 
hello 
hello 
hello 
hello 
hello 
hello 
hello 
hello 
hello 
hello 
hello 
hello 
hello 
hello 
hello 
hello 
hello 
hello 
hello 
hello 
hello 
hello 
hello 
hello 
hello 
hello 
hello 
hello 
hello 
hello 
hello 
hello 
hello 
hello 
hello 
hello 
hello 
hello 
hello 
hello 
hello 
hello 
hello 
hello 
hello 
hello 
hello 
hello 
hello 
hello 
hello 
hello 
hello 
hello 
hello 
hello 
hello 
hello 
hello 
hello 
hello 
hello 
hello 
hello 
hello 
hello 
hello 
hello 
hello 
hello 
hello 
hello 
hello 
hello 
hello 
hello 
hello 
hello 
hello 
hello 
hello 
hello 
hello 
hello 
hello 
hello 
hello 
hello 
hello 
hello 
hello 
hello 
hello 
hello 
hello 
hello 
hello 
hello 
hello 
hello 
hello 
hello 
hello 
hello 
hello 
hello 
hello 
hello 
hello 
hello 
hello 
hello 
hello 
hello 
hello 
hello 
hello 
hello 
hello 
hello 
hello 
hello 
hello 
hello 
hello 
hello 
hello 
hello 
hello 
hello 
hello 
hello 
hello 
hello 
hello 
hello 
hello 
hello 
hello 
hello 
hello 
hello 
hello 
hello 
hello 
hello 
hello 
hello 
hello 
hello 
hello 
hello 
hello 
hello 
hello 
hello 
hello 
hello 
hello 
hello 
hello 
hello 
hello 
hello 
hello 
hello 
hello 
hello 
hello 
hello 
hello 
hello 
hello 
hello 
hello 
hello 
hello 
hello 
hello 
hello 
hello 
hello 
hello 
hello 
hello 
hello 
hello 
hello 
hello 
hello 
hello 
hello 
hello 
hello 
hello 
hello 
hello 
hello 
hello 
hello 
hello 
hello 
hello 
hello 
hello 
hello 
hello 
hello 
hello 
hello 
hello 
hello 
hello 
hello 
hello 
hello 
hello 
hello 
hello 
hello 
hello 
hello 
hello 
hello 
hello 
hello 
hello 
hello 
hello 
hello 
hello 
hello 
hello 
hello 
hello 
hello 
hello 
hello 
hello 
hello 
hello 
hello 
hello 
hello 
hello 
hello 
hello 
hello 
hello 
hello 
hello 
hello 
hello 
hello 
hello 
hello 
hello 
hello 
hello 
hello 
hello 
hello 
hello 
hello 
hello 
hello 
hello 
hello 
hello 
hello 
hello 
hello 
hello 
hello 
hello 
hello 
hello 
hello 
hello 
hello 
hello 
hello 
hello 
hello 
hello 
hello 
hello 
hello 
hello 
hello 
hello 
hello 
hello 
hello 
hello 
hello 
hello 
hello 
hello 
hello 
hello 
hello 
hello 
hello 
hello 
hello 
hello 
hello 
hello 
hello 
hello 
hello 
hello 
hello 
hello 
hello 
hello 
hello 
hello 
hello 
hello 
hello 
hello 
hello 
hello 
hello 
hello 
hello 
hello 
hello 
hello 
hello 
hello 
hello 
hello 
hello 
hello 
hello 
hello 
hello 
hello 
hello 
hello 
hello 
hello 
hello 
hello 
hello 
hello 
hello 
hello 
hello 
hello 
hello 
hello 
hello 
hello 
hello 
hello 
hello 
hello 
hello 
hello 
hello 
hello 
hello 
hello 
hello 
hello 
hello 
hello 
hello 
hello 
hello 
hello 
hello 
hello 
hello 
hello 
hello 
hello 
hello 
hello 
hello 
hello 
hello 
hello 
hello 
hello 
hello 
hello 
hello 
hello 
hello 
hello 
hello 
hello 
hello 
hello 
hello 
hello 
hello 
hello 
hello 
hello 
hello 
hello 
hello 
hello 
hello 
hello 
hello 
hello 
hello 
hello 
hello 
hello 
hello 
hello 
hello 
hello 
hello 
hello 
hello 
hello 
hello 
hello 
hello 
hello 
hello 
hello 
hello 
hello 
hello 
hello 
hello 
hello 
hello 
hello 
hello 
hello 
hello 
hello 
hello 
hello 
hello 
hello 
hello 
hello 
hello 
hello 
hello 
hello 
hello 
hello 
hello 
hello 
hello 
hello 
hello 
hello 
hello 
hello 
hello 
hello 
hello 
hello 
hello 
hello 
hello 
hello 
hello 
hello 
hello 
hello 
hello 
hello 
hello 
hello 
hello 
hello 
hello 
hello 
hello 
hello 
hello 
hello 
hello 
hello 
hello 
hello 
hello 
hello 
hello 
hello 
hello 
hello 
hello 
hello 
hello 
hello 
hello 
hello 
hello 
hello 
hello 
hello 
hello 
hello 
hello 
hello 
hello 
hello 
hello 
hello 
hello 
hello 
hello 
hello 
hello 
hello 
hello 
hello 
hello 
hello 
hello 
hello 
hello 
hello 
hello 
hello 
hello 
hello 
hello 
hello 
hello 
hello 
hello 
hello 
hello 
hello 
hello 
hello 
hello 
hello 
hello 
hello 
hello 
hello 
hello 
hello 
hello 
hello 
hello 
hello 
hello 
hello 
hello 
hello 
hello 
hello 
hello 
hello 
hello 
hello 
hello 
hello 
hello 
hello 
hello 
hello 
hello 
hello 
hello 
hello 
hello 
hello 
hello 
hello 
hello 
hello 
hello 
hello 
hello 
hello 
hello 
hello 
hello 
hello 
hello 
hello 
hello 
hello 
hello 
hello 
hello 
hello 
hello 
hello 
hello 
hello 
hello 
hello 
hello 
hello 
hello 
hello 
hello 
hello 
hello 
hello 
hello 
hello 
hello 
hello 
hello 
hello 
hello 
hello 
hello 
hello 
hello 
hello 
hello 
hello 
hello 
hello 
hello 
hello 
hello 
hello 
hello 
hello 
hello 
hello 
hello 
hello 
hello 
hello 
hello 
hello 
hello 
hello 
hello 
hello 
hello 
hello 
hello 
hello 
hello 
hello 
hello 
hello 
hello 
hello 
hello 
hello 
hello 
hello 
hello 
hello 
hello 
hello 
hello 
hello 
hello 
hello 
hello 
hello 
hello 
hello 
hello 
hello 
hello 
hello 
hello 
hello 
hello 
hello 
hello 
hello 
hello 
hello 
hello 
hello 
hello 
hello 
hello 
hello 
hello 
hello 
hello 
hello 
hello 
hello 
hello 
hello 
hello 
hello 
hello 
hello 
hello 
hello 
hello 
hello 
hello 
hello 
hello 
hello 
hello 
hello 
hello 
hello 
hello 
hello 
hello 
hello 
hello 
hello 
hello 
hello 
hello 
hello 
hello 
hello 
hello 
hello 
hello 
hello 
hello 
hello 
hello 
hello 
hello 
hello 
hello 
hello 
hello 
hello 
hello 
hello 
hello 
hello 
hello 
hello 
hello 
hello 
hello 
hello 
hello 
hello 
hello 
hello 
hello 
hello 
hello 
hello 
hello 
hello 
hello 
hello 
hello 
hello 
hello 
hello 
hello 
hello 
hello 
hello 
hello 
hello 
hello 
hello 
hello 
hello 
hello 
hello 
hello 
hello 
hello 
hello 
hello 
hello 
hello 
hello 
hello 
hello 
hello 
hello 
hello 
hello 
hello 
hello 
hello 
hello 
hello 
hello 
hello 
hello 
hello 
hello 
hello 
hello 
hello 
hello 
hello 
hello 
hello 
hello 
hello 
hello 
hello 
hello 
hello 
hello 
hello 
hello 
hello 
hello 
hello 
hello 
hello 
hello 
hello 
hello 
hello 
hello 
hello 
hello 
hello 
hello 
hello 
hello 
hello 
hello 
hello 
hello 
hello 
hello 
hello 
hello 
hello 
hello 
hello 
hello 
hello 
hello 
hello 
hello 
hello 
hello 
hello 
hello 
hello 
hello 
hello 
hello 
hello 
hello 
hello 
hello 
hello 
hello 
hello 
hello 
hello 
hello 
hello 
hello 
hello 
hello 
hello 
hello 
hello 
hello 
hello 
hello 
hello 
hello 
hello 
hello 
hello 
hello 
hello 
hello 
hello 
hello 
hello 
hello 
hello 
hello 
hello 
hello 
hello 
hello 
hello 
hello 
hello 
hello 
hello 
hello 
hello 
hello 
hello 
hello 
hello 
hello 
hello 
hello 
hello 
hello 
hello 
hello 
hello 
hello 
hello 
hello 
hello 
hello 
hello 
hello 
hello 
hello 
hello 
hello 
hello 
hello 
hello 
hello 
hello 
hello 
hello 
hello 
hello 
hello 
hello 
hello 
hello 
hello 
hello 
hello 
hello 
hello 
hello 
hello 
hello 
hello 
hello 
hello 
hello 
hello 
hello 
hello 
hello 
hello 
hello 
hello 
hello 
hello 
hello 
hello 
hello 
hello 
hello 
hello 
hello 
hello 
hello 
hello 
hello 
hello 
hello 
hello 
hello 
hello 
hello 
hello 
hello 
hello 
hello 
hello 
hello 
hello 
hello 
hello 
hello 
hello 
hello 
hello 
hello 
hello 
hello 
hello 
hello 
hello 
hello 
hello 
hello 
hello 
hello 
hello 
hello 
hello 
hello 
hello 
hello 
hello 
hello 
hello 
hello 
hello 
hello 
hello 
hello 
hello 
hello 
hello 
hello 
hello 
hello 
hello 
hello 
hello 
hello 
hello 
hello 
hello 
hello 
hello 
hello 
hello 
hello 
hello 
hello 
hello 
hello 
hello 
hello 
hello 
hello 
hello 
hello 
hello 
hello 
hello 
hello 
hello 
hello 
hello 
hello 
hello 
hello 
hello 
hello 
hello 
hello 
hello 
hello 
hello 
hello 
hello 
hello 
hello 
hello 
hello 
hello 
hello 
hello 
hello 
hello 
hello 
hello 
hello 
hello 
hello 
hello 
hello 
hello 
hello 
hello 
hello 
hello 
hello 
hello 
hello 
hello 
hello 
hello 
hello 
hello 
hello 
hello 
hello 
hello 
hello 
hello 
hello 
hello 
hello 
hello 
hello 
hello 
hello 
hello 
hello 
hello 
hello 
hello 
hello 
hello 
hello 
hello 
hello 
hello 
hello 
hello 
hello 
hello 
hello 
hello 
hello 
hello 
hello 
hello 
hello 
hello 
hello 
hello 
hello 
hello 
hello 
hello 
hello 
hello 
hello 
hello 
hello 
hello 
hello 
hello 
hello 
hello 
hello 
hello 
hello 
hello 
hello 
hello 
hello 
hello 
hello 
hello 
hello 
hello 
hello 
hello 
hello 
hello 
hello 
hello 
hello 
hello 
hello 
hello 
hello 
hello 
hello 
hello 
hello 
hello 
hello 
hello 
hello 
hello 
hello 
hello 
hello 
hello 
hello 
hello 
hello 
hello 
hello 
hello 
hello 
hello 
hello 
hello 
hello 
hello 
hello 
hello 
hello 
hello 
hello 
hello 
hello 
hello 
hello 
hello 
hello 
hello 
hello 
hello 
hello 
hello 
hello 
hello 
hello 
hello 
hello 
hello 
hello 
hello 
hello 
hello 
hello 
hello 
hello 
hello 
hello 
hello 
hello 
hello 
hello 
hello 
hello 
hello 
hello 
hello 
hello 
hello 
hello 
hello 
hello 
hello 
hello 
hello 
hello 
hello 
hello 
hello 
hello 
hello 
hello 
hello 
hello 
hello 
hello 
hello 
hello 
hello 
hello 
hello 
hello 
hello 
hello 
hello 
hello 
hello 
hello 
hello 
hello 
hello 
hello 
hello 
hello 
hello 
hello 
hello 
hello 
hello 
hello 
hello 
hello 
hello 
hello 
hello 
hello 
hello 
hello 
hello 
hello 
hello 
hello 
hello 
hello 
hello 
hello 
hello 
hello 
hello 
hello 
hello 
hello 
hello 
hello 
hello 
hello 
hello 
hello 
hello 
hello 
hello 
hello 
hello 
hello 
hello 
hello 
hello 
hello 
hello 
hello 
hello 
hello 
hello 
hello 
hello 
hello 
hello 
hello 
hello 
hello 
hello 
hello 
hello 
hello 
hello 
hello 
hello 
hello 
hello 
hello 
hello 
hello 
hello 
hello 
hello 
hello 
hello 
hello 
hello 
hello 
hello 
hello 
hello 
hello 
hello 
hello 
hello 
hello 
hello 
hello 
hello 
hello 
hello 
hello 
hello 
hello 
hello 
hello 
hello 
hello 
hello 
hello 
hello 
hello 
hello 
hello 
hello 
hello 
hello 
hello 
hello 
hello 
hello 
hello 
hello 
hello 
hello 
hello 
hello 
hello 
hello 
hello 
hello 
hello 
hello 
hello 
hello 
hello 
hello 
hello 
hello 
hello 
hello 
hello 
hello 
hello 
hello 
hello 
hello 
hello 
hello 
hello 
hello 
hello 
hello 
hello 
hello 
hello 
hello 
hello 
hello 
hello 
hello 
hello 
hello 
hello 
hello 
hello 
hello 
hello 
hello 
hello 
hello 
hello 
hello 
hello 
hello 
hello 
hello 
hello 
hello 
hello 
hello 
hello 
hello 
hello 
hello 
hello 
hello 
hello 
hello 
hello 
hello 
hello 
hello 
hello 
hello 
hello 
hello 
hello 
hello 
hello 
hello 
hello 
hello 
hello 
hello 
hello 
hello 
hello 
hello 
hello 
hello 
hello 
hello 
hello 
hello 
hello 
hello 
hello 
hello 
hello 
hello 
hello 
hello 
hello 
hello 
hello 
hello 
hello 
hello 
hello 
hello 
hello 
hello 
hello 
hello 
hello 
hello 
hello 
hello 
hello 
hello 
hello 
hello 
hello 
hello 
hello 
hello 
hello 
hello 
hello 
hello 
hello 
hello 
hello 
hello 
hello 
hello 
hello 
hello 
hello 
hello 
hello 
hello 
hello 
hello 
hello 
hello 
hello 
hello 
hello 
hello 
hello 
hello 
hello 
hello 
hello 
hello 
hello 
hello 
hello 
hello 
hello 
hello 
hello 
hello 
hello 
hello 
hello 
hello 
hello 
hello 
hello 
hello 
hello 
hello 
hello 
hello 
hello 
hello 
hello 
hello 
hello 
hello 
hello 
hello 
hello 
hello 
hello 
hello 
hello 
hello 
hello 
hello 
hello 
hello 
hello 
hello 
hello 
hello 
hello 
hello 
hello 
hello 
hello 
hello 
hello 
hello 
hello 
hello 
hello 
hello 
hello 
hello 
hello 
hello 
hello 
hello 
hello 
hello 
hello 
hello 
hello 
hello 
hello 
hello 
hello 
hello 
hello 
hello 
hello 
hello 
hello 
hello 
hello 
hello 
hello 
hello 
hello 
hello 
hello 
hello 
hello 
hello 
hello 
hello 
hello 
hello 
hello 
hello 
hello 
hello 
hello 
hello 
hello 
hello 
hello 
hello 
hello 
hello 
hello 
hello 
hello 
hello 
hello 
hello 
hello 
hello 
hello 
hello 
hello 
hello 
hello 
hello 
hello 
hello 
hello 
hello 
hello 
hello 
hello 
hello 
hello 
hello 
hello 
hello 
hello 
hello 
hello 
hello 
hello 
hello 
hello 
hello 
hello 
hello 
hello 
hello 
hello 
hello 
hello 
hello 
hello 
hello 
hello 
hello 
hello 
hello 
hello 
hello 
hello 
hello 
hello 
hello 
hello 
hello 
hello 
hello 
hello 
hello 
hello 
hello 
hello 
hello 
hello 
hello 
hello 
hello 
hello 
hello 
hello 
hello 
hello 
hello 
hello 
hello 
hello 
hello 
hello 
hello 
hello 
hello 
hello 
hello 
hello 
hello 
hello 
hello 
hello 
hello 
hello 
hello 
hello 
hello 
hello 
hello 
hello 
hello 
hello 
hello 
hello 
hello 
hello 
hello 
hello 
hello 
hello 
hello 
hello 
hello 
hello 
hello 
hello 
hello 
hello 
hello 
hello 
hello 
hello 
hello 
hello 
hello 
hello 
hello 
hello 
hello 
hello 
hello 
hello 
hello 
hello 
hello 
hello 
hello 
hello 
hello 
hello 
hello 
hello 
hello 
hello 
hello 
hello 
hello 
hello 
hello 
hello 
hello 
hello 
hello 
hello 
hello 
hello 
hello 
hello 
hello 
hello 
hello 
hello 
hello 
hello 
hello 
hello 
hello 
hello 
hello 
hello 
hello 
hello 
hello 
hello 
hello 
hello 
hello 
hello 
hello 
hello 
hello 
hello 
hello 
hello 
hello 
hello 
hello 
hello 
hello 
hello 
hello 
hello 
hello 
hello 
hello 
hello 
hello 
hello 
hello 
hello 
hello 
hello 
hello 
hello 
hello 
hello 
hello 
hello 
hello 
hello 
hello 
hello 
hello 
hello 
hello 
hello 
hello 
hello 
hello 
hello 
hello 
hello 
hello 
hello 
hello 
hello 
hello 
hello 
hello 
hello 
hello 
hello 
hello 
hello 
hello 
hello 
hello 
hello 
hello 
hello 
hello 
hello 
hello 
hello 
hello 
hello 
hello 
hello 
hello 
hello 
hello 
hello 
hello 
hello 
hello 
hello 
hello 
hello 
hello 
hello 
hello 
hello 
hello 
hello 
hello 
hello 
hello 
hello 
hello 
hello 
hello 
hello 
hello 
hello 
hello 
hello 
hello 
hello 
hello 
hello 
hello 
hello 
hello 
hello 
hello 
hello 
hello 
hello 
hello 
hello 
hello 
hello 
hello 
hello 
hello 
hello 
hello 
hello 
hello 
hello 
hello 
hello 
hello 
hello 
hello 
hello 
hello 
hello 
hello 
hello 
hello 
hello 
hello 
hello 
hello 
hello 
hello 
hello 
hello 
hello 
hello 
hello 
hello 
hello 
hello 
hello 
hello 
hello 
hello 
hello 
hello 
hello 
hello 
hello 
hello 
hello 
hello 
hello 
hello 
hello 
hello 
hello 
hello 
hello 
hello 
hello 
hello 
hello 
hello 
hello 
hello 
hello 
hello 
hello 
hello 
hello 
hello 
hello 
hello 
hello 
hello 
hello 
hello 
hello 
hello 
hello 
hello 
hello 
hello 
hello 
hello 
hello 
hello 
hello 
hello 
hello 
hello 
hello 
hello 
hello 
hello 
hello 
hello 
hello 
hello 
hello 
hello 
hello 
hello 
hello 
hello 
hello 
hello 
hello 
hello 
hello 
hello 
hello 
hello 
hello 
hello 
hello 
hello 
hello 
hello 
hello 
hello 
hello 
hello 
hello 
hello 
hello 
hello 
hello 
hello 
hello 
hello 
hello 
hello 
hello 
hello 
hello 
hello 
hello 
hello 
hello 
hello 
hello 
hello 
hello 
hello 
hello 
hello 
hello 
hello 
hello 
hello 
hello 
hello 
hello 
hello 
hello 
hello 
hello 
hello 
hello 
hello 
hello 
hello 
hello 
hello 
hello 
hello 
hello 
hello 
hello 
hello 
hello 
hello 
hello 
hello 
hello 
hello 
hello 
hello 
hello 
hello 
hello 
hello 
hello 
hello 
hello 
hello 
hello 
hello 
hello 
hello 
hello 
hello 
hello 
hello 
hello 
hello 
hello 
hello 
hello 
hello 
hello 
hello 
hello 
hello 
hello 
hello 
hello 
hello 
hello 
hello 
hello 
hello 
hello 
hello 
hello 
hello 
hello 
hello 
hello 
hello 
hello 
hello 
hello 
hello 
hello 
hello 
hello 
hello 
hello 
hello 
hello 
hello 
hello 
hello 
hello 
hello 
hello 
hello 
hello 
hello 
hello 
hello 
hello 
hello 
hello 
hello 
hello 
hello 
hello 
hello 
hello 
hello 
hello 
hello 
hello 
hello 
hello 
hello 
hello 
hello 
hello 
hello 
hello 
hello 
hello 
hello 
hello 
hello 
hello 
hello 
hello 
hello 
hello 
hello 
hello 
hello 
hello 
hello 
hello 
hello 
hello 
hello 
hello 
hello 
hello 
hello 
hello 
hello 
hello 
hello 
hello 
hello 
hello 
hello 
hello 
hello 
hello 
hello 
hello 
hello 
hello 
hello 
hello 
hello 
hello 
hello 
hello 
hello 
hello 
hello 
hello 
hello 
hello 
hello 
hello 
hello 
hello 
hello 
hello 
hello 
hello 
hello 
hello 
hello 
hello 
hello 
hello 
hello 
hello 
hello 
hello 
hello 
hello 
hello 
hello 
hello 
hello 
hello 
hello 
hello 
hello 
hello 
hello 
hello 
hello 
hello 
hello 
hello 
hello 
hello 
hello 
hello 
hello 
hello 
hello 
hello 
hello 
hello 
hello 
hello 
hello 
hello 
hello 
hello 
hello 
hello 
hello 
hello 
hello 
hello 
hello 
hello 
hello 
hello 
hello 
hello 
hello 
hello 
hello 
hello 
hello 
hello 
hello 
hello 
hello 
hello 
hello 
hello 
hello 
hello 
hello 
hello 
hello 
hello 
hello 
hello 
hello 
hello 
hello 
hello 
hello 
hello 
hello 
hello 
hello 
hello 
hello 
hello 
hello 
hello 
hello 
hello 
hello 
hello 
hello 
hello 
hello 
hello 
hello 
hello 
hello 
hello 
hello 
hello 
hello 
hello 
hello 
hello 
hello 
hello 
hello 
hello 
hello 
hello 
hello 
hello 
hello 
hello 
hello 
hello 
hello 
hello 
hello 
hello 
hello 
hello 
hello 
hello 
hello 
hello 
hello 
hello 
hello 
hello 
hello 
hello 
hello 
hello 
hello 
hello 
hello 
hello 
hello 
hello 
hello 
hello 
hello 
hello 
hello 
hello 
hello 
hello 
hello 
hello 
hello 
hello 
hello 
hello 
hello 
hello 
hello 
hello 
hello 
hello 
hello 
hello 
hello 
hello 
hello 
hello 
hello 
hello 
hello 
hello 
hello 
hello 
hello 
hello 
hello 
hello 
hello 
hello 
hello 
hello 
hello 
hello 
hello 
hello 
hello 
hello 
hello 
hello 
hello 
hello 
hello 
hello 
hello 
hello 
hello 
hello 
hello 
hello 
hello 
hello 
hello 
hello 
hello 
hello 
hello 
hello 
hello 
hello 
hello 
hello 
hello 
hello 
hello 
hello 
hello 
hello 
hello 
hello 
hello 
hello 
hello 
hello 
hello 
hello 
hello 
hello 
hello 
hello 
hello 
hello 
hello 
hello 
hello 
hello 
hello 
hello 
hello 
hello 
hello 
hello 
hello 
hello 
hello 
hello 
hello 
hello 
hello 
hello 
hello 
hello 
hello 
hello 
hello 
hello 
hello 
hello 
hello 
hello 
hello 
hello 
hello 
hello 
hello 
hello 
hello 
hello 
hello 
hello 
hello 
hello 
hello 
hello 
hello 
hello 
hello 
hello 
hello 
hello 
hello 
hello 
hello 
hello 
hello 
hello 
hello 
hello 
hello 
hello 
hello 
hello 
hello 
hello 
hello 
hello 
hello 
hello 
hello 
hello 
hello 
hello 
hello 
hello 
hello 
hello 
hello 
hello 
hello 
hello 
hello 
hello 
hello 
hello 
hello 
hello 
hello 
hello 
hello 
hello 
hello 
hello 
hello 
hello 
hello 
hello 
hello 
hello 
hello 
hello 
hello 
hello 
hello 
hello 
hello 
hello 
hello 
hello 
hello 
hello 
hello 
hello 
hello 
hello 
hello 
hello 
hello 
hello 
hello 
hello 
hello 
hello 
hello 
hello 
hello 
hello 
hello 
hello 
hello 
hello 
hello 
hello 
hello 
hello 
hello 
hello 
hello 
hello 
hello 
hello 
hello 
hello 
hello 
hello 
hello 
hello 
hello 
hello 
hello 
hello 
hello 
hello 
hello 
hello 
hello 
hello 
hello 
hello 
hello 
hello 
hello 
hello 
hello 
hello 
hello 
hello 
hello 
hello 
hello 
hello 
hello 
hello 
hello 
hello 
hello 
hello 
hello 
hello 
hello 
hello 
hello 
hello 
hello 
hello 
hello 
hello 
hello 
hello 
hello 
hello 
hello 
hello 
hello 
hello 
hello 
hello 
hello 
hello 
hello 
hello 
hello 
hello 
hello 
hello 
hello 
hello 
hello 
hello 
hello 
hello 
hello 
hello 
hello 
hello 
hello 
hello 
hello 
hello 
hello 
hello 
hello 
hello 
hello 
hello 
hello 
hello 
hello 
hello 
hello 
hello 
hello 
hello 
hello 
hello 
hello 
hello 
hello 
hello 
hello 
hello 
hello 
hello 
hello 
hello 
hello 
hello 
hello 
hello 
hello 
hello 
hello 
hello 
hello 
hello 
hello 
hello 
hello 
hello 
hello 
hello 
hello 
hello 
hello 
hello 
hello 
hello 
hello 
hello 
hello 
hello 
hello 
hello 
hello 
hello 
hello 
hello 
hello 
hello 
hello 
hello 
hello 
hello 
hello 
hello 
hello 
hello 
hello 
hello 
hello 
hello 
hello 
hello 
hello 
hello 
hello 
hello 
hello 
hello 
hello 
hello 
hello 
hello 
hello 
hello 
hello 
hello 
hello 
hello 
hello 
hello 
hello 
hello 
hello 
hello 
hello 
hello 
hello 
hello 
hello 
hello 
hello 
hello 
hello 
hello 
hello 
hello 
hello 
hello 
hello 
hello 
hello 
hello 
hello 
hello 
hello 
hello 
hello 
hello 
hello 
hello 
hello 
hello 
hello 
hello 
hello 
hello 
hello 
hello 
hello 
hello 
hello 
hello 
hello 
hello 
hello 
hello 
hello 
hello 
hello 
hello 
hello 
hello 
hello 
hello 
hello 
hello 
hello 
hello 
hello 
hello 
hello 
hello 
hello 
hello 
hello 
hello 
hello 
hello 
hello 
hello 
hello 
hello 
hello 
hello 
hello 
hello 
hello 
hello 
hello 
hello 
hello 
hello 
hello 
hello 
hello 
hello 
hello 
hello 
hello 
hello 
hello 
hello 
hello 
hello 
hello 
hello 
hello 
hello 
hello 
hello 
hello 
hello 
hello 
hello 
hello 
hello 
hello 
hello 
hello 
hello 
hello 
hello 
hello 
hello 
hello 
hello 
hello 
hello 
hello 
hello 
hello 
hello 
hello 
hello 
hello 
hello 
hello 
hello 
hello 
hello 
hello 
hello 
hello 
hello 
hello 
hello 
hello 
hello 
hello 
hello 
hello 
hello 
hello 
hello 
hello 
hello 
hello 
hello 
hello 
hello 
hello 
hello 
hello 
hello 
hello 
hello 
hello 
hello 
hello 
hello 
hello 
hello 
hello 
hello 
hello 
hello 
hello 
hello 
hello 
hello 
hello 
hello 
hello 
hello 
hello 
hello 
hello 
hello 
hello 
hello 
hello 
hello 
hello 
hello 
hello 
hello 
hello 
hello 
hello 
hello 
hello 
hello 
hello 
hello 
hello 
hello 
hello 
hello 
hello 
hello 
hello 
hello 
hello 
hello 
hello 
hello 
hello 
hello 
hello 
hello 
hello 
hello 
hello 
hello 
hello 
hello 
hello 
hello 
hello 
hello 
hello 
hello 
hello 
hello 
hello 
hello 
hello 
hello 
hello 
hello 
hello 
hello 
hello 
hello 
hello 
hello 
hello 
hello 
hello 
hello 
hello 
hello 
hello 
hello 
hello 
hello 
hello 
hello 
hello 
hello 
hello 
hello 
hello 
hello 
hello 
hello 
hello 
hello 
hello 
hello 
hello 
hello 
hello 
hello 
hello 
hello 
hello 
hello 
hello 
hello 
hello 
hello 
hello 
hello 
hello 
hello 
hello 
hello 
hello 
hello 
hello 
hello 
hello 
hello 
hello 
hello 
hello 
hello 
hello 
hello 
hello 
hello 
hello 
hello 
hello 
hello 
hello 
hello 
hello 
hello 
hello 
hello 
hello 
hello 
hello 
hello 
hello 
hello 
hello 
hello 
hello 
hello 
hello 
hello 
hello 
hello 
hello 
hello 
hello 
hello 
hello 
hello 
hello 
hello 
hello 
hello 
hello 
hello 
hello 
hello 
hello 
hello 
hello 
hello 
hello 
hello 
hello 
hello 
hello 
hello 
hello 
hello 
hello 
hello 
hello 
hello 
hello 
hello 
hello 
hello 
hello 
hello 
hello 
hello 
hello 
hello 
hello 
hello 
hello 
hello 
hello 
hello 
hello 
hello 
hello 
hello 
hello 
hello 
hello 
hello 
hello 
hello 
hello 
hello 
hello 
hello 
hello 
hello 
hello 
hello 
hello 
hello 
hello 
hello 
hello 
hello 
hello 
hello 
hello 
hello 
hello 
hello 
hello 
hello 
hello 
hello 
hello 
hello 
hello 
hello 
hello 
hello 
hello 
hello 
hello 
hello 
hello 
hello 
hello 
hello 
hello 
hello 
hello 
hello 
hello 
hello 
hello 
hello 
hello 
hello 
hello 
hello 
hello 
hello 
hello 
hello 
hello 
hello 
hello 
hello 
hello 
hello 
hello 
hello 
hello 
hello 
hello 
hello 
hello 
hello 
hello 
hello 
hello 
hello 
hello 
hello 
hello 
hello 
hello 
hello 
hello 
hello 
hello 
hello 
hello 
hello 
hello 
hello 
hello 
hello 
hello 
hello 
hello 
hello 
hello 
hello 
hello 
hello 
hello 
hello 
hello 
hello 
hello 
hello 
hello 
hello 
hello 
hello 
hello 
hello 
hello 
hello 
hello 
hello 
hello 
hello 
hello 
hello 
hello 
hello 
hello 
hello 
hello 
hello 
hello 
hello 
hello 
hello 
hello 
hello 
hello 
hello 
hello 
hello 
hello 
hello 
hello 
hello 
hello 
hello 
hello 
hello 
hello 
hello 
hello 
hello 
hello 
hello 
hello 
hello 
hello 
hello 
hello 
hello 
hello 
hello 
hello 
hello 
hello 
hello 
hello 
hello 
hello 
hello 
hello 
hello 
hello 
hello 
hello 
hello 
hello 
hello 
hello 
hello 
hello 
hello 
hello 
hello 
hello 
hello 
hello 
hello 
hello 
hello 
hello 
hello 
hello 
hello 
hello 
hello 
hello 
hello 
hello 
hello 
hello 
hello 
hello 
hello 
hello 
hello 
hello 
hello 
hello 
hello 
hello 
hello 
hello 
hello 
hello 
hello 
hello 
hello 
hello 
hello 
hello 
hello 
hello 
hello 
hello 
hello 
hello 
hello 
hello 
hello 
hello 
hello 
hello 
hello 
hello 
hello 
hello 
hello 
hello 
hello 
hello 
hello 
hello 
hello 
hello 
hello 
hello 
hello 
hello 
hello 
hello 
hello 
hello 
hello 
hello 
hello 
hello 
hello 
hello 
hello 
hello 
hello 
hello 
hello 
hello 
hello 
hello 
hello 
hello 
hello 
hello 
hello 
hello 
hello 
hello 
hello 
hello 
hello 
hello 
hello 
hello 
hello 
hello 
hello 
hello 
hello 
hello 
hello 
hello 
hello 
hello 
hello 
hello 
hello 
hello 
hello 
hello 
hello 
hello 
hello 
hello 
hello 
hello 
hello 
hello 
hello 
hello 
hello 
hello 
hello 
hello 
hello 
hello 
hello 
hello 
hello 
hello 
hello 
hello 
hello 
hello 
hello 
hello 
hello 
hello 
hello 
hello 
hello 
hello 
hello 
hello 
hello 
hello 
hello 
hello 
hello 
hello 
hello 
hello 
hello 
hello 
hello 
hello 
hello 
hello 
hello 
hello 
hello 
hello 
hello 
hello 
hello 
hello 
hello 
hello 
hello 
hello 
hello 
hello 
hello 
hello 
hello 
hello 
hello 
hello 
hello 
hello 
hello 
hello 
hello 
hello 
hello 
hello 
hello 
hello 
hello 
hello 
hello 
hello 
hello 
hello 
hello 
hello 
hello 
hello 
hello 
hello 
hello 
hello 
hello 
hello 
hello 
hello 
hello 
hello 
hello 
hello 
hello 
hello 
hello 
hello 
hello 
hello 
hello 
hello 
hello 
hello 
hello 
hello 
hello 
hello 
hello 
hello 
hello 
hello 
hello 
hello 
hello 
hello 
hello 
hello 
hello 
hello 
hello 
hello 
hello 
hello 
hello 
hello 
hello 
hello 
hello 
hello 
hello 
hello 
hello 
hello 
hello 
hello 
hello 
hello 
hello 
hello 
hello 
hello 
hello 
hello 
hello 
hello 
hello 
hello 
hello 
hello 
hello 
hello 
hello 
hello 
hello 
hello 
hello 
hello 
hello 
hello 
hello 
hello 
hello 
hello 
hello 
hello 
hello 
hello 
hello 
hello 
hello 
hello 
hello 
hello 
hello 
hello 
hello 
hello 
hello 
hello 
hello 
hello 
hello 
hello 
hello 
hello 
hello 
hello 
hello 
hello 
hello 
hello 
hello 
hello 
hello 
hello 
hello 
hello 
hello 
hello 
hello 
hello 
hello 
hello 
hello 
hello 
hello 
hello 
hello 
hello 
hello 
hello 
hello 
hello 
hello 
hello 
hello 
hello 
hello 
hello 
hello 
hello 
hello 
hello 
hello 
hello 
hello 
hello 
hello 
hello 
hello 
hello 
hello 
hello 
hello 
hello 
hello 
hello 
hello 
hello 
hello 
hello 
hello 
hello 
hello 
hello 
hello 
hello 
hello 
hello 
hello 
hello 
hello 
hello 
hello 
hello 
hello 
hello 
hello 
hello 
hello 
hello 
hello 
hello 
hello 
hello 
hello 
hello 
hello 
hello 
hello 
hello 
hello 
hello 
hello 
hello 
hello 
hello 
hello 
hello 
hello 
hello 
hello 
hello 
hello 
hello 
hello 
hello 
hello 
hello 
hello 
hello 
hello 
hello 
hello 
hello 
hello 
hello 
hello 
hello 
hello 
hello 
hello 
hello 
hello 
hello 
hello 
hello 
hello 
hello 
hello 
hello 
hello 
hello 
hello 
hello 
hello 
hello 
hello 
hello 
hello 
hello 
hello 
hello 
hello 
hello 
hello 
hello 
hello 
hello 
hello 
hello 
hello 
hello 
hello 
hello 
hello 
hello 
hello 
hello 
hello 
hello 
hello 
hello 
hello 
hello 
hello 
hello 
hello 
hello 
hello 
hello 
hello 
hello 
hello 
hello 
hello 
hello 
hello 
hello 
hello 
hello 
hello 
hello 
hello 
hello 
hello 
hello 
hello 
hello 
hello 
hello 
hello 
hello 
hello 
hello 
hello 
hello 
hello 
hello 
hello 
hello 
hello 
hello 
hello 
hello 
hello 
hello 
hello 
hello 
hello 
hello 
hello 
hello 
hello 
hello 
hello 
hello 
hello 
hello 
hello 
hello 
hello 
hello 
hello 
hello 
hello 
hello 
hello 
hello 
hello 
hello 
hello 
hello 
hello 
hello 
hello 
hello 
hello 
hello 
hello 
hello 
hello 
hello 
hello 
hello 
hello 
hello 
hello 
hello 
hello 
hello 
hello 
hello 
hello 
hello 
hello 
hello 
hello 
hello 
hello 
hello 
hello 
hello 
hello 
hello 
hello 
hello 
hello 
hello 
hello 
hello 
hello 
hello 
hello 
hello 
hello 
hello 
hello 
hello 
hello 
hello 
hello 
hello 
hello 
hello 
hello 
hello 
hello 
hello 
hello 
hello 
hello 
hello 
hello 
hello 
hello 
hello 
hello 
hello 
hello 
hello 
hello 
hello 
hello 
hello 
hello 
hello 
hello 
hello 
hello 
hello 
hello 
hello 
hello 
hello 
hello 
hello 
hello 
hello 
hello 
hello 
hello 
hello 
hello 
hello 
hello 
hello 
hello 
hello 
hello 
hello 
hello 
hello 
hello 
hello 
hello 
hello 
hello 
hello 
hello 
hello 
hello 
hello 
hello 
hello 
hello 
hello 
hello 
hello 
hello 
hello 
hello 
hello 
hello 
hello 
hello 
hello 
hello 
hello 
hello 
hello 
hello 
hello 
hello 
hello 
hello 
hello 
hello 
hello 
hello 
hello 
hello 
hello 
hello 
hello 
hello 
hello 
hello 
hello 
hello 
hello 
hello 
hello 
hello 
hello 
hello 
hello 
hello 
hello 
hello 
hello 
hello 
hello 
hello 
hello 
hello 
hello 
hello 
hello 
hello 
hello 
hello 
hello 
hello 
hello 
hello 
hello 
hello 
hello 
hello 
hello 
hello 
hello 
hello 
hello 
hello 
hello 
hello 
hello 
hello 
hello 
hello 
hello 
hello 
hello 
hello 
hello 
hello 
hello 
hello 
hello 
hello 
hello 
hello 
hello 
hello 
hello 
hello 
hello 
hello 
hello 
hello 
hello 
hello 
hello 
hello 
hello 
hello 
hello 
hello 
hello 
hello 
hello 
hello 
hello 
hello 
hello 
hello 
hello 
hello 
hello 
hello 
hello 
hello 
hello 
hello 
hello 
hello 
hello 
hello 
hello 
hello 
hello 
hello 
hello 
hello 
hello 
hello 
hello 
hello 
hello 
hello 
hello 
hello 
hello 
hello 
hello 
hello 
hello 
hello 
hello 
hello 
hello 
hello 
hello 
hello 
hello 
hello 
hello 
hello 
hello 
hello 
hello 
hello 
hello 
hello 
hello 
hello 
hello 
hello 
hello 
hello 
hello 
hello 
hello 
hello 
hello 
hello 
hello 
hello 
hello 
hello 
hello 
hello 
hello 
hello 
hello 
hello 
hello 
hello 
hello 
hello 
hello 
hello 
hello 
hello 
hello 
hello 
hello 
hello 
hello 
hello 
hello 
hello 
hello 
hello 
hello 
hello 
hello 
hello 
hello 
hello 
hello 
hello 
hello 
hello 
hello 
hello 
hello 
hello 
hello 
hello 
hello 
hello 
hello 
hello 
hello 
hello 
hello 
hello 
hello 
hello 
hello 
hello 
hello 
hello 
hello 
hello 
hello 
hello 
hello 
hello 
hello 
hello 
hello 
hello 
hello 
hello 
hello 
hello 
hello 
hello 
hello 
hello 
hello 
hello 
hello 
hello 
hello 
hello 
hello 
hello 
hello 
hello 
hello 
hello 
hello 
hello 
hello 
hello 
hello 
hello 
hello 
hello 
hello 
hello 
hello 
hello 
hello 
hello 
hello 
hello 
hello 
hello 
hello 
hello 
hello 
hello 
hello 
hello 
hello 
hello 
hello 
hello 
hello 
hello 
hello 
hello 
hello 
hello 
hello 
hello 
hello 
hello 
hello 
hello 
hello 
hello 
hello 
hello 
hello 
hello 
hello 
hello 
hello 
hello 
hello 
hello 
hello 
hello 
hello 
hello 
hello 
hello 
hello 
hello 
hello 
hello 
hello 
hello 
hello 
hello 
hello 
hello 
hello 
hello 
hello 
hello 
hello 
hello 
hello 
hello 
hello 
hello 
hello 
hello 
hello 
hello 
hello 
hello 
hello 
hello 
hello 
hello 
hello 
hello 
hello 
hello 
hello 
hello 
hello 
hello 
hello 
hello 
hello 
hello 
hello 
hello 
hello 
hello 
hello 
hello 
hello 
hello 
hello 
hello 
hello 
hello 
hello 
hello 
hello 
hello 
hello 
hello 
hello 
hello 
hello 
hello 
hello 
hello 
hello 
hello 
hello 
hello 
hello 
hello 
hello 
hello 
hello 
hello 
hello 
hello 
hello 
hello 
hello 
hello 
hello 
hello 
hello 
hello 
hello 
hello 
hello 
hello 
hello 
hello 
hello 
hello 
hello 
hello 
hello 
hello 
hello 
hello 
hello 
hello 
hello 
hello 
hello 
hello 
hello 
hello 
hello 
hello 
hello 
hello 
hello 
hello 
hello 
hello 
hello 
hello 
hello 
hello 
hello 
hello 
hello 
hello 
hello 
hello 
hello 
hello 
hello 
hello 
hello 
hello 
hello 
hello 
hello 
hello 
hello 
hello 
hello 
hello 
hello 
hello 
hello 
hello 
hello 
hello 
hello 
hello 
hello 
hello 
hello 
hello 
hello 
hello 
hello 
hello 
hello 
hello 
hello 
hello 
hello 
hello 
hello 
hello 
hello 
hello 
hello 
hello 
hello 
hello 
hello 
hello 
hello 
hello 
hello 
hello 
hello 
hello 
hello 
hello 
hello 
hello 
hello 
hello 
hello 
hello 
hello 
hello 
hello 
hello 
hello 
hello 
hello 
hello 
hello 
hello 
hello 
hello 
hello 
hello 
hello 
hello 
hello 
hello 
hello 
hello 
hello 
hello 
hello 
hello 
hello 
hello 
hello 
hello 
hello 
hello 
hello 
hello 
hello 
hello 
hello 
hello 
hello 
hello 
hello 
hello 
hello 
hello 
hello 
hello 
hello 
hello 
hello 
hello 
hello 
hello 
hello 
hello 
hello 
hello 
hello 
hello 
hello 
hello 
hello 
hello 
hello 
hello 
hello 
hello 
hello 
hello 
hello 
hello 
hello 
hello 
hello 
hello 
hello 
hello 
hello 
hello 
hello 
hello 
hello 
hello 
hello 
hello 
hello 
hello 
hello 
hello 
hello 
hello 
hello 
hello 
hello 
hello 
hello 
hello 
hello 
hello 
hello 
hello 
hello 
hello 
hello 
hello 
hello 
hello 
hello 
hello 
hello 
hello 
hello 
hello 
hello 
hello 
hello 
hello 
hello 
hello 
hello 
hello 
hello 
hello 
hello 
hello 
hello 
hello 
hello 
hello 
hello 
hello 
hello 
hello 
hello 
hello 
hello 
hello 
hello 
hello 
hello 
hello 
hello 
hello 
hello 
hello 
hello 
hello 
hello 
hello 
hello 
hello 
hello 
hello 
hello 
hello 
hello 
hello 
hello 
hello 
hello 
hello 
hello 
hello 
hello 
hello 
hello 
hello 
hello 
hello 
hello 
hello 
hello 
hello 
hello 
hello 
hello 
hello 
hello 
hello 
hello 
hello 
hello 
hello 
hello 
hello 
hello 
hello 
hello 
hello 
hello 
hello 
hello 
hello 
hello 
hello 
hello 
hello 
hello 
hello 
hello 
hello 
hello 
hello 
hello 
hello 
hello 
hello 
hello 
hello 
hello 
hello 
hello 
hello 
hello 
hello 
hello 
hello 
hello 
hello 
hello 
hello 
hello 
hello 
hello 
hello 
hello 
hello 
hello 
hello 
hello 
hello 
hello 
hello 
hello 
hello 
hello 
hello 
hello 
hello 
hello 
hello 
hello 
hello 
hello 
hello 
hello 
hello 
hello 
hello 
hello 
hello 
hello 
hello 
hello 
hello 
hello 
hello 
hello 
hello 
hello 
hello 
hello 
hello 
hello 
hello 
hello 
hello 
hello 
hello 
hello 
hello 
hello 
hello 
hello 
hello 
hello 
hello 
hello 
hello 
hello 
hello 
hello 
hello 
hello 
hello 
hello 
hello 
hello 
hello 
hello 
hello 
hello 
hello 
hello 
hello 
hello 
hello 
hello 
hello 
hello 
hello 
hello 
hello 
hello 
hello 
hello 
hello 
hello 
hello 
hello 
hello 
hello 
hello 
hello 
hello 
hello 
hello 
hello 
hello 
hello 
hello 
hello 
hello 
hello 
hello 
hello 
hello 
hello 
hello 
hello 
hello 
hello 
hello 
hello 
hello 
hello 
hello 
hello 
hello 
hello 
hello 
hello 
hello 
hello 
hello 
hello 
hello 
hello 
hello 
hello 
hello 
hello 
hello 
hello 
hello 
hello 
hello 
hello 
hello 
hello 
hello 
hello 
hello 
hello 
hello 
hello 
hello 
hello 
hello 
hello 
hello 
hello 
hello 
hello 
hello 
hello 
hello 
hello 
hello 
hello 
hello 
hello 
hello 
hello 
hello 
hello 
hello 
hello 
hello 
hello 
hello 
hello 
hello 
hello 
hello 
hello 
hello 
hello 
hello 
hello 
hello 
hello 
hello 
hello 
hello 
hello 
hello 
hello 
hello 
hello 
hello 
hello 
hello 
hello 
hello 
hello 
hello 
hello 
hello 
hello 
hello 
hello 
hello 
hello 
hello 
hello 
hello 
hello 
hello 
hello 
hello 
hello 
hello 
hello 
hello 
hello 
hello 
hello 
hello 
hello 
hello 
hello 
hello 
hello 
hello 
hello 
hello 
hello 
hello 
hello 
hello 
hello 
hello 
hello 
hello 
hello 
hello 
hello 
hello 
hello 
hello 
hello 
hello 
hello 
hello 
hello 
hello 
hello 
hello 
hello 
hello 
hello 
hello 
hello 
hello 
hello 
hello 
hello 
hello 
hello 
hello 
hello 
hello 
hello 
hello 
hello 
hello 
hello 
hello 
hello 
hello 
hello 
hello 
hello 
hello 
hello 
hello 
hello 
hello 
hello 
hello 
hello 
hello 
hello 
hello 
hello 
hello 
hello 
hello 
hello 
hello 
hello 
hello 
hello 
hello 
hello 
hello 
hello 
hello 
hello 
hello 
hello 
hello 
hello 
hello 
hello 
hello 
hello 
hello 
hello 
hello 
hello 
hello 
hello 
hello 
hello 
hello 
hello 
hello 
hello 
hello 
hello 
hello 
hello 
hello 
hello 
hello 
hello 
hello 
hello 
hello 
hello 
hello 
hello 
hello 
hello 
hello 
hello 
hello 
hello 
hello 
hello 
hello 
hello 
hello 
hello 
hello 
hello 
hello 
hello 
hello 
hello 
hello 
hello 
hello 
hello 
hello 
hello 
hello 
hello 
hello 
hello 
hello 
hello 
hello 
hello 
hello 
hello 
hello 
hello 
hello 
hello 
hello 
hello 
hello 
hello 
hello 
hello 
hello 
hello 
hello 
hello 
hello 
hello 
hello 
hello 
hello 
hello 
hello 
hello 
hello 
hello 
hello 
hello 
hello 
hello 
hello 
hello 
hello 
hello 
hello 
hello 
hello 
hello 
hello 
hello 
hello 
hello 
hello 
hello 
hello 
hello 
hello 
hello 
hello 
hello 
hello 
hello 
hello 
hello 
hello 
hello 
hello 
hello 
hello 
hello 
hello 
hello 
hello 
hello 
hello 
hello 
hello 
hello 
hello 
hello 
hello 
hello 
hello 
hello 
hello 
hello 
hello 
hello 
hello 
hello 
hello 
hello 
hello 
hello 
hello 
hello 
hello 
hello 
hello 
hello 
hello 
hello 
hello 
hello 
hello 
hello 
hello 
hello 
hello 
hello 
hello 
hello 
hello 
hello 
hello 
hello 
hello 
hello 
hello 
hello 
hello 
hello 
hello 
hello 
hello 
hello 
hello 
hello 
hello 
hello 
hello 
hello 
hello 
hello 
hello 
hello 
hello 
hello 
hello 
hello 
hello 
hello 
hello 
hello 
hello 
hello 
hello 
hello 
hello 
hello 
hello 
hello 
hello 
hello 
hello 
hello 
hello 
hello 
hello 
hello 
hello 
hello 
hello 
hello 
hello 
hello 
hello 
hello 
hello 
hello 
hello 
hello 
hello 
hello 
hello 
hello 
hello 
hello 
hello 
hello 
hello 
hello 
hello 
hello 
hello 
hello 
hello 
hello 
hello 
hello 
hello 
hello 
hello 
hello 
hello 
hello 
hello 
hello 
hello 
hello 
hello 
hello 
hello 
hello 
hello 
hello 
hello 
hello 
hello 
hello 
hello 
hello 
hello 
hello 
hello 
hello 
hello 
hello 
hello 
hello 
hello 
hello 
hello 
hello 
hello 
hello 
hello 
hello 
hello 
hello 
hello 
hello 
hello 
hello 
hello 
hello 
hello 
hello 
hello 
hello 
hello 
hello 
hello 
hello 
hello 
hello 
hello 
hello 
hello 
hello 
hello 
hello 
hello 
hello 
hello 
hello 
hello 
hello 
hello 
hello 
hello 
hello 
hello 
hello 
hello 
hello 
hello 
hello 
hello 
hello 
hello 
hello 
hello 
hello 
hello 
hello 
hello 
hello 
hello 
hello 
hello 
hello 
hello 
hello 
hello 
hello 
hello 
hello 
hello 
hello 
hello 
hello 
hello 
hello 
hello 
hello 
hello 
hello 
hello 
hello 
hello 
hello 
hello 
hello 
hello 
hello 
hello 
hello 
hello 
hello 
hello 
hello 
hello 
hello 
hello 
hello 
hello 
hello 
hello 
hello 
hello 
hello 
hello 
hello 
hello 
hello 
hello 
hello 
hello 
hello 
hello 
hello 
hello 
hello 
hello 
hello 
hello 
hello 
hello 
hello 
hello 
hello 
hello 
hello 
hello 
hello 
hello 
hello 
hello 
hello 
hello 
hello 
hello 
hello 
hello 
hello 
hello 
hello 
hello 
hello 
hello 
hello 
hello 
hello 
hello 
hello 
hello 
hello 
hello 
hello 
hello 
hello 
hello 
hello 
hello 
hello 
hello 
hello 
hello 
hello 
hello 
hello 
hello 
hello 
hello 
hello 
hello 
hello 
hello 
hello 
hello 
hello 
hello 
hello 
hello 
hello 
hello 
hello 
hello 
hello 
hello 
hello 
hello 
hello 
hello 
hello 
hello 
hello 
hello 
hello 
hello 
hello 
hello 
hello 
hello 
hello 
hello 
hello 
hello 
hello 
hello 
hello 
hello 
hello 
hello 
hello 
hello 
hello 
hello 
hello 
hello 
hello 
hello 
hello 
hello 
hello 
hello 
hello 
hello 
hello 
hello 
hello 
hello 
hello 
hello 
hello 
hello 
hello 
hello 
hello 
hello 
hello 
hello 
hello 
hello 
hello 
hello 
hello 
hello 
hello 
hello 
hello 
hello 
hello 
hello 
hello 
hello 
hello 
hello 
hello 
hello 
hello 
hello 
hello 
hello 
hello 
hello 
hello 
hello 
hello 
hello 
hello 
hello 
hello 
hello 
hello 
hello 
hello 
hello 
hello 
hello 
hello 
hello 
hello 
hello 
hello 
hello 
hello 
hello 
hello 
hello 
hello 
hello 
hello 
hello 
hello 
hello 
hello 
hello 
hello 
hello 
hello 
hello 
hello 
hello 
hello 
hello 
hello 
hello 
hello 
hello 
hello 
hello 
hello 
hello 
hello 
hello 
hello 
hello 
hello 
hello 
hello 
hello 
hello 
hello 
hello 
hello 
hello 
hello 
hello 
hello 
hello 
hello 
hello 
hello 
hello 
hello 
hello 
hello 
hello 
hello 
hello 
hello 
hello 
hello 
hello 
hello 
hello 
hello 
hello 
hello 
hello 
hello 
hello 
hello 
hello 
hello 
hello 
hello 
hello 
hello 
hello 
hello 
hello 
hello 
hello 
hello 
hello 
hello 
hello 
hello 
hello 
hello 
hello 
hello 
hello 
hello 
hello 
hello 
hello 
hello 
hello 
hello 
hello 
hello 
hello 
hello 
hello 
hello 
hello 
hello 
hello 
hello 
hello 
hello 
hello 
hello 
hello 
hello 
hello 
hello 
hello 
hello 
hello 
hello 
hello 
hello 
hello 
hello 
hello 
hello 
hello 
hello 
hello 
hello 
hello 
hello 
hello 
hello 
hello 
hello 
hello 
hello 
hello 
hello 
hello 
hello 
hello 
hello 
hello 
hello 
hello 
hello 
hello 
hello 
hello 
hello 
hello 
hello 
hello 
hello 
hello 
hello 
hello 
hello 
hello 
hello 
hello 
hello 
hello 
hello 
hello 
hello 
hello 
hello 
hello 
hello 
hello 
hello 
hello 
hello 
hello 
hello 
hello 
hello 
hello 
hello 
hello 
hello 
hello 
hello 
hello 
hello 
hello 
hello 
hello 
hello 
hello 
hello 
hello 
hello 
hello 
hello 
hello 
hello 
hello 
hello 
hello 
hello 
hello 
hello 
hello 
hello 
hello 
hello 
hello 
hello 
hello 
hello 
hello 
hello 
hello 
hello 
hello 
hello 
hello 
hello 
hello 
hello 
hello 
hello 
hello 
hello 
hello 
hello 
hello 
hello 
hello 
hello 
hello 
hello 
hello 
hello 
hello 
hello 
hello 
hello 
hello 
hello 
hello 
hello 
hello 
hello 
hello 
hello 
hello 
hello 
hello 
hello 
hello 
hello 
hello 
hello 
hello 
hello 
hello 
hello 
hello 
hello 
hello 
hello 
hello 
hello 
hello 
hello 
hello 
hello 
hello 
hello 
hello 
hello 
hello 
hello 
hello 
hello 
hello 
hello 
hello 
hello 
hello 
hello 
hello 
hello 
hello 
hello 
hello 
hello 
hello 
hello 
hello 
hello 
hello 
hello 
hello 
hello 
hello 
hello 
hello 
hello 
hello 
hello 
hello 
hello 
hello 
hello 
hello 
hello 
hello 
hello 
hello 
hello 
hello 
hello 
hello 
hello 
hello 
hello 
hello 
hello 
hello 
hello 
hello 
hello 
hello 
hello 
hello 
hello 
hello 
hello 
hello 
hello 
hello 
hello 
hello 
hello 
hello 
hello 
hello 
hello 
hello 
hello 
hello 
hello 
hello 
hello 
hello 
hello 
hello 
hello 
hello 
hello 
hello 
hello 
hello 
hello 
hello 
hello 
hello 
hello 
hello 
hello 
hello 
hello 
hello 
hello 
hello 
hello 
hello 
hello 
hello 
hello 
hello 
hello 
hello 
hello 
hello 
hello 
hello 
hello 
hello 
hello 
hello 
hello 
hello 
hello 
hello 
hello 
hello 
hello 
hello 
hello 
hello 
hello 
hello 
hello 
hello 
hello 
hello 
hello 
hello 
hello 
hello 
hello 
hello 
hello 
hello 
hello 
hello 
hello 
hello 
hello 
hello 
hello 
hello 
hello 
hello 
hello 
hello 
hello 
hello 
hello 
hello 
hello 
hello 
hello 
hello 
hello 
hello 
hello 
hello 
hello 
hello 
hello 
hello 
hello 
hello 
hello 
hello 
hello 
hello 
hello 
hello 
hello 
hello 
hello 
hello 
hello 
hello 
hello 
hello 
hello 
hello 
hello 
hello 
hello 
hello 
hello 
hello 
hello 
hello 
hello 
hello 
hello 
hello 
hello 
hello 
hello 
hello 
hello 
hello 
hello 
hello 
hello 
hello 
hello 
hello 
hello 
hello 
hello 
hello 
hello 
hello 
hello 
hello 
hello 
hello 
hello 
hello 
hello 
hello 
hello 
hello 
hello 
hello 
hello 
hello 
hello 
hello 
hello 
hello 
hello 
hello 
hello 
hello 
hello 
hello 
hello 
hello 
hello 
hello 
hello 
hello 
hello 
hello 
hello 
hello 
hello 
hello 
hello 
hello 
hello 
hello 
hello 
hello 
hello 
hello 
hello 
hello 
hello 
hello 
hello 
hello 
hello 
hello 
hello 
hello 
hello 
hello 
hello 
hello 
hello 
hello 
hello 
hello 
hello 
hello 
hello 
hello 
hello 
hello 
hello 
hello 
hello 
hello 
hello 
hello 
hello 
hello 
hello 
hello 
hello 
hello 
hello 
hello 
hello 
hello 
hello 
hello 
hello 
hello 
hello 
hello 
hello 
hello 
hello 
hello 
hello 
hello 
hello 
hello 
hello 
hello 
hello 
hello 
hello 
hello 
hello 
hello 
hello 
hello 
hello 
hello 
hello 
hello 
hello 
hello 
hello 
hello 
hello 
hello 
hello 
hello 
hello 
hello 
hello 
hello 
hello 
hello 
hello 
hello 
hello 
hello 
hello 
hello 
hello 
hello 
hello 
hello 
hello 
hello 
hello 
hello 
hello 
hello 
hello 
hello 
hello 
hello 
hello 
hello 
hello 
hello 
hello 
hello 
hello 
hello 
hello 
hello 
hello 
hello 
hello 
hello 
hello 
hello 
hello 
hello 
hello 
hello 
hello 
hello 
hello 
hello 
hello 
hello 
hello 
hello 
hello 
hello 
hello 
hello 
hello 
hello 
hello 
hello 
hello 
hello 
hello 
hello 
hello 
hello 
hello 
hello 
hello 
hello 
hello 
hello 
hello 
hello 
hello 
hello 
hello 
hello 
hello 
hello 
hello 
hello 
hello 
hello 
hello 
hello 
hello 
hello 
hello 
hello 
hello 
hello 
hello 
hello 
hello 
hello 
hello 
hello 
hello 
hello 
hello 
hello 
hello 
hello 
hello 
hello 
hello 
hello 
hello 
hello 
hello 
hello 
hello 
hello 
hello 
hello 
hello 
hello 
hello 
hello 
hello 
hello 
hello 
hello 
hello 
hello 
hello 
hello 
hello 
hello 
hello 
hello 
hello 
hello 
hello 
hello 
hello 
hello 
hello 
hello 
hello 
hello 
hello 
hello 
hello 
hello 
hello 
hello 
hello 
hello 
hello 
hello 
hello 
hello 
hello 
hello 
hello 
hello 
hello 
hello 
hello 
hello 
hello 
hello 
hello 
hello 
hello 
hello 
hello 
hello 
hello 
hello 
hello 
hello 
hello 
hello 
hello 
hello 
hello 
hello 
hello 
hello 
hello 
hello 
hello 
hello 
hello 
hello 
hello 
hello 
hello 
hello 
hello 
hello 
hello 
hello 
hello 
hello 
hello 
hello 
hello 
hello 
hello 
hello 
hello 
hello 
hello 
hello 
hello 
hello 
hello 
hello 
hello 
hello 
hello 
hello 
hello 
hello 
hello 
hello 
hello 
hello 
hello 
hello 
hello 
hello 
hello 
hello 
hello 
hello 
hello 
hello 
hello 
hello 
hello 
hello 
hello 
hello 
hello 
hello 
hello 
hello 
hello 
hello 
hello 
hello 
hello 
hello 
hello 
hello 
hello 
hello 
hello 
hello 
hello 
hello 
hello 
hello 
hello 
hello 
hello 
hello 
hello 
hello 
hello 
hello 
hello 
hello 
hello 
hello 
hello 
hello 
hello 
hello 
hello 
hello 
hello 
hello 
hello 
hello 
hello 
hello 
hello 
hello 
hello 
hello 
hello 
hello 
hello 
hello 
hello 
hello 
hello 
hello 
hello 
hello 
hello 
hello 
hello 
hello 
hello 
hello 
hello 
hello 
hello 
hello 
hello 
hello 
hello 
hello 
hello 
hello 
hello 
hello 
hello 
hello 
hello 
hello 
hello 
hello 
hello 
hello 
hello 
hello 
hello 
hello 
hello 
hello 
hello 
hello 
hello 
hello 
hello 
hello 
hello 
hello 
hello 
hello 
hello 
hello 
hello 
hello 
hello 
hello 
hello 
hello 
hello 
hello 
hello 
hello 
hello 
hello 
hello 
hello 
hello 
hello 
hello 
hello 
hello 
hello 
hello 
hello 
hello 
hello 
hello 
hello 
hello 
hello 
hello 
hello 
hello 
hello 
hello 
hello 
hello 
hello 
hello 
hello 
hello 
hello 
hello 
hello 
hello 
hello 
hello 
hello 
hello 
hello 
hello 
hello 
hello 
hello 
hello 
hello 
hello 
hello 
hello 
hello 
hello 
hello 
hello 
hello 
hello 
hello 
hello 
hello 
hello 
hello 
hello 
hello 
hello 
hello 
hello 
hello 
hello 
hello 
hello 
hello 
hello 
hello 
hello 
hello 
hello 
hello 
hello 
hello 
hello 
hello 
hello 
hello 
hello 
hello 
hello 
hello 
hello 
hello 
hello 
hello 
hello 
hello 
hello 
hello 
hello 
hello 
hello 
hello 
hello 
hello 
hello 
hello 
hello 
hello 
hello 
hello 
hello 
hello 
hello 
hello 
hello 
hello 
hello 
hello 
hello 
hello 
hello 
hello 
hello 
hello 
hello 
hello 
hello 
hello 
hello 
hello 
hello 
hello 
hello 
hello 
hello 
hello 
hello 
hello 
hello 
hello 
hello 
hello 
hello 
hello 
hello 
hello 
hello 
hello 
hello 
hello 
hello 
hello 
hello 
hello 
hello 
hello 
hello 
hello 
hello 
hello 
hello 
hello 
hello 
hello 
hello 
hello 
hello 
hello 
hello 
hello 
hello 
hello 
hello 
hello 
hello 
hello 
hello 
hello 
hello 
hello 
hello 
hello 
hello 
hello 
hello 
hello 
hello 
hello 
hello 
hello 
hello 
hello 
hello 
hello 
hello 
hello 
hello 
hello 
hello 
hello 
hello 
hello 
hello 
hello 
hello 
hello 
hello 
hello 
hello 
hello 
hello 
hello 
hello 
hello 
hello 
hello 
hello 
hello 
hello 
hello 
hello 
hello 
hello 
hello 
hello 
hello 
hello 
hello 
hello 
hello 
hello 
hello 
hello 
hello 
hello 
hello 
hello 
hello 
hello 
hello 
hello 
hello 
hello 
hello 
hello 
hello 
hello 
hello 
hello 
hello 
hello 
hello 
hello 
hello 
hello 
hello 
hello 
hello 
hello 
hello 
hello 
hello 
hello 
hello 
hello 
hello 
hello 
hello 
hello 
hello 
hello 
hello 
hello 
hello 
hello 
hello 
hello 
hello 
hello 
hello 
hello 
hello 
hello 
hello 
hello 
hello 
hello 
hello 
hello 
hello 
hello 
hello 
hello 
hello 
hello 
hello 
hello 
hello 
hello 
hello 
hello 
hello 
hello 
hello 
hello 
hello 
hello 
hello 
hello 
hello 
hello 
hello 
hello 
hello 
hello 
hello 
hello 
hello 
hello 
hello 
hello 
hello 
hello 
hello 
hello 
hello 
hello 
hello 
hello 
hello 
hello 
hello 
hello 
hello 
hello 
hello 
hello 
hello 
hello 
hello 
hello 
hello 
hello 
hello 
hello 
hello 
hello 
hello 
hello 
hello 
hello 
hello 
hello 
hello 
hello 
hello 
hello 
hello 
hello 
hello 
hello 
hello 
hello 
hello 
hello 
hello 
hello 
hello 
hello 
hello 
hello 
hello 
hello 
hello 
hello 
hello 
hello 
hello 
hello 
hello 
hello 
hello 
hello 
hello 
hello 
hello 
hello 
hello 
hello 
hello 
hello 
hello 
hello 
hello 
hello 
hello 
hello 
hello 
hello 
hello 
hello 
hello 
hello 
hello 
hello 
hello 
hello 
hello 
hello 
hello 
hello 
hello 
hello 
hello 
hello 
hello 
hello 
hello 
hello 
hello 
hello 
hello 
hello 
hello 
hello 
hello 
hello 
hello 
hello 
hello 
hello 
hello 
hello 
hello 
hello 
hello 
hello 
hello 
hello 
hello 
hello 
hello 
hello 
hello 
hello 
hello 
hello 
hello 
hello 
hello 
hello 
hello 
hello 
hello 
hello 
hello 
hello 
hello 
hello 
hello 
hello 
hello 
hello 
hello 
hello 
hello 
hello 
hello 
hello 
hello 
hello 
hello 
hello 
hello 
hello 
hello 
hello 
hello 
hello 
hello 
hello 
hello 
hello 
hello 
hello 
hello 
hello 
hello 
hello 
hello 
hello 
hello 
hello 
hello 
hello 
hello 
hello 
hello 
hello 
hello 
hello 
hello 
hello 
hello 
hello 
hello 
hello 
hello 
hello 
hello 
hello 
hello 
hello 
hello 
hello 
hello 
hello 
hello 
hello 
hello 
hello 
hello 
hello 
hello 
hello 
hello 
hello 
hello 
hello 
hello 
hello 
hello 
hello 
hello 
hello 
hello 
hello 
hello 
hello 
hello 
hello 
hello 
hello 
hello 
hello 
hello 
hello 
hello 
hello 
hello 
hello 
hello 
hello 
hello 
hello 
hello 
hello 
hello 
hello 
hello 
hello 
hello 
hello 
hello 
hello 
hello 
hello 
hello 
hello 
hello 
hello 
hello 
hello 
hello 
hello 
hello 
hello 
hello 
hello 
hello 
hello 
hello 
hello 
hello 
hello 
hello 
hello 
hello 
hello 
hello 
hello 
hello 
hello 
hello 
hello 
hello 
hello 
hello 
hello 
hello 
hello 
hello 
hello 
hello 
hello 
hello 
hello 
hello 
hello 
hello 
hello 
hello 
hello 
hello 
hello 
hello 
hello 
hello 
hello 
hello 
hello 
hello 
hello 
hello 
hello 
hello 
hello 
hello 
hello 
hello 
hello 
hello 
hello 
hello 
hello 
hello 
hello 
hello 
hello 
hello 
hello 
hello 
hello 
hello 
hello 
hello 
hello 
hello 
hello 
hello 
hello 
hello 
hello 
hello 
hello 
hello 
hello 
hello 
hello 
hello 
hello 
hello 
hello 
hello 
hello 
hello 
hello 
hello 
hello 
hello 
hello 
hello 
hello 
hello 
hello 
hello 
hello 
hello 
hello 
hello 
hello 
hello 
hello 
hello 
hello 
hello 
hello 
hello 
hello 
hello 
hello 
hello 
hello 
hello 
hello 
hello 
hello 
hello 
hello 
hello 
hello 
hello 
hello 
hello 
hello 
hello 
hello 
hello 
hello 
hello 
hello 
hello 
hello 
hello 
hello 
hello 
hello 
hello 
hello 
hello 
hello 
hello 
hello 
hello 
hello 
hello 
hello 
hello 
hello 
hello 
hello 
hello 
hello 
hello 
hello 
hello 
hello 
hello 
hello 
hello 
hello 
hello 
hello 
hello 
hello 
hello 
hello 
hello 
hello 
hello 
hello 
hello 
hello 
hello 
hello 
hello 
hello 
hello 
hello 
hello 
hello 
hello 
hello 
hello 
hello 
hello 
hello 
hello 
hello 
hello 
hello 
hello 
hello 
hello 
hello 
hello 
hello 
hello 
hello 
hello 
hello 
hello 
hello 
hello 
hello 
hello 
hello 
hello 
hello 
hello 
hello 
hello 
hello 
hello 
hello 
hello 
hello 
hello 
hello 
hello 
hello 
hello 
hello 
hello 
hello 
hello 
hello 
hello 
hello 
hello 
hello 
hello 
hello 
hello 
hello 
hello 
hello 
hello 
hello 
hello 
hello 
hello 
hello 
hello 
hello 
hello 
hello 
hello 
hello 
hello 
hello 
hello 
hello 
hello 
hello 
hello 
hello 
hello 
hello 
hello 
hello 
hello 
hello 
hello 
hello 
hello 
hello 
hello 
hello 
hello 
hello 
hello 
hello 
hello 
hello 
hello 
hello 
hello 
hello 
hello 
hello 
hello 
hello 
hello 
hello 
hello 
hello 
hello 
hello 
hello 
hello 
hello 
hello 
hello 
hello 
hello 
hello 
hello 
hello 
hello 
hello 
hello 
hello 
hello 
hello 
hello 
hello 
hello 
hello 
hello 
hello 
hello 
hello 
hello 
hello 
hello 
hello 
hello 
hello 
hello 
hello 
hello 
hello 
hello 
hello 
hello 
hello 
hello 
hello 
hello 
hello 
hello 
hello 
hello 
hello 
hello 
hello 
hello 
hello 
hello 
hello 
hello 
hello 
hello 
hello 
hello 
hello 
hello 
hello 
hello 
hello 
hello 
hello 
hello 
hello 
hello 
hello 
hello 
hello 
hello 
hello 
hello 
hello 
hello 
hello 
hello 
hello 
hello 
hello 
hello 
hello 
hello 
hello 
hello 
hello 
hello 
hello 
hello 
hello 
hello 
hello 
hello 
hello 
hello 
hello 
hello 
hello 
hello 
hello 
hello 
hello 
hello 
hello 
hello 
hello 
hello 
hello 
hello 
hello 
hello 
hello 
hello 
hello 
hello 
hello 
hello 
hello 
hello 
hello 
hello 
hello 
hello 
hello 
hello 
hello 
hello 
hello 
hello 
hello 
hello 
hello 
hello 
hello 
hello 
hello 
hello 
hello 
hello 
hello 
hello 
hello 
hello 
hello 
hello 
hello 
hello 
hello 
hello 
hello 
hello 
hello 
hello 
hello 
hello 
hello 
hello 
hello 
hello 
hello 
hello 
hello 
hello 
hello 
hello 
hello 
hello 
hello 
hello 
hello 
hello 
hello 
hello 
hello 
hello 
hello 
hello 
hello 
hello 
hello 
hello 
hello 
hello 
hello 
hello 
hello 
hello 
hello 
hello 
hello 
hello 
hello 
hello 
hello 
hello 
hello 
hello 
hello 
hello 
hello 
hello 
hello 
hello 
hello 
hello 
hello 
hello 
hello 
hello 
hello 
hello 
hello 
hello 
hello 
hello 
hello 
hello 
hello 
hello 
hello 
hello 
hello 
hello 
hello 
hello 
hello 
hello 
hello 
hello 
hello 
hello 
hello 
hello 
hello 
hello 
hello 
hello 
hello 
hello 
hello 
hello 
hello 
hello 
hello 
hello 
hello 
hello 
hello 
hello 
hello 
hello 
hello 
hello 
hello 
hello 
hello 
hello 
hello 
hello 
hello 
hello 
hello 
hello 
hello 
hello 
hello 
hello 
hello 
hello 
hello 
hello 
hello 
hello 
hello 
hello 
hello 
hello 
hello 
hello 
hello 
hello 
hello 
hello 
hello 
hello 
hello 
hello 
hello 
hello 
hello 
hello 
hello 
hello 
hello 
hello 
hello 
hello 
hello 
hello 
hello 
hello 
hello 
hello 
hello 
hello 
hello 
hello 
hello 
hello 
hello 
hello 
hello 
hello 
hello 
hello 
hello 
hello 
hello 
hello 
hello 
hello 
hello 
hello 
hello 
hello 
hello 
hello 
hello 
hello 
hello 
hello 
hello 
hello 
hello 
hello 
hello 
hello 
hello 
hello 
hello 
hello 
hello 
hello 
hello 
hello 
hello 
hello 
hello 
hello 
hello 
hello 
hello 
hello 
hello 
hello 
hello 
hello 
hello 
hello 
hello 
hello 
hello 
hello 
hello 
hello 
hello 
hello 
hello 
hello 
hello 
hello 
hello 
hello 
hello 
hello 
hello 
hello 
hello 
hello 
hello 
hello 
hello 
hello 
hello 
hello 
hello 
hello 
hello 
hello 
hello 
hello 
hello 
hello 
hello 
hello 
hello 
hello 
hello 
hello 
hello 
hello 
hello 
hello 
hello 
hello 
hello 
hello 
hello 
hello 
hello 
hello 
hello 
hello 
hello 
hello 
hello 
hello 
hello 
hello 
hello 
hello 
hello 
hello 
hello 
hello 
hello 
hello 
hello 
hello 
hello 
hello 
hello 
hello 
hello 
hello 
hello 
hello 
hello 
hello 
hello 
hello 
hello 
hello 
hello 
hello 
hello 
hello 
hello 
hello 
hello 
hello 
hello 
hello 
hello 
hello 
hello 
hello 
hello 
hello 
hello 
hello 
hello 
hello 
hello 
hello 
hello 
hello 
hello 
hello 
hello 
hello 
hello 
hello 
hello 
hello 
hello 
hello 
hello 
hello 
hello 
hello 
hello 
hello 
hello 
hello 
hello 
hello 
hello 
hello 
hello 
hello 
hello 
hello 
hello 
hello 
hello 
hello 
hello 
hello 
hello 
hello 
hello 
hello 
hello 
hello 
hello 
hello 
hello 
hello 
hello 
hello 
hello 
hello 
hello 
hello 
hello 
hello 
hello 
hello 
hello 
hello 
hello 
hello 
hello 
hello 
hello 
hello 
hello 
hello 
hello 
hello 
hello 
hello 
hello 
hello 
hello 
hello 
hello 
hello 
hello 
hello 
hello 
hello 
hello 
hello 
hello 
hello 
hello 
hello 
hello 
hello 
hello 
hello 
hello 
hello 
hello 
hello 
hello 
hello 
hello 
hello 
hello 
hello 
hello 
hello 
hello 
hello 
hello 
hello 
hello 
hello 
hello 
hello 
hello 
hello 
hello 
hello 
hello 
hello 
hello 
hello 
hello 
hello 
hello 
hello 
hello 
hello 
hello 
hello 
hello 
hello 
hello 
hello 
hello 
hello 
hello 
hello 
hello 
hello 
hello 
hello 
hello 
hello 
hello 
hello 
hello 
hello 
hello 
hello 
hello 
hello 
hello 
hello 
hello 
hello 
hello 
hello 
hello 
hello 
hello 
hello 
hello 
hello 
hello 
hello 
hello 
hello 
hello 
hello 
hello 
hello 
hello 
hello 
hello 
hello 
hello 
hello 
hello 
hello 
hello 
hello 
hello 
hello 
hello 
hello 
hello 
hello 
hello 
hello 
hello 
hello 
hello 
hello 
hello 
hello 
hello 
hello 
hello 
hello 
hello 
hello 
hello 
hello 
hello 
hello 
hello 
hello 
hello 
hello 
hello 
hello 
hello 
hello 
hello 
hello 
hello 
hello 
hello 
hello 
hello 
hello 
hello 
hello 
hello 
hello 
hello 
hello 
hello 
hello 
hello 
hello 
hello 
hello 
hello 
hello 
hello 
hello 
hello 
hello 
hello 
hello 
hello 
hello 
hello 
hello 
hello 
hello 
hello 
hello 
hello 
hello 
hello 
hello 
hello 
hello 
hello 
hello 
hello 
hello 
hello 
hello 
hello 
hello 
hello 
hello 
hello 
hello 
hello 
hello 
hello 
hello 
hello 
hello 
hello 
hello 
hello 
hello 
hello 
hello 
hello 
hello 
hello 
hello 
hello 
hello 
hello 
hello 
hello 
hello 
hello 
hello 
hello 
hello 
hello 
hello 
hello 
hello 
hello 
hello 
hello 
hello 
hello 
hello 
hello 
hello 
hello 
hello 
hello 
hello 
hello 
hello 
hello 
hello 
hello 
hello 
hello 
hello 
hello 
hello 
hello 
hello 
hello 
hello 
hello 
hello 
hello 
hello 
hello 
hello 
hello 
hello 
hello 
hello 
hello 
hello 
hello 
hello 
hello 
hello 
hello 
hello 
hello 
hello 
hello 
hello 
hello 
hello 
hello 
hello 
hello 
hello 
hello 
hello 
hello 
hello 
hello 
hello 
hello 
hello 
hello 
hello 
hello 
hello 
hello 
hello 
hello 
hello 
hello 
hello 
hello 
hello 
hello 
hello 
hello 
hello 
hello 
hello 
hello 
hello 
hello 
hello 
hello 
hello 
hello 
hello 
hello 
hello 
hello 
hello 
hello 
hello 
hello 
hello 
hello 
hello 
hello 
hello 
hello 
hello 
hello 
hello 
hello 
hello 
hello 
hello 
hello 
hello 
hello 
hello 
hello 
hello 
hello 
hello 
hello 
hello 
hello 
hello 
hello 
hello 
hello 
hello 
hello 
hello 
hello 
hello 
hello 
hello 
hello 
hello 
hello 
hello 
hello 
hello 
hello 
hello 
hello 
hello 
hello 
hello 
hello 
hello 
hello 
hello 
hello 
hello 
hello 
hello 
hello 
hello 
hello 
hello 
hello 
hello 
hello 
hello 
hello 
hello 
hello 
hello 
hello 
hello 
hello 
hello 
hello 
hello 
hello 
hello 
hello 
hello 
hello 
hello 
hello 
hello 
hello 
hello 
hello 
hello 
hello 
hello 
hello 
hello 
hello 
hello 
hello 
hello 
hello 
hello 
hello 
hello 
hello 
hello 
hello 
hello 
hello 
hello 
hello 
hello 
hello 
hello 
hello 
hello 
hello 
hello 
hello 
hello 
hello 
hello 
hello 
hello 
hello 
hello 
hello 
hello 
hello 
hello 
hello 
hello 
hello 
hello 
hello 
hello 
hello 
hello 
hello 
hello 
hello 
hello 
hello 
hello 
hello 
hello 
hello 
hello 
hello 
hello 
hello 
hello 
hello 
hello 
hello 
hello 
hello 
hello 
hello 
hello 
hello 
hello 
hello 
hello 
hello 
hello 
hello 
hello 
hello 
hello 
hello 
hello 
hello 
hello 
hello 
hello 
hello 
hello 
hello 
hello 
hello 
hello 
hello 
hello 
hello 
hello 
hello 
hello 
hello 
hello 
hello 
hello 
hello 
hello 
hello 
hello 
hello 
hello 
hello 
hello 
hello 
hello 
hello 
hello 
hello 
hello 
hello 
hello 
hello 
hello 
hello 
hello 
hello 
hello 
hello 
hello 
hello 
hello 
hello 
hello 
hello 
hello 
hello 
hello 
hello 
hello 
hello 
hello 
hello 
hello 
hello 
hello 
hello 
hello 
hello 
hello 
hello 
hello 
hello 
hello 
hello 
hello 
hello 
hello 
hello 
hello 
hello 
hello 
hello 
hello 
hello 
hello 
hello 
hello 
hello 
hello 
hello 
hello 
hello 
hello 
hello 
hello 
hello 
hello 
hello 
hello 
hello 
hello 
hello 
hello 
hello 
hello 
hello 
hello 
hello 
hello 
hello 
hello 
hello 
hello 
hello 
hello 
hello 
hello 
hello 
hello 
hello 
hello 
hello 
hello 
hello 
hello 
hello 
hello 
hello 
hello 
hello 
hello 
hello 
hello 
hello 
hello 
hello 
hello 
hello 
hello 
hello 
hello 
hello 
hello 
hello 
hello 
hello 
hello 
hello 
hello 
hello 
hello 
hello 
hello 
hello 
hello 
hello 
hello 
hello 
hello 
hello 
hello 
hello 
hello 
hello 
hello 
hello 
hello 
hello 
hello 
hello 
hello 
hello 
hello 
hello 
hello 
hello 
hello 
hello 
hello 
hello 
hello 
hello 
hello 
hello 
hello 
hello 
hello 
hello 
hello 
hello 
hello 
hello 
hello 
hello 
hello 
hello 
hello 
hello 
hello 
hello 
hello 
hello 
hello 
hello 
hello 
hello 
hello 
hello 
hello 
hello 
hello 
hello 
hello 
hello 
hello 
hello 
hello 
hello 
hello 
hello 
hello 
hello 
hello 
hello 
hello 
hello 
hello 
hello 
hello 
hello 
hello 
hello 
hello 
hello 
hello 
hello 
hello 
hello 
hello 
hello 
hello 
hello 
hello 
hello 
hello 
hello 
hello 
hello 
hello 
hello 
hello 
hello 
hello 
hello 
hello 
hello 
hello 
hello 
hello 
hello 
hello 
hello 
hello 
hello 
hello 
hello 
hello 
hello 
hello 
hello 
hello 
hello 
hello 
hello 
hello 
hello 
hello 
hello 
hello 
hello 
hello 
hello 
hello 
hello 
hello 
hello 
hello 
hello 
hello 
hello 
hello 
hello 
hello 
hello 
hello 
hello 
hello 
hello 
hello 
hello 
hello 
hello 
hello 
hello 
hello 
hello 
hello 
hello 
hello 
hello 
hello 
hello 
hello 
hello 
hello 
hello 
hello 
hello 
hello 
hello 
hello 
hello 
hello 
hello 
hello 
hello 
hello 
hello 
hello 
hello 
hello 
hello 
hello 
hello 
hello 
hello 
hello 
hello 
hello 
hello 
hello 
hello 
hello 
hello 
hello 
hello 
hello 
hello 
hello 
hello 
hello 
hello 
hello 
hello 
hello 
hello 
hello 
hello 
hello 
hello 
hello 
hello 
hello 
hello 
hello 
hello 
hello 
hello 
hello 
hello 
hello 
hello 
hello 
hello 
hello 
hello 
hello 
hello 
hello 
hello 
hello 
hello 
hello 
hello 
hello 
hello 
hello 
hello 
hello 
hello 
hello 
hello 
hello 
hello 
hello 
hello 
hello 
hello 
hello 
hello 
hello 
hello 
hello 
hello 
hello 
hello 
hello 
hello 
hello 
hello 
hello 
hello 
hello 
hello 
hello 
hello 
hello 
hello 
hello 
hello 
hello 
hello 
hello 
hello 
hello 
hello 
hello 
hello 
hello 
hello 
hello 
hello 
hello 
hello 
hello 
hello 
hello 
hello 
hello 
hello 
hello 
hello 
hello 
hello 
hello 
hello 
hello 
hello 
hello 
hello 
hello 
hello 
hello 
hello 
hello 
hello 
hello 
hello 
hello 
hello 
hello 
hello 
hello 
hello 
hello 
hello 
hello 
hello 
hello 
hello 
hello 
hello 
hello 
hello 
hello 
hello 
hello 
hello 
hello 
hello 
hello 
hello 
hello 
hello 
hello 
hello 
hello 
hello 
hello 
hello 
hello 
hello 
hello 
hello 
hello 
hello 
hello 
hello 
hello 
hello 
hello 
hello 
hello 
hello 
hello 
hello 
hello 
hello 
hello 
hello 
hello 
hello 
hello 
hello 
hello 
hello 
hello 
hello 
hello 
hello 
hello 
hello 
hello 
hello 
hello 
hello 
hello 
hello 
hello 
hello 
hello 
hello 
hello 
hello 
hello 
hello 
hello 
hello 
hello 
hello 
hello 
hello 
hello 
hello 
hello 
hello 
hello 
hello 
hello 
hello 
hello 
hello 
hello 
hello 
hello 
hello 
hello 
hello 
hello 
hello 
hello 
hello 
hello 
hello 
hello 
hello 
hello 
hello 
hello 
hello 
hello 
hello 
hello 
hello 
hello 
hello 
hello 
hello 
hello 
hello 
hello 
hello 
hello 
hello 
hello 
hello 
hello 
hello 
hello 
hello 
hello 
hello 
hello 
hello 
hello 
hello 
hello 
hello 
hello 
hello 
hello 
hello 
hello 
hello 
hello 
hello 
hello 
hello 
hello 
hello 
hello 
hello 
hello 
hello 
hello 
hello 
hello 
hello 
hello 
hello 
hello 
hello 
hello 
hello 
hello 
hello 
hello 
hello 
hello 
hello 
hello 
hello 
hello 
hello 
hello 
hello 
hello 
hello 
hello 
hello 
hello 
hello 
hello 
hello 
hello 
hello 
hello 
hello 
hello 
hello 
hello 
hello 
hello 
hello 
hello 
hello 
hello 
hello 
hello 
hello 
hello 
hello 
hello 
hello 
hello 
hello 
hello 
hello 
hello 
hello 
hello 
hello 
hello 
hello 
hello 
hello 
hello 
hello 
hello 
hello 
hello 
hello 
hello 
hello 
hello 
hello 
hello 
hello 
hello 
hello 
hello 
hello 
hello 
hello 
hello 
hello 
hello 
hello 
hello 
hello 
hello 
hello 
hello 
hello 
hello 
hello 
hello 
hello 
hello 
hello 
hello 
hello 
hello 
hello 
hello 
hello 
hello 
hello 
hello 
hello 
hello 
hello 
hello 
hello 
hello 
hello 
hello 
hello 
hello 
hello 
hello 
hello 
hello 
hello 
hello 
hello 
hello 
hello 
hello 
hello 
hello 
hello 
hello 
hello 
hello 
hello 
hello 
hello 
hello 
hello 
hello 
hello 
hello 
hello 
hello 
hello 
hello 
hello 
hello 
hello 
hello 
hello 
hello 
hello 
hello 
hello 
hello 
hello 
hello 
hello 
hello 
hello 
hello 
hello 
hello 
hello 
hello 
hello 
hello 
hello 
hello 
hello 
hello 
hello 
hello 
hello 
hello 
hello 
hello 
hello 
hello 
hello 
hello 
hello 
hello 
hello 
hello 
hello 
hello 
hello 
hello 
hello 
hello 
hello 
hello 
hello 
hello 
hello 
hello 
hello 
hello 
hello 
hello 
hello 
hello 
hello 
hello 
hello 
hello 
hello 
hello 
hello 
hello 
hello 
hello 
hello 
hello 
hello 
hello 
hello 
hello 
hello 
hello 
hello 
hello 
hello 
hello 
hello 
hello 
hello 
hello 
hello 
hello 
hello 
hello 
hello 
hello 
hello 
hello 
hello 
hello 
hello 
hello 
hello 
hello 
hello 
hello 
hello 
hello 
hello 
hello 
hello 
hello 
hello 
hello 
hello 
hello 
hello 
hello 
hello 
hello 
hello 
hello 
hello 
hello 
hello 
hello 
hello 
hello 
hello 
hello 
hello 
hello 
hello 
hello 
hello 
hello 
hello 
hello 
hello 
hello 
hello 
hello 
hello 
hello 
hello 
hello 
hello 
hello 
hello 
hello 
hello 
hello 
hello 
hello 
hello 
hello 
hello 
hello 
hello 
hello 
hello 
hello 
hello 
hello 
hello 
hello 
hello 
hello 
hello 
hello 
hello 
hello 
hello 
hello 
hello 
hello 
hello 
hello 
hello 
hello 
hello 
hello 
hello 
hello 
hello 
hello 
hello 
hello 
hello 
hello 
hello 
hello 
hello 
hello 
hello 
hello 
hello 
hello 
hello 
hello 
hello 
hello 
hello 
hello 
hello 
hello 
hello 
hello 
hello 
hello 
hello 
hello 
hello 
hello 
hello 
hello 
hello 
hello 
hello 
hello 
hello 
hello 
hello 
hello 
hello 
hello 
hello 
hello 
hello 
hello 
hello 
hello 
hello 
hello 
hello 
hello 
hello 
hello 
hello 
hello 
hello 
hello 
hello 
hello 
hello 
hello 
hello 
hello 
hello 
hello 
hello 
hello 
hello 
hello 
hello 
hello 
hello 
hello 
hello 
hello 
hello 
hello 
hello 
hello 
hello 
hello 
hello 
hello 
hello 
hello 
hello 
hello 
hello 
hello 
hello 
hello 
hello 
hello 
hello 
hello 
hello 
hello 
hello 
hello 
hello 
hello 
hello 
hello 
hello 
hello 
hello 
hello 
hello 
hello 
hello 
hello 
hello 
hello 
hello 
hello 
hello 
hello 
hello 
hello 
hello 
hello 
hello 
hello 
hello 
hello 
hello 
hello 
hello 
hello 
hello 
hello 
hello 
hello 
hello 
hello 
hello 
hello 
hello 
hello 
hello 
hello 
hello 
hello 
hello 
hello 
hello 
hello 
hello 
hello 
hello 
hello 
hello 
hello 
hello 
hello 
hello 
hello 
hello 
hello 
hello 
hello 
hello 
hello 
hello 
hello 
hello 
hello 
hello 
hello 
hello 
hello 
hello 
hello 
hello 
hello 
hello 
hello 
hello 
hello 
hello 
hello 
hello 
hello 
hello 
hello 
hello 
hello 
hello 
hello 
hello 
hello 
hello 
hello 
hello 
hello 
hello 
hello 
hello 
hello 
hello 
hello 
hello 
hello 
hello 
hello 
hello 
hello 
hello 
hello 
hello 
hello 
hello 
hello 
hello 
hello 
hello 
hello 
hello 
hello 
hello 
hello 
hello 
hello 
hello 
hello 
hello 
hello 
hello 
hello 
hello 
hello 
hello 
hello 
hello 
hello 
hello 
hello 
hello 
hello 
hello 
hello 
hello 
hello 
hello 
hello 
hello 
hello 
hello 
hello 
hello 
hello 
hello 
hello 
hello 
hello 
hello 
hello 
hello 
hello 
hello 
hello 
hello 
hello 
hello 
hello 
hello 
hello 
hello 
hello 
hello 
hello 
hello 
hello 
hello 
hello 
hello 
hello 
hello 
hello 
hello 
hello 
hello 
hello 
hello 
hello 
hello 
hello 
hello 
hello 
hello 
hello 
hello 
hello 
hello 
hello 
hello 
hello 
hello 
hello 
hello 
hello 
hello 
hello 
hello 
hello 
hello 
hello 
hello 
hello 
hello 
hello 
hello 
hello 
hello 
hello 
hello 
hello 
hello 
hello 
hello 
hello 
hello 
hello 
hello 
hello 
hello 
hello 
hello 
hello 
hello 
hello 
hello 
hello 
hello 
hello 
hello 
hello 
hello 
hello 
hello 
hello 
hello 
hello 
hello 
hello 
hello 
hello 
hello 
hello 
hello 
hello 
hello 
hello 
hello 
hello 
hello 
hello 
hello 
hello 
hello 
hello 
hello 
hello 
hello 
hello 
hello 
hello 
hello 
hello 
hello 
hello 
hello 
hello 
hello 
hello 
hello 
hello 
hello 
hello 
hello 
hello 
hello 
hello 
hello 
hello 
hello 
hello 
hello 
hello 
hello 
hello 
hello 
hello 
hello 
hello 
hello 
hello 
hello 
hello 
hello 
hello 
hello 
hello 
hello 
hello 
hello 
hello 
hello 
hello 
hello 
hello 
hello 
hello 
hello 
hello 
hello 
hello 
hello 
hello 
hello 
hello 
hello 
hello 
hello 
hello 
hello 
hello 
hello 
hello 
hello 
hello 
hello 
hello 
hello 
hello 
hello 
hello 
hello 
hello 
hello 
hello 
hello 
hello 
hello 
hello 
hello 
hello 
hello 
hello 
hello 
hello 
hello 
hello 
hello 
hello 
hello 
hello 
hello 
hello 
hello 
hello 
hello 
hello 
hello 
hello 
hello 
hello 
hello 
hello 
hello 
hello 
hello 
hello 
hello 
hello 
hello 
hello 
hello 
hello 
hello 
hello 
hello 
hello 
hello 
hello 
hello 
hello 
hello 
hello 
hello 
hello 
hello 
hello 
hello 
hello 
hello 
hello 
hello 
hello 
hello 
hello 
hello 
hello 
hello 
hello 
hello 
hello 
hello 
hello 
hello 
hello 
hello 
hello 
hello 
hello 
hello 
hello 
hello 
hello 
hello 
hello 
hello 
hello 
hello 
hello 
hello 
hello 
hello 
hello 
hello 
hello 
hello 
hello 
hello 
hello 
hello 
hello 
hello 
hello 
hello 
hello 
hello 
hello 
hello 
hello 
hello 
hello 
hello 
hello 
hello 
hello 
hello 
hello 
hello 
hello 
hello 
hello 
hello 
hello 
hello 
hello 
hello 
hello 
hello 
hello 
hello 
hello 
hello 
hello 
hello 
hello 
hello 
hello 
hello 
hello 
hello 
hello 
hello 
hello 
hello 
hello 
hello 
hello 
hello 
hello 
hello 
hello 
hello 
hello 
hello 
hello 
hello 
hello 
hello 
hello 
hello 
hello 
hello 
hello 
hello 
hello 
hello 
hello 
hello 
hello 
hello 
hello 
hello 
hello 
hello 
hello 
hello 
hello 
hello 
hello 
hello 
hello 
hello 
hello 
hello 
hello 
hello 
hello 
hello 
hello 
hello 
hello 
hello 
hello 
hello 
hello 
hello 
hello 
hello 
hello 
hello 
hello 
hello 
hello 
hello 
hello 
hello 
hello 
hello 
hello 
hello 
hello 
hello 
hello 
hello 
hello 
hello 
hello 
hello 
hello 
hello 
hello 
hello 
hello 
hello 
hello 
hello 
hello 
hello 
hello 
hello 
hello 
hello 
hello 
hello 
hello 
hello 
hello 
hello 
hello 
hello 
hello 
hello 
hello 
hello 
hello 
hello 
hello 
hello 
hello 
hello 
hello 
hello 
hello 
hello 
hello 
hello 
hello 
hello 
hello 
hello 
hello 
hello 
hello 
hello 
hello 
hello 
hello 
hello 
hello 
hello 
hello 
hello 
hello 
hello 
hello 
hello 
hello 
hello 
hello 
hello 
hello 
hello 
hello 
hello 
hello 
hello 
hello 
hello 
hello 
hello 
hello 
hello 
hello 
hello 
hello 
hello 
hello 
hello 
hello 
hello 
hello 
hello 
hello 
hello 
hello 
hello 
hello 
hello 
hello 
hello 
hello 
hello 
hello 
hello 
hello 
hello 
hello 
hello 
hello 
hello 
hello 
hello 
hello 
hello 
hello 
hello 
hello 
hello 
hello 
hello 
hello 
hello 
hello 
hello 
hello 
hello 
hello 
hello 
hello 
hello 
hello 
hello 
hello 
hello 
hello 
hello 
hello 
hello 
hello 
hello 
hello 
hello 
hello 
hello 
hello 
hello 
hello 
hello 
hello 
hello 
hello 
hello 
hello 
hello 
hello 
hello 
hello 
hello 
hello 
hello 
hello 
hello 
hello 
hello 
hello 
hello 
hello 
hello 
hello 
hello 
hello 
hello 
hello 
hello 
hello 
hello 
hello 
hello 
hello 
hello 
hello 
hello 
hello 
hello 
hello 
hello 
hello 
hello 
hello 
hello 
hello 
hello 
hello 
hello 
hello 
hello 
hello 
hello 
hello 
hello 
hello 
hello 
hello 
hello 
hello 
hello 
hello 
hello 
hello 
hello 
hello 
hello 
hello 
hello 
hello 
hello 
hello 
hello 
hello 
hello 
hello 
hello 
hello 
hello 
hello 
hello 
hello 
hello 
hello 
hello 
hello 
hello 
hello 
hello 
hello 
hello 
hello 
hello 
hello 
hello 
hello 
hello 
hello 
hello 
hello 
hello 
hello 
hello 
hello 
hello 
hello 
hello 
hello 
hello 
hello 
hello 
hello 
hello 
hello 
hello 
hello 
hello 
hello 
hello 
hello 
hello 
hello 
hello 
hello 
hello 
hello 
hello 
hello 
hello 
hello 
hello 
hello 
hello 
hello 
hello 
hello 
hello 
hello 
hello 
hello 
hello 
hello 
hello 
hello 
hello 
hello 
hello 
hello 
hello 
hello 
hello 
hello 
hello 
hello 
hello 
hello 
hello 
hello 
hello 
hello 
hello 
hello 
hello 
hello 
hello 
hello 
hello 
hello 
hello 
hello 
hello 
hello 
hello 
hello 
hello 
hello 
hello 
hello 
hello 
hello 
hello 
hello 
hello 
hello 
hello 
hello 
hello 
hello 
hello 
hello 
hello 
hello 
hello 
hello 
hello 
hello 
hello 
hello 
hello 
hello 
hello 
hello 
hello 
hello 
hello 
hello 
hello 
hello 
hello 
hello 
hello 
hello 
hello 
hello 
hello 
hello 
hello 
hello 
hello 
hello 
hello 
hello 
hello 
hello 
hello 
hello 
hello 
hello 
hello 
hello 
hello 
hello 
hello 
hello 
hello 
hello 
hello 
hello 
hello 
hello 
hello 
hello 
hello 
hello 
hello 
hello 
hello 
hello 
hello 
hello 
hello 
hello 
hello 
hello 
hello 
hello 
hello 
hello 
hello 
hello 
hello 
hello 
hello 
hello 
hello 
hello 
hello 
hello 
hello 
hello 
hello 
hello 
hello 
hello 
hello 
hello 
hello 
hello 
hello 
hello 
hello 
hello 
hello 
hello 
hello 
hello 
hello 
hello 
hello 
hello 
hello 
hello 
hello 
hello 
hello 
hello 
hello 
hello 
hello 
hello 
hello 
hello 
hello 
hello 
hello 
hello 
hello 
hello 
hello 
hello 
hello 
hello 
hello 
hello 
hello 
hello 
hello 
hello 
hello 
hello 
hello 
hello 
hello 
hello 
hello 
hello 
hello 
hello 
hello 
hello 
hello 
hello 
hello 
hello 
hello 
hello 
hello 
hello 
hello 
hello 
hello 
hello 
hello 
hello 
hello 
hello 
hello 
hello 
hello 
hello 
hello 
hello 
hello 
hello 
hello 
hello 
hello 
hello 
hello 
hello 
hello 
hello 
hello 
hello 
hello 
hello 
hello 
hello 
hello 
hello 
hello 
hello 
hello 
hello 
hello 
hello 
hello 
hello 
hello 
hello 
hello 
hello 
hello 
hello 
hello 
hello 
hello 
hello 
hello 
hello 
hello 
hello 
hello 
hello 
hello 
hello 
hello 
hello 
hello 
hello 
hello 
hello 
hello 
hello 
hello 
hello 
hello 
hello 
hello 
hello 
hello 
hello 
hello 
hello 
hello 
hello 
hello 
hello 
hello 
hello 
hello 
hello 
hello 
hello 
hello 
hello 
hello 
hello 
hello 
hello 
hello 
hello 
hello 
hello 
hello 
hello 
hello 
hello 
hello 
hello 
hello 
hello 
hello 
hello 
hello 
hello 
hello 
hello 
hello 
hello 
hello 
hello 
hello 
hello 
hello 
hello 
hello 
hello 
hello 
hello 
hello 
hello 
hello 
hello 
hello 
hello 
hello 
hello 
hello 
hello 
hello 
hello 
hello 
hello 
hello 
hello 
hello 
hello 
hello 
hello 
hello 
hello 
hello 
hello 
hello 
hello 
hello 
hello 
hello 
hello 
hello 
hello 
hello 
hello 
hello 
hello 
hello 
hello 
hello 
hello 
hello 
hello 
hello 
hello 
hello 
hello 
hello 
hello 
hello 
hello 
hello 
hello 
hello 
hello 
hello 
hello 
hello 
hello 
hello 
hello 
hello 
hello 
hello 
hello 
hello 
hello 
hello 
hello 
hello 
hello 
hello 
hello 
hello 
hello 
hello 
hello 
hello 
hello 
hello 
hello 
hello 
hello 
hello 
hello 
hello 
hello 
hello 
hello 
hello 
hello 
hello 
hello 
hello 
hello 
hello 
hello 
hello 
hello 
hello 
hello 
hello 
hello 
hello 
hello 
hello 
hello 
hello 
hello 
hello 
hello 
hello 
hello 
hello 
hello 
hello 
hello 
hello 
hello 
hello 
hello 
hello 
hello 
hello 
hello 
hello 
hello 
hello 
hello 
hello 
hello 
hello 
hello 
hello 
hello 
hello 
hello 
hello 
hello 
hello 
hello 
hello 
hello 
hello 
hello 
hello 
hello 
hello 
hello 
hello 
hello 
hello 
hello 
hello 
hello 
hello 
hello 
hello 
hello 
hello 
hello 
hello 
hello 
hello 
hello 
hello 
hello 
hello 
hello 
hello 
hello 
hello 
hello 
hello 
hello 
hello 
hello 
hello 
hello 
hello 
hello 
hello 
hello 
hello 
hello 
hello 
hello 
hello 
hello 
hello 
hello 
hello 
hello 
hello 
hello 
hello 
hello 
hello 
hello 
hello 
hello 
hello 
hello 
hello 
hello 
hello 
hello 
hello 
hello 
hello 
hello 
hello 
hello 
hello 
hello 
hello 
hello 
hello 
hello 
hello 
hello 
hello 
hello 
hello 
hello 
hello 
hello 
hello 
hello 
hello 
hello 
hello 
hello 
hello 
hello 
hello 
hello 
hello 
hello 
hello 
hello 
hello 
hello 
hello 
hello 
hello 
hello 
hello 
hello 
hello 
hello 
hello 
hello 
hello 
hello 
hello 
hello 
hello 
hello 
hello 
hello 
hello 
hello 
hello 
hello 
hello 
hello 
hello 
hello 
hello 
hello 
hello 
hello 
hello 
hello 
hello 
hello 
hello 
hello 
hello 
hello 
hello 
hello 
hello 
hello 
hello 
hello 
hello 
hello 
hello 
hello 
hello 
hello 
hello 
hello 
hello 
hello 
hello 
hello 
hello 
hello 
hello 
hello 
hello 
hello 
hello 
hello 
hello 
hello 
hello 
hello 
hello 
hello 
hello 
hello 
hello 
hello 
hello 
hello 
hello 
hello 
hello 
hello 
hello 
hello 
hello 
hello 
hello 
hello 
hello 
hello 
hello 
hello 
hello 
hello 
hello 
hello 
hello 
hello 
hello 
hello 
hello 
hello 
hello 
hello 
hello 
hello 
hello 
hello 
hello 
hello 
hello 
hello 
hello 
hello 
hello 
hello 
hello 
hello 
hello 
hello 
hello 
hello 
hello 
hello 
hello 
hello 
hello 
hello 
hello 
hello 
hello 
hello 
hello 
hello 
hello 
hello 
hello 
hello 
hello 
hello 
hello 
hello 
hello 
hello 
hello 
hello 
hello 
hello 
hello 
hello 
hello 
hello 
hello 
hello 
hello 
hello 
hello 
hello 
hello 
hello 
hello 
hello 
hello 
hello 
hello 
hello 
hello 
hello 
hello 
hello 
hello 
hello 
hello 
hello 
hello 
hello 
hello 
hello 
hello 
hello 
hello 
hello 
hello 
hello 
hello 
hello 
hello 
hello 
hello 
hello 
hello 
hello 
hello 
hello 
hello 
hello 
hello 
hello 
hello 
hello 
hello 
hello 
hello 
hello 
hello 
hello 
hello 
hello 
hello 
hello 
hello 
hello 
hello 
hello 
hello 
hello 
hello 
hello 
hello 
hello 
hello 
hello 
hello 
hello 
hello 
hello 
hello 
hello 
hello 
hello 
hello 
hello 
hello 
hello 
hello 
hello 
hello 
hello 
hello 
hello 
hello 
hello 
hello 
hello 
hello 
hello 
hello 
hello 
hello 
hello 
hello 
hello 
hello 
hello 
hello 
hello 
hello 
hello 
hello 
hello 
hello 
hello 
hello 
hello 
hello 
hello 
hello 
hello 
hello 
hello 
hello 
hello 
hello 
hello 
hello 
hello 
hello 
hello 
hello 
hello 
hello 
hello 
hello 
hello 
hello 
hello 
hello 
hello 
hello 
hello 
hello 
hello 
hello 
hello 
hello 
hello 
hello 
hello 
hello 
hello 
hello 
hello 
hello 
hello 
hello 
hello 
hello 
hello 
hello 
hello 
hello 
hello 
hello 
hello 
hello 
hello 
hello 
hello 
hello 
hello 
hello 
hello 
hello 
hello 
hello 
hello 
hello 
hello 
hello 
hello 
hello 
hello 
hello 
hello 
hello 
hello 
hello 
hello 
hello 
hello 
hello 
hello 
hello 
hello 
hello 
hello 
hello 
hello 
hello 
hello 
hello 
hello 
hello 
hello 
hello 
hello 
hello 
hello 
hello 
hello 
hello 
hello 
hello 
hello 
hello 
hello 
hello 
hello 
hello 
hello 
hello 
hello 
hello 
hello 
hello 
hello 
hello 
hello 
hello 
hello 
hello 
hello 
hello 
hello 
hello 
hello 
hello 
hello 
hello 
hello 
hello 
hello 
hello 
hello 
hello 
hello 
hello 
hello 
hello 
hello 
hello 
hello 
hello 
hello 
hello 
hello 
hello 
hello 
hello 
hello 
hello 
hello 
hello 
hello 
hello 
hello 
hello 
hello 
hello 
hello 
hello 
hello 
hello 
hello 
hello 
hello 
hello 
hello 
hello 
hello 
hello 
hello 
hello 
hello 
hello 
hello 
hello 
hello 
hello 
hello 
hello 
hello 
hello 
hello 
hello 
hello 
hello 
hello 
hello 
hello 
hello 
hello 
hello 
hello 
hello 
hello 
hello 
hello 
hello 
hello 
hello 
hello 
hello 
hello 
hello 
hello 
hello 
hello 
hello 
hello 
hello 
hello 
hello 
hello 
hello 
hello 
hello 
hello 
hello 
hello 
hello 
hello 
hello 
hello 
hello 
hello 
hello 
hello 
hello 
hello 
hello 
hello 
hello 
hello 
hello 
hello 
hello 
hello 
hello 
hello 
hello 
hello 
hello 
hello 
hello 
hello 
hello 
hello 
hello 
hello 
hello 
hello 
hello 
hello 
hello 
hello 
hello 
hello 
hello 
hello 
hello 
hello 
hello 
hello 
hello 
hello 
hello 
hello 
hello 
hello 
hello 
hello 
hello 
hello 
hello 
hello 
hello 
hello 
hello 
hello 
hello 
hello 
hello 
hello 
hello 
hello 
hello 
hello 
hello 
hello 
hello 
hello 
hello 
hello 
hello 
hello 
hello 
hello 
hello 
hello 
hello 
hello 
hello 
hello 
hello 
hello 
hello 
hello 
hello 
hello 
hello 
hello 
hello 
hello 
hello 
hello 
hello 
hello 
hello 
hello 
hello 
hello 
hello 
hello 
hello 
hello 
hello 
hello 
hello 
hello 
hello 
hello 
hello 
hello 
hello 
hello 
hello 
hello 
hello 
hello 
hello 
hello 
hello 
hello 
hello 
hello 
hello 
hello 
hello 
hello 
hello 
hello 
hello 
hello 
hello 
hello 
hello 
hello 
hello 
hello 
hello 
hello 
hello 
hello 
hello 
hello 
hello 
hello 
hello 
hello 
hello 
hello 
hello 
hello 
hello 
hello 
hello 
hello 
hello 
hello 
hello 
hello 
hello 
hello 
hello 
hello 
hello 
hello 
hello 
hello 
hello 
hello 
hello 
hello 
hello 
hello 
hello 
hello 
hello 
hello 
hello 
hello 
hello 
hello 
hello 
hello 
hello 
hello 
hello 
hello 
hello 
hello 
hello 
hello 
hello 
hello 
hello 
hello 
hello 
hello 
hello 
hello 
hello 
hello 
hello 
hello 
hello 
hello 
hello 
hello 
hello 
hello 
hello 
hello 
hello 
hello 
hello 
hello 
hello 
hello 
hello 
hello 
hello 
hello 
hello 
hello 
hello 
hello 
hello 
hello 
hello 
hello 
hello 
hello 
hello 
hello 
hello 
hello 
hello 
hello 
hello 
hello 
hello 
hello 
hello 
hello 
hello 
hello 
hello 
hello 
hello 
hello 
hello 
hello 
hello 
hello 
hello 
hello 
hello 
hello 
hello 
hello 
hello 
hello 
hello 
hello 
hello 
hello 
hello 
hello 
hello 
hello 
hello 
hello 
hello 
hello 
hello 
hello 
hello 
hello 
hello 
hello 
hello 
hello 
hello 
hello 
hello 
hello 
hello 
hello 
hello 
hello 
hello 
hello 
hello 
hello 
hello 
hello 
hello 
hello 
hello 
hello 
hello 
hello 
hello 
hello 
hello 
hello 
hello 
hello 
hello 
hello 
hello 
hello 
hello 
hello 
hello 
hello 
hello 
hello 
hello 
hello 
hello 
hello 
hello 
hello 
hello 
hello 
hello 
hello 
hello 
hello 
hello 
hello 
hello 
hello 
hello 
hello 
hello 
hello 
hello 
hello 
hello 
hello 
hello 
hello 
hello 
hello 
hello 
hello 
hello 
hello 
hello 
hello 
hello 
hello 
hello 
hello 
hello 
hello 
hello 
hello 
hello 
hello 
hello 
hello 
hello 
hello 
hello 
hello 
hello 
hello 
hello 
hello 
hello 
hello 
hello 
hello 
hello 
hello 
hello 
hello 
hello 
hello 
hello 
hello 
hello 
hello 
hello 
hello 
hello 
hello 
hello 
hello 
hello 
hello 
hello 
hello 
hello 
hello 
hello 
hello 
hello 
hello 
hello 
hello 
hello 
hello 
hello 
hello 
hello 
hello 
hello 
hello 
hello 
hello 
hello 
hello 
hello 
hello 
hello 
hello 
hello 
hello 
hello 
hello 
hello 
hello 
hello 
hello 
hello 
hello 
hello 
hello 
hello 
hello 
hello 
hello 
hello 
hello 
hello 
hello 
hello 
hello 
hello 
hello 
hello 
hello 
hello 
hello 
hello 
hello 
hello 
hello 
hello 
hello 
hello 
hello 
hello 
hello 
hello 
hello 
hello 
hello 
hello 
hello 
hello 
hello 
hello 
hello 
hello 
hello 
hello 
hello 
hello 
hello 
hello 
hello 
hello 
hello 
hello 
hello 
hello 
hello 
hello 
hello 
hello 
hello 
hello 
hello 
hello 
hello 
hello 
hello 
hello 
hello 
hello 
hello 
hello 
hello 
hello 
hello 
hello 
hello 
hello 
hello 
hello 
hello 
hello 
hello 
hello 
hello 
hello 
hello 
hello 
hello 
hello 
hello 
hello 
hello 
hello 
hello 
hello 
hello 
hello 
hello 
hello 
hello 
hello 
hello 
hello 
hello 
hello 
hello 
hello 
hello 
hello 
hello 
hello 
hello 
hello 
hello 
hello 
hello 
hello 
hello 
hello 
hello 
hello 
hello 
hello 
hello 
hello 
hello 
hello 
hello 
hello 
hello 
hello 
hello 
hello 
hello 
hello 
hello 
hello 
hello 
hello 
hello 
hello 
hello 
hello 
hello 
hello 
hello 
hello 
hello 
hello 
hello 
hello 
hello 
hello 
hello 
hello 
hello 
hello 
hello 
hello 
hello 
hello 
hello 
hello 
hello 
hello 
hello 
hello 
hello 
hello 
hello 
hello 
hello 
hello 
hello 
hello 
hello 
hello 
hello 
hello 
hello 
hello 
hello 
hello 
hello 
hello 
hello 
hello 
hello 
hello 
hello 
hello 
hello 
hello 
hello 
hello 
hello 
hello 
hello 
hello 
hello 
hello 
hello 
hello 
hello 
hello 
hello 
hello 
hello 
hello 
hello 
hello 
hello 
hello 
hello 
hello 
hello 
hello 
hello 
hello 
hello 
hello 
hello 
hello 
hello 
hello 
hello 
hello 
hello 
hello 
hello 
hello 
hello 
hello 
hello 
hello 
hello 
hello 
hello 
hello 
hello 
hello 
hello 
hello 
hello 
hello 
hello 
hello 
hello 
hello 
hello 
hello 
hello 
hello 
hello 
hello 
hello 
hello 
hello 
hello 
hello 
hello 
hello 
hello 
hello 
hello 
hello 
hello 
hello 
hello 
hello 
hello 
hello 
hello 
hello 
hello 
hello 
hello 
hello 
hello 
hello 
hello 
hello 
hello 
hello 
hello 
hello 
hello 
hello 
hello 
hello 
hello 
hello 
hello 
hello 
hello 
hello 
hello 
hello 
hello 
hello 
hello 
hello 
hello 
hello 
hello 
hello 
hello 
hello 
hello 
hello 
hello 
hello 
hello 
hello 
hello 
hello 
hello 
hello 
hello 
hello 
hello 
hello 
hello 
hello 
hello 
hello 
hello 
hello 
hello 
hello 
hello 
hello 
hello 
hello 
hello 
hello 
hello 
hello 
hello 
hello 
hello 
hello 
hello 
hello 
hello 
hello 
hello 
hello 
hello 
hello 
hello 
hello 
hello 
hello 
hello 
hello 
hello 
hello 
hello 
hello 
hello 
hello 
hello 
hello 
hello 
hello 
hello 
hello 
hello 
hello 
hello 
hello 
hello 
hello 
hello 
hello 
hello 
hello 
hello 
hello 
hello 
hello 
hello 
hello 
hello 
hello 
hello 
hello 
hello 
hello 
hello 
hello 
hello 
hello 
hello 
hello 
hello 
hello 
hello 
hello 
hello 
hello 
hello 
hello 
hello 
hello 
hello 
hello 
hello 
hello 
hello 
hello 
hello 
hello 
hello 
hello 
hello 
hello 
hello 
hello 
hello 
hello 
hello 
hello 
hello 
hello 
hello 
hello 
hello 
hello 
hello 
hello 
hello 
hello 
hello 
hello 
hello 
hello 
hello 
hello 
hello 
hello 
hello 
hello 
hello 
hello 
hello 
hello 
hello 
hello 
hello 
hello 
hello 
hello 
hello 
hello 
hello 
hello 
hello 
hello 
hello 
hello 
hello 
hello 
hello 
hello 
hello 
hello 
hello 
hello 
hello 
hello 
hello 
hello 
hello 
hello 
hello 
hello 
hello 
hello 
hello 
hello 
hello 
hello 
hello 
hello 
hello 
hello 
hello 
hello 
hello 
hello 
hello 
hello 
hello 
hello 
hello 
hello 
hello 
hello 
hello 
hello 
hello 
hello 
hello 
hello 
hello 
hello 
hello 
hello 
hello 
hello 
hello 
hello 
hello 
hello 
hello 
hello 
hello 
hello 
hello 
hello 
hello 
hello 
hello 
hello 
hello 
hello 
hello 
hello 
hello 
hello 
hello 
hello 
hello 
hello 
hello 
hello 
hello 
hello 
hello 
hello 
hello 
hello 
hello 
hello 
hello 
hello 
hello 
hello 
hello 
hello 
hello 
hello 
hello 
hello 
hello 
hello 
hello 
hello 
hello 
hello 
hello 
hello 
hello 
hello 
hello 
hello 
hello 
hello 
hello 
hello 
hello 
hello 
hello 
hello 
hello 
hello 
hello 
hello 
hello 
hello 
hello 
hello 
hello 
hello 
hello 
hello 
hello 
hello 
hello 
hello 
hello 
hello 
hello 
hello 
hello 
hello 
hello 
hello 
hello 
hello 
hello 
hello 
hello 
hello 
hello 
hello 
hello 
hello 
hello 
hello 
hello 
hello 
hello 
hello 
hello 
hello 
hello 
hello 
hello 
hello 
hello 
hello 
hello 
hello 
hello 
hello 
hello 
hello 
hello 
hello 
hello 
hello 
hello 
hello 
hello 
hello 
hello 
hello 
hello 
hello 
hello 
hello 
hello 
hello 
hello 
hello 
hello 
hello 
hello 
hello 
hello 
hello 
hello 
hello 
hello 
hello 
hello 
hello 
hello 
hello 
hello 
hello 
hello 
hello 
hello 
hello 
hello 
hello 
hello 
hello 
hello 
hello 
hello 
hello 
hello 
hello 
hello 
hello 
hello 
hello 
hello 
hello 
hello 
hello 
hello 
hello 
hello 
hello 
hello 
hello 
hello 
hello 
hello 
hello 
hello 
hello 
hello 
hello 
hello 
hello 
hello 
hello 
hello 
hello 
hello 
hello 
hello 
hello 
hello 
hello 
hello 
hello 
hello 
hello 
hello 
hello 
hello 
hello 
hello 
hello 
hello 
hello 
hello 
hello 
hello 
hello 
hello 
hello 
hello 
hello 
hello 
hello 
hello 
hello 
hello 
hello 
hello 
hello 
hello 
hello 
hello 
hello 
hello 
hello 
hello 
hello 
hello 
hello 
hello 
hello 
hello 
hello 
hello 
hello 
hello 
hello 
hello 
hello 
hello 
hello 
hello 
hello 
hello 
hello 
hello 
hello 
hello 
hello 
hello 
hello 
hello 
hello 
hello 
hello 
hello 
hello 
hello 
hello 
hello 
hello 
hello 
hello 
hello 
hello 
hello 
hello 
hello 
hello 
hello 
hello 
hello 
hello 
hello 
hello 
hello 
hello 
hello 
hello 
hello 
hello 
hello 
hello 
hello 
hello 
hello 
hello 
hello 
hello 
hello 
hello 
hello 
hello 
hello 
hello 
hello 
hello 
hello 
hello 
hello 
hello 
hello 
hello 
hello 
hello 
hello 
hello 
hello 
hello 
hello 
hello 
hello 
hello 
hello 
hello 
hello 
hello 
hello 
hello 
hello 
hello 
hello 
hello 
hello 
hello 
hello 
hello 
hello 
hello 
hello 
hello 
hello 
hello 
hello 
hello 
hello 
hello 
hello 
hello 
hello 
hello 
hello 
hello 
hello 
hello 
hello 
hello 
hello 
hello 
hello 
hello 
hello 
hello 
hello 
hello 
hello 
hello 
hello 
hello 
hello 
hello 
hello 
hello 
hello 
hello 
hello 
hello 
hello 
hello 
hello 
hello 
hello 
hello 
hello 
hello 
hello 
hello 
hello 
hello 
hello 
hello 
hello 
hello 
hello 
hello 
hello 
hello 
hello 
hello 
hello 
hello 
hello 
hello 
hello 
hello 
hello 
hello 
hello 
hello 
hello 
hello 
hello 
hello 
hello 
hello 
hello 
hello 
hello 
hello 
hello 
hello 
hello 
hello 
hello 
hello 
hello 
hello 
hello 
hello 
hello 
hello 
hello 
hello 
hello 
hello 
hello 
hello 
hello 
hello 
hello 
hello 
hello 
hello 
hello 
hello 
hello 
hello 
hello 
hello 
hello 
hello 
hello 
hello 
hello 
hello 
hello 
hello 
hello 
hello 
hello 
hello 
hello 
hello 
hello 
hello 
hello 
hello 
hello 
hello 
hello 
hello 
hello 
hello 
hello 
hello 
hello 
hello 
hello 
hello 
hello 
hello 
hello 
hello 
hello 
hello 
hello 
hello 
hello 
hello 
hello 
hello 
hello 
hello 
hello 
hello 
hello 
hello 
hello 
hello 
hello 
hello 
hello 
hello 
hello 
hello 
hello 
hello 
hello 
hello 
hello 
hello 
hello 
hello 
hello 
hello 
hello 
hello 
hello 
hello 
hello 
hello 
hello 
hello 
hello 
hello 
hello 
hello 
hello 
hello 
hello 
hello 
hello 
hello 
hello 
hello 
hello 
hello 
hello 
hello 
hello 
hello 
hello 
hello 
hello 
hello 
hello 
hello 
hello 
hello 
hello 
hello 
hello 
hello 
hello 
hello 
hello 
hello 
hello 
hello 
hello 
hello 
hello 
hello 
hello 
hello 
hello 
hello 
hello 
hello 
hello 
hello 
hello 
hello 
hello 
hello 
hello 
hello 
hello 
hello 
hello 
hello 
hello 
hello 
hello 
hello 
hello 
hello 
hello 
hello 
hello 
hello 
hello 
hello 
hello 
hello 
hello 
hello 
hello 
hello 
hello 
hello 
hello 
hello 
hello 
hello 
hello 
hello 
hello 
hello 
hello 
hello 
hello 
hello 
hello 
hello 
hello 
hello 
hello 
hello 
hello 
hello 
hello 
hello 
hello 
hello 
hello 
hello 
hello 
hello 
hello 
hello 
hello 
hello 
hello 
hello 
hello 
hello 
hello 
hello 
hello 
hello 
hello 
hello 
hello 
hello 
hello 
hello 
hello 
hello 
hello 
hello 
hello 
hello 
hello 
hello 
hello 
hello 
hello 
hello 
hello 
hello 
hello 
hello 
hello 
hello 
hello 
hello 
hello 
hello 
hello 
hello 
hello 
hello 
hello 
hello 
hello 
hello 
hello 
hello 
hello 
hello 
hello 
hello 
hello 
hello 
hello 
hello 
hello 
hello 
hello 
hello 
hello 
hello 
hello 
hello 
hello 
hello 
hello 
hello 
hello 
hello 
hello 
hello 
hello 
hello 
hello 
hello 
hello 
hello 
hello 
hello 
hello 
hello 
hello 
hello 
hello 
hello 
hello 
hello 
hello 
hello 
hello 
hello 
hello 
hello 
hello 
hello 
hello 
hello 
hello 
hello 
hello 
hello 
hello 
hello 
hello 
hello 
hello 
hello 
hello 
hello 
hello 
hello 
hello 
hello 
hello 
hello 
hello 
hello 
hello 
hello 
hello 
hello 
hello 
hello 
hello 
hello 
hello 
hello 
hello 
hello 
hello 
hello 
hello 
hello 
hello 
hello 
hello 
hello 
hello 
hello 
hello 
hello 
hello 
hello 
hello 
hello 
hello 
hello 
hello 
hello 
hello 
hello 
hello 
hello 
hello 
hello 
hello 
hello 
hello 
hello 
hello 
hello 
hello 
hello 
hello 
hello 
hello 
hello 
hello 
hello 
hello 
hello 
hello 
hello 
hello 
hello 
hello 
hello 
hello 
hello 
hello 
hello 
hello 
hello 
hello 
hello 
hello 
hello 
hello 
hello 
hello 
hello 
hello 
hello 
hello 
hello 
hello 
hello 
hello 
hello 
hello 
hello 
hello 
hello 
hello 
hello 
hello 
hello 
hello 
hello 
hello 
hello 
hello 
hello 
hello 
hello 
hello 
hello 
hello 
hello 
hello 
hello 
hello 
hello 
hello 
hello 
hello 
hello 
hello 
hello 
hello 
hello 
hello 
hello 
hello 
hello 
hello 
hello 
hello 
hello 
hello 
hello 
hello 
hello 
hello 
hello 
hello 
hello 
hello 
hello 
hello 
hello 
hello 
hello 
hello 
hello 
hello 
hello 
hello 
hello 
hello 
hello 
hello 
hello 
hello 
hello 
hello 
hello 
hello 
hello 
hello 
hello 
hello 
hello 
hello 
hello 
hello 
hello 
hello 
hello 
hello 
hello 
hello 
hello 
hello 
hello 
hello 
hello 
hello 
hello 
hello 
hello 
hello 
hello 
hello 
hello 
hello 
hello 
hello 
hello 
hello 
hello 
hello 
hello 
hello 
hello 
hello 
hello 
hello 
hello 
hello 
hello 
hello 
hello 
hello 
hello 
hello 
hello 
hello 
hello 
hello 
hello 
hello 
hello 
hello 
hello 
hello 
hello 
hello 
hello 
hello 
hello 
hello 
hello 
hello 
hello 
hello 
hello 
hello 
hello 
hello 
hello 
hello 
hello 
hello 
hello 
hello 
hello 
hello 
hello 
hello 
hello 
hello 
hello 
hello 
hello 
hello 
hello 
hello 
hello 
hello 
hello 
hello 
hello 
hello 
hello 
hello 
hello 
hello 
hello 
hello 
hello 
hello 
hello 
hello 
hello 
hello 
hello 
hello 
hello 
hello 
hello 
hello 
hello 
hello 
hello 
hello 
hello 
hello 
hello 
hello 
hello 
hello 
hello 
hello 
hello 
hello 
hello 
hello 
hello 
hello 
hello 
hello 
hello 
hello 
hello 
hello 
hello 
hello 
hello 
hello 
hello 
hello 
hello 
hello 
hello 
hello 
hello 
hello 
hello 
hello 
hello 
hello 
hello 
hello 
hello 
hello 
hello 
hello 
hello 
hello 
hello 
hello 
hello 
hello 
hello 
hello 
hello 
hello 
hello 
hello 
hello 
hello 
hello 
hello 
hello 
hello 
hello 
hello 
hello 
hello 
hello 
hello 
hello 
hello 
hello 
hello 
hello 
hello 
hello 
hello 
hello 
hello 
hello 
hello 
hello 
hello 
hello 
hello 
hello 
hello 
hello 
hello 
hello 
hello 
hello 
hello 
hello 
hello 
hello 
hello 
hello 
hello 
hello 
hello 
hello 
hello 
hello 
hello 
hello 
hello 
hello 
hello 
hello 
hello 
hello 
hello 
hello 
hello 
hello 
hello 
hello 
hello 
hello 
hello 
hello 
hello 
hello 
hello 
hello 
hello 
hello 
hello 
hello 
hello 
hello 
hello 
hello 
hello 
hello 
hello 
hello 
hello 
hello 
hello 
hello 
hello 
hello 
hello 
hello 
hello 
hello 
hello 
hello 
hello 
hello 
hello 
hello 
hello 
hello 
hello 
hello 
hello 
hello 
hello 
hello 
hello 
hello 
hello 
hello 
hello 
hello 
hello 
hello 
hello 
hello 
hello 
hello 
hello 
hello 
hello 
hello 
hello 
hello 
hello 
hello 
hello 
hello 
hello 
hello 
hello 
hello 
hello 
hello 
hello 
hello 
hello 
hello 
hello 
hello 
hello 
hello 
hello 
hello 
hello 
hello 
hello 
hello 
hello 
hello 
hello 
hello 
hello 
hello 
hello 
hello 
hello 
hello 
hello 
hello 
hello 
hello 
hello 
hello 
hello 
hello 
hello 
hello 
hello 
hello 
hello 
hello 
hello 
hello 
hello 
hello 
hello 
hello 
hello 
hello 
hello 
hello 
hello 
hello 
hello 
hello 
hello 
hello 
hello 
hello 
hello 
hello 
hello 
hello 
hello 
hello 
hello 
hello 
hello 
hello 
hello 
hello 
hello 
hello 
hello 
hello 
hello 
hello 
hello 
hello 
hello 
hello 
hello 
hello 
hello 
hello 
hello 
hello 
hello 
hello 
hello 
hello 
hello 
hello 
hello 
hello 
hello 
hello 
hello 
hello 
hello 
hello 
hello 
hello 
hello 
hello 
hello 
hello 
hello 
hello 
hello 
hello 
hello 
hello 
hello 
hello 
hello 
hello 
hello 
hello 
hello 
hello 
hello 
hello 
hello 
hello 
hello 
hello 
hello 
hello 
hello 
hello 
hello 
hello 
hello 
hello 
hello 
hello 
hello 
hello 
hello 
hello 
hello 
hello 
hello 
hello 
hello 
hello 
hello 
hello 
hello 
hello 
hello 
hello 
hello 
hello 
hello 
hello 
hello 
hello 
hello 
hello 
hello 
hello 
hello 
hello 
hello 
hello 
hello 
hello 
hello 
hello 
hello 
hello 
hello 
hello 
hello 
hello 
hello 
hello 
hello 
hello 
hello 
hello 
hello 
hello 
hello 
hello 
hello 
hello 
hello 
hello 
hello 
hello 
hello 
hello 
hello 
hello 
hello 
hello 
hello 
hello 
hello 
hello 
hello 
hello 
hello 
hello 
hello 
hello 
hello 
hello 
hello 
hello 
hello 
hello 
hello 
hello 
hello 
hello 
hello 
hello 
hello 
hello 
hello 
hello 
hello 
hello 
hello 
hello 
hello 
hello 
hello 
hello 
hello 
hello 
hello 
hello 
hello 
hello 
hello 
hello 
hello 
hello 
hello 
hello 
hello 
hello 
hello 
hello 
hello 
hello 
hello 
hello 
hello 
hello 
hello 
hello 
hello 
hello 
hello 
hello 
hello 
hello 
hello 
hello 
hello 
hello 
hello 
hello 
hello 
hello 
hello 
hello 
hello 
hello 
hello 
hello 
hello 
hello 
hello 
hello 
hello 
hello 
hello 
hello 
hello 
hello 
hello 
hello 
hello 
hello 
hello 
hello 
hello 
hello 
hello 
hello 
hello 
hello 
hello 
hello 
hello 
hello 
hello 
hello 
hello 
hello 
hello 
hello 
hello 
hello 
hello 
hello 
hello 
hello 
hello 
hello 
hello 
hello 
hello 
hello 
hello 
hello 
hello 
hello 
hello 
hello 
hello 
hello 
hello 
hello 
hello 
hello 
hello 
hello 
hello 
hello 
hello 
hello 
hello 
hello 
hello 
hello 
hello 
hello 
hello 
hello 
hello 
hello 
hello 
hello 
hello 
hello 
hello 
hello 
hello 
hello 
hello 
hello 
hello 
hello 
hello 
hello 
hello 
hello 
hello 
hello 
hello 
hello 
hello 
hello 
hello 
hello 
hello 
hello 
hello 
hello 
hello 
hello 
hello 
hello 
hello 
hello 
hello 
hello 
hello 
hello 
hello 
hello 
hello 
hello 
hello 
hello 
hello 
hello 
hello 
hello 
hello 
hello 
hello 
hello 
hello 
hello 
hello 
hello 
hello 
hello 
hello 
hello 
hello 
hello 
hello 
hello 
hello 
hello 
hello 
hello 
hello 
hello 
hello 
hello 
hello 
hello 
hello 
hello 
hello 
hello 
hello 
hello 
hello 
hello 
hello 
hello 
hello 
hello 
hello 
hello 
hello 
hello 
hello 
hello 
hello 
hello 
hello 
hello 
hello 
hello 
hello 
hello 
hello 
hello 
hello 
hello 
hello 
hello 
hello 
hello 
hello 
hello 
hello 
hello 
hello 
hello 
hello 
hello 
hello 
hello 
hello 
hello 
hello 
hello 
hello 
hello 
hello 
hello 
hello 
hello 
hello 
hello 
hello 
hello 
hello 
hello 
hello 
hello 
hello 
hello 
hello 
hello 
hello 
hello 
hello 
hello 
hello 
hello 
hello 
hello 
hello 
hello 
hello 
hello 
hello 
hello 
hello 
hello 
hello 
hello 
hello 
hello 
hello 
hello 
hello 
hello 
hello 
hello 
hello 
hello 
hello 
hello 
hello 
hello 
hello 
hello 
hello 
hello 
hello 
hello 
hello 
hello 
hello 
hello 
hello 
hello 
hello 
hello 
hello 
hello 
hello 
hello 
hello 
hello 
hello 
hello 
hello 
hello 
hello 
hello 
hello 
hello 
hello 
hello 
hello 
hello 
hello 
hello 
hello 
hello 
hello 
hello 
hello 
hello 
hello 
hello 
hello 
hello 
hello 
hello 
hello 
hello 
hello 
hello 
hello 
hello 
hello 
hello 
hello 
hello 
hello 
hello 
hello 
hello 
hello 
hello 
hello 
hello 
hello 
hello 
hello 
hello 
hello 
hello 
hello 
hello 
hello 
hello 
hello 
hello 
hello 
hello 
hello 
hello 
hello 
hello 
hello 
hello 
hello 
hello 
hello 
hello 
hello 
hello 
hello 
hello 
hello 
hello 
hello 
hello 
hello 
hello 
hello 
hello 
hello 
hello 
hello 
hello 
hello 
hello 
hello 
hello 
hello 
hello 
hello 
hello 
hello 
hello 
hello 
hello 
hello 
hello 
hello 
hello 
hello 
hello 
hello 
hello 
hello 
hello 
hello 
hello 
hello 
hello 
hello 
hello 
hello 
hello 
hello 
hello 
hello 
hello 
hello 
hello 
hello 
hello 
hello 
hello 
hello 
hello 
hello 
hello 
hello 
hello 
hello 
hello 
hello 
hello 
hello 
hello 
hello 
hello 
hello 
hello 
hello 
hello 
hello 
hello 
hello 
hello 
hello 
hello 
hello 
hello 
hello 
hello 
hello 
hello 
hello 
hello 
hello 
hello 
hello 
hello 
hello 
hello 
hello 
hello 
hello 
hello 
hello 
hello 
hello 
hello 
hello 
hello 
hello 
hello 
hello 
hello 
hello 
hello 
hello 
hello 
hello 
hello 
hello 
hello 
hello 
hello 
hello 
hello 
hello 
hello 
hello 
hello 
hello 
hello 
hello 
hello 
hello 
hello 
hello 
hello 
hello 
hello 
hello 
hello 
hello 
hello 
hello 
hello 
hello 
hello 
hello 
hello 
hello 
hello 
hello 
hello 
hello 
hello 
hello 
hello 
hello 
hello 
hello 
hello 
hello 
hello 
hello 
hello 
hello 
hello 
hello 
hello 
hello 
hello 
hello 
hello 
hello 
hello 
hello 
hello 
hello 
hello 
hello 
hello 
hello 
hello 
hello 
hello 
hello 
hello 
hello 
hello 
hello 
hello 
hello 
hello 
hello 
hello 
hello 
hello 
hello 
hello 
hello 
hello 
hello 
hello 
hello 
hello 
hello 
hello 
hello 
hello 
hello 
hello 
hello 
hello 
hello 
hello 
hello 
hello 
hello 
hello 
hello 
hello 
hello 
hello 
hello 
hello 
hello 
hello 
hello 
hello 
hello 
hello 
hello 
hello 
hello 
hello 
hello 
hello 
hello 
hello 
hello 
hello 
hello 
hello 
hello 
hello 
hello 
hello 
hello 
hello 
hello 
hello 
hello 
hello 
hello 
hello 
hello 
hello 
hello 
hello 
hello 
hello 
hello 
hello 
hello 
hello 
hello 
hello 
hello 
hello 
hello 
hello 
hello 
hello 
hello 
hello 
hello 
hello 
hello 
hello 
hello 
hello 
hello 
hello 
hello 
hello 
hello 
hello 
hello 
hello 
hello 
hello 
hello 
hello 
hello 
hello 
hello 
hello 
hello 
hello 
hello 
hello 
hello 
hello 
hello 
hello 
hello 
hello 
hello 
hello 
hello 
hello 
hello 
hello 
hello 
hello 
hello 
hello 
hello 
hello 
hello 
hello 
hello 
hello 
hello 
hello 
hello 
hello 
hello 
hello 
hello 
hello 
hello 
hello 
hello 
hello 
hello 
hello 
hello 
hello 
hello 
hello 
hello 
hello 
hello 
hello 
hello 
hello 
hello 
hello 
hello 
hello 
hello 
hello 
hello 
hello 
hello 
hello 
hello 
hello 
hello 
hello 
hello 
hello 
hello 
hello 
hello 
hello 
hello 
hello 
hello 
hello 
hello 
hello 
hello 
hello 
hello 
hello 
hello 
hello 
hello 
hello 
hello 
hello 
hello 
hello 
hello 
hello 
hello 
hello 
hello 
hello 
hello 
hello 
hello 
hello 
hello 
hello 
hello 
hello 
hello 
hello 
hello 
hello 
hello 
hello 
hello 
hello 
hello 
hello 
hello 
hello 
hello 
hello 
hello 
hello 
hello 
hello 
hello 
hello 
hello 
hello 
hello 
hello 
hello 
hello 
hello 
hello 
hello 
hello 
hello 
hello 
hello 
hello 
hello 
hello 
hello 
hello 
hello 
hello 
hello 
hello 
hello 
hello 
hello 
hello 
hello 
hello 
hello 
hello 
hello 
hello 
hello 
hello 
hello 
hello 
hello 
hello 
hello 
hello 
hello 
hello 
hello 
hello 
hello 
hello 
hello 
hello 
hello 
hello 
hello 
hello 
hello 
hello 
hello 
hello 
hello 
hello 
hello 
hello 
hello 
hello 
hello 
hello 
hello 
hello 
hello 
hello 
hello 
hello 
hello 
hello 
hello 
hello 
hello 
hello 
hello 
hello 
hello 
hello 
hello 
hello 
hello 
hello 
hello 
hello 
hello 
hello 
hello 
hello 
hello 
hello 
hello 
hello 
hello 
hello 
hello 
hello 
hello 
hello 
hello 
hello 
hello 
hello 
hello 
hello 
hello 
hello 
hello 
hello 
hello 
hello 
hello 
hello 
hello 
hello 
hello 
hello 
hello 
hello 
hello 
hello 
hello 
hello 
hello 
hello 
hello 
hello 
hello 
hello 
hello 
hello 
hello 
hello 
hello 
hello 
hello 
hello 
hello 
hello 
hello 
hello 
hello 
hello 
hello 
hello 
hello 
hello 
hello 
hello 
hello 
hello 
hello 
hello 
hello 
hello 
hello 
hello 
hello 
hello 
hello 
hello 
hello 
hello 
hello 
hello 
hello 
hello 
hello 
hello 
hello 
hello 
hello 
hello 
hello 
hello 
hello 
hello 
hello 
hello 
hello 
hello 
hello 
hello 
hello 
hello 
hello 
hello 
hello 
hello 
hello 
hello 
hello 
hello 
hello 
hello 
hello 
hello 
hello 
hello 
hello 
hello 
hello 
hello 
hello 
hello 
hello 
hello 
hello 
hello 
hello 
hello 
hello 
hello 
hello 
hello 
hello 
hello 
hello 
hello 
hello 
hello 
hello 
hello 
hello 
hello 
hello 
hello 
hello 
hello 
hello 
hello 
hello 
hello 
hello 
hello 
hello 
hello 
hello 
hello 
hello 
hello 
hello 
hello 
hello 
hello 
hello 
hello 
hello 
hello 
hello 
hello 
hello 
hello 
hello 
hello 
hello 
hello 
hello 
hello 
hello 
hello 
hello 
hello 
hello 
hello 
hello 
hello 
hello 
hello 
hello 
hello 
hello 
hello 
hello 
hello 
hello 
hello 
hello 
hello 
hello 
hello 
hello 
hello 
hello 
hello 
hello 
hello 
hello 
hello 
hello 
hello 
hello 
hello 
hello 
hello 
hello 
hello 
hello 
hello 
hello 
hello 
hello 
hello 
hello 
hello 
hello 
hello 
hello 
hello 
hello 
hello 
hello 
hello 
hello 
hello 
hello 
hello 
hello 
hello 
hello 
hello 
hello 
hello 
hello 
hello 
hello 
hello 
hello 
hello 
hello 
hello 
hello 
hello 
hello 
hello 
hello 
hello 
hello 
hello 
hello 
hello 
hello 
hello 
hello 
hello 
hello 
hello 
hello 
hello 
hello 
hello 
hello 
hello 
hello 
hello 
hello 
hello 
hello 
hello 
hello 
hello 
hello 
hello 
hello 
hello 
hello 
hello 
hello 
hello 
hello 
hello 
hello 
hello 
hello 
hello 
hello 
hello 
hello 
hello 
hello 
hello 
hello 
hello 
hello 
hello 
hello 
hello 
hello 
hello 
hello 
hello 
hello 
hello 
hello 
hello 
hello 
hello 
hello 
hello 
hello 
hello 
hello 
hello 
hello 
hello 
hello 
hello 
hello 
hello 
hello 
hello 
hello 
hello 
hello 
hello 
hello 
hello 
hello 
hello 
hello 
hello 
hello 
hello 
hello 
hello 
hello 
hello 
hello 
hello 
hello 
hello 
hello 
hello 
hello 
hello 
hello 
hello 
hello 
hello 
hello 
hello 
hello 
hello 
hello 
hello 
hello 
hello 
hello 
hello 
hello 
hello 
hello 
hello 
hello 
hello 
hello 
hello 
hello 
hello 
hello 
hello 
hello 
hello 
hello 
hello 
hello 
hello 
hello 
hello 
hello 
hello 
hello 
hello 
hello 
hello 
hello 
hello 
hello 
hello 
hello 
hello 
hello 
hello 
hello 
hello 
hello 
hello 
hello 
hello 
hello 
hello 
hello 
hello 
hello 
hello 
hello 
hello 
hello 
hello 
hello 
hello 
hello 
hello 
hello 
hello 
hello 
hello 
hello 
hello 
hello 
hello 
hello 
hello 
hello 
hello 
hello 
hello 
hello 
hello 
hello 
hello 
hello 
hello 
hello 
hello 
hello 
hello 
hello 
hello 
hello 
hello 
hello 
hello 
hello 
hello 
hello 
hello 
hello 
hello 
hello 
hello 
hello 
hello 
hello 
hello 
hello 
hello 
hello 
hello 
hello 
hello 
hello 
hello 
hello 
hello 
hello 
hello 
hello 
hello 
hello 
hello 
hello 
hello 
hello 
hello 
hello 
hello 
hello 
hello 
hello 
hello 
hello 
hello 
hello 
hello 
hello 
hello 
hello 
hello 
hello 
hello 
hello 
hello 
hello 
hello 
hello 
hello 
hello 
hello 
hello 
hello 
hello 
hello 
hello 
hello 
hello 
hello 
hello 
hello 
hello 
hello 
hello 
hello 
hello 
hello 
hello 
hello 
hello 
hello 
hello 
hello 
hello 
hello 
hello 
hello 
hello 
hello 
hello 
hello 
hello 
hello 
hello 
hello 
hello 
hello 
hello 
hello 
hello 
hello 
hello 
hello 
hello 
hello 
hello 
hello 
hello 
hello 
hello 
hello 
hello 
hello 
hello 
hello 
hello 
hello 
hello 
hello 
hello 
hello 
hello 
hello 
hello 
hello 
hello 
hello 
hello 
hello 
hello 
hello 
hello 
hello 
hello 
hello 
hello 
hello 
hello 
hello 
hello 
hello 
hello 
hello 
hello 
hello 
hello 
hello 
hello 
hello 
hello 
hello 
hello 
hello 
hello 
hello 
hello 
hello 
hello 
hello 
hello 
hello 
hello 
hello 
hello 
hello 
hello 
hello 
hello 
hello 
hello 
hello 
hello 
hello 
hello 
hello 
hello 
hello 
hello 
hello 
hello 
hello 
hello 
hello 
hello 
hello 
hello 
hello 
hello 
hello 
hello 
hello 
hello 
hello 
hello 
hello 
hello 
hello 
hello 
hello 
hello 
hello 
hello 
hello 
hello 
hello 
hello 
hello 
hello 
hello 
hello 
hello 
hello 
hello 
hello 
hello 
hello 
hello 
hello 
hello 
hello 
hello 
hello 
hello 
hello 
hello 
hello 
hello 
hello 
hello 
hello 
hello 
hello 
hello 
hello 
hello 
hello 
hello 
hello 
hello 
hello 
hello 
hello 
hello 
hello 
hello 
hello 
hello 
hello 
hello 
hello 
hello 
hello 
hello 
hello 
hello 
hello 
hello 
hello 
hello 
hello 
hello 
hello 
hello 
hello 
hello 
hello 
hello 
hello 
hello 
hello 
hello 
hello 
hello 
hello 
hello 
hello 
hello 
hello 
hello 
hello 
hello 
hello 
hello 
hello 
hello 
hello 
hello 
hello 
hello 
hello 
hello 
hello 
hello 
hello 
hello 
hello 
hello 
hello 
hello 
hello 
hello 
hello 
hello 
hello 
hello 
hello 
hello 
hello 
hello 
hello 
hello 
hello 
hello 
hello 
hello 
hello 
hello 
hello 
hello 
hello 
hello 
hello 
hello 
hello 
hello 
hello 
hello 
hello 
hello 
hello 
hello 
hello 
hello 
hello 
hello 
hello 
hello 
hello 
hello 
hello 
hello 
hello 
hello 
hello 
hello 
hello 
hello 
hello 
hello 
hello 
hello 
hello 
hello 
hello 
hello 
hello 
hello 
hello 
hello 
hello 
hello 
hello 
hello 
hello 
hello 
hello 
hello 
hello 
hello 
hello 
hello 
hello 
hello 
hello 
hello 
hello 
hello 
hello 
hello 
hello 
hello 
hello 
hello 
hello 
hello 
hello 
hello 
hello 
hello 
hello 
hello 
hello 
hello 
hello 
hello 
hello 
hello 
hello 
hello 
hello 
hello 
hello 
hello 
hello 
hello 
hello 
hello 
hello 
hello 
hello 
hello 
hello 
hello 
hello 
hello 
hello 
hello 
hello 
hello 
hello 
hello 
hello 
hello 
hello 
hello 
hello 
hello 
hello 
hello 
hello 
hello 
hello 
hello 
hello 
hello 
hello 
hello 
hello 
hello 
hello 
hello 
hello 
hello 
hello 
hello 
hello 
hello 
hello 
hello 
hello 
hello 
hello 
hello 
hello 
hello 
hello 
hello 
hello 
hello 
hello 
hello 
hello 
hello 
hello 
hello 
hello 
hello 
hello 
hello 
hello 
hello 
hello 
hello 
hello 
hello 
hello 
hello 
hello 
hello 
hello 
hello 
hello 
hello 
hello 
hello 
hello 
hello 
hello 
hello 
hello 
hello 
hello 
hello 
hello 
hello 
hello 
hello 
hello 
hello 
hello 
hello 
hello 
hello 
hello 
hello 
hello 
hello 
hello 
hello 
hello 
hello 
hello 
hello 
hello 
hello 
hello 
hello 
hello 
hello 
hello 
hello 
hello 
hello 
hello 
hello 
hello 
hello 
hello 
hello 
hello 
hello 
hello 
hello 
hello 
hello 
hello 
hello 
hello 
hello 
hello 
hello 
hello 
hello 
hello 
hello 
hello 
hello 
hello 
hello 
hello 
hello 
hello 
hello 
hello 
hello 
hello 
hello 
hello 
hello 
hello 
hello 
hello 
hello 
hello 
hello 
hello 
hello 
hello 
hello 
hello 
hello 
hello 
hello 
hello 
hello 
hello 
hello 
hello 
hello 
hello 
hello 
hello 
hello 
hello 
hello 
hello 
hello 
hello 
hello 
hello 
hello 
hello 
hello 
hello 
hello 
hello 
hello 
hello 
hello 
hello 
hello 
hello 
hello 
hello 
hello 
hello 
hello 
hello 
hello 
hello 
hello 
hello 
hello 
hello 
hello 
hello 
hello 
hello 
hello 
hello 
hello 
hello 
hello 
hello 
hello 
hello 
hello 
hello 
hello 
hello 
hello 
hello 
hello 
hello 
hello 
hello 
hello 
hello 
hello 
hello 
hello 
hello 
hello 
hello 
hello 
hello 
hello 
hello 
hello 
hello 
hello 
hello 
hello 
hello 
hello 
hello 
hello 
hello 
hello 
hello 
hello 
hello 
hello 
hello 
hello 
hello 
hello 
hello 
hello 
hello 
hello 
hello 
hello 
hello 
hello 
hello 
hello 
hello 
hello 
hello 
hello 
hello 
hello 
hello 
hello 
hello 
hello 
hello 
hello 
hello 
hello 
hello 
hello 
hello 
hello 
hello 
hello 
hello 
hello 
hello 
hello 
hello 
hello 
hello 
hello 
hello 
hello 
hello 
hello 
hello 
hello 
hello 
hello 
hello 
hello 
hello 
hello 
hello 
hello 
hello 
hello 
hello 
hello 
hello 
hello 
hello 
hello 
hello 
hello 
hello 
hello 
hello 
hello 
hello 
hello 
hello 
hello 
hello 
hello 
hello 
hello 
hello 
hello 
hello 
hello 
hello 
hello 
hello 
hello 
hello 
hello 
hello 
hello 
hello 
hello 
hello 
hello 
hello 
hello 
hello 
hello 
hello 
hello 
hello 
hello 
hello 
hello 
hello 
hello 
hello 
hello 
hello 
hello 
hello 
hello 
hello 
hello 
hello 
hello 
hello 
hello 
hello 
hello 
hello 
hello 
hello 
hello 
hello 
hello 
hello 
hello 
hello 
hello 
hello 
hello 
hello 
hello 
hello 
hello 
hello 
hello 
hello 
hello 
hello 
hello 
hello 
hello 
hello 
hello 
hello 
hello 
hello 
hello 
hello 
hello 
hello 
hello 
hello 
hello 
hello 
hello 
hello 
hello 
hello 
hello 
hello 
hello 
hello 
hello 
hello 
hello 
hello 
hello 
hello 
hello 
hello 
hello 
hello 
hello 
hello 
hello 
hello 
hello 
hello 
hello 
hello 
hello 
hello 
hello 
hello 
hello 
hello 
hello 
hello 
hello 
hello 
hello 
hello 
hello 
hello 
hello 
hello 
hello 
hello 
hello 
hello 
hello 
hello 
hello 
hello 
hello 
hello 
hello 
hello 
hello 
hello 
hello 
hello 
hello 
hello 
hello 
hello 
hello 
hello 
hello 
hello 
hello 
hello 
hello 
hello 
hello 
hello 
hello 
hello 
hello 
hello 
hello 
hello 
hello 
hello 
hello 
hello 
hello 
hello 
hello 
hello 
hello 
hello 
hello 
hello 
hello 
hello 
hello 
hello 
hello 
hello 
hello 
hello 
hello 
hello 
hello 
hello 
hello 
hello 
hello 
hello 
hello 
hello 
hello 
hello 
hello 
hello 
hello 
hello 
hello 
hello 
hello 
hello 
hello 
hello 
hello 
hello 
hello 
hello 
hello 
hello 
hello 
hello 
hello 
hello 
hello 
hello 
hello 
hello 
hello 
hello 
hello 
hello 
hello 
hello 
hello 
hello 
hello 
hello 
hello 
hello 
hello 
hello 
hello 
hello 
hello 
hello 
hello 
hello 
hello 
hello 
hello 
hello 
hello 
hello 
hello 
hello 
hello 
hello 
hello 
hello 
hello 
hello 
hello 
hello 
hello 
hello 
hello 
hello 
hello 
hello 
hello 
hello 
hello 
hello 
hello 
hello 
hello 
hello 
hello 
hello 
hello 
hello 
hello 
hello 
hello 
hello 
hello 
hello 
hello 
hello 
hello 
hello 
hello 
hello 
hello 
hello 
hello 
hello 
hello 
hello 
hello 
hello 
hello 
hello 
hello 
hello 
hello 
hello 
hello 
hello 
hello 
hello 
hello 
hello 
hello 
hello 
hello 
hello 
hello 
hello 
hello 
hello 
hello 
hello 
hello 
hello 
hello 
hello 
hello 
hello 
hello 
hello 
hello 
hello 
hello 
hello 
hello 
hello 
hello 
hello 
hello 
hello 
hello 
hello 
hello 
hello 
hello 
hello 
hello 
hello 
hello 
hello 
hello 
hello 
hello 
hello 
hello 
hello 
hello 
hello 
hello 
hello 
hello 
hello 
hello 
hello 
hello 
hello 
hello 
hello 
hello 
hello 
hello 
hello 
hello 
hello 
hello 
hello 
hello 
hello 
hello 
hello 
hello 
hello 
hello 
hello 
hello 
hello 
hello 
hello 
hello 
hello 
hello 
hello 
hello 
hello 
hello 
hello 
hello 
hello 
hello 
hello 
hello 
hello 
hello 
hello 
hello 
hello 
hello 
hello 
hello 
hello 
hello 
hello 
hello 
hello 
hello 
hello 
hello 
hello 
hello 
hello 
hello 
hello 
hello 
hello 
hello 
hello 
hello 
hello 
hello 
hello 
hello 
hello 
hello 
hello 
hello 
hello 
hello 
hello 
hello 
hello 
hello 
hello 
hello 
hello 
hello 
hello 
hello 
hello 
hello 
hello 
hello 
hello 
hello 
hello 
hello 
hello 
hello 
hello 
hello 
hello 
hello 
hello 
hello 
hello 
hello 
hello 
hello 
hello 
hello 
hello 
hello 
hello 
hello 
hello 
hello 
hello 
hello 
hello 
hello 
hello 
hello 
hello 
hello 
hello 
hello 
hello 
hello 
hello 
hello 
hello 
hello 
hello 
hello 
hello 
hello 
hello 
hello 
hello 
hello 
hello 
hello 
hello 
hello 
hello 
hello 
hello 
hello 
hello 
hello 
hello 
hello 
hello 
hello 
hello 
hello 
hello 
hello 
hello 
hello 
hello 
hello 
hello 
hello 
hello 
hello 
hello 
hello 
hello 
hello 
hello 
hello 
hello 
hello 
hello 
hello 
hello 
hello 
hello 
hello 
hello 
hello 
hello 
hello 
hello 
hello 
hello 
hello 
hello 
hello 
hello 
hello 
hello 
hello 
hello 
hello 
hello 
hello 
hello 
hello 
hello 
hello 
hello 
hello 
hello 
hello 
hello 
hello 
hello 
hello 
hello 
hello 
hello 
hello 
hello 
hello 
hello 
hello 
hello 
hello 
hello 
hello 
hello 
hello 
hello 
hello 
hello 
hello 
hello 
hello 
hello 
hello 
hello 
hello 
hello 
hello 
hello 
hello 
hello 
hello 
hello 
hello 
hello 
hello 
hello 
hello 
hello 
hello 
hello 
hello 
hello 
hello 
hello 
hello 
hello 
hello 
hello 
hello 
hello 
hello 
hello 
hello 
hello 
hello 
hello 
hello 
hello 
hello 
hello 
hello 
hello 
hello 
hello 
hello 
hello 
hello 
hello 
hello 
hello 
hello 
hello 
hello 
hello 
hello 
hello 
hello 
hello 
hello 
hello 
hello 
hello 
hello 
hello 
hello 
hello 
hello 
hello 
hello 
hello 
hello 
hello 
hello 
hello 
hello 
hello 
hello 
hello 
hello 
hello 
hello 
hello 
hello 
hello 
hello 
hello 
hello 
hello 
hello 
hello 
hello 
hello 
hello 
hello 
hello 
hello 
hello 
hello 
hello 
hello 
hello 
hello 
hello 
hello 
hello 
hello 
hello 
hello 
hello 
hello 
hello 
hello 
hello 
hello 
hello 
hello 
hello 
hello 
hello 
hello 
hello 
hello 
hello 
hello 
hello 
hello 
hello 
hello 
hello 
hello 
hello 
hello 
hello 
hello 
hello 
hello 
hello 
hello 
hello 
hello 
hello 
hello 
hello 
hello 
hello 
hello 
hello 
hello 
hello 
hello 
hello 
hello 
hello 
hello 
hello 
hello 
hello 
hello 
hello 
hello 
hello 
hello 
hello 
hello 
hello 
hello 
hello 
hello 
hello 
hello 
hello 
hello 
hello 
hello 
hello 
hello 
hello 
hello 
hello 
hello 
hello 
hello 
hello 
hello 
hello 
hello 
hello 
hello 
hello 
hello 
hello 
hello 
hello 
hello 
hello 
hello 
hello 
hello 
hello 
hello 
hello 
hello 
hello 
hello 
hello 
hello 
hello 
hello 
hello 
hello 
hello 
hello 
hello 
hello 
hello 
hello 
hello 
hello 
hello 
hello 
hello 
hello 
hello 
hello 
hello 
hello 
hello 
hello 
hello 
hello 
hello 
hello 
hello 
hello 
hello 
hello 
hello 
hello 
hello 
hello 
hello 
hello 
hello 
hello 
hello 
hello 
hello 
hello 
hello 
hello 
hello 
hello 
hello 
hello 
hello 
hello 
hello 
hello 
hello 
hello 
hello 
hello 
hello 
hello 
hello 
hello 
hello 
hello 
hello 
hello 
hello 
hello 
hello 
hello 
hello 
hello 
hello 
hello 
hello 
hello 
hello 
hello 
hello 
hello 
hello 
hello 
hello 
hello 
hello 
hello 
hello 
hello 
hello 
hello 
hello 
hello 
hello 
hello 
hello 
hello 
hello 
hello 
hello 
hello 
hello 
hello 
hello 
hello 
hello 
hello 
hello 
hello 
hello 
hello 
hello 
hello 
hello 
hello 
hello 
hello 
hello 
hello 
hello 
hello 
hello 
hello 
hello 
hello 
hello 
hello 
hello 
hello 
hello 
hello 
hello 
hello 
hello 
hello 
hello 
hello 
hello 
hello 
hello 
hello 
hello 
hello 
hello 
hello 
hello 
hello 
hello 
hello 
hello 
hello 
hello 
hello 
hello 
hello 
hello 
hello 
hello 
hello 
hello 
hello 
hello 
hello 
hello 
hello 
hello 
hello 
hello 
hello 
hello 
hello 
hello 
hello 
hello 
hello 
hello 
hello 
hello 
hello 
hello 
hello 
hello 
hello 
hello 
hello 
hello 
hello 
hello 
hello 
hello 
hello 
hello 
hello 
hello 
hello 
hello 
hello 
hello 
hello 
hello 
hello 
hello 
hello 
hello 
hello 
hello 
hello 
hello 
hello 
hello 
hello 
hello 
hello 
hello 
hello 
hello 
hello 
hello 
hello 
hello 
hello 
hello 
hello 
hello 
hello 
hello 
hello 
hello 
hello 
hello 
hello 
hello 
hello 
hello 
hello 
hello 
hello 
hello 
hello 
hello 
hello 
hello 
hello 
hello 
hello 
hello 
hello 
hello 
hello 
hello 
hello 
hello 
hello 
hello 
hello 
hello 
hello 
hello 
hello 
hello 
hello 
hello 
hello 
hello 
hello 
hello 
hello 
hello 
hello 
hello 
hello 
hello 
hello 
hello 
hello 
hello 
hello 
hello 
hello 
hello 
hello 
hello 
hello 
hello 
hello 
hello 
hello 
hello 
hello 
hello 
hello 
hello 
hello 
hello 
hello 
hello 
hello 
hello 
hello 
hello 
hello 
hello 
hello 
hello 
hello 
hello 
hello 
hello 
hello 
hello 
hello 
hello 
hello 
hello 
hello 
hello 
hello 
hello 
hello 
hello 
hello 
hello 
hello 
hello 
hello 
hello 
hello 
hello 
hello 
hello 
hello 
hello 
hello 
hello 
hello 
hello 
hello 
hello 
hello 
hello 
hello 
hello 
hello 
hello 
hello 
hello 
hello 
hello 
hello 
hello 
hello 
hello 
hello 
hello 
hello 
hello 
hello 
hello 
hello 
hello 
hello 
hello 
hello 
hello 
hello 
hello 
hello 
hello 
hello 
hello 
hello 
hello 
hello 
hello 
hello 
hello 
hello 
hello 
hello 
hello 
hello 
hello 
hello 
hello 
hello 
hello 
hello 
hello 
hello 
hello 
hello 
hello 
hello 
hello 
hello 
hello 
hello 
hello 
hello 
hello 
hello 
hello 
hello 
hello 
hello 
hello 
hello 
hello 
hello 
hello 
hello 
hello 
hello 
hello 
hello 
hello 
hello 
hello 
hello 
hello 
hello 
hello 
hello 
hello 
hello 
hello 
hello 
hello 
hello 
hello 
hello 
hello 
hello 
hello 
hello 
hello 
hello 
hello 
hello 
hello 
hello 
hello 
hello 
hello 
hello 
hello 
hello 
hello 
hello 
hello 
hello 
hello 
hello 
hello 
hello 
hello 
hello 
hello 
hello 
hello 
hello 
hello 
hello 
hello 
hello 
hello 
hello 
hello 
hello 
hello 
hello 
hello 
hello 
hello 
hello 
hello 
hello 
hello 
hello 
hello 
hello 
hello 
hello 
hello 
hello 
hello 
hello 
hello 
hello 
hello 
hello 
hello 
hello 
hello 
hello 
hello 
hello 
hello 
hello 
hello 
hello 
hello 
hello 
hello 
hello 
hello 
hello 
hello 
hello 
hello 
hello 
hello 
hello 
hello 
hello 
hello 
hello 
hello 
hello 
hello 
hello 
hello 
hello 
hello 
hello 
hello 
hello 
hello 
hello 
hello 
hello 
hello 
hello 
hello 
hello 
hello 
hello 
hello 
hello 
hello 
hello 
hello 
hello 
hello 
hello 
hello 
hello 
hello 
hello 
hello 
hello 
hello 
hello 
hello 
hello 
hello 
hello 
hello 
hello 
hello 
hello 
hello 
hello 
hello 
hello 
hello 
hello 
hello 
hello 
hello 
hello 
hello 
hello 
hello 
hello 
hello 
hello 
hello 
hello 
hello 
hello 
hello 
hello 
hello 
hello 
hello 
hello 
hello 
hello 
hello 
hello 
hello 
hello 
hello 
hello 
hello 
hello 
hello 
hello 
hello 
hello 
hello 
hello 
hello 
hello 
hello 
hello 
hello 
hello 
hello 
hello 
hello 
hello 
hello 
hello 
hello 
hello 
hello 
hello 
hello 
hello 
hello 
hello 
hello 
hello 
hello 
hello 
hello 
hello 
hello 
hello 
hello 
hello 
hello 
hello 
hello 
hello 
hello 
hello 
hello 
hello 
hello 
hello 
hello 
hello 
hello 
hello 
hello 
hello 
hello 
hello 
hello 
hello 
hello 
hello 
hello 
hello 
hello 
hello 
hello 
hello 
hello 
hello 
hello 
hello 
hello 
hello 
hello 
hello 
hello 
hello 
hello 
hello 
hello 
hello 
hello 
hello 
hello 
hello 
hello 
hello 
hello 
hello 
hello 
hello 
hello 
hello 
hello 
hello 
hello 
hello 
hello 
hello 
hello 
hello 
hello 
hello 
hello 
hello 
hello 
hello 
hello 
hello 
hello 
hello 
hello 
hello 
hello 
hello 
hello 
hello 
hello 
hello 
hello 
hello 
hello 
hello 
hello 
hello 
hello 
hello 
hello 
hello 
hello 
hello 
hello 
hello 
hello 
hello 
hello 
hello 
hello 
hello 
hello 
hello 
hello 
hello 
hello 
hello 
hello 
hello 
hello 
hello 
hello 
hello 
hello 
hello 
hello 
hello 
hello 
hello 
hello 
hello 
hello 
hello 
hello 
hello 
hello 
hello 
hello 
hello 
hello 
hello 
hello 
hello 
hello 
hello 
hello 
hello 
hello 
hello 
hello 
hello 
hello 
hello 
hello 
hello 
hello 
hello 
hello 
hello 
hello 
hello 
hello 
hello 
hello 
hello 
hello 
hello 
hello 
hello 
hello 
hello 
hello 
hello 
hello 
hello 
hello 
hello 
hello 
hello 
hello 
hello 
hello 
hello 
hello 
hello 
hello 
hello 
hello 
hello 
hello 
hello 
hello 
hello 
hello 
hello 
hello 
hello 
hello 
hello 
hello 
hello 
hello 
hello 
hello 
hello 
hello 
hello 
hello 
hello 
hello 
hello 
hello 
hello 
hello 
hello 
hello 
hello 
hello 
hello 
hello 
hello 
hello 
hello 
hello 
hello 
hello 
hello 
hello 
hello 
hello 
hello 
hello 
hello 
hello 
hello 
hello 
hello 
hello 
hello 
hello 
hello 
hello 
hello 
hello 
hello 
hello 
hello 
hello 
hello 
hello 
hello 
hello 
hello 
hello 
hello 
hello 
hello 
hello 
hello 
hello 
hello 
hello 
hello 
hello 
hello 
hello 
hello 
hello 
hello 
hello 
hello 
hello 
hello 
hello 
hello 
hello 
hello 
hello 
hello 
hello 
hello 
hello 
hello 
hello 
hello 
hello 
hello 
hello 
hello 
hello 
hello 
hello 
hello 
hello 
hello 
hello 
hello 
hello 
hello 
hello 
hello 
hello 
hello 
hello 
hello 
hello 
hello 
hello 
hello 
hello 
hello 
hello 
hello 
hello 
hello 
hello 
hello 
hello 
hello 
hello 
hello 
hello 
hello 
hello 
hello 
hello 
hello 
hello 
hello 
hello 
hello 
hello 
hello 
hello 
hello 
hello 
hello 
hello 
hello 
hello 
hello 
hello 
hello 
hello 
hello 
hello 
hello 
hello 
hello 
hello 
hello 
hello 
hello 
hello 
hello 
hello 
hello 
hello 
hello 
hello 
hello 
hello 
hello 
hello 
hello 
hello 
hello 
hello 
hello 
hello 
hello 
hello 
hello 
hello 
hello 
hello 
hello 
hello 
hello 
hello 
hello 
hello 
hello 
hello 
hello 
hello 
hello 
hello 
hello 
hello 
hello 
hello 
hello 
hello 
hello 
hello 
hello 
hello 
hello 
hello 
hello 
hello 
hello 
hello 
hello 
hello 
hello 
hello 
hello 
hello 
hello 
hello 
hello 
hello 
hello 
hello 
hello 
hello 
hello 
hello 
hello 
hello 
hello 
hello 
hello 
hello 
hello 
hello 
hello 
hello 
hello 
hello 
hello 
hello 
hello 
hello 
hello 
hello 
hello 
hello 
hello 
hello 
hello 
hello 
hello 
hello 
hello 
hello 
hello 
hello 
hello 
hello 
hello 
hello 
hello 
hello 
hello 
hello 
hello 
hello 
hello 
hello 
hello 
hello 
hello 
hello 
hello 
hello 
hello 
hello 
hello 
hello 
hello 
hello 
hello 
hello 
hello 
hello 
hello 
hello 
hello 
hello 
hello 
hello 
hello 
hello 
hello 
hello 
hello 
hello 
hello 
hello 
hello 
hello 
hello 
hello 
hello 
hello 
hello 
hello 
hello 
hello 
hello 
hello 
hello 
hello 
hello 
hello 
hello 
hello 
hello 
hello 
hello 
hello 
hello 
hello 
hello 
hello 
hello 
hello 
hello 
hello 
hello 
hello 
hello 
hello 
hello 
hello 
hello 
hello 
hello 
hello 
hello 
hello 
hello 
hello 
hello 
hello 
hello 
hello 
hello 
hello 
hello 
hello 
hello 
hello 
hello 
hello 
hello 
hello 
hello 
hello 
hello 
hello 
hello 
hello 
hello 
hello 
hello 
hello 
hello 
hello 
hello 
hello 
hello 
hello 
hello 
hello 
hello 
hello 
hello 
hello 
hello 
hello 
hello 
hello 
hello 
hello 
hello 
hello 
hello 
hello 
hello 
hello 
hello 
hello 
hello 
hello 
hello 
hello 
hello 
hello 
hello 
hello 
hello 
hello 
hello 
hello 
hello 
hello 
hello 
hello 
hello 
hello 
hello 
hello 
hello 
hello 
hello 
hello 
hello 
hello 
hello 
hello 
hello 
hello 
hello 
hello 
hello 
hello 
hello 
hello 
hello 
hello 
hello 
hello 
hello 
hello 
hello 
hello 
hello 
hello 
hello 
hello 
hello 
hello 
hello 
hello 
hello 
hello 
hello 
hello 
hello 
hello 
hello 
hello 
hello 
hello 
hello 
hello 
hello 
hello 
hello 
hello 
hello 
hello 
hello 
hello 
hello 
hello 
hello 
hello 
hello 
hello 
hello 
hello 
hello 
hello 
hello 
hello 
hello 
hello 
hello 
hello 
hello 
hello 
hello 
hello 
hello 
hello 
hello 
hello 
hello 
hello 
hello 
hello 
hello 
hello 
hello 
hello 
hello 
hello 
hello 
hello 
hello 
hello 
hello 
hello 
hello 
hello 
hello 
hello 
hello 
hello 
hello 
hello 
hello 
hello 
hello 
hello 
hello 
hello 
hello 
hello 
hello 
hello 
hello 
hello 
hello 
hello 
hello 
hello 
hello 
hello 
hello 
hello 
hello 
hello 
hello 
hello 
hello 
hello 
hello 
hello 
hello 
hello 
hello 
hello 
hello 
hello 
hello 
hello 
hello 
hello 
hello 
hello 
hello 
hello 
hello 
hello 
hello 
hello 
hello 
hello 
hello 
hello 
hello 
hello 
hello 
hello 
hello 
hello 
hello 
hello 
hello 
hello 
hello 
hello 
hello 
hello 
hello 
hello 
hello 
hello 
hello 
hello 
hello 
hello 
hello 
hello 
hello 
hello 
hello 
hello 
hello 
hello 
hello 
hello 
hello 
hello 
hello 
hello 
hello 
hello 
hello 
hello 
hello 
hello 
hello 
hello 
hello 
hello 
hello 
hello 
hello 
hello 
hello 
hello 
hello 
hello 
hello 
hello 
hello 
hello 
hello 
hello 
hello 
hello 
hello 
hello 
hello 
hello 
hello 
hello 
hello 
hello 
hello 
hello 
hello 
hello 
hello 
hello 
hello 
hello 
hello 
hello 
hello 
hello 
hello 
hello 
hello 
hello 
hello 
hello 
hello 
hello 
hello 
hello 
hello 
hello 
hello 
hello 
hello 
hello 
hello 
hello 
hello 
hello 
hello 
hello 
hello 
hello 
hello 
hello 
hello 
hello 
hello 
hello 
hello 
hello 
hello 
hello 
hello 
hello 
hello 
hello 
hello 
hello 
hello 
hello 
hello 
hello 
hello 
hello 
hello 
hello 
hello 
hello 
hello 
hello 
hello 
hello 
hello 
hello 
hello 
hello 
hello 
hello 
hello 
hello 
hello 
hello 
hello 
hello 
hello 
hello 
hello 
hello 
hello 
hello 
hello 
hello 
hello 
hello 
hello 
hello 
hello 
hello 
hello 
hello 
hello 
hello 
hello 
hello 
hello 
hello 
hello 
hello 
hello 
hello 
hello 
hello 
hello 
hello 
hello 
hello 
hello 
hello 
hello 
hello 
hello 
hello 
hello 
hello 
hello 
hello 
hello 
hello 
hello 
hello 
hello 
hello 
hello 
hello 
hello 
hello 
hello 
hello 
hello 
hello 
hello 
hello 
hello 
hello 
hello 
hello 
hello 
hello 
hello 
hello 
hello 
hello 
hello 
hello 
hello 
hello 
hello 
hello 
hello 
hello 
hello 
hello 
hello 
hello 
hello 
hello 
hello 
hello 
hello 
hello 
hello 
hello 
hello 
hello 
hello 
hello 
hello 
hello 
hello 
hello 
hello 
hello 
hello 
hello 
hello 
hello 
hello 
hello 
hello 
hello 
hello 
hello 
hello 
hello 
hello 
hello 
hello 
hello 
hello 
hello 
hello 
hello 
hello 
hello 
hello 
hello 
hello 
hello 
hello 
hello 
hello 
hello 
hello 
hello 
hello 
hello 
hello 
hello 
hello 
hello 
hello 
hello 
hello 
hello 
hello 
hello 
hello 
hello 
hello 
hello 
hello 
hello 
hello 
hello 
hello 
hello 
hello 
hello 
hello 
hello 
hello 
hello 
hello 
hello 
hello 
hello 
hello 
hello 
hello 
hello 
hello 
hello 
hello 
hello 
hello 
hello 
hello 
hello 
hello 
hello 
hello 
hello 
hello 
hello 
hello 
hello 
hello 
hello 
hello 
hello 
hello 
hello 
hello 
hello 
hello 
hello 
hello 
hello 
hello 
hello 
hello 
hello 
hello 
hello 
hello 
hello 
hello 
hello 
hello 
hello 
hello 
hello 
hello 
hello 
hello 
hello 
hello 
hello 
hello 
hello 
hello 
hello 
hello 
hello 
hello 
hello 
hello 
hello 
hello 
hello 
hello 
hello 
hello 
hello 
hello 
hello 
hello 
hello 
hello 
hello 
hello 
hello 
hello 
hello 
hello 
hello 
hello 
hello 
hello 
hello 
hello 
hello 
hello 
hello 
hello 
hello 
hello 
hello 
hello 
hello 
hello 
hello 
hello 
hello 
hello 
hello 
hello 
hello 
hello 
hello 
hello 
hello 
hello 
hello 
hello 
hello 
hello 
hello 
hello 
hello 
hello 
hello 
hello 
hello 
hello 
hello 
hello 
hello 
hello 
hello 
hello 
hello 
hello 
hello 
hello 
hello 
hello 
hello 
hello 
hello 
hello 
hello 
hello 
hello 
hello 
hello 
hello 
hello 
hello 
hello 
hello 
hello 
hello 
hello 
hello 
hello 
hello 
hello 
hello 
hello 
hello 
hello 
hello 
hello 
hello 
hello 
hello 
hello 
hello 
hello 
hello 
hello 
hello 
hello 
hello 
hello 
hello 
hello 
hello 
hello 
hello 
hello 
hello 
hello 
hello 
hello 
hello 
hello 
hello 
hello 
hello 
hello 
hello 
hello 
hello 
hello 
hello 
hello 
hello 
hello 
hello 
hello 
hello 
hello 
hello 
hello 
hello 
hello 
hello 
hello 
hello 
hello 
hello 
hello 
hello 
hello 
hello 
hello 
hello 
hello 
hello 
hello 
hello 
hello 
hello 
hello 
hello 
hello 
hello 
hello 
hello 
hello 
hello 
hello 
hello 
hello 
hello 
hello 
hello 
hello 
hello 
hello 
hello 
hello 
hello 
hello 
hello 
hello 
hello 
hello 
hello 
hello 
hello 
hello 
hello 
hello 
hello 
hello 
hello 
hello 
hello 
hello 
hello 
hello 
hello 
hello 
hello 
hello 
hello 
hello 
hello 
hello 
hello 
hello 
hello 
hello 
hello 
hello 
hello 
hello 
hello 
hello 
hello 
hello 
hello 
hello 
hello 
hello 
hello 
hello 
hello 
hello 
hello 
hello 
hello 
hello 
hello 
hello 
hello 
hello 
hello 
hello 
hello 
hello 
hello 
hello 
hello 
hello 
hello 
hello 
hello 
hello 
hello 
hello 
hello 
hello 
hello 
hello 
hello 
hello 
hello 
hello 
hello 
hello 
hello 
hello 
hello 
hello 
hello 
hello 
hello 
hello 
hello 
hello 
hello 
hello 
hello 
hello 
hello 
hello 
hello 
hello 
hello 
hello 
hello 
hello 
hello 
hello 
hello 
hello 
hello 
hello 
hello 
hello 
hello 
hello 
hello 
hello 
hello 
hello 
hello 
hello 
hello 
hello 
hello 
hello 
hello 
hello 
hello 
hello 
hello 
hello 
hello 
hello 
hello 
hello 
hello 
hello 
hello 
hello 
hello 
hello 
hello 
hello 
hello 
hello 
hello 
hello 
hello 
hello 
hello 
hello 
hello 
hello 
hello 
hello 
hello 
hello 
hello 
hello 
hello 
hello 
hello 
hello 
hello 
hello 
hello 
hello 
hello 
hello 
hello 
hello 
hello 
hello 
hello 
hello 
hello 
hello 
hello 
hello 
hello 
hello 
hello 
hello 
hello 
hello 
hello 
hello 
hello 
hello 
hello 
hello 
hello 
hello 
hello 
hello 
hello 
hello 
hello 
hello 
hello 
hello 
hello 
hello 
hello 
hello 
hello 
hello 
hello 
hello 
hello 
hello 
hello 
hello 
hello 
hello 
hello 
hello 
hello 
hello 
hello 
hello 
hello 
hello 
hello 
hello 
hello 
hello 
hello 
hello 
hello 
hello 
hello 
hello 
hello 
hello 
hello 
hello 
hello 
hello 
hello 
hello 
hello 
hello 
hello 
hello 
hello 
hello 
hello 
hello 
hello 
hello 
hello 
hello 
hello 
hello 
hello 
hello 
hello 
hello 
hello 
hello 
hello 
hello 
hello 
hello 
hello 
hello 
hello 
hello 
hello 
hello 
hello 
hello 
hello 
hello 
hello 
hello 
hello 
hello 
hello 
hello 
hello 
hello 
hello 
hello 
hello 
hello 
hello 
hello 
hello 
hello 
hello 
hello 
hello 
hello 
hello 
hello 
hello 
hello 
hello 
hello 
hello 
hello 
hello 
hello 
hello 
hello 
hello 
hello 
hello 
hello 
hello 
hello 
hello 
hello 
hello 
hello 
hello 
hello 
hello 
hello 
hello 
hello 
hello 
hello 
hello 
hello 
hello 
hello 
hello 
hello 
hello 
hello 
hello 
hello 
hello 
hello 
hello 
hello 
hello 
hello 
hello 
hello 
hello 
hello 
hello 
hello 
hello 
hello 
hello 
hello 
hello 
hello 
hello 
hello 
hello 
hello 
hello 
hello 
hello 
hello 
hello 
hello 
hello 
hello 
hello 
hello 
hello 
hello 
hello 
hello 
hello 
hello 
hello 
hello 
hello 
hello 
hello 
hello 
hello 
hello 
hello 
hello 
hello 
hello 
hello 
hello 
hello 
hello 
hello 
hello 
hello 
hello 
hello 
hello 
hello 
hello 
hello 
hello 
hello 
hello 
hello 
hello 
hello 
hello 
hello 
hello 
hello 
hello 
hello 
hello 
hello 
hello 
hello 
hello 
hello 
hello 
hello 
hello 
hello 
hello 
hello 
hello 
hello 
hello 
hello 
hello 
hello 
hello 
hello 
hello 
hello 
hello 
hello 
hello 
hello 
hello 
hello 
hello 
hello 
hello 
hello 
hello 
hello 
hello 
hello 
hello 
hello 
hello 
hello 
hello 
hello 
hello 
hello 
hello 
hello 
hello 
hello 
hello 
hello 
hello 
hello 
hello 
hello 
hello 
hello 
hello 
hello 
hello 
hello 
hello 
hello 
hello 
hello 
hello 
hello 
hello 
hello 
hello 
hello 
hello 
hello 
hello 
hello 
hello 
hello 
hello 
hello 
hello 
hello 
hello 
hello 
hello 
hello 
hello 
hello 
hello 
hello 
hello 
hello 
hello 
hello 
hello 
hello 
hello 
hello 
hello 
hello 
hello 
hello 
hello 
hello 
hello 
hello 
hello 
hello 
hello 
hello 
hello 
hello 
hello 
hello 
hello 
hello 
hello 
hello 
hello 
hello 
hello 
hello 
hello 
hello 
hello 
hello 
hello 
hello 
hello 
hello 
hello 
hello 
hello 
hello 
hello 
hello 
hello 
hello 
hello 
hello 
hello 
hello 
hello 
hello 
hello 
hello 
hello 
hello 
hello 
hello 
hello 
hello 
hello 
hello 
hello 
hello 
hello 
hello 
hello 
hello 
hello 
hello 
hello 
hello 
hello 
hello 
hello 
hello 
hello 
hello 
hello 
hello 
hello 
hello 
hello 
hello 
hello 
hello 
hello 
hello 
hello 
hello 
hello 
hello 
hello 
hello 
hello 
hello 
hello 
hello 
hello 
hello 
hello 
hello 
hello 
hello 
hello 
hello 
hello 
hello 
hello 
hello 
hello 
hello 
hello 
hello 
hello 
hello 
hello 
hello 
hello 
hello 
hello 
hello 
hello 
hello 
hello 
hello 
hello 
hello 
hello 
hello 
hello 
hello 
hello 
hello 
hello 
hello 
hello 
hello 
hello 
hello 
hello 
hello 
hello 
hello 
hello 
hello 
hello 
hello 
hello 
hello 
hello 
hello 
hello 
hello 
hello 
hello 
hello 
hello 
hello 
hello 
hello 
hello 
hello 
hello 
hello 
hello 
hello 
hello 
hello 
hello 
hello 
hello 
hello 
hello 
hello 
hello 
hello 
hello 
hello 
hello 
hello 
hello 
hello 
hello 
hello 
hello 
hello 
hello 
hello 
hello 
hello 
hello 
hello 
hello 
hello 
hello 
hello 
hello 
hello 
hello 
hello 
hello 
hello 
hello 
hello 
hello 
hello 
hello 
hello 
hello 
hello 
hello 
hello 
hello 
hello 
hello 
hello 
hello 
hello 
hello 
hello 
hello 
hello 
hello 
hello 
hello 
hello 
hello 
hello 
hello 
hello 
hello 
hello 
hello 
hello 
hello 
hello 
hello 
hello 
hello 
hello 
hello 
hello 
hello 
hello 
hello 
hello 
hello 
hello 
hello 
hello 
hello 
hello 
hello 
hello 
hello 
hello 
hello 
hello 
hello 
hello 
hello 
hello 
hello 
hello 
hello 
hello 
hello 
hello 
hello 
hello 
hello 
hello 
hello 
hello 
hello 
hello 
hello 
hello 
hello 
hello 
hello 
hello 
hello 
hello 
hello 
hello 
hello 
hello 
hello 
hello 
hello 
hello 
hello 
hello 
hello 
hello 
hello 
hello 
hello 
hello 
hello 
hello 
hello 
hello 
hello 
hello 
hello 
hello 
hello 
hello 
hello 
hello 
hello 
hello 
hello 
hello 
hello 
hello 
hello 
hello 
hello 
hello 
hello 
hello 
hello 
hello 
hello 
hello 
hello 
hello 
hello 
hello 
hello 
hello 
hello 
hello 
hello 
hello 
hello 
hello 
hello 
hello 
hello 
hello 
hello 
hello 
hello 
hello 
hello 
hello 
hello 
hello 
hello 
hello 
hello 
hello 
hello 
hello 
hello 
hello 
hello 
hello 
hello 
hello 
hello 
hello 
hello 
hello 
hello 
hello 
hello 
hello 
hello 
hello 
hello 
hello 
hello 
hello 
hello 
hello 
hello 
hello 
hello 
hello 
hello 
hello 
hello 
hello 
hello 
hello 
hello 
hello 
hello 
hello 
hello 
hello 
hello 
hello 
hello 
hello 
hello 
hello 
hello 
hello 
hello 
hello 
hello 
hello 
hello 
hello 
hello 
hello 
hello 
hello 
hello 
hello 
hello 
hello 
hello 
hello 
hello 
hello 
hello 
hello 
hello 
hello 
hello 
hello 
hello 
hello 
hello 
hello 
hello 
hello 
hello 
hello 
hello 
hello 
hello 
hello 
hello 
hello 
hello 
hello 
hello 
hello 
hello 
hello 
hello 
hello 
hello 
hello 
hello 
hello 
hello 
hello 
hello 
hello 
hello 
hello 
hello 
hello 
hello 
hello 
hello 
hello 
hello 
hello 
hello 
hello 
hello 
hello 
hello 
hello 
hello 
hello 
hello 
hello 
hello 
hello 
hello 
hello 
hello 
hello 
hello 
hello 
hello 
hello 
hello 
hello 
hello 
hello 
hello 
hello 
hello 
hello 
hello 
hello 
hello 
hello 
hello 
hello 
hello 
hello 
hello 
hello 
hello 
hello 
hello 
hello 
hello 
hello 
hello 
hello 
hello 
hello 
hello 
hello 
hello 
hello 
hello 
hello 
hello 
hello 
hello 
hello 
hello 
hello 
hello 
hello 
hello 
hello 
hello 
hello 
hello 
hello 
hello 
hello 
hello 
hello 
hello 
hello 
hello 
hello 
hello 
hello 
hello 
hello 
hello 
hello 
hello 
hello 
hello 
hello 
hello 
hello 
hello 
hello 
hello 
hello 
hello 
hello 
hello 
hello 
hello 
hello 
hello 
hello 
hello 
hello 
hello 
hello 
hello 
hello 
hello 
hello 
hello 
hello 
hello 
hello 
hello 
hello 
hello 
hello 
hello 
hello 
hello 
hello 
hello 
hello 
hello 
hello 
hello 
hello 
hello 
hello 
hello 
hello 
hello 
hello 
hello 
hello 
hello 
hello 
hello 
hello 
hello 
hello 
hello 
hello 
hello 
hello 
hello 
hello 
hello 
hello 
hello 
hello 
hello 
hello 
hello 
hello 
hello 
hello 
hello 
hello 
hello 
hello 
hello 
hello 
hello 
hello 
hello 
hello 
hello 
hello 
hello 
hello 
hello 
hello 
hello 
hello 
hello 
hello 
hello 
hello 
hello 
hello 
hello 
hello 
hello 
hello 
hello 
hello 
hello 
hello 
hello 
hello 
hello 
hello 
hello 
hello 
hello 
hello 
hello 
hello 
hello 
hello 
hello 
hello 
hello 
hello 
hello 
hello 
hello 
hello 
hello 
hello 
hello 
hello 
hello 
hello 
hello 
hello 
hello 
hello 
hello 
hello 
hello 
hello 
hello 
hello 
hello 
hello 
hello 
hello 
hello 
hello 
hello 
hello 
hello 
hello 
hello 
hello 
hello 
hello 
hello 
hello 
hello 
hello 
hello 
hello 
hello 
hello 
hello 
hello 
hello 
hello 
hello 
hello 
hello 
hello 
hello 
hello 
hello 
hello 
hello 
hello 
hello 
hello 
hello 
hello 
hello 
hello 
hello 
hello 
hello 
hello 
hello 
hello 
hello 
hello 
hello 
hello 
hello 
hello 
hello 
hello 
hello 
hello 
hello 
hello 
hello 
hello 
hello 
hello 
hello 
hello 
hello 
hello 
hello 
hello 
hello 
hello 
hello 
hello 
hello 
hello 
hello 
hello 
hello 
hello 
hello 
hello 
hello 
hello 
hello 
hello 
hello 
hello 
hello 
hello 
hello 
hello 
hello 
hello 
hello 
hello 
hello 
hello 
hello 
hello 
hello 
hello 
hello 
hello 
hello 
hello 
hello 
hello 
hello 
hello 
hello 
hello 
hello 
hello 
hello 
hello 
hello 
hello 
hello 
hello 
hello 
hello 
hello 
hello 
hello 
hello 
hello 
hello 
hello 
hello 
hello 
hello 
hello 
hello 
hello 
hello 
hello 
hello 
hello 
hello 
hello 
hello 
hello 
hello 
hello 
hello 
hello 
hello 
hello 
hello 
hello 
hello 
hello 
hello 
hello 
hello 
hello 
hello 
hello 
hello 
hello 
hello 
hello 
hello 
hello 
hello 
hello 
hello 
hello 
hello 
hello 
hello 
hello 
hello 
hello 
hello 
hello 
hello 
hello 
hello 
hello 
hello 
hello 
hello 
hello 
hello 
hello 
hello 
hello 
hello 
hello 
hello 
hello 
hello 
hello 
hello 
hello 
hello 
hello 
hello 
hello 
hello 
hello 
hello 
hello 
hello 
hello 
hello 
hello 
hello 
hello 
hello 
hello 
hello 
hello 
hello 
hello 
hello 
hello 
hello 
hello 
hello 
hello 
hello 
hello 
hello 
hello 
hello 
hello 
hello 
hello 
hello 
hello 
hello 
hello 
hello 
hello 
hello 
hello 
hello 
hello 
hello 
hello 
hello 
hello 
hello 
hello 
hello 
hello 
hello 
hello 
hello 
hello 
hello 
hello 
hello 
hello 
hello 
hello 
hello 
hello 
hello 
hello 
hello 
hello 
hello 
hello 
hello 
hello 
hello 
hello 
hello 
hello 
hello 
hello 
hello 
hello 
hello 
hello 
hello 
hello 
hello 
hello 
hello 
hello 
hello 
hello 
hello 
hello 
hello 
hello 
hello 
hello 
hello 
hello 
hello 
hello 
hello 
hello 
hello 
hello 
hello 
hello 
hello 
hello 
hello 
hello 
hello 
hello 
hello 
hello 
hello 
hello 
hello 
hello 
hello 
hello 
hello 
hello 
hello 
hello 
hello 
hello 
hello 
hello 
hello 
hello 
hello 
hello 
hello 
hello 
hello 
hello 
hello 
hello 
hello 
hello 
hello 
hello 
hello 
hello 
hello 
hello 
hello 
hello 
hello 
hello 
hello 
hello 
hello 
hello 
hello 
hello 
hello 
hello 
hello 
hello 
hello 
hello 
hello 
hello 
hello 
hello 
hello 
hello 
hello 
hello 
hello 
hello 
hello 
hello 
hello 
hello 
hello 
hello 
hello 
hello 
hello 
hello 
hello 
hello 
hello 
hello 
hello 
hello 
hello 
hello 
hello 
hello 
hello 
hello 
hello 
hello 
hello 
hello 
hello 
hello 
hello 
hello 
hello 
hello 
hello 
hello 
hello 
hello 
hello 
hello 
hello 
hello 
hello 
hello 
hello 
hello 
hello 
hello 
hello 
hello 
hello 
hello 
hello 
hello 
hello 
hello 
hello 
hello 
hello 
hello 
hello 
hello 
hello 
hello 
hello 
hello 
hello 
hello 
hello 
hello 
hello 
hello 
hello 
hello 
hello 
hello 
hello 
hello 
hello 
hello 
hello 
hello 
hello 
hello 
hello 
hello 
hello 
hello 
hello 
hello 
hello 
hello 
hello 
hello 
hello 
hello 
hello 
hello 
hello 
hello 
hello 
hello 
hello 
hello 
hello 
hello 
hello 
hello 
hello 
hello 
hello 
hello 
hello 
hello 
hello 
hello 
hello 
hello 
hello 
hello 
hello 
hello 
hello 
hello 
hello 
hello 
hello 
hello 
hello 
hello 
hello 
hello 
hello 
hello 
hello 
hello 
hello 
hello 
hello 
hello 
hello 
hello 
hello 
hello 
hello 
hello 
hello 
hello 
hello 
hello 
hello 
hello 
hello 
hello 
hello 
hello 
hello 
hello 
hello 
hello 
hello 
hello 
hello 
hello 
hello 
hello 
hello 
hello 
hello 
hello 
hello 
hello 
hello 
hello 
hello 
hello 
hello 
hello 
hello 
hello 
hello 
hello 
hello 
hello 
hello 
hello 
hello 
hello 
hello 
hello 
hello 
hello 
hello 
hello 
hello 
hello 
hello 
hello 
hello 
hello 
hello 
hello 
hello 
hello 
hello 
hello 
hello 
hello 
hello 
hello 
hello 
hello 
hello 
hello 
hello 
hello 
hello 
hello 
hello 
hello 
hello 
hello 
hello 
hello 
hello 
hello 
hello 
hello 
hello 
hello 
hello 
hello 
hello 
hello 
hello 
hello 
hello 
hello 
hello 
hello 
hello 
hello 
hello 
hello 
hello 
hello 
hello 
hello 
hello 
hello 
hello 
hello 
hello 
hello 
hello 
hello 
hello 
hello 
hello 
hello 
hello 
hello 
hello 
hello 
hello 
hello 
hello 
hello 
hello 
hello 
hello 
hello 
hello 
hello 
hello 
hello 
hello 
hello 
hello 
hello 
hello 
hello 
hello 
hello 
hello 
hello 
hello 
hello 
hello 
hello 
hello 
hello 
hello 
hello 
hello 
hello 
hello 
hello 
hello 
hello 
hello 
hello 
hello 
hello 
hello 
hello 
hello 
hello 
hello 
hello 
hello 
hello 
hello 
hello 
hello 
hello 
hello 
hello 
hello 
hello 
hello 
hello 
hello 
hello 
hello 
hello 
hello 
hello 
hello 
hello 
hello 
hello 
hello 
hello 
hello 
hello 
hello 
hello 
hello 
hello 
hello 
hello 
hello 
hello 
hello 
hello 
hello 
hello 
hello 
hello 
hello 
hello 
hello 
hello 
hello 
hello 
hello 
hello 
hello 
hello 
hello 
hello 
hello 
hello 
hello 
hello 
hello 
hello 
hello 
hello 
hello 
hello 
hello 
hello 
hello 
hello 
hello 
hello 
hello 
hello 
hello 
hello 
hello 
hello 
hello 
hello 
hello 
hello 
hello 
hello 
hello 
hello 
hello 
hello 
hello 
hello 
hello 
hello 
hello 
hello 
hello 
hello 
hello 
hello 
hello 
hello 
hello 
hello 
hello 
hello 
hello 
hello 
hello 
hello 
hello 
hello 
hello 
hello 
hello 
hello 
hello 
hello 
hello 
hello 
hello 
hello 
hello 
hello 
hello 
hello 
hello 
hello 
hello 
hello 
hello 
hello 
hello 
hello 
hello 
hello 
hello 
hello 
hello 
hello 
hello 
hello 
hello 
hello 
hello 
hello 
hello 
hello 
hello 
hello 
hello 
hello 
hello 
hello 
hello 
hello 
hello 
hello 
hello 
hello 
hello 
hello 
hello 
hello 
hello 
hello 
hello 
hello 
hello 
hello 
hello 
hello 
hello 
hello 
hello 
hello 
hello 
hello 
hello 
hello 
hello 
hello 
hello 
hello 
hello 
hello 
hello 
hello 
hello 
hello 
hello 
hello 
hello 
hello 
hello 
hello 
hello 
hello 
hello 
hello 
hello 
hello 
hello 
hello 
hello 
hello 
hello 
hello 
hello 
hello 
hello 
hello 
hello 
hello 
hello 
hello 
hello 
hello 
hello 
hello 
hello 
hello 
hello 
hello 
hello 
hello 
hello 
hello 
hello 
hello 
hello 
hello 
hello 
hello 
hello 
hello 
hello 
hello 
hello 
hello 
hello 
hello 
hello 
hello 
hello 
hello 
hello 
hello 
hello 
hello 
hello 
hello 
hello 
hello 
hello 
hello 
hello 
hello 
hello 
hello 
hello 
hello 
hello 
hello 
hello 
hello 
hello 
hello 
hello 
hello 
hello 
hello 
hello 
hello 
hello 
hello 
hello 
hello 
hello 
hello 
hello 
hello 
hello 
hello 
hello 
hello 
hello 
hello 
hello 
hello 
hello 
hello 
hello 
hello 
hello 
hello 
hello 
hello 
hello 
hello 
hello 
hello 
hello 
hello 
hello 
hello 
hello 
hello 
hello 
hello 
hello 
hello 
hello 
hello 
hello 
hello 
hello 
hello 
hello 
hello 
hello 
hello 
hello 
hello 
hello 
hello 
hello 
hello 
hello 
hello 
hello 
hello 
hello 
hello 
hello 
hello 
hello 
hello 
hello 
hello 
hello 
hello 
hello 
hello 
hello 
hello 
hello 
hello 
hello 
hello 
hello 
hello 
hello 
hello 
hello 
hello 
hello 
hello 
hello 
hello 
hello 
hello 
hello 
hello 
hello 
hello 
hello 
hello 
hello 
hello 
hello 
hello 
hello 
hello 
hello 
hello 
hello 
hello 
hello 
hello 
hello 
hello 
hello 
hello 
hello 
hello 
hello 
hello 
hello 
hello 
hello 
hello 
hello 
hello 
hello 
hello 
hello 
hello 
hello 
hello 
hello 
hello 
hello 
hello 
hello 
hello 
hello 
hello 
hello 
hello 
hello 
hello 
hello 
hello 
hello 
hello 
hello 
hello 
hello 
hello 
hello 
hello 
hello 
hello 
hello 
hello 
hello 
hello 
hello 
hello 
hello 
hello 
hello 
hello 
hello 
hello 
hello 
hello 
hello 
hello 
hello 
hello 
hello 
hello 
hello 
hello 
hello 
hello 
hello 
hello 
hello 
hello 
hello 
hello 
hello 
hello 
hello 
hello 
hello 
hello 
hello 
hello 
hello 
hello 
hello 
hello 
hello 
hello 
hello 
hello 
hello 
hello 
hello 
hello 
hello 
hello 
hello 
hello 
hello 
hello 
hello 
hello 
hello 
hello 
hello 
hello 
hello 
hello 
hello 
hello 
hello 
hello 
hello 
hello 
hello 
hello 
hello 
hello 
hello 
hello 
hello 
hello 
hello 
hello 
hello 
hello 
hello 
hello 
hello 
hello 
hello 
hello 
hello 
hello 
hello 
hello 
hello 
hello 
hello 
hello 
hello 
hello 
hello 
hello 
hello 
hello 
hello 
hello 
hello 
hello 
hello 
hello 
hello 
hello 
hello 
hello 
hello 
hello 
hello 
hello 
hello 
hello 
hello 
hello 
hello 
hello 
hello 
hello 
hello 
hello 
hello 
hello 
hello 
hello 
hello 
hello 
hello 
hello 
hello 
hello 
hello 
hello 
hello 
hello 
hello 
hello 
hello 
hello 
hello 
hello 
hello 
hello 
hello 
hello 
hello 
hello 
hello 
hello 
hello 
hello 
hello 
hello 
hello 
hello 
hello 
hello 
hello 
hello 
hello 
hello 
hello 
hello 
hello 
hello 
hello 
hello 
hello 
hello 
hello 
hello 
hello 
hello 
hello 
hello 
hello 
hello 
hello 
hello 
hello 
hello 
hello 
hello 
hello 
hello 
hello 
hello 
hello 
hello 
hello 
hello 
hello 
hello 
hello 
hello 
hello 
hello 
hello 
hello 
hello 
hello 
hello 
hello 
hello 
hello 
hello 
hello 
hello 
hello 
hello 
hello 
hello 
hello 
hello 
hello 
hello 
hello 
hello 
hello 
hello 
hello 
hello 
hello 
hello 
hello 
hello 
hello 
hello 
hello 
hello 
hello 
hello 
hello 
hello 
hello 
hello 
hello 
hello 
hello 
hello 
hello 
hello 
hello 
hello 
hello 
hello 
hello 
hello 
hello 
hello 
hello 
hello 
hello 
hello 
hello 
hello 
hello 
hello 
hello 
hello 
hello 
hello 
hello 
hello 
hello 
hello 
hello 
hello 
hello 
hello 
hello 
hello 
hello 
hello 
hello 
hello 
hello 
hello 
hello 
hello 
hello 
hello 
hello 
hello 
hello 
hello 
hello 
hello 
hello 
hello 
hello 
hello 
hello 
hello 
hello 
hello 
hello 
hello 
hello 
hello 
hello 
hello 
hello 
hello 
hello 
hello 
hello 
hello 
hello 
hello 
hello 
hello 
hello 
hello 
hello 
hello 
hello 
hello 
hello 
hello 
hello 
hello 
hello 
hello 
hello 
hello 
hello 
hello 
hello 
hello 
hello 
hello 
hello 
hello 
hello 
hello 
hello 
hello 
hello 
hello 
hello 
hello 
hello 
hello 
hello 
hello 
hello 
hello 
hello 
hello 
hello 
hello 
hello 
hello 
hello 
hello 
hello 
hello 
hello 
hello 
hello 
hello 
hello 
hello 
hello 
hello 
hello 
hello 
hello 
hello 
hello 
hello 
hello 
hello 
hello 
hello 
hello 
hello 
hello 
hello 
hello 
hello 
hello 
hello 
hello 
hello 
hello 
hello 
hello 
hello 
hello 
hello 
hello 
hello 
hello 
hello 
hello 
hello 
hello 
hello 
hello 
hello 
hello 
hello 
hello 
hello 
hello 
hello 
hello 
hello 
hello 
hello 
hello 
hello 
hello 
hello 
hello 
hello 
hello 
hello 
hello 
hello 
hello 
hello 
hello 
hello 
hello 
hello 
hello 
hello 
hello 
hello 
hello 
hello 
hello 
hello 
hello 
hello 
hello 
hello 
hello 
hello 
hello 
hello 
hello 
hello 
hello 
hello 
hello 
hello 
hello 
hello 
hello 
hello 
hello 
hello 
hello 
hello 
hello 
hello 
hello 
hello 
hello 
hello 
hello 
hello 
hello 
hello 
hello 
hello 
hello 
hello 
hello 
hello 
hello 
hello 
hello 
hello 
hello 
hello 
hello 
hello 
hello 
hello 
hello 
hello 
hello 
hello 
hello 
hello 
hello 
hello 
hello 
hello 
hello 
hello 
hello 
hello 
hello 
hello 
hello 
hello 
hello 
hello 
hello 
hello 
hello 
hello 
hello 
hello 
hello 
hello 
hello 
hello 
hello 
hello 
hello 
hello 
hello 
hello 
hello 
hello 
hello 
hello 
hello 
hello 
hello 
hello 
hello 
hello 
hello 
hello 
hello 
hello 
hello 
hello 
hello 
hello 
hello 
hello 
hello 
hello 
hello 
hello 
hello 
hello 
hello 
hello 
hello 
hello 
hello 
hello 
hello 
hello 
hello 
hello 
hello 
hello 
hello 
hello 
hello 
hello 
hello 
hello 
hello 
hello 
hello 
hello 
hello 
hello 
hello 
hello 
hello 
hello 
hello 
hello 
hello 
hello 
hello 
hello 
hello 
hello 
hello 
hello 
hello 
hello 
hello 
hello 
hello 
hello 
hello 
hello 
hello 
hello 
hello 
hello 
hello 
hello 
hello 
hello 
hello 
hello 
hello 
hello 
hello 
hello 
hello 
hello 
hello 
hello 
hello 
hello 
hello 
hello 
hello 
hello 
hello 
hello 
hello 
hello 
hello 
hello 
hello 
hello 
hello 
hello 
hello 
hello 
hello 
hello 
hello 
hello 
hello 
hello 
hello 
hello 
hello 
hello 
hello 
hello 
hello 
hello 
hello 
hello 
hello 
hello 
hello 
hello 
hello 
hello 
hello 
hello 
hello 
hello 
hello 
hello 
hello 
hello 
hello 
hello 
hello 
hello 
hello 
hello 
hello 
hello 
hello 
hello 
hello 
hello 
hello 
hello 
hello 
hello 
hello 
hello 
hello 
hello 
hello 
hello 
hello 
hello 
hello 
hello 
hello 
hello 
hello 
hello 
hello 
hello 
hello 
hello 
hello 
hello 
hello 
hello 
hello 
hello 
hello 
hello 
hello 
hello 
hello 
hello 
hello 
hello 
hello 
hello 
hello 
hello 
hello 
hello 
hello 
hello 
hello 
hello 
hello 
hello 
hello 
hello 
hello 
hello 
hello 
hello 
hello 
hello 
hello 
hello 
hello 
hello 
hello 
hello 
hello 
hello 
hello 
hello 
hello 
hello 
hello 
hello 
hello 
hello 
hello 
hello 
hello 
hello 
hello 
hello 
hello 
hello 
hello 
hello 
hello 
hello 
hello 
hello 
hello 
hello 
hello 
hello 
hello 
hello 
hello 
hello 
hello 
hello 
hello 
hello 
hello 
hello 
hello 
hello 
hello 
hello 
hello 
hello 
hello 
hello 
hello 
hello 
hello 
hello 
hello 
hello 
hello 
hello 
hello 
hello 
hello 
hello 
hello 
hello 
hello 
hello 
hello 
hello 
hello 
hello 
hello 
hello 
hello 
hello 
hello 
hello 
hello 
hello 
hello 
hello 
hello 
hello 
hello 
hello 
hello 
hello 
hello 
hello 
hello 
hello 
hello 
hello 
hello 
hello 
hello 
hello 
hello 
hello 
hello 
hello 
hello 
hello 
hello 
hello 
hello 
hello 
hello 
hello 
hello 
hello 
hello 
hello 
hello 
hello 
hello 
hello 
hello 
hello 
hello 
hello 
hello 
hello 
hello 
hello 
hello 
hello 
hello 
hello 
hello 
hello 
hello 
hello 
hello 
hello 
hello 
hello 
hello 
hello 
hello 
hello 
hello 
hello 
hello 
hello 
hello 
hello 
hello 
hello 
hello 
hello 
hello 
hello 
hello 
hello 
hello 
hello 
hello 
hello 
hello 
hello 
hello 
hello 
hello 
hello 
hello 
hello 
hello 
hello 
hello 
hello 
hello 
hello 
hello 
hello 
hello 
hello 
hello 
hello 
hello 
hello 
hello 
hello 
hello 
hello 
hello 
hello 
hello 
hello 
hello 
hello 
hello 
hello 
hello 
hello 
hello 
hello 
hello 
hello 
hello 
hello 
hello 
hello 
hello 
hello 
hello 
hello 
hello 
hello 
hello 
hello 
hello 
hello 
hello 
hello 
hello 
hello 
hello 
hello 
hello 
hello 
hello 
hello 
hello 
hello 
hello 
hello 
hello 
hello 
hello 
hello 
hello 
hello 
hello 
hello 
hello 
hello 
hello 
hello 
hello 
hello 
hello 
hello 
hello 
hello 
hello 
hello 
hello 
hello 
hello 
hello 
hello 
hello 
hello 
hello 
hello 
hello 
hello 
hello 
hello 
hello 
hello 
hello 
hello 
hello 
hello 
hello 
hello 
hello 
hello 
hello 
hello 
hello 
hello 
hello 
hello 
hello 
hello 
hello 
hello 
hello 
hello 
hello 
hello 
hello 
hello 
hello 
hello 
hello 
hello 
hello 
hello 
hello 
hello 
hello 
hello 
hello 
hello 
hello 
hello 
hello 
hello 
hello 
hello 
hello 
hello 
hello 
hello 
hello 
hello 
hello 
hello 
hello 
hello 
hello 
hello 
hello 
hello 
hello 
hello 
hello 
hello 
hello 
hello 
hello 
hello 
hello 
hello 
hello 
hello 
hello 
hello 
hello 
hello 
hello 
hello 
hello 
hello 
hello 
hello 
hello 
hello 
hello 
hello 
hello 
hello 
hello 
hello 
hello 
hello 
hello 
hello 
hello 
hello 
hello 
hello 
hello 
hello 
hello 
hello 
hello 
hello 
hello 
hello 
hello 
hello 
hello 
hello 
hello 
hello 
hello 
hello 
hello 
hello 
hello 
hello 
hello 
hello 
hello 
hello 
hello 
hello 
hello 
hello 
hello 
hello 
hello 
hello 
hello 
hello 
hello 
hello 
hello 
hello 
hello 
hello 
hello 
hello 
hello 
hello 
hello 
hello 
hello 
hello 
hello 
hello 
hello 
hello 
hello 
hello 
hello 
hello 
hello 
hello 
hello 
hello 
hello 
hello 
hello 
hello 
hello 
hello 
hello 
hello 
hello 
hello 
hello 
hello 
hello 
hello 
hello 
hello 
hello 
hello 
hello 
hello 
hello 
hello 
hello 
hello 
hello 
hello 
hello 
hello 
hello 
hello 
hello 
hello 
hello 
hello 
hello 
hello 
hello 
hello 
hello 
hello 
hello 
hello 
hello 
hello 
hello 
hello 
hello 
hello 
hello 
hello 
hello 
hello 
hello 
hello 
hello 
hello 
hello 
hello 
hello 
hello 
hello 
hello 
hello 
hello 
hello 
hello 
hello 
hello 
hello 
hello 
hello 
hello 
hello 
hello 
hello 
hello 
hello 
hello 
hello 
hello 
hello 
hello 
hello 
hello 
hello 
hello 
hello 
hello 
hello 
hello 
hello 
hello 
hello 
hello 
hello 
hello 
hello 
hello 
hello 
hello 
hello 
hello 
hello 
hello 
hello 
hello 
hello 
hello 
hello 
hello 
hello 
hello 
hello 
hello 
hello 
hello 
hello 
hello 
hello 
hello 
hello 
hello 
hello 
hello 
hello 
hello 
hello 
hello 
hello 
hello 
hello 
hello 
hello 
hello 
hello 
hello 
hello 
hello 
hello 
hello 
hello 
hello 
hello 
hello 
hello 
hello 
hello 
hello 
hello 
hello 
hello 
hello 
hello 
hello 
hello 
hello 
hello 
hello 
hello 
hello 
hello 
hello 
hello 
hello 
hello 
hello 
hello 
hello 
hello 
hello 
hello 
hello 
hello 
hello 
hello 
hello 
hello 
hello 
hello 
hello 
hello 
hello 
hello 
hello 
hello 
hello 
hello 
hello 
hello 
hello 
hello 
hello 
hello 
hello 
hello 
hello 
hello 
hello 
hello 
hello 
hello 
hello 
hello 
hello 
hello 
hello 
hello 
hello 
hello 
hello 
hello 
hello 
hello 
hello 
hello 
hello 
hello 
hello 
hello 
hello 
hello 
hello 
hello 
hello 
hello 
hello 
hello 
hello 
hello 
hello 
hello 
hello 
hello 
hello 
hello 
hello 
hello 
hello 
hello 
hello 
hello 
hello 
hello 
hello 
hello 
hello 
hello 
hello 
hello 
hello 
hello 
hello 
hello 
hello 
hello 
hello 
hello 
hello 
hello 
hello 
hello 
hello 
hello 
hello 
hello 
hello 
hello 
hello 
hello 
hello 
hello 
hello 
hello 
hello 
hello 
hello 
hello 
hello 
hello 
hello 
hello 
hello 
hello 
hello 
hello 
hello 
hello 
hello 
hello 
hello 
hello 
hello 
hello 
hello 
hello 
hello 
hello 
hello 
hello 
hello 
hello 
hello 
hello 
hello 
hello 
hello 
hello 
hello 
hello 
hello 
hello 
hello 
hello 
hello 
hello 
hello 
hello 
hello 
hello 
hello 
hello 
hello 
hello 
hello 
hello 
hello 
hello 
hello 
hello 
hello 
hello 
hello 
hello 
hello 
hello 
hello 
hello 
hello 
hello 
hello 
hello 
hello 
hello 
hello 
hello 
hello 
hello 
hello 
hello 
hello 
hello 
hello 
hello 
hello 
hello 
hello 
hello 
hello 
hello 
hello 
hello 
hello 
hello 
hello 
hello 
hello 
hello 
hello 
hello 
hello 
hello 
hello 
hello 
hello 
hello 
hello 
hello 
hello 
hello 
hello 
hello 
hello 
hello 
hello 
hello 
hello 
hello 
hello 
hello 
hello 
hello 
hello 
hello 
hello 
hello 
hello 
hello 
hello 
hello 
hello 
hello 
hello 
hello 
hello 
hello 
hello 
hello 
hello 
hello 
hello 
hello 
hello 
hello 
hello 
hello 
hello 
hello 
hello 
hello 
hello 
hello 
hello 
hello 
hello 
hello 
hello 
hello 
hello 
hello 
hello 
hello 
hello 
hello 
hello 
hello 
hello 
hello 
hello 
hello 
hello 
hello 
hello 
hello 
hello 
hello 
hello 
hello 
hello 
hello 
hello 
hello 
hello 
hello 
hello 
hello 
hello 
hello 
hello 
hello 
hello 
hello 
hello 
hello 
hello 
hello 
hello 
hello 
hello 
hello 
hello 
hello 
hello 
hello 
hello 
hello 
hello 
hello 
hello 
hello 
hello 
hello 
hello 
hello 
hello 
hello 
hello 
hello 
hello 
hello 
hello 
hello 
hello 
hello 
hello 
hello 
hello 
hello 
hello 
hello 
hello 
hello 
hello 
hello 
hello 
hello 
hello 
hello 
hello 
hello 
hello 
hello 
hello 
hello 
hello 
hello 
hello 
hello 
hello 
hello 
hello 
hello 
hello 
hello 
hello 
hello 
hello 
hello 
hello 
hello 
hello 
hello 
hello 
hello 
hello 
hello 
hello 
hello 
hello 
hello 
hello 
hello 
hello 
hello 
hello 
hello 
hello 
hello 
hello 
hello 
hello 
hello 
hello 
hello 
hello 
hello 
hello 
hello 
hello 
hello 
hello 
hello 
hello 
hello 
hello 
hello 
hello 
hello 
hello 
hello 
hello 
hello 
hello 
hello 
hello 
hello 
hello 
hello 
hello 
hello 
hello 
hello 
hello 
hello 
hello 
hello 
hello 
hello 
hello 
hello 
hello 
hello 
hello 
hello 
hello 
hello 
hello 
hello 
hello 
hello 
hello 
hello 
hello 
hello 
hello 
hello 
hello 
hello 
hello 
hello 
hello 
hello 
hello 
hello 
hello 
hello 
hello 
hello 
hello 
hello 
hello 
hello 
hello 
hello 
hello 
hello 
hello 
hello 
hello 
hello 
hello 
hello 
hello 
hello 
hello 
hello 
hello 
hello 
hello 
hello 
hello 
hello 
hello 
hello 
hello 
hello 
hello 
hello 
hello 
hello 
hello 
hello 
hello 
hello 
hello 
hello 
hello 
hello 
hello 
hello 
hello 
hello 
hello 
hello 
hello 
hello 
hello 
hello 
hello 
hello 
hello 
hello 
hello 
hello 
hello 
hello 
hello 
hello 
hello 
hello 
hello 
hello 
hello 
hello 
hello 
hello 
hello 
hello 
hello 
hello 
hello 
hello 
hello 
hello 
hello 
hello 
hello 
hello 
hello 
hello 
hello 
hello 
hello 
hello 
hello 
hello 
hello 
hello 
hello 
hello 
hello 
hello 
hello 
hello 
hello 
hello 
hello 
hello 
hello 
hello 
hello 
hello 
hello 
hello 
hello 
hello 
hello 
hello 
hello 
hello 
hello 
hello 
hello 
hello 
hello 
hello 
hello 
hello 
hello 
hello 
hello 
hello 
hello 
hello 
hello 
hello 
hello 
hello 
hello 
hello 
hello 
hello 
hello 
hello 
hello 
hello 
hello 
hello 
hello 
hello 
hello 
hello 
hello 
hello 
hello 
hello 
hello 
hello 
hello 
hello 
hello 
hello 
hello 
hello 
hello 
hello 
hello 
hello 
hello 
hello 
hello 
hello 
hello 
hello 
hello 
hello 
hello 
hello 
hello 
hello 
hello 
hello 
hello 
hello 
hello 
hello 
hello 
hello 
hello 
hello 
hello 
hello 
hello 
hello 
hello 
hello 
hello 
hello 
hello 
hello 
hello 
hello 
hello 
hello 
hello 
hello 
hello 
hello 
hello 
hello 
hello 
hello 
hello 
hello 
hello 
hello 
hello 
hello 
hello 
hello 
hello 
hello 
hello 
hello 
hello 
hello 
hello 
hello 
hello 
hello 
hello 
hello 
hello 
hello 
hello 
hello 
hello 
hello 
hello 
hello 
hello 
hello 
hello 
hello 
hello 
hello 
hello 
hello 
hello 
hello 
hello 
hello 
hello 
hello 
hello 
hello 
hello 
hello 
hello 
hello 
hello 
hello 
hello 
hello 
hello 
hello 
hello 
hello 
hello 
hello 
hello 
hello 
hello 
hello 
hello 
hello 
hello 
hello 
hello 
hello 
hello 
hello 
hello 
hello 
hello 
hello 
hello 
hello 
hello 
hello 
hello 
hello 
hello 
hello 
hello 
hello 
hello 
hello 
hello 
hello 
hello 
hello 
hello 
hello 
hello 
hello 
hello 
hello 
hello 
hello 
hello 
hello 
hello 
hello 
hello 
hello 
hello 
hello 
hello 
hello 
hello 
hello 
hello 
hello 
hello 
hello 
hello 
hello 
hello 
hello 
hello 
hello 
hello 
hello 
hello 
hello 
hello 
hello 
hello 
hello 
hello 
hello 
hello 
hello 
hello 
hello 
hello 
hello 
hello 
hello 
hello 
hello 
hello 
hello 
hello 
hello 
hello 
hello 
hello 
hello 
hello 
hello 
hello 
hello 
hello 
hello 
hello 
hello 
hello 
hello 
hello 
hello 
hello 
hello 
hello 
hello 
hello 
hello 
hello 
hello 
hello 
hello 
hello 
hello 
hello 
hello 
hello 
hello 
hello 
hello 
hello 
hello 
hello 
hello 
hello 
hello 
hello 
hello 
hello 
hello 
hello 
hello 
hello 
hello 
hello 
hello 
hello 
hello 
hello 
hello 
hello 
hello 
hello 
hello 
hello 
hello 
hello 
hello 
hello 
hello 
hello 
hello 
hello 
hello 
hello 
hello 
hello 
hello 
hello 
hello 
hello 
hello 
hello 
hello 
hello 
hello 
hello 
hello 
hello 
hello 
hello 
hello 
hello 
hello 
hello 
hello 
hello 
hello 
hello 
hello 
hello 
hello 
hello 
hello 
hello 
hello 
hello 
hello 
hello 
hello 
hello 
hello 
hello 
hello 
hello 
hello 
hello 
hello 
hello 
hello 
hello 
hello 
hello 
hello 
hello 
hello 
hello 
hello 
hello 
hello 
hello 
hello 
hello 
hello 
hello 
hello 
hello 
hello 
hello 
hello 
hello 
hello 
hello 
hello 
hello 
hello 
hello 
hello 
hello 
hello 
hello 
hello 
hello 
hello 
hello 
hello 
hello 
hello 
hello 
hello 
hello 
hello 
hello 
hello 
hello 
hello 
hello 
hello 
hello 
hello 
hello 
hello 
hello 
hello 
hello 
hello 
hello 
hello 
hello 
hello 
hello 
hello 
hello 
hello 
hello 
hello 
hello 
hello 
hello 
hello 
hello 
hello 
hello 
hello 
hello 
hello 
hello 
hello 
hello 
hello 
hello 
hello 
hello 
hello 
hello 
hello 
hello 
hello 
hello 
hello 
hello 
hello 
hello 
hello 
hello 
hello 
hello 
hello 
hello 
hello 
hello 
hello 
hello 
hello 
hello 
hello 
hello 
hello 
hello 
hello 
hello 
hello 
hello 
hello 
hello 
hello 
hello 
hello 
hello 
hello 
hello 
hello 
hello 
hello 
hello 
hello 
hello 
hello 
hello 
hello 
hello 
hello 
hello 
hello 
hello 
hello 
hello 
hello 
hello 
hello 
hello 
hello 
hello 
hello 
hello 
hello 
hello 
hello 
hello 
hello 
hello 
hello 
hello 
hello 
hello 
hello 
hello 
hello 
hello 
hello 
hello 
hello 
hello 
hello 
hello 
hello 
hello 
hello 
hello 
hello 
hello 
hello 
hello 
hello 
hello 
hello 
hello 
hello 
hello 
hello 
hello 
hello 
hello 
hello 
hello 
hello 
hello 
hello 
hello 
hello 
hello 
hello 
hello 
hello 
hello 
hello 
hello 
hello 
hello 
hello 
hello 
hello 
hello 
hello 
hello 
hello 
hello 
hello 
hello 
hello 
hello 
hello 
hello 
hello 
hello 
hello 
hello 
hello 
hello 
hello 
hello 
hello 
hello 
hello 
hello 
hello 
hello 
hello 
hello 
hello 
hello 
hello 
hello 
hello 
hello 
hello 
hello 
hello 
hello 
hello 
hello 
hello 
hello 
hello 
hello 
hello 
hello 
hello 
hello 
hello 
hello 
hello 
hello 
hello 
hello 
hello 
hello 
hello 
hello 
hello 
hello 
hello 
hello 
hello 
hello 
hello 
hello 
hello 
hello 
hello 
hello 
hello 
hello 
hello 
hello 
hello 
hello 
hello 
hello 
hello 
hello 
hello 
hello 
hello 
hello 
hello 
hello 
hello 
hello 
hello 
hello 
hello 
hello 
hello 
hello 
hello 
hello 
hello 
hello 
hello 
hello 
hello 
hello 
hello 
hello 
hello 
hello 
hello 
hello 
hello 
hello 
hello 
hello 
hello 
hello 
hello 
hello 
hello 
hello 
hello 
hello 
hello 
hello 
hello 
hello 
hello 
hello 
hello 
hello 
hello 
hello 
hello 
hello 
hello 
hello 
hello 
hello 
hello 
hello 
hello 
hello 
hello 
hello 
hello 
hello 
hello 
hello 
hello 
hello 
hello 
hello 
hello 
hello 
hello 
hello 
hello 
hello 
hello 
hello 
hello 
hello 
hello 
hello 
hello 
hello 
hello 
hello 
hello 
hello 
hello 
hello 
hello 
hello 
hello 
hello 
hello 
hello 
hello 
hello 
hello 
hello 
hello 
hello 
hello 
hello 
hello 
hello 
hello 
hello 
hello 
hello 
hello 
hello 
hello 
hello 
hello 
hello 
hello 
hello 
hello 
hello 
hello 
hello 
hello 
hello 
hello 
hello 
hello 
hello 
hello 
hello 
hello 
hello 
hello 
hello 
hello 
hello 
hello 
hello 
hello 
hello 
hello 
hello 
hello 
hello 
hello 
hello 
hello 
hello 
hello 
hello 
hello 
hello 
hello 
hello 
hello 
hello 
hello 
hello 
hello 
hello 
hello 
hello 
hello 
hello 
hello 
hello 
hello 
hello 
hello 
hello 
hello 
hello 
hello 
hello 
hello 
hello 
hello 
hello 
hello 
hello 
hello 
hello 
hello 
hello 
hello 
hello 
hello 
hello 
hello 
hello 
hello 
hello 
hello 
hello 
hello 
hello 
hello 
hello 
hello 
hello 
hello 
hello 
hello 
hello 
hello 
hello 
hello 
hello 
hello 
hello 
hello 
hello 
hello 
hello 
hello 
hello 
hello 
hello 
hello 
hello 
hello 
hello 
hello 
hello 
hello 
hello 
hello 
hello 
hello 
hello 
hello 
hello 
hello 
hello 
hello 
hello 
hello 
hello 
hello 
hello 
hello 
hello 
hello 
hello 
hello 
hello 
hello 
hello 
hello 
hello 
hello 
hello 
hello 
hello 
hello 
hello 
hello 
hello 
hello 
hello 
hello 
hello 
hello 
hello 
hello 
hello 
hello 
hello 
hello 
hello 
hello 
hello 
hello 
hello 
hello 
hello 
hello 
hello 
hello 
hello 
hello 
hello 
hello 
hello 
hello 
hello 
hello 
hello 
hello 
hello 
hello 
hello 
hello 
hello 
hello 
hello 
hello 
hello 
hello 
hello 
hello 
hello 
hello 
hello 
hello 
hello 
hello 
hello 
hello 
hello 
hello 
hello 
hello 
hello 
hello 
hello 
hello 
hello 
hello 
hello 
hello 
hello 
hello 
hello 
hello 
hello 
hello 
hello 
hello 
hello 
hello 
hello 
hello 
hello 
hello 
hello 
hello 
hello 
hello 
hello 
hello 
hello 
hello 
hello 
hello 
hello 
hello 
hello 
hello 
hello 
hello 
hello 
hello 
hello 
hello 
hello 
hello 
hello 
hello 
hello 
hello 
hello 
hello 
hello 
hello 
hello 
hello 
hello 
hello 
hello 
hello 
hello 
hello 
hello 
hello 
hello 
hello 
hello 
hello 
hello 
hello 
hello 
hello 
hello 
hello 
hello 
hello 
hello 
hello 
hello 
hello 
hello 
hello 
hello 
hello 
hello 
hello 
hello 
hello 
hello 
hello 
hello 
hello 
hello 
hello 
hello 
hello 
hello 
hello 
hello 
hello 
hello 
hello 
hello 
hello 
hello 
hello 
hello 
hello 
hello 
hello 
hello 
hello 
hello 
hello 
hello 
hello 
hello 
hello 
hello 
hello 
hello 
hello 
hello 
hello 
hello 
hello 
hello 
hello 
hello 
hello 
hello 
hello 
hello 
hello 
hello 
hello 
hello 
hello 
hello 
hello 
hello 
hello 
hello 
hello 
hello 
hello 
hello 
hello 
hello 
hello 
hello 
hello 
hello 
hello 
hello 
hello 
hello 
hello 
hello 
hello 
hello 
hello 
hello 
hello 
hello 
hello 
hello 
hello 
hello 
hello 
hello 
hello 
hello 
hello 
hello 
hello 
hello 
hello 
hello 
hello 
hello 
hello 
hello 
hello 
hello 
hello 
hello 
hello 
hello 
hello 
hello 
hello 
hello 
hello 
hello 
hello 
hello 
hello 
hello 
hello 
hello 
hello 
hello 
hello 
hello 
hello 
hello 
hello 
hello 
hello 
hello 
hello 
hello 
hello 
hello 
hello 
hello 
hello 
hello 
hello 
hello 
hello 
hello 
hello 
hello 
hello 
hello 
hello 
hello 
hello 
hello 
hello 
hello 
hello 
hello 
hello 
hello 
hello 
hello 
hello 
hello 
hello 
hello 
hello 
hello 
hello 
hello 
hello 
hello 
hello 
hello 
hello 
hello 
hello 
hello 
hello 
hello 
hello 
hello 
hello 
hello 
hello 
hello 
hello 
hello 
hello 
hello 
hello 
hello 
hello 
hello 
hello 
hello 
hello 
hello 
hello 
hello 
hello 
hello 
hello 
hello 
hello 
hello 
hello 
hello 
hello 
hello 
hello 
hello 
hello 
hello 
hello 
hello 
hello 
hello 
hello 
hello 
hello 
hello 
hello 
hello 
hello 
hello 
hello 
hello 
hello 
hello 
hello 
hello 
hello 
hello 
hello 
hello 
hello 
hello 
hello 
hello 
hello 
hello 
hello 
hello 
hello 
hello 
hello 
hello 
hello 
hello 
hello 
hello 
hello 
hello 
hello 
hello 
hello 
hello 
hello 
hello 
hello 
hello 
hello 
hello 
hello 
hello 
hello 
hello 
hello 
hello 
hello 
hello 
hello 
hello 
hello 
hello 
hello 
hello 
hello 
hello 
hello 
hello 
hello 
hello 
hello 
hello 
hello 
hello 
hello 
hello 
hello 
hello 
hello 
hello 
hello 
hello 
hello 
hello 
hello 
hello 
hello 
hello 
hello 
hello 
hello 
hello 
hello 
hello 
hello 
hello 
hello 
hello 
hello 
hello 
hello 
hello 
hello 
hello 
hello 
hello 
hello 
hello 
hello 
hello 
hello 
hello 
hello 
hello 
hello 
hello 
hello 
hello 
hello 
hello 
hello 
hello 
hello 
hello 
hello 
hello 
hello 
hello 
hello 
hello 
hello 
hello 
hello 
hello 
hello 
hello 
hello 
hello 
hello 
hello 
hello 
hello 
hello 
hello 
hello 
hello 
hello 
hello 
hello 
hello 
hello 
hello 
hello 
hello 
hello 
hello 
hello 
hello 
hello 
hello 
hello 
hello 
hello 
hello 
hello 
hello 
hello 
hello 
hello 
hello 
hello 
hello 
hello 
hello 
hello 
hello 
hello 
hello 
hello 
hello 
hello 
hello 
hello 
hello 
hello 
hello 
hello 
hello 
hello 
hello 
hello 
hello 
hello 
hello 
hello 
hello 
hello 
hello 
hello 
hello 
hello 
hello 
hello 
hello 
hello 
hello 
hello 
hello 
hello 
hello 
hello 
hello 
hello 
hello 
hello 
hello 
hello 
hello 
hello 
hello 
hello 
hello 
hello 
hello 
hello 
hello 
hello 
hello 
hello 
hello 
hello 
hello 
hello 
hello 
hello 
hello 
hello 
hello 
hello 
hello 
hello 
hello 
hello 
hello 
hello 
hello 
hello 
hello 
hello 
hello 
hello 
hello 
hello 
hello 
hello 
hello 
hello 
hello 
hello 
hello 
hello 
hello 
hello 
hello 
hello 
hello 
hello 
hello 
hello 
hello 
hello 
hello 
hello 
hello 
hello 
hello 
hello 
hello 
hello 
hello 
hello 
hello 
hello 
hello 
hello 
hello 
hello 
hello 
hello 
hello 
hello 
hello 
hello 
hello 
hello 
hello 
hello 
hello 
hello 
hello 
hello 
hello 
hello 
hello 
hello 
hello 
hello 
hello 
hello 
hello 
hello 
hello 
hello 
hello 
hello 
hello 
hello 
hello 
hello 
hello 
hello 
hello 
hello 
hello 
hello 
hello 
hello 
hello 
hello 
hello 
hello 
hello 
hello 
hello 
hello 
hello 
hello 
hello 
hello 
hello 
hello 
hello 
hello 
hello 
hello 
hello 
hello 
hello 
hello 
hello 
hello 
hello 
hello 
hello 
hello 
hello 
hello 
hello 
hello 
hello 
hello 
hello 
hello 
hello 
hello 
hello 
hello 
hello 
hello 
hello 
hello 
hello 
hello 
hello 
hello 
hello 
hello 
hello 
hello 
hello 
hello 
hello 
hello 
hello 
hello 
hello 
hello 
hello 
hello 
hello 
hello 
hello 
hello 
hello 
hello 
hello 
hello 
hello 
hello 
hello 
hello 
hello 
hello 
hello 
hello 
hello 
hello 
hello 
hello 
hello 
hello 
hello 
hello 
hello 
hello 
hello 
hello 
hello 
hello 
hello 
hello 
hello 
hello 
hello 
hello 
hello 
hello 
hello 
hello 
hello 
hello 
hello 
hello 
hello 
hello 
hello 
hello 
hello 
hello 
hello 
hello 
hello 
hello 
hello 
hello 
hello 
hello 
hello 
hello 
hello 
hello 
hello 
hello 
hello 
hello 
hello 
hello 
hello 
hello 
hello 
hello 
hello 
hello 
hello 
hello 
hello 
hello 
hello 
hello 
hello 
hello 
hello 
hello 
hello 
hello 
hello 
hello 
hello 
hello 
hello 
hello 
hello 
hello 
hello 
hello 
hello 
hello 
hello 
hello 
hello 
hello 
hello 
hello 
hello 
hello 
hello 
hello 
hello 
hello 
hello 
hello 
hello 
hello 
hello 
hello 
hello 
hello 
hello 
hello 
hello 
hello 
hello 
hello 
hello 
hello 
hello 
hello 
hello 
hello 
hello 
hello 
hello 
hello 
hello 
hello 
hello 
hello 
hello 
hello 
hello 
hello 
hello 
hello 
hello 
hello 
hello 
hello 
hello 
hello 
hello 
hello 
hello 
hello 
hello 
hello 
hello 
hello 
hello 
hello 
hello 
hello 
hello 
hello 
hello 
hello 
hello 
hello 
hello 
hello 
hello 
hello 
hello 
hello 
hello 
hello 
hello 
hello 
hello 
hello 
hello 
hello 
hello 
hello 
hello 
hello 
hello 
hello 
hello 
hello 
hello 
hello 
hello 
hello 
hello 
hello 
hello 
hello 
hello 
hello 
hello 
hello 
hello 
hello 
hello 
hello 
hello 
hello 
hello 
hello 
hello 
hello 
hello 
hello 
hello 
hello 
hello 
hello 
hello 
hello 
hello 
hello 
hello 
hello 
hello 
hello 
hello 
hello 
hello 
hello 
hello 
hello 
hello 
hello 
hello 
hello 
hello 
hello 
hello 
hello 
hello 
hello 
hello 
hello 
hello 
hello 
hello 
hello 
hello 
hello 
hello 
hello 
hello 
hello 
hello 
hello 
hello 
hello 
hello 
hello 
hello 
hello 
hello 
hello 
hello 
hello 
hello 
hello 
hello 
hello 
hello 
hello 
hello 
hello 
hello 
hello 
hello 
hello 
hello 
hello 
hello 
hello 
hello 
hello 
hello 
hello 
hello 
hello 
hello 
hello 
hello 
hello 
hello 
hello 
hello 
hello 
hello 
hello 
hello 
hello 
hello 
hello 
hello 
hello 
hello 
hello 
hello 
hello 
hello 
hello 
hello 
hello 
hello 
hello 
hello 
hello 
hello 
hello 
hello 
hello 
hello 
hello 
hello 
hello 
hello 
hello 
hello 
hello 
hello 
hello 
hello 
hello 
hello 
hello 
hello 
hello 
hello 
hello 
hello 
hello 
hello 
hello 
hello 
hello 
hello 
hello 
hello 
hello 
hello 
hello 
hello 
hello 
hello 
hello 
hello 
hello 
hello 
hello 
hello 
hello 
hello 
hello 
hello 
hello 
hello 
hello 
hello 
hello 
hello 
hello 
hello 
hello 
hello 
hello 
hello 
hello 
hello 
hello 
hello 
hello 
hello 
hello 
hello 
hello 
hello 
hello 
hello 
hello 
hello 
hello 
hello 
hello 
hello 
hello 
hello 
hello 
hello 
hello 
hello 
hello 
hello 
hello 
hello 
hello 
hello 
hello 
hello 
hello 
hello 
hello 
hello 
hello 
hello 
hello 
hello 
hello 
hello 
hello 
hello 
hello 
hello 
hello 
hello 
hello 
hello 
hello 
hello 
hello 
hello 
hello 
hello 
hello 
hello 
hello 
hello 
hello 
hello 
hello 
hello 
hello 
hello 
hello 
hello 
hello 
hello 
hello 
hello 
hello 
hello 
hello 
hello 
hello 
hello 
hello 
hello 
hello 
hello 
hello 
hello 
hello 
hello 
hello 
hello 
hello 
hello 
hello 
hello 
hello 
hello 
hello 
hello 
hello 
hello 
hello 
hello 
hello 
hello 
hello 
hello 
hello 
hello 
hello 
hello 
hello 
hello 
hello 
hello 
hello 
hello 
hello 
hello 
hello 
hello 
hello 
hello 
hello 
hello 
hello 
hello 
hello 
hello 
hello 
hello 
hello 
hello 
hello 
hello 
hello 
hello 
hello 
hello 
hello 
hello 
hello 
hello 
hello 
hello 
hello 
hello 
hello 
hello 
hello 
hello 
hello 
hello 
hello 
hello 
hello 
hello 
hello 
hello 
hello 
hello 
hello 
hello 
hello 
hello 
hello 
hello 
hello 
hello 
hello 
hello 
hello 
hello 
hello 
hello 
hello 
hello 
hello 
hello 
hello 
hello 
hello 
hello 
hello 
hello 
hello 
hello 
hello 
hello 
hello 
hello 
hello 
hello 
hello 
hello 
hello 
hello 
hello 
hello 
hello 
hello 
hello 
hello 
hello 
hello 
hello 
hello 
hello 
hello 
hello 
hello 
hello 
hello 
hello 
hello 
hello 
hello 
hello 
hello 
hello 
hello 
hello 
hello 
hello 
hello 
hello 
hello 
hello 
hello 
hello 
hello 
hello 
hello 
hello 
hello 
hello 
hello 
hello 
hello 
hello 
hello 
hello 
hello 
hello 
hello 
hello 
hello 
hello 
hello 
hello 
hello 
hello 
hello 
hello 
hello 
hello 
hello 
hello 
hello 
hello 
hello 
hello 
hello 
hello 
hello 
hello 
hello 
hello 
hello 
hello 
hello 
hello 
hello 
hello 
hello 
hello 
hello 
hello 
hello 
hello 
hello 
hello 
hello 
hello 
hello 
hello 
hello 
hello 
hello 
hello 
hello 
hello 
hello 
hello 
hello 
hello 
hello 
hello 
hello 
hello 
hello 
hello 
hello 
hello 
hello 
hello 
hello 
hello 
hello 
hello 
hello 
hello 
hello 
hello 
hello 
hello 
hello 
hello 
hello 
hello 
hello 
hello 
hello 
hello 
hello 
hello 
hello 
hello 
hello 
hello 
hello 
hello 
hello 
hello 
hello 
hello 
hello 
hello 
hello 
hello 
hello 
hello 
hello 
hello 
hello 
hello 
hello 
hello 
hello 
hello 
hello 
hello 
hello 
hello 
hello 
hello 
hello 
hello 
hello 
hello 
hello 
hello 
hello 
hello 
hello 
hello 
hello 
hello 
hello 
hello 
hello 
hello 
hello 
hello 
hello 
hello 
hello 
hello 
hello 
hello 
hello 
hello 
hello 
hello 
hello 
hello 
hello 
hello 
hello 
hello 
hello 
hello 
hello 
hello 
hello 
hello 
hello 
hello 
hello 
hello 
hello 
hello 
hello 
hello 
hello 
hello 
hello 
hello 
hello 
hello 
hello 
hello 
hello 
hello 
hello 
hello 
hello 
hello 
hello 
hello 
hello 
hello 
hello 
hello 
hello 
hello 
hello 
hello 
hello 
hello 
hello 
hello 
hello 
hello 
hello 
hello 
hello 
hello 
hello 
hello 
hello 
hello 
hello 
hello 
hello 
hello 
hello 
hello 
hello 
hello 
hello 
hello 
hello 
hello 
hello 
hello 
hello 
hello 
hello 
hello 
hello 
hello 
hello 
hello 
hello 
hello 
hello 
hello 
hello 
hello 
hello 
hello 
hello 
hello 
hello 
hello 
hello 
hello 
hello 
hello 
hello 
hello 
hello 
hello 
hello 
hello 
hello 
hello 
hello 
hello 
hello 
hello 
hello 
hello 
hello 
hello 
hello 
hello 
hello 
hello 
hello 
hello 
hello 
hello 
hello 
hello 
hello 
hello 
hello 
hello 
hello 
hello 
hello 
hello 
hello 
hello 
hello 
hello 
hello 
hello 
hello 
hello 
hello 
hello 
hello 
hello 
hello 
hello 
hello 
hello 
hello 
hello 
hello 
hello 
hello 
hello 
hello 
hello 
hello 
hello 
hello 
hello 
hello 
hello 
hello 
hello 
hello 
hello 
hello 
hello 
hello 
hello 
hello 
hello 
hello 
hello 
hello 
hello 
hello 
hello 
hello 
hello 
hello 
hello 
hello 
hello 
hello 
hello 
hello 
hello 
hello 
hello 
hello 
hello 
hello 
hello 
hello 
hello 
hello 
hello 
hello 
hello 
hello 
hello 
hello 
hello 
hello 
hello 
hello 
hello 
hello 
hello 
hello 
hello 
hello 
hello 
hello 
hello 
hello 
hello 
hello 
hello 
hello 
hello 
hello 
hello 
hello 
hello 
hello 
hello 
hello 
hello 
hello 
hello 
hello 
hello 
hello 
hello 
hello 
hello 
hello 
hello 
hello 
hello 
hello 
hello 
hello 
hello 
hello 
hello 
hello 
hello 
hello 
hello 
hello 
hello 
hello 
hello 
hello 
hello 
hello 
hello 
hello 
hello 
hello 
hello 
hello 
hello 
hello 
hello 
hello 
hello 
hello 
hello 
hello 
hello 
hello 
hello 
hello 
hello 
hello 
hello 
hello 
hello 
hello 
hello 
hello 
hello 
hello 
hello 
hello 
hello 
hello 
hello 
hello 
hello 
hello 
hello 
hello 
hello 
hello 
hello 
hello 
hello 
hello 
hello 
hello 
hello 
hello 
hello 
hello 
hello 
hello 
hello 
hello 
hello 
hello 
hello 
hello 
hello 
hello 
hello 
hello 
hello 
hello 
hello 
hello 
hello 
hello 
hello 
hello 
hello 
hello 
hello 
hello 
hello 
hello 
hello 
hello 
hello 
hello 
hello 
hello 
hello 
hello 
hello 
hello 
hello 
hello 
hello 
hello 
hello 
hello 
hello 
hello 
hello 
hello 
hello 
hello 
hello 
hello 
hello 
hello 
hello 
hello 
hello 
hello 
hello 
hello 
hello 
hello 
hello 
hello 
hello 
hello 
hello 
hello 
hello 
hello 
hello 
hello 
hello 
hello 
hello 
hello 
hello 
hello 
hello 
hello 
hello 
hello 
hello 
hello 
hello 
hello 
hello 
hello 
hello 
hello 
hello 
hello 
hello 
hello 
hello 
hello 
hello 
hello 
hello 
hello 
hello 
hello 
hello 
hello 
hello 
hello 
hello 
hello 
hello 
hello 
hello 
hello 
hello 
hello 
hello 
hello 
hello 
hello 
hello 
hello 
hello 
hello 
hello 
hello 
hello 
hello 
hello 
hello 
hello 
hello 
hello 
hello 
hello 
hello 
hello 
hello 
hello 
hello 
hello 
hello 
hello 
hello 
hello 
hello 
hello 
hello 
hello 
hello 
hello 
hello 
hello 
hello 
hello 
hello 
hello 
hello 
hello 
hello 
hello 
hello 
hello 
hello 
hello 
hello 
hello 
hello 
hello 
hello 
hello 
hello 
hello 
hello 
hello 
hello 
hello 
hello 
hello 
hello 
hello 
hello 
hello 
hello 
hello 
hello 
hello 
hello 
hello 
hello 
hello 
hello 
hello 
hello 
hello 
hello 
hello 
hello 
hello 
hello 
hello 
hello 
hello 
hello 
hello 
hello 
hello 
hello 
hello 
hello 
hello 
hello 
hello 
hello 
hello 
hello 
hello 
hello 
hello 
hello 
hello 
hello 
hello 
hello 
hello 
hello 
hello 
hello 
hello 
hello 
hello 
hello 
hello 
hello 
hello 
hello 
hello 
hello 
hello 
hello 
hello 
hello 
hello 
hello 
hello 
hello 
hello 
hello 
hello 
hello 
hello 
hello 
hello 
hello 
hello 
hello 
hello 
hello 
hello 
hello 
hello 
hello 
hello 
hello 
hello 
hello 
hello 
hello 
hello 
hello 
hello 
hello 
hello 
hello 
hello 
hello 
hello 
hello 
hello 
hello 
hello 
hello 
hello 
hello 
hello 
hello 
hello 
hello 
hello 
hello 
hello 
hello 
hello 
hello 
hello 
hello 
hello 
hello 
hello 
hello 
hello 
hello 
hello 
hello 
hello 
hello 
hello 
hello 
hello 
hello 
hello 
hello 
hello 
hello 
hello 
hello 
hello 
hello 
hello 
hello 
hello 
hello 
hello 
hello 
hello 
hello 
hello 
hello 
hello 
hello 
hello 
hello 
hello 
hello 
hello 
hello 
hello 
hello 
hello 
hello 
hello 
hello 
hello 
hello 
hello 
hello 
hello 
hello 
hello 
hello 
hello 
hello 
hello 
hello 
hello 
hello 
hello 
hello 
hello 
hello 
hello 
hello 
hello 
hello 
hello 
hello 
hello 
hello 
hello 
hello 
hello 
hello 
hello 
hello 
hello 
hello 
hello 
hello 
hello 
hello 
hello 
hello 
hello 
hello 
hello 
hello 
hello 
hello 
hello 
hello 
hello 
hello 
hello 
hello 
hello 
hello 
hello 
hello 
hello 
hello 
hello 
hello 
hello 
hello 
hello 
hello 
hello 
hello 
hello 
hello 
hello 
hello 
hello 
hello 
hello 
hello 
hello 
hello 
hello 
hello 
hello 
hello 
hello 
hello 
hello 
hello 
hello 
hello 
hello 
hello 
hello 
hello 
hello 
hello 
hello 
hello 
hello 
hello 
hello 
hello 
hello 
hello 
hello 
hello 
hello 
hello 
hello 
hello 
hello 
hello 
hello 
hello 
hello 
hello 
hello 
hello 
hello 
hello 
hello 
hello 
hello 
hello 
hello 
hello 
hello 
hello 
hello 
hello 
hello 
hello 
hello 
hello 
hello 
hello 
hello 
hello 
hello 
hello 
hello 
hello 
hello 
hello 
hello 
hello 
hello 
hello 
hello 
hello 
hello 
hello 
hello 
hello 
hello 
hello 
hello 
hello 
hello 
hello 
hello 
hello 
hello 
hello 
hello 
hello 
hello 
hello 
hello 
hello 
hello 
hello 
hello 
hello 
hello 
hello 
hello 
hello 
hello 
hello 
hello 
hello 
hello 
hello 
hello 
hello 
hello 
hello 
hello 
hello 
hello 
hello 
hello 
hello 
hello 
hello 
hello 
hello 
hello 
hello 
hello 
hello 
hello 
hello 
hello 
hello 
hello 
hello 
hello 
hello 
hello 
hello 
hello 
hello 
hello 
hello 
hello 
hello 
hello 
hello 
hello 
hello 
hello 
hello 
hello 
hello 
hello 
hello 
hello 
hello 
hello 
hello 
hello 
hello 
hello 
hello 
hello 
hello 
hello 
hello 
hello 
hello 
hello 
hello 
hello 
hello 
hello 
hello 
hello 
hello 
hello 
hello 
hello 
hello 
hello 
hello 
hello 
hello 
hello 
hello 
hello 
hello 
hello 
hello 
hello 
hello 
hello 
hello 
hello 
hello 
hello 
hello 
hello 
hello 
hello 
hello 
hello 
hello 
hello 
hello 
hello 
hello 
hello 
hello 
hello 
hello 
hello 
hello 
hello 
hello 
hello 
hello 
hello 
hello 
hello 
hello 
hello 
hello 
hello 
hello 
hello 
hello 
hello 
hello 
hello 
hello 
hello 
hello 
hello 
hello 
hello 
hello 
hello 
hello 
hello 
hello 
hello 
hello 
hello 
hello 
hello 
hello 
hello 
hello 
hello 
hello 
hello 
hello 
hello 
hello 
hello 
hello 
hello 
hello 
hello 
hello 
hello 
hello 
hello 
hello 
hello 
hello 
hello 
hello 
hello 
hello 
hello 
hello 
hello 
hello 
hello 
hello 
hello 
hello 
hello 
hello 
hello 
hello 
hello 
hello 
hello 
hello 
hello 
hello 
hello 
hello 
hello 
hello 
hello 
hello 
hello 
hello 
hello 
hello 
hello 
hello 
hello 
hello 
hello 
hello 
hello 
hello 
hello 
hello 
hello 
hello 
hello 
hello 
hello 
hello 
hello 
hello 
hello 
hello 
hello 
hello 
hello 
hello 
hello 
hello 
hello 
hello 
hello 
hello 
hello 
hello 
hello 
hello 
hello 
hello 
hello 
hello 
hello 
hello 
hello 
hello 
hello 
hello 
hello 
hello 
hello 
hello 
hello 
hello 
hello 
hello 
hello 
hello 
hello 
hello 
hello 
hello 
hello 
hello 
hello 
hello 
hello 
hello 
hello 
hello 
hello 
hello 
hello 
hello 
hello 
hello 
hello 
hello 
hello 
hello 
hello 
hello 
hello 
hello 
hello 
hello 
hello 
hello 
hello 
hello 
hello 
hello 
hello 
hello 
hello 
hello 
hello 
hello 
hello 
hello 
hello 
hello 
hello 
hello 
hello 
hello 
hello 
hello 
hello 
hello 
hello 
hello 
hello 
hello 
hello 
hello 
hello 
hello 
hello 
hello 
hello 
hello 
hello 
hello 
hello 
hello 
hello 
hello 
hello 
hello 
hello 
hello 
hello 
hello 
hello 
hello 
hello 
hello 
hello 
hello 
hello 
hello 
hello 
hello 
hello 
hello 
hello 
hello 
hello 
hello 
hello 
hello 
hello 
hello 
hello 
hello 
hello 
hello 
hello 
hello 
hello 
hello 
hello 
hello 
hello 
hello 
hello 
hello 
hello 
hello 
hello 
hello 
hello 
hello 
hello 
hello 
hello 
hello 
hello 
hello 
hello 
hello 
hello 
hello 
hello 
hello 
hello 
hello 
hello 
hello 
hello 
hello 
hello 
hello 
hello 
hello 
hello 
hello 
hello 
hello 
hello 
hello 
hello 
hello 
hello 
hello 
hello 
hello 
hello 
hello 
hello 
hello 
hello 
hello 
hello 
hello 
hello 
hello 
hello 
hello 
hello 
hello 
hello 
hello 
hello 
hello 
hello 
hello 
hello 
hello 
hello 
hello 
hello 
hello 
hello 
hello 
hello 
hello 
hello 
hello 
hello 
hello 
hello 
hello 
hello 
hello 
hello 
hello 
hello 
hello 
hello 
hello 
hello 
hello 
hello 
hello 
hello 
hello 
hello 
hello 
hello 
hello 
hello 
hello 
hello 
hello 
hello 
hello 
hello 
hello 
hello 
hello 
hello 
hello 
hello 
hello 
hello 
hello 
hello 
hello 
hello 
hello 
hello 
hello 
hello 
hello 
hello 
hello 
hello 
hello 
hello 
hello 
hello 
hello 
hello 
hello 
hello 
hello 
hello 
hello 
hello 
hello 
hello 
hello 
hello 
hello 
hello 
hello 
hello 
hello 
hello 
hello 
hello 
hello 
hello 
hello 
hello 
hello 
hello 
hello 
hello 
hello 
hello 
hello 
hello 
hello 
hello 
hello 
hello 
hello 
hello 
hello 
hello 
hello 
hello 
hello 
hello 
hello 
hello 
hello 
hello 
hello 
hello 
hello 
hello 
hello 
hello 
hello 
hello 
hello 
hello 
hello 
hello 
hello 
hello 
hello 
hello 
hello 
hello 
hello 
hello 
hello 
hello 
hello 
hello 
hello 
hello 
hello 
hello 
hello 
hello 
hello 
hello 
hello 
hello 
hello 
hello 
hello 
hello 
hello 
hello 
hello 
hello 
hello 
hello 
hello 
hello 
hello 
hello 
hello 
hello 
hello 
hello 
hello 
hello 
hello 
hello 
hello 
hello 
hello 
hello 
hello 
hello 
hello 
hello 
hello 
hello 
hello 
hello 
hello 
hello 
hello 
hello 
hello 
hello 
hello 
hello 
hello 
hello 
hello 
hello 
hello 
hello 
hello 
hello 
hello 
hello 
hello 
hello 
hello 
hello 
hello 
hello 
hello 
hello 
hello 
hello 
hello 
hello 
hello 
hello 
hello 
hello 
hello 
hello 
hello 
hello 
hello 
hello 
hello 
hello 
hello 
hello 
hello 
hello 
hello 
hello 
hello 
hello 
hello 
hello 
hello 
hello 
hello 
hello 
hello 
hello 
hello 
hello 
hello 
hello 
hello 
hello 
hello 
hello 
hello 
hello 
hello 
hello 
hello 
hello 
hello 
hello 
hello 
hello 
hello 
hello 
hello 
hello 
hello 
hello 
hello 
hello 
hello 
hello 
hello 
hello 
hello 
hello 
hello 
hello 
hello 
hello 
hello 
hello 
hello 
hello 
hello 
hello 
hello 
hello 
hello 
hello 
hello 
hello 
hello 
hello 
hello 
hello 
hello 
hello 
hello 
hello 
hello 
hello 
hello 
hello 
hello 
hello 
hello 
hello 
hello 
hello 
hello 
hello 
hello 
hello 
hello 
hello 
hello 
hello 
hello 
hello 
hello 
hello 
hello 
hello 
hello 
hello 
hello 
hello 
hello 
hello 
hello 
hello 
hello 
hello 
hello 
hello 
hello 
hello 
hello 
hello 
hello 
hello 
hello 
hello 
hello 
hello 
hello 
hello 
hello 
hello 
hello 
hello 
hello 
hello 
hello 
hello 
hello 
hello 
hello 
hello 
hello 
hello 
hello 
hello 
hello 
hello 
hello 
hello 
hello 
hello 
hello 
hello 
hello 
hello 
hello 
hello 
hello 
hello 
hello 
hello 
hello 
hello 
hello 
hello 
hello 
hello 
hello 
hello 
hello 
hello 
hello 
hello 
hello 
hello 
hello 
hello 
hello 
hello 
hello 
hello 
hello 
hello 
hello 
hello 
hello 
hello 
hello 
hello 
hello 
hello 
hello 
hello 
hello 
hello 
hello 
hello 
hello 
hello 
hello 
hello 
hello 
hello 
hello 
hello 
hello 
hello 
hello 
hello 
hello 
hello 
hello 
hello 
hello 
hello 
hello 
hello 
hello 
hello 
hello 
hello 
hello 
hello 
hello 
hello 
hello 
hello 
hello 
hello 
hello 
hello 
hello 
hello 
hello 
hello 
hello 
hello 
hello 
hello 
hello 
hello 
hello 
hello 
hello 
hello 
hello 
hello 
hello 
hello 
hello 
hello 
hello 
hello 
hello 
hello 
hello 
hello 
hello 
hello 
hello 
hello 
hello 
hello 
hello 
hello 
hello 
hello 
hello 
hello 
hello 
hello 
hello 
hello 
hello 
hello 
hello 
hello 
hello 
hello 
hello 
hello 
hello 
hello 
hello 
hello 
hello 
hello 
hello 
hello 
hello 
hello 
hello 
hello 
hello 
hello 
hello 
hello 
hello 
hello 
hello 
hello 
hello 
hello 
hello 
hello 
hello 
hello 
hello 
hello 
hello 
hello 
hello 
hello 
hello 
hello 
hello 
hello 
hello 
hello 
hello 
hello 
hello 
hello 
hello 
hello 
hello 
hello 
hello 
hello 
hello 
hello 
hello 
hello 
hello 
hello 
hello 
hello 
hello 
hello 
hello 
hello 
hello 
hello 
hello 
hello 
hello 
hello 
hello 
hello 
hello 
hello 
hello 
hello 
hello 
hello 
hello 
hello 
hello 
hello 
hello 
hello 
hello 
hello 
hello 
hello 
hello 
hello 
hello 
hello 
hello 
hello 
hello 
hello 
hello 
hello 
hello 
hello 
hello 
hello 
hello 
hello 
hello 
hello 
hello 
hello 
hello 
hello 
hello 
hello 
hello 
hello 
hello 
hello 
hello 
hello 
hello 
hello 
hello 
hello 
hello 
hello 
hello 
hello 
hello 
hello 
hello 
hello 
hello 
hello 
hello 
hello 
hello 
hello 
hello 
hello 
hello 
hello 
hello 
hello 
hello 
hello 
hello 
hello 
hello 
hello 
hello 
hello 
hello 
hello 
hello 
hello 
hello 
hello 
hello 
hello 
hello 
hello 
hello 
hello 
hello 
hello 
hello 
hello 
hello 
hello 
hello 
hello 
hello 
hello 
hello 
hello 
hello 
hello 
hello 
hello 
hello 
hello 
hello 
hello 
hello 
hello 
hello 
hello 
hello 
hello 
hello 
hello 
hello 
hello 
hello 
hello 
hello 
hello 
hello 
hello 
hello 
hello 
hello 
hello 
hello 
hello 
hello 
hello 
hello 
hello 
hello 
hello 
hello 
hello 
hello 
hello 
hello 
hello 
hello 
hello 
hello 
hello 
hello 
hello 
hello 
hello 
hello 
hello 
hello 
hello 
hello 
hello 
hello 
hello 
hello 
hello 
hello 
hello 
hello 
hello 
hello 
hello 
hello 
hello 
hello 
hello 
hello 
hello 
hello 
hello 
hello 
hello 
hello 
hello 
hello 
hello 
hello 
hello 
hello 
hello 
hello 
hello 
hello 
hello 
hello 
hello 
hello 
hello 
hello 
hello 
hello 
hello 
hello 
hello 
hello 
hello 
hello 
hello 
hello 
hello 
hello 
hello 
hello 
hello 
hello 
hello 
hello 
hello 
hello 
hello 
hello 
hello 
hello 
hello 
hello 
hello 
hello 
hello 
hello 
hello 
hello 
hello 
hello 
hello 
hello 
hello 
hello 
hello 
hello 
hello 
hello 
hello 
hello 
hello 
hello 
hello 
hello 
hello 
hello 
hello 
hello 
hello 
hello 
hello 
hello 
hello 
hello 
hello 
hello 
hello 
hello 
hello 
hello 
hello 
hello 
hello 
hello 
hello 
hello 
hello 
hello 
hello 
hello 
hello 
hello 
hello 
hello 
hello 
hello 
hello 
hello 
hello 
hello 
hello 
hello 
hello 
hello 
hello 
hello 
hello 
hello 
hello 
hello 
hello 
hello 
hello 
hello 
hello 
hello 
hello 
hello 
hello 
hello 
hello 
hello 
hello 
hello 
hello 
hello 
hello 
hello 
hello 
hello 
hello 
hello 
hello 
hello 
hello 
hello 
hello 
hello 
hello 
hello 
hello 
hello 
hello 
hello 
hello 
hello 
hello 
hello 
hello 
hello 
hello 
hello 
hello 
hello 
hello 
hello 
hello 
hello 
hello 
hello 
hello 
hello 
hello 
hello 
hello 
hello 
hello 
hello 
hello 
hello 
hello 
hello 
hello 
hello 
hello 
hello 
hello 
hello 
hello 
hello 
hello 
hello 
hello 
hello 
hello 
hello 
hello 
hello 
hello 
hello 
hello 
hello 
hello 
hello 
hello 
hello 
hello 
hello 
hello 
hello 
hello 
hello 
hello 
hello 
hello 
hello 
hello 
hello 
hello 
hello 
hello 
hello 
hello 
hello 
hello 
hello 
hello 
hello 
hello 
hello 
hello 
hello 
hello 
hello 
hello 
hello 
hello 
hello 
hello 
hello 
hello 
hello 
hello 
hello 
hello 
hello 
hello 
hello 
hello 
hello 
hello 
hello 
hello 
hello 
hello 
hello 
hello 
hello 
hello 
hello 
hello 
hello 
hello 
hello 
hello 
hello 
hello 
hello 
hello 
hello 
hello 
hello 
hello 
hello 
hello 
hello 
hello 
hello 
hello 
hello 
hello 
hello 
hello 
hello 
hello 
hello 
hello 
hello 
hello 
hello 
hello 
hello 
hello 
hello 
hello 
hello 
hello 
hello 
hello 
hello 
hello 
hello 
hello 
hello 
hello 
hello 
hello 
hello 
hello 
hello 
hello 
hello 
hello 
hello 
hello 
hello 
hello 
hello 
hello 
hello 
hello 
hello 
hello 
hello 
hello 
hello 
hello 
hello 
hello 
hello 
hello 
hello 
hello 
hello 
hello 
hello 
hello 
hello 
hello 
hello 
hello 
hello 
hello 
hello 
hello 
hello 
hello 
hello 
hello 
hello 
hello 
hello 
hello 
hello 
hello 
hello 
hello 
hello 
hello 
hello 
hello 
hello 
hello 
hello 
hello 
hello 
hello 
hello 
hello 
hello 
hello 
hello 
hello 
hello 
hello 
hello 
hello 
hello 
hello 
hello 
hello 
hello 
hello 
hello 
hello 
hello 
hello 
hello 
hello 
hello 
hello 
hello 
hello 
hello 
hello 
hello 
hello 
hello 
hello 
hello 
hello 
hello 
hello 
hello 
hello 
hello 
hello 
hello 
hello 
hello 
hello 
hello 
hello 
hello 
hello 
hello 
hello 
hello 
hello 
hello 
hello 
hello 
hello 
hello 
hello 
hello 
hello 
hello 
hello 
hello 
hello 
hello 
hello 
hello 
hello 
hello 
hello 
hello 
hello 
hello 
hello 
hello 
hello 
hello 
hello 
hello 
hello 
hello 
hello 
hello 
hello 
hello 
hello 
hello 
hello 
hello 
hello 
hello 
hello 
hello 
hello 
hello 
hello 
hello 
hello 
hello 
hello 
hello 
hello 
hello 
hello 
hello 
hello 
hello 
hello 
hello 
hello 
hello 
hello 
hello 
hello 
hello 
hello 
hello 
hello 
hello 
hello 
hello 
hello 
hello 
hello 
hello 
hello 
hello 
hello 
hello 
hello 
hello 
hello 
hello 
hello 
hello 
hello 
hello 
hello 
hello 
hello 
hello 
hello 
hello 
hello 
hello 
hello 
hello 
hello 
hello 
hello 
hello 
hello 
hello 
hello 
hello 
hello 
hello 
hello 
hello 
hello 
hello 
hello 
hello 
hello 
hello 
hello 
hello 
hello 
hello 
hello 
hello 
hello 
hello 
hello 
hello 
hello 
hello 
hello 
hello 
hello 
hello 
hello 
hello 
hello 
hello 
hello 
hello 
hello 
hello 
hello 
hello 
hello 
hello 
hello 
hello 
hello 
hello 
hello 
hello 
hello 
hello 
hello 
hello 
hello 
hello 
hello 
hello 
hello 
hello 
hello 
hello 
hello 
hello 
hello 
hello 
hello 
hello 
hello 
hello 
hello 
hello 
hello 
hello 
hello 
hello 
hello 
hello 
hello 
hello 
hello 
hello 
hello 
hello 
hello 
hello 
hello 
hello 
hello 
hello 
hello 
hello 
hello 
hello 
hello 
hello 
hello 
hello 
hello 
hello 
hello 
hello 
hello 
hello 
hello 
hello 
hello 
hello 
hello 
hello 
hello 
hello 
hello 
hello 
hello 
hello 
hello 
hello 
hello 
hello 
hello 
hello 
hello 
hello 
hello 
hello 
hello 
hello 
hello 
hello 
hello 
hello 
hello 
hello 
hello 
hello 
hello 
hello 
hello 
hello 
hello 
hello 
hello 
hello 
hello 
hello 
hello 
hello 
hello 
hello 
hello 
hello 
hello 
hello 
hello 
hello 
hello 
hello 
hello 
hello 
hello 
hello 
hello 
hello 
hello 
hello 
hello 
hello 
hello 
hello 
hello 
hello 
hello 
hello 
hello 
hello 
hello 
hello 
hello 
hello 
hello 
hello 
hello 
hello 
hello 
hello 
hello 
hello 
hello 
hello 
hello 
hello 
hello 
hello 
hello 
hello 
hello 
hello 
hello 
hello 
hello 
hello 
hello 
hello 
hello 
hello 
hello 
hello 
hello 
hello 
hello 
hello 
hello 
hello 
hello 
hello 
hello 
hello 
hello 
hello 
hello 
hello 
hello 
hello 
hello 
hello 
hello 
hello 
hello 
hello 
hello 
hello 
hello 
hello 
hello 
hello 
hello 
hello 
hello 
hello 
hello 
hello 
hello 
hello 
hello 
hello 
hello 
hello 
hello 
hello 
hello 
hello 
hello 
hello 
hello 
hello 
hello 
hello 
hello 
hello 
hello 
hello 
hello 
hello 
hello 
hello 
hello 
hello 
hello 
hello 
hello 
hello 
hello 
hello 
hello 
hello 
hello 
hello 
hello 
hello 
hello 
hello 
hello 
hello 
hello 
hello 
hello 
hello 
hello 
hello 
hello 
hello 
hello 
hello 
hello 
hello 
hello 
hello 
hello 
hello 
hello 
hello 
hello 
hello 
hello 
hello 
hello 
hello 
hello 
hello 
hello 
hello 
hello 
hello 
hello 
hello 
hello 
hello 
hello 
hello 
hello 
hello 
hello 
hello 
hello 
hello 
hello 
hello 
hello 
hello 
hello 
hello 
hello 
hello 
hello 
hello 
hello 
hello 
hello 
hello 
hello 
hello 
hello 
hello 
hello 
hello 
hello 
hello 
hello 
hello 
hello 
hello 
hello 
hello 
hello 
hello 
hello 
hello 
hello 
hello 
hello 
hello 
hello 
hello 
hello 
hello 
hello 
hello 
hello 
hello 
hello 
hello 
hello 
hello 
hello 
hello 
hello 
hello 
hello 
hello 
hello 
hello 
hello 
hello 
hello 
hello 
hello 
hello 
hello 
hello 
hello 
hello 
hello 
hello 
hello 
hello 
hello 
hello 
hello 
hello 
hello 
hello 
hello 
hello 
hello 
hello 
hello 
hello 
hello 
hello 
hello 
hello 
hello 
hello 
hello 
hello 
hello 
hello 
hello 
hello 
hello 
hello 
hello 
hello 
hello 
hello 
hello 
hello 
hello 
hello 
hello 
hello 
hello 
hello 
hello 
hello 
hello 
hello 
hello 
hello 
hello 
hello 
hello 
hello 
hello 
hello 
hello 
hello 
hello 
hello 
hello 
hello 
hello 
hello 
hello 
hello 
hello 
hello 
hello 
hello 
hello 
hello 
hello 
hello 
hello 
hello 
hello 
hello 
hello 
hello 
hello 
hello 
hello 
hello 
hello 
hello 
hello 
hello 
hello 
hello 
hello 
hello 
hello 
hello 
hello 
hello 
hello 
hello 
hello 
hello 
hello 
hello 
hello 
hello 
hello 
hello 
hello 
hello 
hello 
hello 
hello 
hello 
hello 
hello 
hello 
hello 
hello 
hello 
hello 
hello 
hello 
hello 
hello 
hello 
hello 
hello 
hello 
hello 
hello 
hello 
hello 
hello 
hello 
hello 
hello 
hello 
hello 
hello 
hello 
hello 
hello 
hello 
hello 
hello 
hello 
hello 
hello 
hello 
hello 
hello 
hello 
hello 
hello 
hello 
hello 
hello 
hello 
hello 
hello 
hello 
hello 
hello 
hello 
hello 
hello 
hello 
hello 
hello 
hello 
hello 
hello 
hello 
hello 
hello 
hello 
hello 
hello 
hello 
hello 
hello 
hello 
hello 
hello 
hello 
hello 
hello 
hello 
hello 
hello 
hello 
hello 
hello 
hello 
hello 
hello 
hello 
hello 
hello 
hello 
hello 
hello 
hello 
hello 
hello 
hello 
hello 
hello 
hello 
hello 
hello 
hello 
hello 
hello 
hello 
hello 
hello 
hello 
hello 
hello 
hello 
hello 
hello 
hello 
hello 
hello 
hello 
hello 
hello 
hello 
hello 
hello 
hello 
hello 
hello 
hello 
hello 
hello 
hello 
hello 
hello 
hello 
hello 
hello 
hello 
hello 
hello 
hello 
hello 
hello 
hello 
hello 
hello 
hello 
hello 
hello 
hello 
hello 
hello 
hello 
hello 
hello 
hello 
hello 
hello 
hello 
hello 
hello 
hello 
hello 
hello 
hello 
hello 
hello 
hello 
hello 
hello 
hello 
hello 
hello 
hello 
hello 
hello 
hello 
hello 
hello 
hello 
hello 
hello 
hello 
hello 
hello 
hello 
hello 
hello 
hello 
hello 
hello 
hello 
hello 
hello 
hello 
hello 
hello 
hello 
hello 
hello 
hello 
hello 
hello 
hello 
hello 
hello 
hello 
hello 
hello 
hello 
hello 
hello 
hello 
hello 
hello 
hello 
hello 
hello 
hello 
hello 
hello 
hello 
hello 
hello 
hello 
hello 
hello 
hello 
hello 
hello 
hello 
hello 
hello 
hello 
hello 
hello 
hello 
hello 
hello 
hello 
hello 
hello 
hello 
hello 
hello 
hello 
hello 
hello 
hello 
hello 
hello 
hello 
hello 
hello 
hello 
hello 
hello 
hello 
hello 
hello 
hello 
hello 
hello 
hello 
hello 
hello 
hello 
hello 
hello 
hello 
hello 
hello 
hello 
hello 
hello 
hello 
hello 
hello 
hello 
hello 
hello 
hello 
hello 
hello 
hello 
hello 
hello 
hello 
hello 
hello 
hello 
hello 
hello 
hello 
hello 
hello 
hello 
hello 
hello 
hello 
hello 
hello 
hello 
hello 
hello 
hello 
hello 
hello 
hello 
hello 
hello 
hello 
hello 
hello 
hello 
hello 
hello 
hello 
hello 
hello 
hello 
hello 
hello 
hello 
hello 
hello 
hello 
hello 
hello 
hello 
hello 
hello 
hello 
hello 
hello 
hello 
hello 
hello 
hello 
hello 
hello 
hello 
hello 
hello 
hello 
hello 
hello 
hello 
hello 
hello 
hello 
hello 
hello 
hello 
hello 
hello 
hello 
hello 
hello 
hello 
hello 
hello 
hello 
hello 
hello 
hello 
hello 
hello 
hello 
hello 
hello 
hello 
hello 
hello 
hello 
hello 
hello 
hello 
hello 
hello 
hello 
hello 
hello 
hello 
hello 
hello 
hello 
hello 
hello 
hello 
hello 
hello 
hello 
hello 
hello 
hello 
hello 
hello 
hello 
hello 
hello 
hello 
hello 
hello 
hello 
hello 
hello 
hello 
hello 
hello 
hello 
hello 
hello 
hello 
hello 
hello 
hello 
hello 
hello 
hello 
hello 
hello 
hello 
hello 
hello 
hello 
hello 
hello 
hello 
hello 
hello 
hello 
hello 
hello 
hello 
hello 
hello 
hello 
hello 
hello 
hello 
hello 
hello 
hello 
hello 
hello 
hello 
hello 
hello 
hello 
hello 
hello 
hello 
hello 
hello 
hello 
hello 
hello 
hello 
hello 
hello 
hello 
hello 
hello 
hello 
hello 
hello 
hello 
hello 
hello 
hello 
hello 
hello 
hello 
hello 
hello 
hello 
hello 
hello 
hello 
hello 
hello 
hello 
hello 
hello 
hello 
hello 
hello 
hello 
hello 
hello 
hello 
hello 
hello 
hello 
hello 
hello 
hello 
hello 
hello 
hello 
hello 
hello 
hello 
hello 
hello 
hello 
hello 
hello 
hello 
hello 
hello 
hello 
hello 
hello 
hello 
hello 
hello 
hello 
hello 
hello 
hello 
hello 
hello 
hello 
hello 
hello 
hello 
hello 
hello 
hello 
hello 
hello 
hello 
hello 
hello 
hello 
hello 
hello 
hello 
hello 
hello 
hello 
hello 
hello 
hello 
hello 
hello 
hello 
hello 
hello 
hello 
hello 
hello 
hello 
hello 
hello 
hello 
hello 
hello 
hello 
hello 
hello 
hello 
hello 
hello 
hello 
hello 
hello 
hello 
hello 
hello 
hello 
hello 
hello 
hello 
hello 
hello 
hello 
hello 
hello 
hello 
hello 
hello 
hello 
hello 
hello 
hello 
hello 
hello 
hello 
hello 
hello 
hello 
hello 
hello 
hello 
hello 
hello 
hello 
hello 
hello 
hello 
hello 
hello 
hello 
hello 
hello 
hello 
hello 
hello 
hello 
hello 
hello 
hello 
hello 
hello 
hello 
hello 
hello 
hello 
hello 
hello 
hello 
hello 
hello 
hello 
hello 
hello 
hello 
hello 
hello 
hello 
hello 
hello 
hello 
hello 
hello 
hello 
hello 
hello 
hello 
hello 
hello 
hello 
hello 
hello 
hello 
hello 
hello 
hello 
hello 
hello 
hello 
hello 
hello 
hello 
hello 
hello 
hello 
hello 
hello 
hello 
hello 
hello 
hello 
hello 
hello 
hello 
hello 
hello 
hello 
hello 
hello 
hello 
hello 
hello 
hello 
hello 
hello 
hello 
hello 
hello 
hello 
hello 
hello 
hello 
hello 
hello 
hello 
hello 
hello 
hello 
hello 
hello 
hello 
hello 
hello 
hello 
hello 
hello 
hello 
hello 
hello 
hello 
hello 
hello 
hello 
hello 
hello 
hello 
hello 
hello 
hello 
hello 
hello 
hello 
hello 
hello 
hello 
hello 
hello 
hello 
hello 
hello 
hello 
hello 
hello 
hello 
hello 
hello 
hello 
hello 
hello 
hello 
hello 
hello 
hello 
hello 
hello 
hello 
hello 
hello 
hello 
hello 
hello 
hello 
hello 
hello 
hello 
hello 
hello 
hello 
hello 
hello 
hello 
hello 
hello 
hello 
hello 
hello 
hello 
hello 
hello 
hello 
hello 
hello 
hello 
hello 
hello 
hello 
hello 
hello 
hello 
hello 
hello 
hello 
hello 
hello 
hello 
hello 
hello 
hello 
hello 
hello 
hello 
hello 
hello 
hello 
hello 
hello 
hello 
hello 
hello 
hello 
hello 
hello 
hello 
hello 
hello 
hello 
hello 
hello 
hello 
hello 
hello 
hello 
hello 
hello 
hello 
hello 
hello 
hello 
hello 
hello 
hello 
hello 
hello 
hello 
hello 
hello 
hello 
hello 
hello 
hello 
hello 
hello 
hello 
hello 
hello 
hello 
hello 
hello 
hello 
hello 
hello 
hello 
hello 
hello 
hello 
hello 
hello 
hello 
hello 
hello 
hello 
hello 
hello 
hello 
hello 
hello 
hello 
hello 
hello 
hello 
hello 
hello 
hello 
hello 
hello 
hello 
hello 
hello 
hello 
hello 
hello 
hello 
hello 
hello 
hello 
hello 
hello 
hello 
hello 
hello 
hello 
hello 
hello 
hello 
hello 
hello 
hello 
hello 
hello 
hello 
hello 
hello 
hello 
hello 
hello 
hello 
hello 
hello 
hello 
hello 
hello 
hello 
hello 
hello 
hello 
hello 
hello 
hello 
hello 
hello 
hello 
hello 
hello 
hello 
hello 
hello 
hello 
hello 
hello 
hello 
hello 
hello 
hello 
hello 
hello 
hello 
hello 
hello 
hello 
hello 
hello 
hello 
hello 
hello 
hello 
hello 
hello 
hello 
hello 
hello 
hello 
hello 
hello 
hello 
hello 
hello 
hello 
hello 
hello 
hello 
hello 
hello 
hello 
hello 
hello 
hello 
hello 
hello 
hello 
hello 
hello 
hello 
hello 
hello 
hello 
hello 
hello 
hello 
hello 
hello 
hello 
hello 
hello 
hello 
hello 
hello 
hello 
hello 
hello 
hello 
hello 
hello 
hello 
hello 
hello 
hello 
hello 
hello 
hello 
hello 
hello 
hello 
hello 
hello 
hello 
hello 
hello 
hello 
hello 
hello 
hello 
hello 
hello 
hello 
hello 
hello 
hello 
hello 
hello 
hello 
hello 
hello 
hello 
hello 
hello 
hello 
hello 
hello 
hello 
hello 
hello 
hello 
hello 
hello 
hello 
hello 
hello 
hello 
hello 
hello 
hello 
hello 
hello 
hello 
hello 
hello 
hello 
hello 
hello 
hello 
hello 
hello 
hello 
hello 
hello 
hello 
hello 
hello 
hello 
hello 
hello 
hello 
hello 
hello 
hello 
hello 
hello 
hello 
hello 
hello 
hello 
hello 
hello 
hello 
hello 
hello 
hello 
hello 
hello 
hello 
hello 
hello 
hello 
hello 
hello 
hello 
hello 
hello 
hello 
hello 
hello 
hello 
hello 
hello 
hello 
hello 
hello 
hello 
hello 
hello 
hello 
hello 
hello 
hello 
hello 
hello 
hello 
hello 
hello 
hello 
hello 
hello 
hello 
hello 
hello 
hello 
hello 
hello 
hello 
hello 
hello 
hello 
hello 
hello 
hello 
hello 
hello 
hello 
hello 
hello 
hello 
hello 
hello 
hello 
hello 
hello 
hello 
hello 
hello 
hello 
hello 
hello 
hello 
hello 
hello 
hello 
hello 
hello 
hello 
hello 
hello 
hello 
hello 
hello 
hello 
hello 
hello 
hello 
hello 
hello 
hello 
hello 
hello 
hello 
hello 
hello 
hello 
hello 
hello 
hello 
hello 
hello 
hello 
hello 
hello 
hello 
hello 
hello 
hello 
hello 
hello 
hello 
hello 
hello 
hello 
hello 
hello 
hello 
hello 
hello 
hello 
hello 
hello 
hello 
hello 
hello 
hello 
hello 
hello 
hello 
hello 
hello 
hello 
hello 
hello 
hello 
hello 
hello 
hello 
hello 
hello 
hello 
hello 
hello 
hello 
hello 
hello 
hello 
hello 
hello 
hello 
hello 
hello 
hello 
hello 
hello 
hello 
hello 
hello 
hello 
hello 
hello 
hello 
hello 
hello 
hello 
hello 
hello 
hello 
hello 
hello 
hello 
hello 
hello 
hello 
hello 
hello 
hello 
hello 
hello 
hello 
hello 
hello 
hello 
hello 
hello 
hello 
hello 
hello 
hello 
hello 
hello 
hello 
hello 
hello 
hello 
hello 
hello 
hello 
hello 
hello 
hello 
hello 
hello 
hello 
hello 
hello 
hello 
hello 
hello 
hello 
hello 
hello 
hello 
hello 
hello 
hello 
hello 
hello 
hello 
hello 
hello 
hello 
hello 
hello 
hello 
hello 
hello 
hello 
hello 
hello 
hello 
hello 
hello 
hello 
hello 
hello 
hello 
hello 
hello 
hello 
hello 
hello 
hello 
hello 
hello 
hello 
hello 
hello 
hello 
hello 
hello 
hello 
hello 
hello 
hello 
hello 
hello 
hello 
hello 
hello 
hello 
hello 
hello 
hello 
hello 
hello 
hello 
hello 
hello 
hello 
hello 
hello 
hello 
hello 
hello 
hello 
hello 
hello 
hello 
hello 
hello 
hello 
hello 
hello 
hello 
hello 
hello 
hello 
hello 
hello 
hello 
hello 
hello 
hello 
hello 
hello 
hello 
hello 
hello 
hello 
hello 
hello 
hello 
hello 
hello 
hello 
hello 
hello 
hello 
hello 
hello 
hello 
hello 
hello 
hello 
hello 
hello 
hello 
hello 
hello 
hello 
hello 
hello 
hello 
hello 
hello 
hello 
hello 
hello 
hello 
hello 
hello 
hello 
hello 
hello 
hello 
hello 
hello 
hello 
hello 
hello 
hello 
hello 
hello 
hello 
hello 
hello 
hello 
hello 
hello 
hello 
hello 
hello 
hello 
hello 
hello 
hello 
hello 
hello 
hello 
hello 
hello 
hello 
hello 
hello 
hello 
hello 
hello 
hello 
hello 
hello 
hello 
hello 
hello 
hello 
hello 
hello 
hello 
hello 
hello 
hello 
hello 
hello 
hello 
hello 
hello 
hello 
hello 
hello 
hello 
hello 
hello 
hello 
hello 
hello 
hello 
hello 
hello 
hello 
hello 
hello 
hello 
hello 
hello 
hello 
hello 
hello 
hello 
hello 
hello 
hello 
hello 
hello 
hello 
hello 
hello 
hello 
hello 
hello 
hello 
hello 
hello 
hello 
hello 
hello 
hello 
hello 
hello 
hello 
hello 
hello 
hello 
hello 
hello 
hello 
hello 
hello 
hello 
hello 
hello 
hello 
hello 
hello 
hello 
hello 
hello 
hello 
hello 
hello 
hello 
hello 
hello 
hello 
hello 
hello 
hello 
hello 
hello 
hello 
hello 
hello 
hello 
hello 
hello 
hello 
hello 
hello 
hello 
hello 
hello 
hello 
hello 
hello 
hello 
hello 
hello 
hello 
hello 
hello 
hello 
hello 
hello 
hello 
hello 
hello 
hello 
hello 
hello 
hello 
hello 
hello 
hello 
hello 
hello 
hello 
hello 
hello 
hello 
hello 
hello 
hello 
hello 
hello 
hello 
hello 
hello 
hello 
hello 
hello 
hello 
hello 
hello 
hello 
hello 
hello 
hello 
hello 
hello 
hello 
hello 
hello 
hello 
hello 
hello 
hello 
hello 
hello 
hello 
hello 
hello 
hello 
hello 
hello 
hello 
hello 
hello 
hello 
hello 
hello 
hello 
hello 
hello 
hello 
hello 
hello 
hello 
hello 
hello 
hello 
hello 
hello 
hello 
hello 
hello 
hello 
hello 
hello 
hello 
hello 
hello 
hello 
hello 
hello 
hello 
hello 
hello 
hello 
hello 
hello 
hello 
hello 
hello 
hello 
hello 
hello 
hello 
hello 
hello 
hello 
hello 
hello 
hello 
hello 
hello 
hello 
hello 
hello 
hello 
hello 
hello 
hello 
hello 
hello 
hello 
hello 
hello 
hello 
hello 
hello 
hello 
hello 
hello 
hello 
hello 
hello 
hello 
hello 
hello 
hello 
hello 
hello 
hello 
hello 
hello 
hello 
hello 
hello 
hello 
hello 
hello 
hello 
hello 
hello 
hello 
hello 
hello 
hello 
hello 
hello 
hello 
hello 
hello 
hello 
hello 
hello 
hello 
hello 
hello 
hello 
hello 
hello 
hello 
hello 
hello 
hello 
hello 
hello 
hello 
hello 
hello 
hello 
hello 
hello 
hello 
hello 
hello 
hello 
hello 
hello 
hello 
hello 
hello 
hello 
hello 
hello 
hello 
hello 
hello 
hello 
hello 
hello 
hello 
hello 
hello 
hello 
hello 
hello 
hello 
hello 
hello 
hello 
hello 
hello 
hello 
hello 
hello 
hello 
hello 
hello 
hello 
hello 
hello 
hello 
hello 
hello 
hello 
hello 
hello 
hello 
hello 
hello 
hello 
hello 
hello 
hello 
hello 
hello 
hello 
hello 
hello 
hello 
hello 
hello 
hello 
hello 
hello 
hello 
hello 
hello 
hello 
hello 
hello 
hello 
hello 
hello 
hello 
hello 
hello 
hello 
hello 
hello 
hello 
hello 
hello 
hello 
hello 
hello 
hello 
hello 
hello 
hello 
hello 
hello 
hello 
hello 
hello 
hello 
hello 
hello 
hello 
hello 
hello 
hello 
hello 
hello 
hello 
hello 
hello 
hello 
hello 
hello 
hello 
hello 
hello 
hello 
hello 
hello 
hello 
hello 
hello 
hello 
hello 
hello 
hello 
hello 
hello 
hello 
hello 
hello 
hello 
hello 
hello 
hello 
hello 
hello 
hello 
hello 
hello 
hello 
hello 
hello 
hello 
hello 
hello 
hello 
hello 
hello 
hello 
hello 
hello 
hello 
hello 
hello 
hello 
hello 
hello 
hello 
hello 
hello 
hello 
hello 
hello 
hello 
hello 
hello 
hello 
hello 
hello 
hello 
hello 
hello 
hello 
hello 
hello 
hello 
hello 
hello 
hello 
hello 
hello 
hello 
hello 
hello 
hello 
hello 
hello 
hello 
hello 
hello 
hello 
hello 
hello 
hello 
hello 
hello 
hello 
hello 
hello 
hello 
hello 
hello 
hello 
hello 
hello 
hello 
hello 
hello 
hello 
hello 
hello 
hello 
hello 
hello 
hello 
hello 
hello 
hello 
hello 
hello 
hello 
hello 
hello 
hello 
hello 
hello 
hello 
hello 
hello 
hello 
hello 
hello 
hello 
hello 
hello 
hello 
hello 
hello 
hello 
hello 
hello 
hello 
hello 
hello 
hello 
hello 
hello 
hello 
hello 
hello 
hello 
hello 
hello 
hello 
hello 
hello 
hello 
hello 
hello 
hello 
hello 
hello 
hello 
hello 
hello 
hello 
hello 
hello 
hello 
hello 
hello 
hello 
hello 
hello 
hello 
hello 
hello 
hello 
hello 
hello 
hello 
hello 
hello 
hello 
hello 
hello 
hello 
hello 
hello 
hello 
hello 
hello 
hello 
hello 
hello 
hello 
hello 
hello 
hello 
hello 
hello 
hello 
hello 
hello 
hello 
hello 
hello 
hello 
hello 
hello 
hello 
hello 
hello 
hello 
hello 
hello 
hello 
hello 
hello 
hello 
hello 
hello 
hello 
hello 
hello 
hello 
hello 
hello 
hello 
hello 
hello 
hello 
hello 
hello 
hello 
hello 
hello 
hello 
hello 
hello 
hello 
hello 
hello 
hello 
hello 
hello 
hello 
hello 
hello 
hello 
hello 
hello 
hello 
hello 
hello 
hello 
hello 
hello 
hello 
hello 
hello 
hello 
hello 
hello 
hello 
hello 
hello 
hello 
hello 
hello 
hello 
hello 
hello 
hello 
hello 
hello 
hello 
hello 
hello 
hello 
hello 
hello 
hello 
hello 
hello 
hello 
hello 
hello 
hello 
hello 
hello 
hello 
hello 
hello 
hello 
hello 
hello 
hello 
hello 
hello 
hello 
hello 
hello 
hello 
hello 
hello 
hello 
hello 
hello 
hello 
hello 
hello 
hello 
hello 
hello 
hello 
hello 
hello 
hello 
hello 
hello 
hello 
hello 
hello 
hello 
hello 
hello 
hello 
hello 
hello 
hello 
hello 
hello 
hello 
hello 
hello 
hello 
hello 
hello 
hello 
hello 
hello 
hello 
hello 
hello 
hello 
hello 
hello 
hello 
hello 
hello 
hello 
hello 
hello 
hello 
hello 
hello 
hello 
hello 
hello 
hello 
hello 
hello 
hello 
hello 
hello 
hello 
hello 
hello 
hello 
hello 
hello 
hello 
hello 
hello 
hello 
hello 
hello 
hello 
hello 
hello 
hello 
hello 
hello 
hello 
hello 
hello 
hello 
hello 
hello 
hello 
hello 
hello 
hello 
hello 
hello 
hello 
hello 
hello 
hello 
hello 
hello 
hello 
hello 
hello 
hello 
hello 
hello 
hello 
hello 
hello 
hello 
hello 
hello 
hello 
hello 
hello 
hello 
hello 
hello 
hello 
hello 
hello 
hello 
hello 
hello 
hello 
hello 
hello 
hello 
hello 
hello 
hello 
hello 
hello 
hello 
hello 
hello 
hello 
hello 
hello 
hello 
hello 
hello 
hello 
hello 
hello 
hello 
hello 
hello 
hello 
hello 
hello 
hello 
hello 
hello 
hello 
hello 
hello 
hello 
hello 
hello 
hello 
hello 
hello 
hello 
hello 
hello 
hello 
hello 
hello 
hello 
hello 
hello 
hello 
hello 
hello 
hello 
hello 
hello 
hello 
hello 
hello 
hello 
hello 
hello 
hello 
hello 
hello 
hello 
hello 
hello 
hello 
hello 
hello 
hello 
hello 
hello 
hello 
hello 
hello 
hello 
hello 
hello 
hello 
hello 
hello 
hello 
hello 
hello 
hello 
hello 
hello 
hello 
hello 
hello 
hello 
hello 
hello 
hello 
hello 
hello 
hello 
hello 
hello 
hello 
hello 
hello 
hello 
hello 
hello 
hello 
hello 
hello 
hello 
hello 
hello 
hello 
hello 
hello 
hello 
hello 
hello 
hello 
hello 
hello 
hello 
hello 
hello 
hello 
hello 
hello 
hello 
hello 
hello 
hello 
hello 
hello 
hello 
hello 
hello 
hello 
hello 
hello 
hello 
hello 
hello 
hello 
hello 
hello 
hello 
hello 
hello 
hello 
hello 
hello 
hello 
hello 
hello 
hello 
hello 
hello 
hello 
hello 
hello 
hello 
hello 
hello 
hello 
hello 
hello 
hello 
hello 
hello 
hello 
hello 
hello 
hello 
hello 
hello 
hello 
hello 
hello 
hello 
hello 
hello 
hello 
hello 
hello 
hello 
hello 
hello 
hello 
hello 
hello 
hello 
hello 
hello 
hello 
hello 
hello 
hello 
hello 
hello 
hello 
hello 
hello 
hello 
hello 
hello 
hello 
hello 
hello 
hello 
hello 
hello 
hello 
hello 
hello 
hello 
hello 
hello 
hello 
hello 
hello 
hello 
hello 
hello 
hello 
hello 
hello 
hello 
hello 
hello 
hello 
hello 
hello 
hello 
hello 
hello 
hello 
hello 
hello 
hello 
hello 
hello 
hello 
hello 
hello 
hello 
hello 
hello 
hello 
hello 
hello 
hello 
hello 
hello 
hello 
hello 
hello 
hello 
hello 
hello 
hello 
hello 
hello 
hello 
hello 
hello 
hello 
hello 
hello 
hello 
hello 
hello 
hello 
hello 
hello 
hello 
hello 
hello 
hello 
hello 
hello 
hello 
hello 
hello 
hello 
hello 
hello 
hello 
hello 
hello 
hello 
hello 
hello 
hello 
hello 
hello 
hello 
hello 
hello 
hello 
hello 
hello 
hello 
hello 
hello 
hello 
hello 
hello 
hello 
hello 
hello 
hello 
hello 
hello 
hello 
hello 
hello 
hello 
hello 
hello 
hello 
hello 
hello 
hello 
hello 
hello 
hello 
hello 
hello 
hello 
hello 
hello 
hello 
hello 
hello 
hello 
hello 
hello 
hello 
hello 
hello 
hello 
hello 
hello 
hello 
hello 
hello 
hello 
hello 
hello 
hello 
hello 
hello 
hello 
hello 
hello 
hello 
hello 
hello 
hello 
hello 
hello 
hello 
hello 
hello 
hello 
hello 
hello 
hello 
hello 
hello 
hello 
hello 
hello 
hello 
hello 
hello 
hello 
hello 
hello 
hello 
hello 
hello 
hello 
hello 
hello 
hello 
hello 
hello 
hello 
hello 
hello 
hello 
hello 
hello 
hello 
hello 
hello 
hello 
hello 
hello 
hello 
hello 
hello 
hello 
hello 
hello 
hello 
hello 
hello 
hello 
hello 
hello 
hello 
hello 
hello 
hello 
hello 
hello 
hello 
hello 
hello 
hello 
hello 
hello 
hello 
hello 
hello 
hello 
hello 
hello 
hello 
hello 
hello 
hello 
hello 
hello 
hello 
hello 
hello 
hello 
hello 
hello 
hello 
hello 
hello 
hello 
hello 
hello 
hello 
hello 
hello 
hello 
hello 
hello 
hello 
hello 
hello 
hello 
hello 
hello 
hello 
hello 
hello 
hello 
hello 
hello 
hello 
hello 
hello 
hello 
hello 
hello 
hello 
hello 
hello 
hello 
hello 
hello 
hello 
hello 
hello 
hello 
hello 
hello 
hello 
hello 
hello 
hello 
hello 
hello 
hello 
hello 
hello 
hello 
hello 
hello 
hello 
hello 
hello 
hello 
hello 
hello 
hello 
hello 
hello 
hello 
hello 
hello 
hello 
hello 
hello 
hello 
hello 
hello 
hello 
hello 
hello 
hello 
hello 
hello 
hello 
hello 
hello 
hello 
hello 
hello 
hello 
hello 
hello 
hello 
hello 
hello 
hello 
hello 
hello 
hello 
hello 
hello 
hello 
hello 
hello 
hello 
hello 
hello 
hello 
hello 
hello 
hello 
hello 
hello 
hello 
hello 
hello 
hello 
hello 
hello 
hello 
hello 
hello 
hello 
hello 
hello 
hello 
hello 
hello 
hello 
hello 
hello 
hello 
hello 
hello 
hello 
hello 
hello 
hello 
hello 
hello 
hello 
hello 
hello 
hello 
hello 
hello 
hello 
hello 
hello 
hello 
hello 
hello 
hello 
hello 
hello 
hello 
hello 
hello 
hello 
hello 
hello 
hello 
hello 
hello 
hello 
hello 
hello 
hello 
hello 
hello 
hello 
hello 
hello 
hello 
hello 
hello 
hello 
hello 
hello 
hello 
hello 
hello 
hello 
hello 
hello 
hello 
hello 
hello 
hello 
hello 
hello 
hello 
hello 
hello 
hello 
hello 
hello 
hello 
hello 
hello 
hello 
hello 
hello 
hello 
hello 
hello 
hello 
hello 
hello 
hello 
hello 
hello 
hello 
hello 
hello 
hello 
hello 
hello 
hello 
hello 
hello 
hello 
hello 
hello 
hello 
hello 
hello 
hello 
hello 
hello 
hello 
hello 
hello 
hello 
hello 
hello 
hello 
hello 
hello 
hello 
hello 
hello 
hello 
hello 
hello 
hello 
hello 
hello 
hello 
hello 
hello 
hello 
hello 
hello 
hello 
hello 
hello 
hello 
hello 
hello 
hello 
hello 
hello 
hello 
hello 
hello 
hello 
hello 
hello 
hello 
hello 
hello 
hello 
hello 
hello 
hello 
hello 
hello 
hello 
hello 
hello 
hello 
hello 
hello 
hello 
hello 
hello 
hello 
hello 
hello 
hello 
hello 
hello 
hello 
hello 
hello 
hello 
hello 
hello 
hello 
hello 
hello 
hello 
hello 
hello 
hello 
hello 
hello 
hello 
hello 
hello 
hello 
hello 
hello 
hello 
hello 
hello 
hello 
hello 
hello 
hello 
hello 
hello 
hello 
hello 
hello 
hello 
hello 
hello 
hello 
hello 
hello 
hello 
hello 
hello 
hello 
hello 
hello 
hello 
hello 
hello 
hello 
hello 
hello 
hello 
hello 
hello 
hello 
hello 
hello 
hello 
hello 
hello 
hello 
hello 
hello 
hello 
hello 
hello 
hello 
hello 
hello 
hello 
hello 
hello 
hello 
hello 
hello 
hello 
hello 
hello 
hello 
hello 
hello 
hello 
hello 
hello 
hello 
hello 
hello 
hello 
hello 
hello 
hello 
hello 
hello 
hello 
hello 
hello 
hello 
hello 
hello 
hello 
hello 
hello 
hello 
hello 
hello 
hello 
hello 
hello 
hello 
hello 
hello 
hello 
hello 
hello 
hello 
hello 
hello 
hello 
hello 
hello 
hello 
hello 
hello 
hello 
hello 
hello 
hello 
hello 
hello 
hello 
hello 
hello 
hello 
hello 
hello 
hello 
hello 
hello 
hello 
hello 
hello 
hello 
hello 
hello 
hello 
hello 
hello 
hello 
hello 
hello 
hello 
hello 
hello 
hello 
hello 
hello 
hello 
hello 
hello 
hello 
hello 
hello 
hello 
hello 
hello 
hello 
hello 
hello 
hello 
hello 
hello 
hello 
hello 
hello 
hello 
hello 
hello 
hello 
hello 
hello 
hello 
hello 
hello 
hello 
hello 
hello 
hello 
hello 
hello 
hello 
hello 
hello 
hello 
hello 
hello 
hello 
hello 
hello 
hello 
hello 
hello 
hello 
hello 
hello 
hello 
hello 
hello 
hello 
hello 
hello 
hello 
hello 
hello 
hello 
hello 
hello 
hello 
hello 
hello 
hello 
hello 
hello 
hello 
hello 
hello 
hello 
hello 
hello 
hello 
hello 
hello 
hello 
hello 
hello 
hello 
hello 
hello 
hello 
hello 
hello 
hello 
hello 
hello 
hello 
hello 
hello 
hello 
hello 
hello 
hello 
hello 
hello 
hello 
hello 
hello 
hello 
hello 
hello 
hello 
hello 
hello 
hello 
hello 
hello 
hello 
hello 
hello 
hello 
hello 
hello 
hello 
hello 
hello 
hello 
hello 
hello 
hello 
hello 
hello 
hello 
hello 
hello 
hello 
hello 
hello 
hello 
hello 
hello 
hello 
hello 
hello 
hello 
hello 
hello 
hello 
hello 
hello 
hello 
hello 
hello 
hello 
hello 
hello 
hello 
hello 
hello 
hello 
hello 
hello 
hello 
hello 
hello 
hello 
hello 
hello 
hello 
hello 
hello 
hello 
hello 
hello 
hello 
hello 
hello 
hello 
hello 
hello 
hello 
hello 
hello 
hello 
hello 
hello 
hello 
hello 
hello 
hello 
hello 
hello 
hello 
hello 
hello 
hello 
hello 
hello 
hello 
hello 
hello 
hello 
hello 
hello 
hello 
hello 
hello 
hello 
hello 
hello 
hello 
hello 
hello 
hello 
hello 
hello 
hello 
hello 
hello 
hello 
hello 
hello 
hello 
hello 
hello 
hello 
hello 
hello 
hello 
hello 
hello 
hello 
hello 
hello 
hello 
hello 
hello 
hello 
hello 
hello 
hello 
hello 
hello 
hello 
hello 
hello 
hello 
hello 
hello 
hello 
hello 
hello 
hello 
hello 
hello 
hello 
hello 
hello 
hello 
hello 
hello 
hello 
hello 
hello 
hello 
hello 
hello 
hello 
hello 
hello 
hello 
hello 
hello 
hello 
hello 
hello 
hello 
hello 
hello 
hello 
hello 
hello 
hello 
hello 
hello 
hello 
hello 
hello 
hello 
hello 
hello 
hello 
hello 
hello 
hello 
hello 
hello 
hello 
hello 
hello 
hello 
hello 
hello 
hello 
hello 
hello 
hello 
hello 
hello 
hello 
hello 
hello 
hello 
hello 
hello 
hello 
hello 
hello 
hello 
hello 
hello 
hello 
hello 
hello 
hello 
hello 
hello 
hello 
hello 
hello 
hello 
hello 
hello 
hello 
hello 
hello 
hello 
hello 
hello 
hello 
hello 
hello 
hello 
hello 
hello 
hello 
hello 
hello 
hello 
hello 
hello 
hello 
hello 
hello 
hello 
hello 
hello 
hello 
hello 
hello 
hello 
hello 
hello 
hello 
hello 
hello 
hello 
hello 
hello 
hello 
hello 
hello 
hello 
hello 
hello 
hello 
hello 
hello 
hello 
hello 
hello 
hello 
hello 
hello 
hello 
hello 
hello 
hello 
hello 
hello 
hello 
hello 
hello 
hello 
hello 
hello 
hello 
hello 
hello 
hello 
hello 
hello 
hello 
hello 
hello 
hello 
hello 
hello 
hello 
hello 
hello 
hello 
hello 
hello 
hello 
hello 
hello 
hello 
hello 
hello 
hello 
hello 
hello 
hello 
hello 
hello 
hello 
hello 
hello 
hello 
hello 
hello 
hello 
hello 
hello 
hello 
hello 
hello 
hello 
hello 
hello 
hello 
hello 
hello 
hello 
hello 
hello 
hello 
hello 
hello 
hello 
hello 
hello 
hello 
hello 
hello 
hello 
hello 
hello 
hello 
hello 
hello 
hello 
hello 
hello 
hello 
hello 
hello 
hello 
hello 
hello 
hello 
hello 
hello 
hello 
hello 
hello 
hello 
hello 
hello 
hello 
hello 
hello 
hello 
hello 
hello 
hello 
hello 
hello 
hello 
hello 
hello 
hello 
hello 
hello 
hello 
hello 
hello 
hello 
hello 
hello 
hello 
hello 
hello 
hello 
hello 
hello 
hello 
hello 
hello 
hello 
hello 
hello 
hello 
hello 
hello 
hello 
hello 
hello 
hello 
hello 
hello 
hello 
hello 
hello 
hello 
hello 
hello 
hello 
hello 
hello 
hello 
hello 
hello 
hello 
hello 
hello 
hello 
hello 
hello 
hello 
hello 
hello 
hello 
hello 
hello 
hello 
hello 
hello 
hello 
hello 
hello 
hello 
hello 
hello 
hello 
hello 
hello 
hello 
hello 
hello 
hello 
hello 
hello 
hello 
hello 
hello 
hello 
hello 
hello 
hello 
hello 
hello 
hello 
hello 
hello 
hello 
hello 
hello 
hello 
hello 
hello 
hello 
hello 
hello 
hello 
hello 
hello 
hello 
hello 
hello 
hello 
hello 
hello 
hello 
hello 
hello 
hello 
hello 
hello 
hello 
hello 
hello 
hello 
hello 
hello 
hello 
hello 
hello 
hello 
hello 
hello 
hello 
hello 
hello 
hello 
hello 
hello 
hello 
hello 
hello 
hello 
hello 
hello 
hello 
hello 
hello 
hello 
hello 
hello 
hello 
hello 
hello 
hello 
hello 
hello 
hello 
hello 
hello 
hello 
hello 
hello 
hello 
hello 
hello 
hello 
hello 
hello 
hello 
hello 
hello 
hello 
hello 
hello 
hello 
hello 
hello 
hello 
hello 
hello 
hello 
hello 
hello 
hello 
hello 
hello 
hello 
hello 
hello 
hello 
hello 
hello 
hello 
hello 
hello 
hello 
hello 
hello 
hello 
hello 
hello 
hello 
hello 
hello 
hello 
hello 
hello 
hello 
hello 
hello 
hello 
hello 
hello 
hello 
hello 
hello 
hello 
hello 
hello 
hello 
hello 
hello 
hello 
hello 
hello 
hello 
hello 
hello 
hello 
hello 
hello 
hello 
hello 
hello 
hello 
hello 
hello 
hello 
hello 
hello 
hello 
hello 
hello 
hello 
hello 
hello 
hello 
hello 
hello 
hello 
hello 
hello 
hello 
hello 
hello 
hello 
hello 
hello 
hello 
hello 
hello 
hello 
hello 
hello 
hello 
hello 
hello 
hello 
hello 
hello 
hello 
hello 
hello 
hello 
hello 
hello 
hello 
hello 
hello 
hello 
hello 
hello 
hello 
hello 
hello 
hello 
hello 
hello 
hello 
hello 
hello 
hello 
hello 
hello 
hello 
hello 
hello 
hello 
hello 
hello 
hello 
hello 
hello 
hello 
hello 
hello 
hello 
hello 
hello 
hello 
hello 
hello 
hello 
hello 
hello 
hello 
hello 
hello 
hello 
hello 
hello 
hello 
hello 
hello 
hello 
hello 
hello 
hello 
hello 
hello 
hello 
hello 
hello 
hello 
hello 
hello 
hello 
hello 
hello 
hello 
hello 
hello 
hello 
hello 
hello 
hello 
hello 
hello 
hello 
hello 
hello 
hello 
hello 
hello 
hello 
hello 
hello 
hello 
hello 
hello 
hello 
hello 
hello 
hello 
hello 
hello 
hello 
hello 
hello 
hello 
hello 
hello 
hello 
hello 
hello 
hello 
hello 
hello 
hello 
hello 
hello 
hello 
hello 
hello 
hello 
hello 
hello 
hello 
hello 
hello 
hello 
hello 
hello 
hello 
hello 
hello 
hello 
hello 
hello 
hello 
hello 
hello 
hello 
hello 
hello 
hello 
hello 
hello 
hello 
hello 
hello 
hello 
hello 
hello 
hello 
hello 
hello 
hello 
hello 
hello 
hello 
hello 
hello 
hello 
hello 
hello 
hello 
hello 
hello 
hello 
hello 
hello 
hello 
hello 
hello 
hello 
hello 
hello 
hello 
hello 
hello 
hello 
hello 
hello 
hello 
hello 
hello 
hello 
hello 
hello 
hello 
hello 
hello 
hello 
hello 
hello 
hello 
hello 
hello 
hello 
hello 
hello 
hello 
hello 
hello 
hello 
hello 
hello 
hello 
hello 
hello 
hello 
hello 
hello 
hello 
hello 
hello 
hello 
hello 
hello 
hello 
hello 
hello 
hello 
hello 
hello 
hello 
hello 
hello 
hello 
hello 
hello 
hello 
hello 
hello 
hello 
hello 
hello 
hello 
hello 
hello 
hello 
hello 
hello 
hello 
hello 
hello 
hello 
hello 
hello 
hello 
hello 
hello 
hello 
hello 
hello 
hello 
hello 
hello 
hello 
hello 
hello 
hello 
hello 
hello 
hello 
hello 
hello 
hello 
hello 
hello 
hello 
hello 
hello 
hello 
hello 
hello 
hello 
hello 
hello 
hello 
hello 
hello 
hello 
hello 
hello 
hello 
hello 
hello 
hello 
hello 
hello 
hello 
hello 
hello 
hello 
hello 
hello 
hello 
hello 
hello 
hello 
hello 
hello 
hello 
hello 
hello 
hello 
hello 
hello 
hello 
hello 
hello 
hello 
hello 
hello 
hello 
hello 
hello 
hello 
hello 
hello 
hello 
hello 
hello 
hello 
hello 
hello 
hello 
hello 
hello 
hello 
hello 
hello 
hello 
hello 
hello 
hello 
hello 
hello 
hello 
hello 
hello 
hello 
hello 
hello 
hello 
hello 
hello 
hello 
hello 
hello 
hello 
hello 
hello 
hello 
hello 
hello 
hello 
hello 
hello 
hello 
hello 
hello 
hello 
hello 
hello 
hello 
hello 
hello 
hello 
hello 
hello 
hello 
hello 
hello 
hello 
hello 
hello 
hello 
hello 
hello 
hello 
hello 
hello 
hello 
hello 
hello 
hello 
hello 
hello 
hello 
hello 
hello 
hello 
hello 
hello 
hello 
hello 
hello 
hello 
hello 
hello 
hello 
hello 
hello 
hello 
hello 
hello 
hello 
hello 
hello 
hello 
hello 
hello 
hello 
hello 
hello 
hello 
hello 
hello 
hello 
hello 
hello 
hello 
hello 
hello 
hello 
hello 
hello 
hello 
hello 
hello 
hello 
hello 
hello 
hello 
hello 
hello 
hello 
hello 
hello 
hello 
hello 
hello 
hello 
hello 
hello 
hello 
hello 
hello 
hello 
hello 
hello 
hello 
hello 
hello 
hello 
hello 
hello 
hello 
hello 
hello 
hello 
hello 
hello 
hello 
hello 
hello 
hello 
hello 
hello 
hello 
hello 
hello 
hello 
hello 
hello 
hello 
hello 
hello 
hello 
hello 
hello 
hello 
hello 
hello 
hello 
hello 
hello 
hello 
hello 
hello 
hello 
hello 
hello 
hello 
hello 
hello 
hello 
hello 
hello 
hello 
hello 
hello 
hello 
hello 
hello 
hello 
hello 
hello 
hello 
hello 
hello 
hello 
hello 
hello 
hello 
hello 
hello 
hello 
hello 
hello 
hello 
hello 
hello 
hello 
hello 
hello 
hello 
hello 
hello 
hello 
hello 
hello 
hello 
hello 
hello 
hello 
hello 
hello 
hello 
hello 
hello 
hello 
hello 
hello 
hello 
hello 
hello 
hello 
hello 
hello 
hello 
hello 
hello 
hello 
hello 
hello 
hello 
hello 
hello 
hello 
hello 
hello 
hello 
hello 
hello 
hello 
hello 
hello 
hello 
hello 
hello 
hello 
hello 
hello 
hello 
hello 
hello 
hello 
hello 
hello 
hello 
hello 
hello 
hello 
hello 
hello 
hello 
hello 
hello 
hello 
hello 
hello 
hello 
hello 
hello 
hello 
hello 
hello 
hello 
hello 
hello 
hello 
hello 
hello 
hello 
hello 
hello 
hello 
hello 
hello 
hello 
hello 
hello 
hello 
hello 
hello 
hello 
hello 
hello 
hello 
hello 
hello 
hello 
hello 
hello 
hello 
hello 
hello 
hello 
hello 
hello 
hello 
hello 
hello 
hello 
hello 
hello 
hello 
hello 
hello 
hello 
hello 
hello 
hello 
hello 
hello 
hello 
hello 
hello 
hello 
hello 
hello 
hello 
hello 
hello 
hello 
hello 
hello 
hello 
hello 
hello 
hello 
hello 
hello 
hello 
hello 
hello 
hello 
hello 
hello 
hello 
hello 
hello 
hello 
hello 
hello 
hello 
hello 
hello 
hello 
hello 
hello 
hello 
hello 
hello 
hello 
hello 
hello 
hello 
hello 
hello 
hello 
hello 
hello 
hello 
hello 
hello 
hello 
hello 
hello 
hello 
hello 
hello 
hello 
hello 
hello 
hello 
hello 
hello 
hello 
hello 
hello 
hello 
hello 
hello 
hello 
hello 
hello 
hello 
hello 
hello 
hello 
hello 
hello 
hello 
hello 
hello 
hello 
hello 
hello 
hello 
hello 
hello 
hello 
hello 
hello 
hello 
hello 
hello 
hello 
hello 
hello 
hello 
hello 
hello 
hello 
hello 
hello 
hello 
hello 
hello 
hello 
hello 
hello 
hello 
hello 
hello 
hello 
hello 
hello 
hello 
hello 
hello 
hello 
hello 
hello 
hello 
hello 
hello 
hello 
hello 
hello 
hello 
hello 
hello 
hello 
hello 
hello 
hello 
hello 
hello 
hello 
hello 
hello 
hello 
hello 
hello 
hello 
hello 
hello 
hello 
hello 
hello 
hello 
hello 
hello 
hello 
hello 
hello 
hello 
hello 
hello 
hello 
hello 
hello 
hello 
hello 
hello 
hello 
hello 
hello 
hello 
hello 
hello 
hello 
hello 
hello 
hello 
hello 
hello 
hello 
hello 
hello 
hello 
hello 
hello 
hello 
hello 
hello 
hello 
hello 
hello 
hello 
hello 
hello 
hello 
hello 
hello 
hello 
hello 
hello 
hello 
hello 
hello 
hello 
hello 
hello 
hello 
hello 
hello 
hello 
hello 
hello 
hello 
hello 
hello 
hello 
hello 
hello 
hello 
hello 
hello 
hello 
hello 
hello 
hello 
hello 
hello 
hello 
hello 
hello 
hello 
hello 
hello 
hello 
hello 
hello 
hello 
hello 
hello 
hello 
hello 
hello 
hello 
hello 
hello 
hello 
hello 
hello 
hello 
hello 
hello 
hello 
hello 
hello 
hello 
hello 
hello 
hello 
hello 
hello 
hello 
hello 
hello 
hello 
hello 
hello 
hello 
hello 
hello 
hello 
hello 
hello 
hello 
hello 
hello 
hello 
hello 
hello 
hello 
hello 
hello 
hello 
hello 
hello 
hello 
hello 
hello 
hello 
hello 
hello 
hello 
hello 
hello 
hello 
hello 
hello 
hello 
hello 
hello 
hello 
hello 
hello 
hello 
hello 
hello 
hello 
hello 
hello 
hello 
hello 
hello 
hello 
hello 
hello 
hello 
hello 
hello 
hello 
hello 
hello 
hello 
hello 
hello 
hello 
hello 
hello 
hello 
hello 
hello 
hello 
hello 
hello 
hello 
hello 
hello 
hello 
hello 
hello 
hello 
hello 
hello 
hello 
hello 
hello 
hello 
hello 
hello 
hello 
hello 
hello 
hello 
hello 
hello 
hello 
hello 
hello 
hello 
hello 
hello 
hello 
hello 
hello 
hello 
hello 
hello 
hello 
hello 
hello 
hello 
hello 
hello 
hello 
hello 
hello 
hello 
hello 
hello 
hello 
hello 
hello 
hello 
hello 
hello 
hello 
hello 
hello 
hello 
hello 
hello 
hello 
hello 
hello 
hello 
hello 
hello 
hello 
hello 
hello 
hello 
hello 
hello 
hello 
hello 
hello 
hello 
hello 
hello 
hello 
hello 
hello 
hello 
hello 
hello 
hello 
hello 
hello 
hello 
hello 
hello 
hello 
hello 
hello 
hello 
hello 
hello 
hello 
hello 
hello 
hello 
hello 
hello 
hello 
hello 
hello 
hello 
hello 
hello 
hello 
hello 
hello 
hello 
hello 
hello 
hello 
hello 
hello 
hello 
hello 
hello 
hello 
hello 
hello 
hello 
hello 
hello 
hello 
hello 
hello 
hello 
hello 
hello 
hello 
hello 
hello 
hello 
hello 
hello 
hello 
hello 
hello 
hello 
hello 
hello 
hello 
hello 
hello 
hello 
hello 
hello 
hello 
hello 
hello 
hello 
hello 
hello 
hello 
hello 
hello 
hello 
hello 
hello 
hello 
hello 
hello 
hello 
hello 
hello 
hello 
hello 
hello 
hello 
hello 
hello 
hello 
hello 
hello 
hello 
hello 
hello 
hello 
hello 
hello 
hello 
hello 
hello 
hello 
hello 
hello 
hello 
hello 
hello 
hello 
hello 
hello 
hello 
hello 
hello 
hello 
hello 
hello 
hello 
hello 
hello 
hello 
hello 
hello 
hello 
hello 
hello 
hello 
hello 
hello 
hello 
hello 
hello 
hello 
hello 
hello 
hello 
hello 
hello 
hello 
hello 
hello 
hello 
hello 
hello 
hello 
hello 
hello 
hello 
hello 
hello 
hello 
hello 
hello 
hello 
hello 
hello 
hello 
hello 
hello 
hello 
hello 
hello 
hello 
hello 
hello 
hello 
hello 
hello 
hello 
hello 
hello 
hello 
hello 
hello 
hello 
hello 
hello 
hello 
hello 
hello 
hello 
hello 
hello 
hello 
hello 
hello 
hello 
hello 
hello 
hello 
hello 
hello 
hello 
hello 
hello 
hello 
hello 
hello 
hello 
hello 
hello 
hello 
hello 
hello 
hello 
hello 
hello 
hello 
hello 
hello 
hello 
hello 
hello 
hello 
hello 
hello 
hello 
hello 
hello 
hello 
hello 
hello 
hello 
hello 
hello 
hello 
hello 
hello 
hello 
hello 
hello 
hello 
hello 
hello 
hello 
hello 
hello 
hello 
hello 
hello 
hello 
hello 
hello 
hello 
hello 
hello 
hello 
hello 
hello 
hello 
hello 
hello 
hello 
hello 
hello 
hello 
hello 
hello 
hello 
hello 
hello 
hello 
hello 
hello 
hello 
hello 
hello 
hello 
hello 
hello 
hello 
hello 
hello 
hello 
hello 
hello 
hello 
hello 
hello 
hello 
hello 
hello 
hello 
hello 
hello 
hello 
hello 
hello 
hello 
hello 
hello 
hello 
hello 
hello 
hello 
hello 
hello 
hello 
hello 
hello 
hello 
hello 
hello 
hello 
hello 
hello 
hello 
hello 
hello 
hello 
hello 
hello 
hello 
hello 
hello 
hello 
hello 
hello 
hello 
hello 
hello 
hello 
hello 
hello 
hello 
hello 
hello 
hello 
hello 
hello 
hello 
hello 
hello 
hello 
hello 
hello 
hello 
hello 
hello 
hello 
hello 
hello 
hello 
hello 
hello 
hello 
hello 
hello 
hello 
hello 
hello 
hello 
hello 
hello 
hello 
hello 
hello 
hello 
hello 
hello 
hello 
hello 
hello 
hello 
hello 
hello 
hello 
hello 
hello 
hello 
hello 
hello 
hello 
hello 
hello 
hello 
hello 
hello 
hello 
hello 
hello 
hello 
hello 
hello 
hello 
hello 
hello 
hello 
hello 
hello 
hello 
hello 
hello 
hello 
hello 
hello 
hello 
hello 
hello 
hello 
hello 
hello 
hello 
hello 
hello 
hello 
hello 
hello 
hello 
hello 
hello 
hello 
hello 
hello 
hello 
hello 
hello 
hello 
hello 
hello 
hello 
hello 
hello 
hello 
hello 
hello 
hello 
hello 
hello 
hello 
hello 
hello 
hello 
hello 
hello 
hello 
hello 
hello 
hello 
hello 
hello 
hello 
hello 
hello 
hello 
hello 
hello 
hello 
hello 
hello 
hello 
hello 
hello 
hello 
hello 
hello 
hello 
hello 
hello 
hello 
hello 
hello 
hello 
hello 
hello 
hello 
hello 
hello 
hello 
hello 
hello 
hello 
hello 
hello 
hello 
hello 
hello 
hello 
hello 
hello 
hello 
hello 
hello 
hello 
hello 
hello 
hello 
hello 
hello 
hello 
hello 
hello 
hello 
hello 
hello 
hello 
hello 
hello 
hello 
hello 
hello 
hello 
hello 
hello 
hello 
hello 
hello 
hello 
hello 
hello 
hello 
hello 
hello 
hello 
hello 
hello 
hello 
hello 
hello 
hello 
hello 
hello 
hello 
hello 
hello 
hello 
hello 
hello 
hello 
hello 
hello 
hello 
hello 
hello 
hello 
hello 
hello 
hello 
hello 
hello 
hello 
hello 
hello 
hello 
hello 
hello 
hello 
hello 
hello 
hello 
hello 
hello 
hello 
hello 
hello 
hello 
hello 
hello 
hello 
hello 
hello 
hello 
hello 
hello 
hello 
hello 
hello 
hello 
hello 
hello 
hello 
hello 
hello 
hello 
hello 
hello 
hello 
hello 
hello 
hello 
hello 
hello 
hello 
hello 
hello 
hello 
hello 
hello 
hello 
hello 
hello 
hello 
hello 
hello 
hello 
hello 
hello 
hello 
hello 
hello 
hello 
hello 
hello 
hello 
hello 
hello 
hello 
hello 
hello 
hello 
hello 
hello 
hello 
hello 
hello 
hello 
hello 
hello 
hello 
hello 
hello 
hello 
hello 
hello 
hello 
hello 
hello 
hello 
hello 
hello 
hello 
hello 
hello 
hello 
hello 
hello 
hello 
hello 
hello 
hello 
hello 
hello 
hello 
hello 
hello 
hello 
hello 
hello 
hello 
hello 
hello 
hello 
hello 
hello 
hello 
hello 
hello 
hello 
hello 
hello 
hello 
hello 
hello 
hello 
hello 
hello 
hello 
hello 
hello 
hello 
hello 
hello 
hello 
hello 
hello 
hello 
hello 
hello 
hello 
hello 
hello 
hello 
hello 
hello 
hello 
hello 
hello 
hello 
hello 
hello 
hello 
hello 
hello 
hello 
hello 
hello 
hello 
hello 
hello 
hello 
hello 
hello 
hello 
hello 
hello 
hello 
hello 
hello 
hello 
hello 
hello 
hello 
hello 
hello 
hello 
hello 
hello 
hello 
hello 
hello 
hello 
hello 
hello 
hello 
hello 
hello 
hello 
hello 
hello 
hello 
hello 
hello 
hello 
hello 
hello 
hello 
hello 
hello 
hello 
hello 
hello 
hello 
hello 
hello 
hello 
hello 
hello 
hello 
hello 
hello 
hello 
hello 
hello 
hello 
hello 
hello 
hello 
hello 
hello 
hello 
hello 
hello 
hello 
hello 
hello 
hello 
hello 
hello 
hello 
hello 
hello 
hello 
hello 
hello 
hello 
hello 
hello 
hello 
hello 
hello 
hello 
hello 
hello 
hello 
hello 
hello 
hello 
hello 
hello 
hello 
hello 
hello 
hello 
hello 
hello 
hello 
hello 
hello 
hello 
hello 
hello 
hello 
hello 
hello 
hello 
hello 
hello 
hello 
hello 
hello 
hello 
hello 
hello 
hello 
hello 
hello 
hello 
hello 
hello 
hello 
hello 
hello 
hello 
hello 
hello 
hello 
hello 
hello 
hello 
hello 
hello 
hello 
hello 
hello 
hello 
hello 
hello 
hello 
hello 
hello 
hello 
hello 
hello 
hello 
hello 
hello 
hello 
hello 
hello 
hello 
hello 
hello 
hello 
hello 
hello 
hello 
hello 
hello 
hello 
hello 
hello 
hello 
hello 
hello 
hello 
hello 
hello 
hello 
hello 
hello 
hello 
hello 
hello 
hello 
hello 
hello 
hello 
hello 
hello 
hello 
hello 
hello 
hello 
hello 
hello 
hello 
hello 
hello 
hello 
hello 
hello 
hello 
hello 
hello 
hello 
hello 
hello 
hello 
hello 
hello 
hello 
hello 
hello 
hello 
hello 
hello 
hello 
hello 
hello 
hello 
hello 
hello 
hello 
hello 
hello 
hello 
hello 
hello 
hello 
hello 
hello 
hello 
hello 
hello 
hello 
hello 
hello 
hello 
hello 
hello 
hello 
hello 
hello 
hello 
hello 
hello 
hello 
hello 
hello 
hello 
hello 
hello 
hello 
hello 
hello 
hello 
hello 
hello 
hello 
hello 
hello 
hello 
hello 
hello 
hello 
hello 
hello 
hello 
hello 
hello 
hello 
hello 
hello 
hello 
hello 
hello 
hello 
hello 
hello 
hello 
hello 
hello 
hello 
hello 
hello 
hello 
hello 
hello 
hello 
hello 
hello 
hello 
hello 
hello 
hello 
hello 
hello 
hello 
hello 
hello 
hello 
hello 
hello 
hello 
hello 
hello 
hello 
hello 
hello 
hello 
hello 
hello 
hello 
hello 
hello 
hello 
hello 
hello 
hello 
hello 
hello 
hello 
hello 
hello 
hello 
hello 
hello 
hello 
hello 
hello 
hello 
hello 
hello 
hello 
hello 
hello 
hello 
hello 
hello 
hello 
hello 
hello 
hello 
hello 
hello 
hello 
hello 
hello 
hello 
hello 
hello 
hello 
hello 
hello 
hello 
hello 
hello 
hello 
hello 
hello 
hello 
hello 
hello 
hello 
hello 
hello 
hello 
hello 
hello 
hello 
hello 
hello 
hello 
hello 
hello 
hello 
hello 
hello 
hello 
hello 
hello 
hello 
hello 
hello 
hello 
hello 
hello 
hello 
hello 
hello 
hello 
hello 
hello 
hello 
hello 
hello 
hello 
hello 
hello 
hello 
hello 
hello 
hello 
hello 
hello 
hello 
hello 
hello 
hello 
hello 
hello 
hello 
hello 
hello 
hello 
hello 
hello 
hello 
hello 
hello 
hello 
hello 
hello 
hello 
hello 
hello 
hello 
hello 
hello 
hello 
hello 
hello 
hello 
hello 
hello 
hello 
hello 
hello 
hello 
hello 
hello 
hello 
hello 
hello 
hello 
hello 
hello 
hello 
hello 
hello 
hello 
hello 
hello 
hello 
hello 
hello 
hello 
hello 
hello 
hello 
hello 
hello 
hello 
hello 
hello 
hello 
hello 
hello 
hello 
hello 
hello 
hello 
hello 
hello 
hello 
hello 
hello 
hello 
hello 
hello 
hello 
hello 
hello 
hello 
hello 
hello 
hello 
hello 
hello 
hello 
hello 
hello 
hello 
hello 
hello 
hello 
hello 
hello 
hello 
hello 
hello 
hello 
hello 
hello 
hello 
hello 
hello 
hello 
hello 
hello 
hello 
hello 
hello 
hello 
hello 
hello 
hello 
hello 
hello 
hello 
hello 
hello 
hello 
hello 
hello 
hello 
hello 
hello 
hello 
hello 
hello 
hello 
hello 
hello 
hello 
hello 
hello 
hello 
hello 
hello 
hello 
hello 
hello 
hello 
hello 
hello 
hello 
hello 
hello 
hello 
hello 
hello 
hello 
hello 
hello 
hello 
hello 
hello 
hello 
hello 
hello 
hello 
hello 
hello 
hello 
hello 
hello 
hello 
hello 
hello 
hello 
hello 
hello 
hello 
hello 
hello 
hello 
hello 
hello 
hello 
hello 
hello 
hello 
hello 
hello 
hello 
hello 
hello 
hello 
hello 
hello 
hello 
hello 
hello 
hello 
hello 
hello 
hello 
hello 
hello 
hello 
hello 
hello 
hello 
hello 
hello 
hello 
hello 
hello 
hello 
hello 
hello 
hello 
hello 
hello 
hello 
hello 
hello 
hello 
hello 
hello 
hello 
hello 
hello 
hello 
hello 
hello 
hello 
hello 
hello 
hello 
hello 
hello 
hello 
hello 
hello 
hello 
hello 
hello 
hello 
hello 
hello 
hello 
hello 
hello 
hello 
hello 
hello 
hello 
hello 
hello 
hello 
hello 
hello 
hello 
hello 
hello 
hello 
hello 
hello 
hello 
hello 
hello 
hello 
hello 
hello 
hello 
hello 
hello 
hello 
hello 
hello 
hello 
hello 
hello 
hello 
hello 
hello 
hello 
hello 
hello 
hello 
hello 
hello 
hello 
hello 
hello 
hello 
hello 
hello 
hello 
hello 
hello 
hello 
hello 
hello 
hello 
hello 
hello 
hello 
hello 
hello 
hello 
hello 
hello 
hello 
hello 
hello 
hello 
hello 
hello 
hello 
hello 
hello 
hello 
hello 
hello 
hello 
hello 
hello 
hello 
hello 
hello 
hello 
hello 
hello 
hello 
hello 
hello 
hello 
hello 
hello 
hello 
hello 
hello 
hello 
hello 
hello 
hello 
hello 
hello 
hello 
hello 
hello 
hello 
hello 
hello 
hello 
hello 
hello 
hello 
hello 
hello 
hello 
hello 
hello 
hello 
hello 
hello 
hello 
hello 
hello 
hello 
hello 
hello 
hello 
hello 
hello 
hello 
hello 
hello 
hello 
hello 
hello 
hello 
hello 
hello 
hello 
hello 
hello 
hello 
hello 
hello 
hello 
hello 
hello 
hello 
hello 
hello 
hello 
hello 
hello 
hello 
hello 
hello 
hello 
hello 
hello 
hello 
hello 
hello 
hello 
hello 
hello 
hello 
hello 
hello 
hello 
hello 
hello 
hello 
hello 
hello 
hello 
hello 
hello 
hello 
hello 
hello 
hello 
hello 
hello 
hello 
hello 
hello 
hello 
hello 
hello 
hello 
hello 
hello 
hello 
hello 
hello 
hello 
hello 
hello 
hello 
hello 
hello 
hello 
hello 
hello 
hello 
hello 
hello 
hello 
hello 
hello 
hello 
hello 
hello 
hello 
hello 
hello 
hello 
hello 
hello 
hello 
hello 
hello 
hello 
hello 
hello 
hello 
hello 
hello 
hello 
hello 
hello 
hello 
hello 
hello 
hello 
hello 
hello 
hello 
hello 
hello 
hello 
hello 
hello 
hello 
hello 
hello 
hello 
hello 
hello 
hello 
hello 
hello 
hello 
hello 
hello 
hello 
hello 
hello 
hello 
hello 
hello 
hello 
hello 
hello 
hello 
hello 
hello 
hello 
hello 
hello 
hello 
hello 
hello 
hello 
hello 
hello 
hello 
hello 
hello 
hello 
hello 
hello 
hello 
hello 
hello 
hello 
hello 
hello 
hello 
hello 
hello 
hello 
hello 
hello 
hello 
hello 
hello 
hello 
hello 
hello 
hello 
hello 
hello 
hello 
hello 
hello 
hello 
hello 
hello 
hello 
hello 
hello 
hello 
hello 
hello 
hello 
hello 
hello 
hello 
hello 
hello 
hello 
hello 
hello 
hello 
hello 
hello 
hello 
hello 
hello 
hello 
hello 
hello 
hello 
hello 
hello 
hello 
hello 
hello 
hello 
hello 
hello 
hello 
hello 
hello 
hello 
hello 
hello 
hello 
hello 
hello 
hello 
hello 
hello 
hello 
hello 
hello 
hello 
hello 
hello 
hello 
hello 
hello 
hello 
hello 
hello 
hello 
hello 
hello 
hello 
hello 
hello 
hello 
hello 
hello 
hello 
hello 
hello 
hello 
hello 
hello 
hello 
hello 
hello 
hello 
hello 
hello 
hello 
hello 
hello 
hello 
hello 
hello 
hello 
hello 
hello 
hello 
hello 
hello 
hello 
hello 
hello 
hello 
hello 
hello 
hello 
hello 
hello 
hello 
hello 
hello 
hello 
hello 
hello 
hello 
hello 
hello 
hello 
hello 
hello 
hello 
hello 
hello 
hello 
hello 
hello 
hello 
hello 
hello 
hello 
hello 
hello 
hello 
hello 
hello 
hello 
hello 
hello 
hello 
hello 
hello 
hello 
hello 
hello 
hello 
hello 
hello 
hello 
hello 
hello 
hello 
hello 
hello 
hello 
hello 
hello 
hello 
hello 
hello 
hello 
hello 
hello 
hello 
hello 
hello 
hello 
hello 
hello 
hello 
hello 
hello 
hello 
hello 
hello 
hello 
hello 
hello 
hello 
hello 
hello 
hello 
hello 
hello 
hello 
hello 
hello 
hello 
hello 
hello 
hello 
hello 
hello 
hello 
hello 
hello 
hello 
hello 
hello 
hello 
hello 
hello 
hello 
hello 
hello 
hello 
hello 
hello 
hello 
hello 
hello 
hello 
hello 
hello 
hello 
hello 
hello 
hello 
hello 
hello 
hello 
hello 
hello 
hello 
hello 
hello 
hello 
hello 
hello 
hello 
hello 
hello 
hello 
hello 
hello 
hello 
hello 
hello 
hello 
hello 
hello 
hello 
hello 
hello 
hello 
hello 
hello 
hello 
hello 
hello 
hello 
hello 
hello 
hello 
hello 
hello 
hello 
hello 
hello 
hello 
hello 
hello 
hello 
hello 
hello 
hello 
hello 
hello 
hello 
hello 
hello 
hello 
hello 
hello 
hello 
hello 
hello 
hello 
hello 
hello 
hello 
hello 
hello 
hello 
hello 
hello 
hello 
hello 
hello 
hello 
hello 
hello 
hello 
hello 
hello 
hello 
hello 
hello 
hello 
hello 
hello 
hello 
hello 
hello 
hello 
hello 
hello 
hello 
hello 
hello 
hello 
hello 
hello 
hello 
hello 
hello 
hello 
hello 
hello 
hello 
hello 
hello 
hello 
hello 
hello 
hello 
hello 
hello 
hello 
hello 
hello 
hello 
hello 
hello 
hello 
hello 
hello 
hello 
hello 
hello 
hello 
hello 
hello 
hello 
hello 
hello 
hello 
hello 
hello 
hello 
hello 
hello 
hello 
hello 
hello 
hello 
hello 
hello 
hello 
hello 
hello 
hello 
hello 
hello 
hello 
hello 
hello 
hello 
hello 
hello 
hello 
hello 
hello 
hello 
hello 
hello 
hello 
hello 
hello 
hello 
hello 
hello 
hello 
hello 
hello 
hello 
hello 
hello 
hello 
hello 
hello 
hello 
hello 
hello 
hello 
hello 
hello 
hello 
hello 
hello 
hello 
hello 
hello 
hello 
hello 
hello 
hello 
hello 
hello 
hello 
hello 
hello 
hello 
hello 
hello 
hello 
hello 
hello 
hello 
hello 
hello 
hello 
hello 
hello 
hello 
hello 
hello 
hello 
hello 
hello 
hello 
hello 
hello 
hello 
hello 
hello 
hello 
hello 
hello 
hello 
hello 
hello 
hello 
hello 
hello 
hello 
hello 
hello 
hello 
hello 
hello 
hello 
hello 
hello 
hello 
hello 
hello 
hello 
hello 
hello 
hello 
hello 
hello 
hello 
hello 
hello 
hello 
hello 
hello 
hello 
hello 
hello 
hello 
hello 
hello 
hello 
hello 
hello 
hello 
hello 
hello 
hello 
hello 
hello 
hello 
hello 
hello 
hello 
hello 
hello 
hello 
hello 
hello 
hello 
hello 
hello 
hello 
hello 
hello 
hello 
hello 
hello 
hello 
hello 
hello 
hello 
hello 
hello 
hello 
hello 
hello 
hello 
hello 
hello 
hello 
hello 
hello 
hello 
hello 
hello 
hello 
hello 
hello 
hello 
hello 
hello 
hello 
hello 
hello 
hello 
hello 
hello 
hello 
hello 
hello 
hello 
hello 
hello 
hello 
hello 
hello 
hello 
hello 
hello 
hello 
hello 
hello 
hello 
hello 
hello 
hello 
hello 
hello 
hello 
hello 
hello 
hello 
hello 
hello 
hello 
hello 
hello 
hello 
hello 
hello 
hello 
hello 
hello 
hello 
hello 
hello 
hello 
hello 
hello 
hello 
hello 
hello 
hello 
hello 
hello 
hello 
hello 
hello 
hello 
hello 
hello 
hello 
hello 
hello 
hello 
hello 
hello 
hello 
hello 
hello 
hello 
hello 
hello 
hello 
hello 
hello 
hello 
hello 
hello 
hello 
hello 
hello 
hello 
hello 
hello 
hello 
hello 
hello 
hello 
hello 
hello 
hello 
hello 
hello 
hello 
hello 
hello 
hello 
hello 
hello 
hello 
hello 
hello 
hello 
hello 
hello 
hello 
hello 
hello 
hello 
hello 
hello 
hello 
hello 
hello 
hello 
hello 
hello 
hello 
hello 
hello 
hello 
hello 
hello 
hello 
hello 
hello 
hello 
hello 
hello 
hello 
hello 
hello 
hello 
hello 
hello 
hello 
hello 
hello 
hello 
hello 
hello 
hello 
hello 
hello 
hello 
hello 
hello 
hello 
hello 
hello 
hello 
hello 
hello 
hello 
hello 
hello 
hello 
hello 
hello 
hello 
hello 
hello 
hello 
hello 
hello 
hello 
hello 
hello 
hello 
hello 
hello 
hello 
hello 
hello 
hello 
hello 
hello 
hello 
hello 
hello 
hello 
hello 
hello 
hello 
hello 
hello 
hello 
hello 
hello 
hello 
hello 
hello 
hello 
hello 
hello 
hello 
hello 
hello 
hello 
hello 
hello 
hello 
hello 
hello 
hello 
hello 
hello 
hello 
hello 
hello 
hello 
hello 
hello 
hello 
hello 
hello 
hello 
hello 
hello 
hello 
hello 
hello 
hello 
hello 
hello 
hello 
hello 
hello 
hello 
hello 
hello 
hello 
hello 
hello 
hello 
hello 
hello 
hello 
hello 
hello 
hello 
hello 
hello 
hello 
hello 
hello 
hello 
hello 
hello 
hello 
hello 
hello 
hello 
hello 
hello 
hello 
hello 
hello 
hello 
hello 
hello 
hello 
hello 
hello 
hello 
hello 
hello 
hello 
hello 
hello 
hello 
hello 
hello 
hello 
hello 
hello 
hello 
hello 
hello 
hello 
hello 
hello 
hello 
hello 
hello 
hello 
hello 
hello 
hello 
hello 
hello 
hello 
hello 
hello 
hello 
hello 
hello 
hello 
hello 
hello 
hello 
hello 
hello 
hello 
hello 
hello 
hello 
hello 
hello 
hello 
hello 
hello 
hello 
hello 
hello 
hello 
hello 
hello 
hello 
hello 
hello 
hello 
hello 
hello 
hello 
hello 
hello 
hello 
hello 
hello 
hello 
hello 
hello 
hello 
hello 
hello 
hello 
hello 
hello 
hello 
hello 
hello 
hello 
hello 
hello 
hello 
hello 
hello 
hello 
hello 
hello 
hello 
hello 
hello 
hello 
hello 
hello 
hello 
hello 
hello 
hello 
hello 
hello 
hello 
hello 
hello 
hello 
hello 
hello 
hello 
hello 
hello 
hello 
hello 
hello 
hello 
hello 
hello 
hello 
hello 
hello 
hello 
hello 
hello 
hello 
hello 
hello 
hello 
hello 
hello 
hello 
hello 
hello 
hello 
hello 
hello 
hello 
hello 
hello 
hello 
hello 
hello 
hello 
hello 
hello 
hello 
hello 
hello 
hello 
hello 
hello 
hello 
hello 
hello 
hello 
hello 
hello 
hello 
hello 
hello 
hello 
hello 
hello 
hello 
hello 
hello 
hello 
hello 
hello 
hello 
hello 
hello 
hello 
hello 
hello 
hello 
hello 
hello 
hello 
hello 
hello 
hello 
hello 
hello 
hello 
hello 
hello 
hello 
hello 
hello 
hello 
hello 
hello 
hello 
hello 
hello 
hello 
hello 
hello 
hello 
hello 
hello 
hello 
hello 
hello 
hello 
hello 
hello 
hello 
hello 
hello 
hello 
hello 
hello 
hello 
hello 
hello 
hello 
hello 
hello 
hello 
hello 
hello 
hello 
hello 
hello 
hello 
hello 
hello 
hello 
hello 
hello 
hello 
hello 
hello 
hello 
hello 
hello 
hello 
hello 
hello 
hello 
hello 
hello 
hello 
hello 
hello 
hello 
hello 
hello 
hello 
hello 
hello 
hello 
hello 
hello 
hello 
hello 
hello 
hello 
hello 
hello 
hello 
hello 
hello 
hello 
hello 
hello 
hello 
hello 
hello 
hello 
hello 
hello 
hello 
hello 
hello 
hello 
hello 
hello 
hello 
hello 
hello 
hello 
hello 
hello 
hello 
hello 
hello 
hello 
hello 
hello 
hello 
hello 
hello 
hello 
hello 
hello 
hello 
hello 
hello 
hello 
hello 
hello 
hello 
hello 
hello 
hello 
hello 
hello 
hello 
hello 
hello 
hello 
hello 
hello 
hello 
hello 
hello 
hello 
hello 
hello 
hello 
hello 
hello 
hello 
hello 
hello 
hello 
hello 
hello 
hello 
hello 
hello 
hello 
hello 
hello 
hello 
hello 
hello 
hello 
hello 
hello 
hello 
hello 
hello 
hello 
hello 
hello 
hello 
hello 
hello 
hello 
hello 
hello 
hello 
hello 
hello 
hello 
hello 
hello 
hello 
hello 
hello 
hello 
hello 
hello 
hello 
hello 
hello 
hello 
hello 
hello 
hello 
hello 
hello 
hello 
hello 
hello 
hello 
hello 
hello 
hello 
hello 
hello 
hello 
hello 
hello 
hello 
hello 
hello 
hello 
hello 
hello 
hello 
hello 
hello 
hello 
hello 
hello 
hello 
hello 
hello 
hello 
hello 
hello 
hello 
hello 
hello 
hello 
hello 
hello 
hello 
hello 
hello 
hello 
hello 
hello 
hello 
hello 
hello 
hello 
hello 
hello 
hello 
hello 
hello 
hello 
hello 
hello 
hello 
hello 
hello 
hello 
hello 
hello 
hello 
hello 
hello 
hello 
hello 
hello 
hello 
hello 
hello 
hello 
hello 
hello 
hello 
hello 
hello 
hello 
hello 
hello 
hello 
hello 
hello 
hello 
hello 
hello 
hello 
hello 
hello 
hello 
hello 
hello 
hello 
hello 
hello 
hello 
hello 
hello 
hello 
hello 
hello 
hello 
hello 
hello 
hello 
hello 
hello 
hello 
hello 
hello 
hello 
hello 
hello 
hello 
hello 
hello 
hello 
hello 
hello 
hello 
hello 
hello 
hello 
hello 
hello 
hello 
hello 
hello 
hello 
hello 
hello 
hello 
hello 
hello 
hello 
hello 
hello 
hello 
hello 
hello 
hello 
hello 
hello 
hello 
hello 
hello 
hello 
hello 
hello 
hello 
hello 
hello 
hello 
hello 
hello 
hello 
hello 
hello 
hello 
hello 
hello 
hello 
hello 
hello 
hello 
hello 
hello 
hello 
hello 
hello 
hello 
hello 
hello 
hello 
hello 
hello 
hello 
hello 
hello 
hello 
hello 
hello 
hello 
hello 
hello 
hello 
hello 
hello 
hello 
hello 
hello 
hello 
hello 
hello 
hello 
hello 
hello 
hello 
hello 
hello 
hello 
hello 
hello 
hello 
hello 
hello 
hello 
hello 
hello 
hello 
hello 
hello 
hello 
hello 
hello 
hello 
hello 
hello 
hello 
hello 
hello 
hello 
hello 
hello 
hello 
hello 
hello 
hello 
hello 
hello 
hello 
hello 
hello 
hello 
hello 
hello 
hello 
hello 
hello 
hello 
hello 
hello 
hello 
hello 
hello 
hello 
hello 
hello 
hello 
hello 
hello 
hello 
hello 
hello 
hello 
hello 
hello 
hello 
hello 
hello 
hello 
hello 
hello 
hello 
hello 
hello 
hello 
hello 
hello 
hello 
hello 
hello 
hello 
hello 
hello 
hello 
hello 
hello 
hello 
hello 
hello 
hello 
hello 
hello 
hello 
hello 
hello 
hello 
hello 
hello 
hello 
hello 
hello 
hello 
hello 
hello 
hello 
hello 
hello 
hello 
hello 
hello 
hello 
hello 
hello 
hello 
hello 
hello 
hello 
hello 
hello 
hello 
hello 
hello 
hello 
hello 
hello 
hello 
hello 
hello 
hello 
hello 
hello 
hello 
hello 
hello 
hello 
hello 
hello 
hello 
hello 
hello 
hello 
hello 
hello 
hello 
hello 
hello 
hello 
hello 
hello 
hello 
hello 
hello 
hello 
hello 
hello 
hello 
hello 
hello 
hello 
hello 
hello 
hello 
hello 
hello 
hello 
hello 
hello 
hello 
hello 
hello 
hello 
hello 
hello 
hello 
hello 
hello 
hello 
hello 
hello 
hello 
hello 
hello 
hello 
hello 
hello 
hello 
hello 
hello 
hello 
hello 
hello 
hello 
hello 
hello 
hello 
hello 
hello 
hello 
hello 
hello 
hello 
hello 
hello 
hello 
hello 
hello 
hello 
hello 
hello 
hello 
hello 
hello 
hello 
hello 
hello 
hello 
hello 
hello 
hello 
hello 
hello 
hello 
hello 
hello 
hello 
hello 
hello 
hello 
hello 
hello 
hello 
hello 
hello 
hello 
hello 
hello 
hello 
hello 
hello 
hello 
hello 
hello 
hello 
hello 
hello 
hello 
hello 
hello 
hello 
hello 
hello 
hello 
hello 
hello 
hello 
hello 
hello 
hello 
hello 
hello 
hello 
hello 
hello 
hello 
hello 
hello 
hello 
hello 
hello 
hello 
hello 
hello 
hello 
hello 
hello 
hello 
hello 
hello 
hello 
hello 
hello 
hello 
hello 
hello 
hello 
hello 
hello 
hello 
hello 
hello 
hello 
hello 
hello 
hello 
hello 
hello 
hello 
hello 
hello 
hello 
hello 
hello 
hello 
hello 
hello 
hello 
hello 
hello 
hello 
hello 
hello 
hello 
hello 
hello 
hello 
hello 
hello 
hello 
hello 
hello 
hello 
hello 
hello 
hello 
hello 
hello 
hello 
hello 
hello 
hello 
hello 
hello 
hello 
hello 
hello 
hello 
hello 
hello 
hello 
hello 
hello 
hello 
hello 
hello 
hello 
hello 
hello 
hello 
hello 
hello 
hello 
hello 
hello 
hello 
hello 
hello 
hello 
hello 
hello 
hello 
hello 
hello 
hello 
hello 
hello 
hello 
hello 
hello 
hello 
hello 
hello 
hello 
hello 
hello 
hello 
hello 
hello 
hello 
hello 
hello 
hello 
hello 
hello 
hello 
hello 
hello 
hello 
hello 
hello 
hello 
hello 
hello 
hello 
hello 
hello 
hello 
hello 
hello 
hello 
hello 
hello 
hello 
hello 
hello 
hello 
hello 
hello 
hello 
hello 
hello 
hello 
hello 
hello 
hello 
hello 
hello 
hello 
hello 
hello 
hello 
hello 
hello 
hello 
hello 
hello 
hello 
hello 
hello 
hello 
hello 
hello 
hello 
hello 
hello 
hello 
hello 
hello 
hello 
hello 
hello 
hello 
hello 
hello 
hello 
hello 
hello 
hello 
hello 
hello 
hello 
hello 
hello 
hello 
hello 
hello 
hello 
hello 
hello 
hello 
hello 
hello 
hello 
hello 
hello 
hello 
hello 
hello 
hello 
hello 
hello 
hello 
hello 
hello 
hello 
hello 
hello 
hello 
hello 
hello 
hello 
hello 
hello 
hello 
hello 
hello 
hello 
hello 
hello 
hello 
hello 
hello 
hello 
hello 
hello 
hello 
hello 
hello 
hello 
hello 
hello 
hello 
hello 
hello 
hello 
hello 
hello 
hello 
hello 
hello 
hello 
hello 
hello 
hello 
hello 
hello 
hello 
hello 
hello 
hello 
hello 
hello 
hello 
hello 
hello 
hello 
hello 
hello 
hello 
hello 
hello 
hello 
hello 
hello 
hello 
hello 
hello 
hello 
hello 
hello 
hello 
hello 
hello 
hello 
hello 
hello 
hello 
hello 
hello 
hello 
hello 
hello 
hello 
hello 
hello 
hello 
hello 
hello 
hello 
hello 
hello 
hello 
hello 
hello 
hello 
hello 
hello 
hello 
hello 
hello 
hello 
hello 
hello 
hello 
hello 
hello 
hello 
hello 
hello 
hello 
hello 
hello 
hello 
hello 
hello 
hello 
hello 
hello 
hello 
hello 
hello 
hello 
hello 
hello 
hello 
hello 
hello 
hello 
hello 
hello 
hello 
hello 
hello 
hello 
hello 
hello 
hello 
hello 
hello 
hello 
hello 
hello 
hello 
hello 
hello 
hello 
hello 
hello 
hello 
hello 
hello 
hello 
hello 
hello 
hello 
hello 
hello 
hello 
hello 
hello 
hello 
hello 
hello 
hello 
hello 
hello 
hello 
hello 
hello 
hello 
hello 
hello 
hello 
hello 
hello 
hello 
hello 
hello 
hello 
hello 
hello 
hello 
hello 
hello 
hello 
hello 
hello 
hello 
hello 
hello 
hello 
hello 
hello 
hello 
hello 
hello 
hello 
hello 
hello 
hello 
hello 
hello 
hello 
hello 
hello 
hello 
hello 
hello 
hello 
hello 
hello 
hello 
hello 
hello 
hello 
hello 
hello 
hello 
hello 
hello 
hello 
hello 
hello 
hello 
hello 
hello 
hello 
hello 
hello 
hello 
hello 
hello 
hello 
hello 
hello 
hello 
hello 
hello 
hello 
hello 
hello 
hello 
hello 
hello 
hello 
hello 
hello 
hello 
hello 
hello 
hello 
hello 
hello 
hello 
hello 
hello 
hello 
hello 
hello 
hello 
hello 
hello 
hello 
hello 
hello 
hello 
hello 
hello 
hello 
hello 
hello 
hello 
hello 
hello 
hello 
hello 
hello 
hello 
hello 
hello 
hello 
hello 
hello 
hello 
hello 
hello 
hello 
hello 
hello 
hello 
hello 
hello 
hello 
hello 
hello 
hello 
hello 
hello 
hello 
hello 
hello 
hello 
hello 
hello 
hello 
hello 
hello 
hello 
hello 
hello 
hello 
hello 
hello 
hello 
hello 
hello 
hello 
hello 
hello 
hello 
hello 
hello 
hello 
hello 
hello 
hello 
hello 
hello 
hello 
hello 
hello 
hello 
hello 
hello 
hello 
hello 
hello 
hello 
hello 
hello 
hello 
hello 
hello 
hello 
hello 
hello 
hello 
hello 
hello 
hello 
hello 
hello 
hello 
hello 
hello 
hello 
hello 
hello 
hello 
hello 
hello 
hello 
hello 
hello 
hello 
hello 
hello 
hello 
hello 
hello 
hello 
hello 
hello 
hello 
hello 
hello 
hello 
hello 
hello 
hello 
hello 
hello 
hello 
hello 
hello 
hello 
hello 
hello 
hello 
hello 
hello 
hello 
hello 
hello 
hello 
hello 
hello 
hello 
hello 
hello 
hello 
hello 
hello 
hello 
hello 
hello 
hello 
hello 
hello 
hello 
hello 
hello 
hello 
hello 
hello 
hello 
hello 
hello 
hello 
hello 
hello 
hello 
hello 
hello 
hello 
hello 
hello 
hello 
hello 
hello 
hello 
hello 
hello 
hello 
hello 
hello 
hello 
hello 
hello 
hello 
hello 
hello 
hello 
hello 
hello 
hello 
hello 
hello 
hello 
hello 
hello 
hello 
hello 
hello 
hello 
hello 
hello 
hello 
hello 
hello 
hello 
hello 
hello 
hello 
hello 
hello 
hello 
hello 
hello 
hello 
hello 
hello 
hello 
hello 
hello 
hello 
hello 
hello 
hello 
hello 
hello 
hello 
hello 
hello 
hello 
hello 
hello 
hello 
hello 
hello 
hello 
hello 
hello 
hello 
hello 
hello 
hello 
hello 
hello 
hello 
hello 
hello 
hello 
hello 
hello 
hello 
hello 
hello 
hello 
hello 
hello 
hello 
hello 
hello 
hello 
hello 
hello 
hello 
hello 
hello 
hello 
hello 
hello 
hello 
hello 
hello 
hello 
hello 
hello 
hello 
hello 
hello 
hello 
hello 
hello 
hello 
hello 
hello 
hello 
hello 
hello 
hello 
hello 
hello 
hello 
hello 
hello 
hello 
hello 
hello 
hello 
hello 
hello 
hello 
hello 
hello 
hello 
hello 
hello 
hello 
hello 
hello 
hello 
hello 
hello 
hello 
hello 
hello 
hello 
hello 
hello 
hello 
hello 
hello 
hello 
hello 
hello 
hello 
hello 
hello 
hello 
hello 
hello 
hello 
hello 
hello 
hello 
hello 
hello 
hello 
hello 
hello 
hello 
hello 
hello 
hello 
hello 
hello 
hello 
hello 
hello 
hello 
hello 
hello 
hello 
hello 
hello 
hello 
hello 
hello 
hello 
hello 
hello 
hello 
hello 
hello 
hello 
hello 
hello 
hello 
hello 
hello 
hello 
hello 
hello 
hello 
hello 
hello 
hello 
hello 
hello 
hello 
hello 
hello 
hello 
hello 
hello 
hello 
hello 
hello 
hello 
hello 
hello 
hello 
hello 
hello 
hello 
hello 
hello 
hello 
hello 
hello 
hello 
hello 
hello 
hello 
hello 
hello 
hello 
hello 
hello 
hello 
hello 
hello 
hello 
hello 
hello 
hello 
hello 
hello 
hello 
hello 
hello 
hello 
hello 
hello 
hello 
hello 
hello 
hello 
hello 
hello 
hello 
hello 
hello 
hello 
hello 
hello 
hello 
hello 
hello 
hello 
hello 
hello 
hello 
hello 
hello 
hello 
hello 
hello 
hello 
hello 
hello 
hello 
hello 
hello 
hello 
hello 
hello 
hello 
hello 
hello 
hello 
hello 
hello 
hello 
hello 
hello 
hello 
hello 
hello 
hello 
hello 
hello 
hello 
hello 
hello 
hello 
hello 
hello 
hello 
hello 
hello 
hello 
hello 
hello 
hello 
hello 
hello 
hello 
hello 
hello 
hello 
hello 
hello 
hello 
hello 
hello 
hello 
hello 
hello 
hello 
hello 
hello 
hello 
hello 
hello 
hello 
hello 
hello 
hello 
hello 
hello 
hello 
hello 
hello 
hello 
hello 
hello 
hello 
hello 
hello 
hello 
hello 
hello 
hello 
hello 
hello 
hello 
hello 
hello 
hello 
hello 
hello 
hello 
hello 
hello 
hello 
hello 
hello 
hello 
hello 
hello 
hello 
hello 
hello 
hello 
hello 
hello 
hello 
hello 
hello 
hello 
hello 
hello 
hello 
hello 
hello 
hello 
hello 
hello 
hello 
hello 
hello 
hello 
hello 
hello 
hello 
hello 
hello 
hello 
hello 
hello 
hello 
hello 
hello 
hello 
hello 
hello 
hello 
hello 
hello 
hello 
hello 
hello 
hello 
hello 
hello 
hello 
hello 
hello 
hello 
hello 
hello 
hello 
hello 
hello 
hello 
hello 
hello 
hello 
hello 
hello 
hello 
hello 
hello 
hello 
hello 
hello 
hello 
hello 
hello 
hello 
hello 
hello 
hello 
hello 
hello 
hello 
hello 
hello 
hello 
hello 
hello 
hello 
hello 
hello 
hello 
hello 
hello 
hello 
hello 
hello 
hello 
hello 
hello 
hello 
hello 
hello 
hello 
hello 
hello 
hello 
hello 
hello 
hello 
hello 
hello 
hello 
hello 
hello 
hello 
hello 
hello 
hello 
hello 
hello 
hello 
hello 
hello 
hello 
hello 
hello 
hello 
hello 
hello 
hello 
hello 
hello 
hello 
hello 
hello 
hello 
hello 
hello 
hello 
hello 
hello 
hello 
hello 
hello 
hello 
hello 
hello 
hello 
hello 
hello 
hello 
hello 
hello 
hello 
hello 
hello 
hello 
hello 
hello 
hello 
hello 
hello 
hello 
hello 
hello 
hello 
hello 
hello 
hello 
hello 
hello 
hello 
hello 
hello 
hello 
hello 
hello 
hello 
hello 
hello 
hello 
hello 
hello 
hello 
hello 
hello 
hello 
hello 
hello 
hello 
hello 
hello 
hello 
hello 
hello 
hello 
hello 
hello 
hello 
hello 
hello 
hello 
hello 
hello 
hello 
hello 
hello 
hello 
hello 
hello 
hello 
hello 
hello 
hello 
hello 
hello 
hello 
hello 
hello 
hello 
hello 
hello 
hello 
hello 
hello 
hello 
hello 
hello 
hello 
hello 
hello 
hello 
hello 
hello 
hello 
hello 
hello 
hello 
hello 
hello 
hello 
hello 
hello 
hello 
hello 
hello 
hello 
hello 
hello 
hello 
hello 
hello 
hello 
hello 
hello 
hello 
hello 
hello 
hello 
hello 
hello 
hello 
hello 
hello 
hello 
hello 
hello 
hello 
hello 
hello 
hello 
hello 
hello 
hello 
hello 
hello 
hello 
hello 
hello 
hello 
hello 
hello 
hello 
hello 
hello 
hello 
hello 
hello 
hello 
hello 
hello 
hello 
hello 
hello 
hello 
hello 
hello 
hello 
hello 
hello 
hello 
hello 
hello 
hello 
hello 
hello 
hello 
hello 
hello 
hello 
hello 
hello 
hello 
hello 
hello 
hello 
hello 
hello 
hello 
hello 
hello 
hello 
hello 
hello 
hello 
hello 
hello 
hello 
hello 
hello 
hello 
hello 
hello 
hello 
hello 
hello 
hello 
hello 
hello 
hello 
hello 
hello 
hello 
hello 
hello 
hello 
hello 
hello 
hello 
hello 
hello 
hello 
hello 
hello 
hello 
hello 
hello 
hello 
hello 
hello 
hello 
hello 
hello 
hello 
hello 
hello 
hello 
hello 
hello 
hello 
hello 
hello 
hello 
hello 
hello 
hello 
hello 
hello 
hello 
hello 
hello 
hello 
hello 
hello 
hello 
hello 
hello 
hello 
hello 
hello 
hello 
hello 
hello 
hello 
hello 
hello 
hello 
hello 
hello 
hello 
hello 
hello 
hello 
hello 
hello 
hello 
hello 
hello 
hello 
hello 
hello 
hello 
hello 
hello 
hello 
hello 
hello 
hello 
hello 
hello 
hello 
hello 
hello 
hello 
hello 
hello 
hello 
hello 
hello 
hello 
hello 
hello 
hello 
hello 
hello 
hello 
hello 
hello 
hello 
hello 
hello 
hello 
hello 
hello 
hello 
hello 
hello 
hello 
hello 
hello 
hello 
hello 
hello 
hello 
hello 
hello 
hello 
hello 
hello 
hello 
hello 
hello 
hello 
hello 
hello 
hello 
hello 
hello 
hello 
hello 
hello 
hello 
hello 
hello 
hello 
hello 
hello 
hello 
hello 
hello 
hello 
hello 
hello 
hello 
hello 
hello 
hello 
hello 
hello 
hello 
hello 
hello 
hello 
hello 
hello 
hello 
hello 
hello 
hello 
hello 
hello 
hello 
hello 
hello 
hello 
hello 
hello 
hello 
hello 
hello 
hello 
hello 
hello 
hello 
hello 
hello 
hello 
hello 
hello 
hello 
hello 
hello 
hello 
hello 
hello 
hello 
hello 
hello 
hello 
hello 
hello 
hello 
hello 
hello 
hello 
hello 
hello 
hello 
hello 
hello 
hello 
hello 
hello 
hello 
hello 
hello 
hello 
hello 
hello 
hello 
hello 
hello 
hello 
hello 
hello 
hello 
hello 
hello 
hello 
hello 
hello 
hello 
hello 
hello 
hello 
hello 
hello 
hello 
hello 
hello 
hello 
hello 
hello 
hello 
hello 
hello 
hello 
hello 
hello 
hello 
hello 
hello 
hello 
hello 
hello 
hello 
hello 
hello 
hello 
hello 
hello 
hello 
hello 
hello 
hello 
hello 
hello 
hello 
hello 
hello 
hello 
hello 
hello 
hello 
hello 
hello 
hello 
hello 
hello 
hello 
hello 
hello 
hello 
hello 
hello 
hello 
hello 
hello 
hello 
hello 
hello 
hello 
hello 
hello 
hello 
hello 
hello 
hello 
hello 
hello 
hello 
hello 
hello 
hello 
hello 
hello 
hello 
hello 
hello 
hello 
hello 
hello 
hello 
hello 
hello 
hello 
hello 
hello 
hello 
hello 
hello 
hello 
hello 
hello 
hello 
hello 
hello 
hello 
hello 
hello 
hello 
hello 
hello 
hello 
hello 
hello 
hello 
hello 
hello 
hello 
hello 
hello 
hello 
hello 
hello 
hello 
hello 
hello 
hello 
hello 
hello 
hello 
hello 
hello 
hello 
hello 
hello 
hello 
hello 
hello 
hello 
hello 
hello 
hello 
hello 
hello 
hello 
hello 
hello 
hello 
hello 
hello 
hello 
hello 
hello 
hello 
hello 
hello 
hello 
hello 
hello 
hello 
hello 
hello 
hello 
hello 
hello 
hello 
hello 
hello 
hello 
hello 
hello 
hello 
hello 
hello 
hello 
hello 
hello 
hello 
hello 
hello 
hello 
hello 
hello 
hello 
hello 
hello 
hello 
hello 
hello 
hello 
hello 
hello 
hello 
hello 
hello 
hello 
hello 
hello 
hello 
hello 
hello 
hello 
hello 
hello 
hello 
hello 
hello 
hello 
hello 
hello 
hello 
hello 
hello 
hello 
hello 
hello 
hello 
hello 
hello 
hello 
hello 
hello 
hello 
hello 
hello 
hello 
hello 
hello 
hello 
hello 
hello 
hello 
hello 
hello 
hello 
hello 
hello 
hello 
hello 
hello 
hello 
hello 
hello 
hello 
hello 
hello 
hello 
hello 
hello 
hello 
hello 
hello 
hello 
hello 
hello 
hello 
hello 
hello 
hello 
hello 
hello 
hello 
hello 
hello 
hello 
hello 
hello 
hello 
hello 
hello 
hello 
hello 
hello 
hello 
hello 
hello 
hello 
hello 
hello 
hello 
hello 
hello 
hello 
hello 
hello 
hello 
hello 
hello 
hello 
hello 
hello 
hello 
hello 
hello 
hello 
hello 
hello 
hello 
hello 
hello 
hello 
hello 
hello 
hello 
hello 
hello 
hello 
hello 
hello 
hello 
hello 
hello 
hello 
hello 
hello 
hello 
hello 
hello 
hello 
hello 
hello 
hello 
hello 
hello 
hello 
hello 
hello 
hello 
hello 
hello 
hello 
hello 
hello 
hello 
hello 
hello 
hello 
hello 
hello 
hello 
hello 
hello 
hello 
hello 
hello 
hello 
hello 
hello 
hello 
hello 
hello 
hello 
hello 
hello 
hello 
hello 
hello 
hello 
hello 
hello 
hello 
hello 
hello 
hello 
hello 
hello 
hello 
hello 
hello 
hello 
hello 
hello 
hello 
hello 
hello 
hello 
hello 
hello 
hello 
hello 
hello 
hello 
hello 
hello 
hello 
hello 
hello 
hello 
hello 
hello 
hello 
hello 
hello 
hello 
hello 
hello 
hello 
hello 
hello 
hello 
hello 
hello 
hello 
hello 
hello 
hello 
hello 
hello 
hello 
hello 
hello 
hello 
hello 
hello 
hello 
hello 
hello 
hello 
hello 
hello 
hello 
hello 
hello 
hello 
hello 
hello 
hello 
hello 
hello 
hello 
hello 
hello 
hello 
hello 
hello 
hello 
hello 
hello 
hello 
hello 
hello 
hello 
hello 
hello 
hello 
hello 
hello 
hello 
hello 
hello 
hello 
hello 
hello 
hello 
hello 
hello 
hello 
hello 
hello 
hello 
hello 
hello 
hello 
hello 
hello 
hello 
hello 
hello 
hello 
hello 
hello 
hello 
hello 
hello 
hello 
hello 
hello 
hello 
hello 
hello 
hello 
hello 
hello 
hello 
hello 
hello 
hello 
hello 
hello 
hello 
hello 
hello 
hello 
hello 
hello 
hello 
hello 
hello 
hello 
hello 
hello 
hello 
hello 
hello 
hello 
hello 
hello 
hello 
hello 
hello 
hello 
hello 
hello 
hello 
hello 
hello 
hello 
hello 
hello 
hello 
hello 
hello 
hello 
hello 
hello 
hello 
hello 
hello 
hello 
hello 
hello 
hello 
hello 
hello 
hello 
hello 
hello 
hello 
hello 
hello 
hello 
hello 
hello 
hello 
hello 
hello 
hello 
hello 
hello 
hello 
hello 
hello 
hello 
hello 
hello 
hello 
hello 
hello 
hello 
hello 
hello 
hello 
hello 
hello 
hello 
hello 
hello 
hello 
hello 
hello 
hello 
hello 
hello 
hello 
hello 
hello 
hello 
hello 
hello 
hello 
hello 
hello 
hello 
hello 
hello 
hello 
hello 
hello 
hello 
hello 
hello 
hello 
hello 
hello 
hello 
hello 
hello 
hello 
hello 
hello 
hello 
hello 
hello 
hello 
hello 
hello 
hello 
hello 
hello 
hello 
hello 
hello 
hello 
hello 
hello 
hello 
hello 
hello 
hello 
hello 
hello 
hello 
hello 
hello 
hello 
hello 
hello 
hello 
hello 
hello 
hello 
hello 
hello 
hello 
hello 
hello 
hello 
hello 
hello 
hello 
hello 
hello 
hello 
hello 
hello 
hello 
hello 
hello 
hello 
hello 
hello 
hello 
hello 
hello 
hello 
hello 
hello 
hello 
hello 
hello 
hello 
hello 
hello 
hello 
hello 
hello 
hello 
hello 
hello 
hello 
hello 
hello 
hello 
hello 
hello 
hello 
hello 
hello 
hello 
hello 
hello 
hello 
hello 
hello 
hello 
hello 
hello 
hello 
hello 
hello 
hello 
hello 
hello 
hello 
hello 
hello 
hello 
hello 
hello 
hello 
hello 
hello 
hello 
hello 
hello 
hello 
hello 
hello 
hello 
hello 
hello 
hello 
hello 
hello 
hello 
hello 
hello 
hello 
hello 
hello 
hello 
hello 
hello 
hello 
hello 
hello 
hello 
hello 
hello 
hello 
hello 
hello 
hello 
hello 
hello 
hello 
hello 
hello 
hello 
hello 
hello 
hello 
hello 
hello 
hello 
hello 
hello 
hello 
hello 
hello 
hello 
hello 
hello 
hello 
hello 
hello 
hello 
hello 
hello 
hello 
hello 
hello 
hello 
hello 
hello 
hello 
hello 
hello 
hello 
hello 
hello 
hello 
hello 
hello 
hello 
hello 
hello 
hello 
hello 
hello 
hello 
hello 
hello 
hello 
hello 
hello 
hello 
hello 
hello 
hello 
hello 
hello 
hello 
hello 
hello 
hello 
hello 
hello 
hello 
hello 
hello 
hello 
hello 
hello 
hello 
hello 
hello 
hello 
hello 
hello 
hello 
hello 
hello 
hello 
hello 
hello 
hello 
hello 
hello 
hello 
hello 
hello 
hello 
